== BPA units (rest = max sampled route - tendon; 7^3 pose grid per side over joint ranges) ==
  name                route min..max   spawn    rest    Fmax kmax_len rel_spawn
  ankle_R_flx       0.2350..0.2541  0.2442  0.2341    2382   0.0936     0.213
  ankle_L_flx       0.2350..0.2541  0.2442  0.2341    2382   0.0936     0.213
  hip_R_ext         0.1335..0.1972  0.1606  0.1772    2223   0.0709     0.532
  knee_R_flx        0.2854..0.3462  0.3462  0.3262    2526   0.1305     0.102
  knee_R_ext        0.3407..0.3965  0.3407  0.3765    2576   0.1506     0.335
  knee_L_flx        0.2854..0.3462  0.3462  0.3262    2526   0.1305     0.102
  ankle_L_ext       0.2820..0.2904  0.2863  0.2704    2450   0.1082     0.148
  ankle_R_ext       0.2820..0.2904  0.2863  0.2704    2450   0.1082     0.148
  hip_R_flx         0.1236..0.1765  0.1570  0.1565    2139   0.0626     0.420
  hip_L_flx         0.1335..0.1972  0.1606  0.1772    2223   0.0709     0.532
  hip_L_ext         0.1238..0.1767  0.1572  0.1567    2139   0.0627     0.420
  knee_L_ext        0.3407..0.3965  0.3407  0.3765    2576   0.1506     0.335
== harness: mass 41.9 kg, weight 411 N, z_contact 1.0078, z_hold 1.0478, load target 123 N ==
== BPA actuation gate: split-RG W2L + BPA muscles, 20 s ==
   knobs: te=3.0 tf=4.0 tau=0.25 cap=0.6 dia=20 count=2 kmax_frac=0.6 tendon=0.04 bias=0.02 damp_bpa=0.0 support=0.7 stand_te=3.0 stand_tf=4.0
   AIR knee L: 3 flexion excursions, period 1.542 s, flexion range 63.5 deg [-1.8,+61.8]
   AIR knee R: 4 flexion excursions, period 1.543 s, flexion range 63.2 deg [-1.3,+62.0]
   AIR hip L: flexion range 24.9 deg
   AIR hip R: flexion range 4.8 deg
   AIR neural: L RG-E bursts 3, period 1.542 s, max 7.00 mV
   RETAINED phase (11.5 s of it): pelvis z min 0.916 m, end 0.916 m
   RETAINED vertical load: mean L 19.8 N / R 28.1 N; PEAK L 880 N / R 1372 N; stance episodes L 7 / R 5 (harness carries 70% of 411 N)
   RETAINED joints L: hip -1.7..+23.7 knee -61.9..+1.7 ankle -22.3..-0.1 deg
   RETAINED joints R: hip -15.5..-10.5 knee -62.1..+1.3 ankle -22.3..-0.5 deg
   BPA pressure: peak 372 kPa (ceiling 620), mean-of-active 318 kPa
   BPA force at final pose (N): ankle_L_ext=0 ankle_L_flx=1038 ankle_R_ext=1096 ankle_R_flx=0 hip_L_ext=0 hip_L_flx=870 hip_R_ext=0 hip_R_flx=797 knee_L_ext=0 knee_L_flx=1180 knee_R_ext=1240 knee_R_flx=0
   [PASS] finite
   [PASS] air_bursts_ge3_both_knees
   [PASS] stand_height_held
   [PASS] feet_bear_load
   [PASS] pressure_le_620kPa
VERDICT: BPA ACTUATION PASS (air-stepping + retained-support stand on BPA muscles)
