SNS_Library.slx: added BPA_10mm/BPA_20mm/BPA_40mm + BioMuscle (11 blocks total).
{Error using sns_test_actuators (line 47)
Error due to multiple causes.
Caused by:
    Error using sns_test_actuators (line 47)
    Error evaluating parameter 'Fmax' in 'actTest/BPA_10mm'
        Error using sns_test_actuators (line 47)
        Unrecognized function or variable 'Rest'.
            Error using sns_test_actuators (line 47)
            Variable 'Rest' does not exist.
            Suggested Actions:
                 Load a file into base workspace. - Fix
                 Create a new variable. - Fix
    Error using sns_test_actuators (line 47)
    Error evaluating parameter 'Fmax' in 'actTest/BPA_20mm'
        Error using sns_test_actuators (line 47)
        Unrecognized function or variable 'Rest'.
            Error using sns_test_actuators (line 47)
            Variable 'Rest' does not exist.
            Suggested Actions:
                 Load a file into base workspace. - Fix
                 Create a new variable. - Fix
} 
[Warning: Unable to close the model 'actTest' because it has been changed. To save changes, use close_system('actTest',1). To discard
changes, use close_system('actTest',0).] 
ERROR: MATLAB error Exit Status: 0x00000001
