SNS_Library.slx: added BPA_10mm/BPA_20mm/BPA_40mm + BioMuscle (11 blocks total).
SNS_Library.slx: added BPA_10mm/BPA_20mm/BPA_40mm + BioMuscle (11 blocks total).
ReferenceBlock before: SNS_Library/BioMuscle
blocks after inactive: 46
F = 1018.657 (expect 1000)
  lam      = 1
  flExp    = 1
  vSwitch  = 1
  concA    = 1
  pSat     = 0.018657
  pAdd     = 1.0187
  FmaxG    = 1018.7
  cosMul   = 1018.7
  lsub     = 0.1
  lmax     = 0.1
  vDiv     = 0
  vNeg     = -0
  bSum     = 2.5
  bAb      = 3.125
  concDiv  = 1.25
  cosA     = 1
  lm1      = -1.1102e-16
  plm1     = -1.1102e-16
  pSub     = 1
  pNorm    = 0.018657
DBG2 DONE
