=== MATLAB 25.2.0.2998904 (R2025b) ===
OSIM COMPILE FAILED  full report:
Error using diagnose_osim_compile_20260920 (line 16)
['Gait2392_simbody_simscape']: The following errors were found in the model Gait2392_simbody_simscape.

Error in run (line 112)
evalin('caller', strcat(scriptStem, ';'));
^^^^^^^^^^^^^^^^^^^^^^^^^^^^^^^^^^^^^^^^^^ - Show complete stack trace
Caused by:
    Error using diagnose_osim_compile_20260920 (line 16)
    ['Gait2392_simbody_simscape/calcn_l/Visual']: The parameter Geometry/File Name is a file that does not exist. Resolve this issue in order to simulate the model. - Show complete stack trace
    Error using diagnose_osim_compile_20260920 (line 16)
    ['Gait2392_simbody_simscape/calcn_r/Visual']: The parameter Geometry/File Name is a file that does not exist. Resolve this issue in order to simulate the model. - Show complete stack trace
    Error using diagnose_osim_compile_20260920 (line 16)
    ['Gait2392_simbody_simscape/femur_l/Visual']: The parameter Geometry/File Name is a file that does not exist. Resolve this issue in order to simulate the model. - Show complete stack trace
    Error using diagnose_osim_compile_20260920 (line 16)
    ['Gait2392_simbody_simscape/femur_r/Visual']: The parameter Geometry/File Name is a file that does not exist. Resolve this issue in order to simulate the model. - Show complete stack trace
    Error using diagnose_osim_compile_20260920 (line 16)
    ['Gait2392_simbody_simscape/pelvis/Visual']: The parameter Geometry/File Name is a file that does not exist. Resolve this issue in order to simulate the model. - Show complete stack trace
    Error using diagnose_osim_compile_20260920 (line 16)
    ['Gait2392_simbody_simscape/pelvis/Visual1']: The parameter Geometry/File Name is a file that does not exist. Resolve this issue in order to simulate the model. - Show complete stack trace
    Error using diagnose_osim_compile_20260920 (line 16)
    ['Gait2392_simbody_simscape/pelvis/Visual2']: The parameter Geometry/File Name is a file that does not exist. Resolve this issue in order to simulate the model. - Show complete stack trace
    Error using diagnose_osim_compile_20260920 (line 16)
    ['Gait2392_simbody_simscape/talus_l/Visual']: The parameter Geometry/File Name is a file that does not exist. Resolve this issue in order to simulate the model. - Show complete stack trace
    Error using diagnose_osim_compile_20260920 (line 16)
    ['Gait2392_simbody_simscape/talus_r/Visual']: The parameter Geometry/File Name is a file that does not exist. Resolve this issue in order to simulate the model. - Show complete stack trace
    Error using diagnose_osim_compile_20260920 (line 16)
    ['Gait2392_simbody_simscape/tibia_l/Visual']: The parameter Geometry/File Name is a file that does not exist. Resolve this issue in order to simulate the model. - Show complete stack trace
    Error using diagnose_osim_compile_20260920 (line 16)
    ['Gait2392_simbody_simscape/tibia_l/Visual1']: The parameter Geometry/File Name is a file that does not exist. Resolve this issue in order to simulate the model. - Show complete stack trace
    Error using diagnose_osim_compile_20260920 (line 16)
    ['Gait2392_simbody_simscape/tibia_r/Visual']: The parameter Geometry/File Name is a file that does not exist. Resolve this issue in order to simulate the model. - Show complete stack trace
    Error using diagnose_osim_compile_20260920 (line 16)
    ['Gait2392_simbody_simscape/tibia_r/Visual1']: The parameter Geometry/File Name is a file that does not exist. Resolve this issue in order to simulate the model. - Show complete stack trace
    Error using diagnose_osim_compile_20260920 (line 16)
    ['Gait2392_simbody_simscape/toes_l/Visual']: The parameter Geometry/File Name is a file that does not exist. Resolve this issue in order to simulate the model. - Show complete stack trace
    Error using diagnose_osim_compile_20260920 (line 16)
    ['Gait2392_simbody_simscape/toes_r/Visual']: The parameter Geometry/File Name is a file that does not exist. Resolve this issue in order to simulate the model. - Show complete stack trace
    Error using diagnose_osim_compile_20260920 (line 16)
    ['Gait2392_simbody_simscape/torso/Visual']: The parameter Geometry/File Name is a file that does not exist. Resolve this issue in order to simulate the model. - Show complete stack trace
    Error using diagnose_osim_compile_20260920 (line 16)
    ['Gait2392_simbody_simscape/torso/Visual1']: The parameter Geometry/File Name is a file that does not exist. Resolve this issue in order to simulate the model. - Show complete stack trace
    Error using diagnose_osim_compile_20260920 (line 16)
    ['Gait2392_simbody_simscape/torso/Visual2']: The parameter Geometry/File Name is a file that does not exist. Resolve this issue in order to simulate the model. - Show complete stack trace
    Error using diagnose_osim_compile_20260920 (line 16)
    ['Gait2392_simbody_simscape/torso/Visual3']: The parameter Geometry/File Name is a file that does not exist. Resolve this issue in order to simulate the model. - Show complete stack trace
CAUSE 1: ['Gait2392_simbody_simscape/calcn_l/Visual']: The parameter Geometry/File Name is a file that does not exist. Resolve this issue in order to simulate the model.
CAUSE 2: ['Gait2392_simbody_simscape/calcn_r/Visual']: The parameter Geometry/File Name is a file that does not exist. Resolve this issue in order to simulate the model.
CAUSE 3: ['Gait2392_simbody_simscape/femur_l/Visual']: The parameter Geometry/File Name is a file that does not exist. Resolve this issue in order to simulate the model.
CAUSE 4: ['Gait2392_simbody_simscape/femur_r/Visual']: The parameter Geometry/File Name is a file that does not exist. Resolve this issue in order to simulate the model.
CAUSE 5: ['Gait2392_simbody_simscape/pelvis/Visual']: The parameter Geometry/File Name is a file that does not exist. Resolve this issue in order to simulate the model.
CAUSE 6: ['Gait2392_simbody_simscape/pelvis/Visual1']: The parameter Geometry/File Name is a file that does not exist. Resolve this issue in order to simulate the model.
CAUSE 7: ['Gait2392_simbody_simscape/pelvis/Visual2']: The parameter Geometry/File Name is a file that does not exist. Resolve this issue in order to simulate the model.
CAUSE 8: ['Gait2392_simbody_simscape/talus_l/Visual']: The parameter Geometry/File Name is a file that does not exist. Resolve this issue in order to simulate the model.
CAUSE 9: ['Gait2392_simbody_simscape/talus_r/Visual']: The parameter Geometry/File Name is a file that does not exist. Resolve this issue in order to simulate the model.
CAUSE 10: ['Gait2392_simbody_simscape/tibia_l/Visual']: The parameter Geometry/File Name is a file that does not exist. Resolve this issue in order to simulate the model.
CAUSE 11: ['Gait2392_simbody_simscape/tibia_l/Visual1']: The parameter Geometry/File Name is a file that does not exist. Resolve this issue in order to simulate the model.
CAUSE 12: ['Gait2392_simbody_simscape/tibia_r/Visual']: The parameter Geometry/File Name is a file that does not exist. Resolve this issue in order to simulate the model.
CAUSE 13: ['Gait2392_simbody_simscape/tibia_r/Visual1']: The parameter Geometry/File Name is a file that does not exist. Resolve this issue in order to simulate the model.
CAUSE 14: ['Gait2392_simbody_simscape/toes_l/Visual']: The parameter Geometry/File Name is a file that does not exist. Resolve this issue in order to simulate the model.
CAUSE 15: ['Gait2392_simbody_simscape/toes_r/Visual']: The parameter Geometry/File Name is a file that does not exist. Resolve this issue in order to simulate the model.
CAUSE 16: ['Gait2392_simbody_simscape/torso/Visual']: The parameter Geometry/File Name is a file that does not exist. Resolve this issue in order to simulate the model.
CAUSE 17: ['Gait2392_simbody_simscape/torso/Visual1']: The parameter Geometry/File Name is a file that does not exist. Resolve this issue in order to simulate the model.
CAUSE 18: ['Gait2392_simbody_simscape/torso/Visual2']: The parameter Geometry/File Name is a file that does not exist. Resolve this issue in order to simulate the model.
CAUSE 19: ['Gait2392_simbody_simscape/torso/Visual3']: The parameter Geometry/File Name is a file that does not exist. Resolve this issue in order to simulate the model.
osim model joint blocks: 0

--------------------------------------------------------------------------------
             Access violation detected at 2026-09-20 04:54:18 -0700
--------------------------------------------------------------------------------

Configuration:
  Crash Decoding           : Disabled - No sandbox or build area path
  Crash Mode               : continue (default)
  Default Encoding         : UTF-8
  Deployed                 : false
  Graphics Driver          : Uninitialized hardware 
  Graphics card 1          : Intel Corporation ( 0x8086 ) Intel(R) UHD Graphics Version 27.20.100.9749 (2021-6-24)
  Graphics card 2          : NVIDIA ( 0x10de ) NVIDIA GeForce GTX 1650 Ti with Max-Q Design Version 32.0.15.9282 (2026-6-3)
  Java Version             : Java 1.8.0_202-b08 with Oracle Corporation Java HotSpot(TM) 64-Bit Server VM mixed mode
  MATLAB Architecture      : win64
  MATLAB Entitlement ID    : 12509936
  MATLAB Root              : C:\Program Files\MATLAB\R2025b
  MATLAB Version           : 25.2.0.2998904 (R2025b)
  OpenGL                   : hardware
  Operating System         : Microsoft Windows 11 Pro
  Process ID               : 2408
  Processor ID             : x86 Family 6 Model 165 Stepping 2, GenuineIntel
  Session Key              : aw5owlqcjjjcxjrmm9hgtd30n
  Window System            : Version 10.0 (Build 26200)

Fault Count: 1


Abnormal termination:
Access violation

Current Thread: '' id 29400

Register State (from fault):
  RAX = 000001f80fa63da0  RBX = 000001f80f68c4b0
  RCX = 0000000000000000  RDX = 000000185e7ff940
  RSP = 000000185e7ff7b0  RBP = 000000185e7ff920
  RSI = 000001f80fa63da0  RDI = 000001f80eab7428
 
   R8 = 000000185e7ff868   R9 = 000001f80e905190
  R10 = 2aaaaaaaaaaaaaab  R11 = 000000185e7ff818
  R12 = 000001f80eac4480  R13 = 000001f80fa63db0
  R14 = 0000000000000000  R15 = 000001f80eefd730
 
  RIP = 00007ffc81b4fe51  EFL = 00010202
 
   CS = 0033   FS = 0053   GS = 002b

Stack Trace (from fault):
[  0] 0x00007ffc81b4fe51 C:\Program Files\MATLAB\R2025b\bin\win64\physmod_sm_gui_app_tree.dll+00065105
[  1] 0x00007ffc81b7bfa7 C:\Program Files\MATLAB\R2025b\bin\win64\physmod_sm_gui_app_tree.dll+00245671 mech2::ValueNotSizeT::operator=+00008263
[  2] 0x00007ffc81b5170e C:\Program Files\MATLAB\R2025b\bin\win64\physmod_sm_gui_app_tree.dll+00071438
[  3] 0x00007ffe74efcd30                   C:\WINDOWS\System32\ucrtbase.dll+00183600 wcsrchr+00000336
[  4] 0x00007ffe7724cd87                   C:\WINDOWS\System32\KERNEL32.DLL+00183687 BaseThreadInitThunk+00000023
[  5] 0x00007ffe77cecaec                      C:\WINDOWS\SYSTEM32\ntdll.dll+00707308 RtlUserThreadStart+00000044

** This crash report has been saved to disk as C:\Users\Ben\AppData\Local\Temp\matlab_crash_dump.2408-1 **



MATLAB is exiting because of fatal error
ERROR: MATLAB error Exit Status: 0xc0000005, Access violation
