=== MATLAB 25.2.0.2998904 (R2025b) ===
found 19 File Solids
DialogParameters of Gait2392_simbody_simscape/calcn_l/Visual:
  ExtGeomFileName        = Geometry/l_foot.stl
  UnitType               = Custom
  ExtGeomFileUnits       = m
  ExportConvexHullGeometry = off
  InertiaType            = Custom
  BasedOnType            = DensityFromFile
  Density                = 1000
  Density_conf           = compiletime
  DensityUnits           = kg/m^3
  Mass                   = 0
  Mass_conf              = compiletime
  MassUnits              = kg
  CenterOfMass           = [0, 0, 0]
  CenterOfMass_conf      = compiletime
  CenterOfMassUnits      = m
  MomentsOfInertia       = [0, 0, 0]
  MomentsOfInertia_conf  = compiletime
  MomentsOfInertiaUnits  = kg*m^2
  ProductsOfInertia      = [0, 0, 0]
  ProductsOfInertia_conf = compiletime
  ProductsOfInertiaUnits = kg*m^2
  GraphicType            = FromGeometry
  MarkerShape            = Sphere
  MarkerSize             = 10
  MarkerSize_conf        = compiletime
  GraphicVisPropType     = SimpleVisualProperties
  GraphicDiffuseColor    = [0.5, 0.5, 0.5]
  GraphicDiffuseColor_conf = compiletime
  GraphicOpacity         = 1
  GraphicOpacity_conf    = compiletime
  GraphicSpecularColor   = [0.5 0.5 0.5 1.0]
  GraphicSpecularColor_conf = compiletime
  GraphicAmbientColor    = [0.15 0.15 0.15 1.0]
  GraphicAmbientColor_conf = compiletime
  GraphicEmissiveColor   = [0.0 0.0 0.0 1.0]
  GraphicEmissiveColor_conf = compiletime
  GraphicShininess       = 75
  GraphicShininess_conf  = compiletime
  DoExposeReferenceFrame = on
  SerializedFrames       = <Frames/>
  BlockFunction          = simmechanics.library.body_elements.external_file_solid
patched 19/19 File Solids
OSIM COMPILE OK
  sm_lib/Joints/Prismatic
Joint              x85
  sm_lib/Joints/Revolute Joint               x20
  sm_lib/Joints/Weld Joint                   x44
osim model: 1450 blocks, 149 joint refs
OSIM 0.01 s SIM OK
OSIM MODEL SAVED
=== DONE ===
