=== MATLAB 25.2.0.2998904 (R2025b) ===

RIG INVENTORY: 12 blocks total in mdl_knee_rig_import_tmp_imported
rig: 0 joint blocks, 1 body/utility refs
OSIM RECOMPILE FAILED: ['Gait2392_simbody_simscape']: The following errors were found in the model Gait2392_simbody_simscape.
CAUSE 1: ['Gait2392_simbody_simscape/calcn_l/Visual']: The parameter Geometry/File Name is a file that does not exist. Resolve this issue in order to simulate the model.
CAUSE 2: ['Gait2392_simbody_simscape/calcn_r/Visual']: The parameter Geometry/File Name is a file that does not exist. Resolve this issue in order to simulate the model.
CAUSE 3: ['Gait2392_simbody_simscape/femur_l/Visual']: The parameter Geometry/File Name is a file that does not exist. Resolve this issue in order to simulate the model.
CAUSE 4: ['Gait2392_simbody_simscape/femur_r/Visual']: The parameter Geometry/File Name is a file that does not exist. Resolve this issue in order to simulate the model.
CAUSE 5: ['Gait2392_simbody_simscape/pelvis/Visual']: The parameter Geometry/File Name is a file that does not exist. Resolve this issue in order to simulate the model.
CAUSE 6: ['Gait2392_simbody_simscape/pelvis/Visual1']: The parameter Geometry/File Name is a file that does not exist. Resolve this issue in order to simulate the model.
CAUSE 7: ['Gait2392_simbody_simscape/pelvis/Visual2']: The parameter Geometry/File Name is a file that does not exist. Resolve this issue in order to simulate the model.
CAUSE 8: ['Gait2392_simbody_simscape/talus_l/Visual']: The parameter Geometry/File Name is a file that does not exist. Resolve this issue in order to simulate the model.
CAUSE 9: ['Gait2392_simbody_simscape/talus_r/Visual']: The parameter Geometry/File Name is a file that does not exist. Resolve this issue in order to simulate the model.
CAUSE 10: ['Gait2392_simbody_simscape/tibia_l/Visual']: The parameter Geometry/File Name is a file that does not exist. Resolve this issue in order to simulate the model.
CAUSE 11: ['Gait2392_simbody_simscape/tibia_l/Visual1']: The parameter Geometry/File Name is a file that does not exist. Resolve this issue in order to simulate the model
CAUSE 12: ['Gait2392_simbody_simscape/tibia_r/Visual']: The parameter Geometry/File Name is a file that does not exist. Resolve this issue in order to simulate the model.
CAUSE 13: ['Gait2392_simbody_simscape/tibia_r/Visual1']: The parameter Geometry/File Name is a file that does not exist. Resolve this issue in order to simulate the model
CAUSE 14: ['Gait2392_simbody_simscape/toes_l/Visual']: The parameter Geometry/File Name is a file that does not exist. Resolve this issue in order to simulate the model.
CAUSE 15: ['Gait2392_simbody_simscape/toes_r/Visual']: The parameter Geometry/File Name is a file that does not exist. Resolve this issue in order to simulate the model.
CAUSE 16: ['Gait2392_simbody_simscape/torso/Visual']: The parameter Geometry/File Name is a file that does not exist. Resolve this issue in order to simulate the model.
CAUSE 17: ['Gait2392_simbody_simscape/torso/Visual1']: The parameter Geometry/File Name is a file that does not exist. Resolve this issue in order to simulate the model.
CAUSE 18: ['Gait2392_simbody_simscape/torso/Visual2']: The parameter Geometry/File Name is a file that does not exist. Resolve this issue in order to simulate the model.
CAUSE 19: ['Gait2392_simbody_simscape/torso/Visual3']: The parameter Geometry/File Name is a file that does not exist. Resolve this issue in order to simulate the model.
=== ALL DONE ===

--------------------------------------------------------------------------------
             Access violation detected at 2026-09-20 04:59:54 -0700
--------------------------------------------------------------------------------

Configuration:
  Crash Decoding           : Disabled - No sandbox or build area path
  Crash Mode               : continue (default)
  Default Encoding         : UTF-8
  Deployed                 : false
  Graphics Driver          : Uninitialized hardware 
  Graphics card 1          : Intel Corporation ( 0x8086 ) Intel(R) UHD Graphics Version 27.20.100.9749 (2021-6-24)
  Graphics card 2          : NVIDIA ( 0x10de ) NVIDIA GeForce GTX 1650 Ti with Max-Q Design Version 32.0.15.9282 (2026-6-3)
  Java Version             : Java 1.8.0_202-b08 with Oracle Corporation Java HotSpot(TM) 64-Bit Server VM mixed mode
  MATLAB Architecture      : win64
  MATLAB Entitlement ID    : 12509936
  MATLAB Root              : C:\Program Files\MATLAB\R2025b
  MATLAB Version           : 25.2.0.2998904 (R2025b)
  OpenGL                   : hardware
  Operating System         : Microsoft Windows 11 Pro
  Process ID               : 21368
  Processor ID             : x86 Family 6 Model 165 Stepping 2, GenuineIntel
  Session Key              : 4u8sv1hlinxtioazu55r8qcul
  Window System            : Version 10.0 (Build 26200)

Fault Count: 1


Abnormal termination:
Access violation

Current Thread: '' id 25464

Register State (from fault):
  RAX = 0000025d00c86b20  RBX = 0000025d0eba3d30
  RCX = 0000000000000000  RDX = 00000067aaaff830
  RSP = 00000067aaaff6a0  RBP = 00000067aaaff810
  RSI = 0000025d00c86b20  RDI = 0000025d0ed1d4b8
 
   R8 = 00000067aaaff758   R9 = 0000025d0e325510
  R10 = 2aaaaaaaaaaaaaab  R11 = 00000067aaaff708
  R12 = 0000025d0ed2a480  R13 = 0000025d00c86b30
  R14 = 0000000000000000  R15 = 0000025d0ebe69b0
 
  RIP = 00007ffc8589fe51  EFL = 00010206
 
   CS = 0033   FS = 0053   GS = 002b

Stack Trace (from fault):
[  0] 0x00007ffc8589fe51 C:\Program Files\MATLAB\R2025b\bin\win64\physmod_sm_gui_app_tree.dll+00065105
[  1] 0x00007ffc858cbfa7 C:\Program Files\MATLAB\R2025b\bin\win64\physmod_sm_gui_app_tree.dll+00245671 mech2::ValueNotSizeT::operator=+00008263
[  2] 0x00007ffc858a170e C:\Program Files\MATLAB\R2025b\bin\win64\physmod_sm_gui_app_tree.dll+00071438
[  3] 0x00007ffe74efcd30                   C:\WINDOWS\System32\ucrtbase.dll+00183600 wcsrchr+00000336
[  4] 0x00007ffe7724cd87                   C:\WINDOWS\System32\KERNEL32.DLL+00183687 BaseThreadInitThunk+00000023
[  5] 0x00007ffe77cecaec                      C:\WINDOWS\SYSTEM32\ntdll.dll+00707308 RtlUserThreadStart+00000044

** This crash report has been saved to disk as C:\Users\Ben\AppData\Local\Temp\matlab_crash_dump.21368-1 **



MATLAB is exiting because of fatal error
ERROR: MATLAB error Exit Status: 0xc0000005, Access violation
