=== MATLAB 25.2.0.2998904 (R2025b) ===
checkcode sns_build_library.m                 : 0 messages (0 severe)
checkcode sns_export_diagram.m                : 3 messages (0 severe)
checkcode demos\sns_run_deng_demo.m           : 1 messages (0 severe)
SNS_Library.slx saved with 7 library blocks (journal diagram icons).
SNS_Library.slx: added BPA_10mm/BPA_20mm/BPA_40mm + BioMuscle (11 blocks total).
LIBRARY REBUILT: 11 top-level blocks
SNS_Library.slx: added BPA_10mm/BPA_20mm/BPA_40mm + BioMuscle (11 blocks total).
BPA_10mm: length-ramp max |err| = 0 N  (Fmax ref 395.8 N)
BPA_20mm: length-ramp max |err| = 0 N  (Fmax ref 1148.3 N)
BPA_40mm: length-ramp max |err| = 0 N  (Fmax ref 6000.0 N)
BPA_10mm: pressure-sweep max |err| = 4.434e-11 N
BPA_20mm: pressure-sweep max |err| = 4.929e-10 N
BPA_40mm: pressure-sweep max |err| = 3.747e-10 N
BioMuscle isometric (lambda=1, A=1): F = 1000.00 N (expect 1000)
BioMuscle concentric (v=5 l_opt/s): F = 166.67 N (expect 166.67)
BioMuscle passive (lambda=1.3, A=0): F = 119.20 N (expect 119.20)
DONE. Overall BPA max err 4.929e-10 N; BioMuscle max err 1.421e-14 N
ACTUATOR VALIDATION PASSED
{Error using rebuild_library_r2025b_20260920 (line 49)
block_diagram does not have a parameter named 'FontSize'

Error in run (line 112)
evalin('caller', strcat(scriptStem, ';'));
^^^^^^^^^^^^^^^^^^^^^^^^^^^^^^^^^^^^^^^^^^ - Show complete stack trace
} 
[Warning: Unable to close the model 'sns_icon_preview' because it has been changed. To save changes, use close_system('sns_icon_preview',1). To discard changes, use
close_system('sns_icon_preview',0).] 
ERROR: MATLAB error Exit Status: 0x00000001
