deleted Cartesian1
Revolute6: welded  x92997A108_CORROSION_RESISTANT_SETUP_STUD_1_RIGID  <->  x6630T310_METRIC_BLACK_POLYPROPYLENE_BALL_KNOB_1_RIGID
Revolute7: welded  x03_02_FH_R_001_1_RIGID  <->  x92997A108_CORROSION_RESISTANT_SETUP_STUD_1_RIGID
Revolute8: welded  x92997A108_CORROSION_RESISTANT_SETUP_STUD_2_RIGID  <->  x6630T310_METRIC_BLACK_POLYPROPYLENE_BALL_KNOB_2_RIGID
Revolute9: welded  x03_04_FH_L_001_1_RIGID  <->  x92997A108_CORROSION_RESISTANT_SETUP_STUD_2_RIGID
cut tie: x02_01_PE_001_1_RIGID  ->  Transform4
cut tie: x02_01_PE_001_1_RIGID  ->  F18
cut tie: x02_01_PE_001_1_RIGID  ->  F19
cut tie: x02_01_PE_001_1_RIGID  ->  F20
cut tie: x02_01_PE_001_1_RIGID  ->  F21
cut tie: x02_01_PE_001_1_RIGID  ->  F22
cut tie: x02_01_PE_001_1_RIGID  ->  F23
cut tie: x02_01_PE_001_1_RIGID  ->  F24
cut tie: x02_01_PE_001_1_RIGID  ->  F25
cut tie: x02_01_PE_001_1_RIGID  ->  F26
cut tie: x02_01_PE_001_1_RIGID  ->  F27
cut tie: x02_01_PE_001_1_RIGID  ->  F9
cut tie: x02_01_PE_001_1_RIGID  ->  F28
cut tie: x02_01_PE_001_1_RIGID  ->  F29
cut tie: x02_01_PE_001_1_RIGID  ->  F30
cut tie: x02_01_PE_001_1_RIGID  ->  F31
cut tie: x02_01_PE_001_1_RIGID  ->  F32
cut tie: x02_01_PE_001_1_RIGID  ->  F51
cut tie: x02_01_PE_001_1_RIGID  ->  F52
cut tie: x02_01_PE_001_1_RIGID  ->  F53
cut tie: x02_01_PE_001_1_RIGID  ->  F54
cut tie: x02_01_PE_001_1_RIGID  ->  F55
cut tie: x02_01_PE_001_1_RIGID  ->  F10
cut tie: x02_01_PE_001_1_RIGID  ->  F11
cut tie: x02_01_PE_001_1_RIGID  ->  F12
cut tie: x02_01_PE_001_1_RIGID  ->  F13
cut tie: x02_01_PE_001_1_RIGID  ->  F14
cut tie: x02_01_PE_001_1_RIGID  ->  F16
cut tie: x02_01_PE_001_1_RIGID  ->  F17
cut tie: x03_01_FB_R_001_1_RIGID  ->  F3
cut tie: x03_01_FB_R_001_1_RIGID  ->  F4
cut tie: x03_02_FH_R_001_1_RIGID  ->  F35
cut tie: x03_02_FH_R_001_1_RIGID  ->  F46
cut tie: x03_02_FH_R_001_1_RIGID  ->  F47
cut tie: x03_03_FB_L_001_1_RIGID  ->  F49
cut tie: x03_03_FB_L_001_1_RIGID  ->  F50
cut tie: x03_04_FH_L_001_1_RIGID  ->  Transform5
cut tie: x03_04_FH_L_001_1_RIGID  ->  F37
cut tie: x03_04_FH_L_001_1_RIGID  ->  F39
cut tie: x03_04_FH_L_001_1_RIGID  ->  F40
cut tie: x04_01_KT_R_001_1_RIGID  ->  F44
cut tie: x04_01_KT_R_001_1_RIGID  ->  F45
cut tie: x04_01_KT_R_001_1_RIGID  ->  F48
cut tie: x04_02_KB_R_001_1_RIGID  ->  F6
cut tie: x04_02_KB_R_001_1_RIGID  ->  F7
cut tie: x04_02_KB_R_001_1_RIGID  ->  F8
cut tie: x04_03_KT_L_001_1_RIGID  ->  F41
cut tie: x04_03_KT_L_001_1_RIGID  ->  F42
cut tie: x04_03_KT_L_001_1_RIGID  ->  F43
cut tie: x04_04_KB_L_001_1_RIGID  ->  F1
cut tie: x04_04_KB_L_001_1_RIGID  ->  F2
cut tie: x04_05_BL_001_1_RIGID  ->  F56
cut tie: x04_05_BL_001_2_RIGID  ->  F57
cut tie: x04_06_FL_001_1_RIGID  ->  F33
cut tie: x04_06_FL_001_2_RIGID  ->  F34
cut tie: x05_01_TI_R_001_1_RIGID  ->  F5
cut tie: x05_02_TI_001_1_RIGID  ->  F15
cut tie: x92997A108_CORROSION_RESISTANT_SETUP_STUD_1_RIGID  ->  F36
cut tie: x92997A108_CORROSION_RESISTANT_SETUP_STUD_2_RIGID  ->  F38
cut 59 world tie line(s)
{Error using surgery2_20260926 (line 95)
There is no block named 'sm_lib/Body/Elements/World Frame'
} 
[Warning: Unable to close the model 'mdl_humanoid_lower_ah001_imported' because it has been changed. To save changes, use
close_system('mdl_humanoid_lower_ah001_imported',1). To discard changes, use close_system('mdl_humanoid_lower_ah001_imported',0).] 
ERROR: MATLAB error Exit Status: 0x00000001
