x09_BA_001_1                       handle=2.630001e+02
x02_01_PE_001_1_RIGID              handle=-1
x03_04_FH_L_001_1_RIGID            handle=-1
x04_03_KT_L_001_1_RIGID            handle=-1
x04_04_KB_L_001_1_RIGID            handle=-1
x04_01_KT_R_001_1_RIGID            handle=-1
x04_02_KB_R_001_1_RIGID            handle=-1

--- PLAIN-LINE MAP (key bodies) ---
x09_BA_001_1                       port1  ->  Revolute7                              (port mdl_humanoid_lower_ah001_imported/Revolute7/LConn#1)
x09_BA_001_1                       port2  ->  Revolute6                              (port mdl_humanoid_lower_ah001_imported/Revolute6/LConn#1)
x09_BA_001_1                       port3  ->  Revolute5                              (port mdl_humanoid_lower_ah001_imported/Revolute5/LConn#1)
x09_BA_001_1                       port4  ->  Revolute28                             (port mdl_humanoid_lower_ah001_imported/Revolute28/LConn#1)
x09_BA_001_1                       port5  ->  Revolute27                             (port mdl_humanoid_lower_ah001_imported/Revolute27/LConn#1)
x09_BA_001_1                       port6  ->  Revolute26                             (port mdl_humanoid_lower_ah001_imported/Revolute26/LConn#1)
x09_BA_001_1                       port7  ->  Revolute4                              (port mdl_humanoid_lower_ah001_imported/Revolute4/LConn#1)
x09_BA_001_1                       port8  ->  Revolute25                             (port mdl_humanoid_lower_ah001_imported/Revolute25/LConn#1)
x09_BA_001_1                       port9  ->  Revolute24                             (port mdl_humanoid_lower_ah001_imported/Revolute24/LConn#1)
x09_BA_001_1                       port10  ->  Revolute23                             (port mdl_humanoid_lower_ah001_imported/Revolute23/LConn#1)
x09_BA_001_1                       port11  ->  Revolute22                             (port mdl_humanoid_lower_ah001_imported/Revolute22/LConn#1)
x09_BA_001_1                       port12  ->  Revolute21                             (port mdl_humanoid_lower_ah001_imported/Revolute21/LConn#1)
x09_BA_001_1                       port13  ->  Revolute3                              (port mdl_humanoid_lower_ah001_imported/Revolute3/LConn#1)
x09_BA_001_1                       port14  ->  Cylindrical1                           (port mdl_humanoid_lower_ah001_imported/Cylindrical1/LConn#1)
x09_BA_001_1                       port15  ->  Planar1                                (port mdl_humanoid_lower_ah001_imported/Planar1/LConn#1)
x09_BA_001_1                       port16  ->  Cylindrical                            (port mdl_humanoid_lower_ah001_imported/Cylindrical/LConn#1)
x09_BA_001_1                       port17  ->  Planar                                 (port mdl_humanoid_lower_ah001_imported/Planar/LConn#1)
x09_BA_001_1                       port18  ->  Revolute20                             (port mdl_humanoid_lower_ah001_imported/Revolute20/LConn#1)
x09_BA_001_1                       port19  ->  Revolute19                             (port mdl_humanoid_lower_ah001_imported/Revolute19/LConn#1)
x09_BA_001_1                       port20  ->  Revolute2                              (port mdl_humanoid_lower_ah001_imported/Revolute2/LConn#1)
x09_BA_001_1                       port21  ->  Revolute18                             (port mdl_humanoid_lower_ah001_imported/Revolute18/LConn#1)
x09_BA_001_1                       port22  ->  Revolute17                             (port mdl_humanoid_lower_ah001_imported/Revolute17/LConn#1)
x09_BA_001_1                       port23  ->  Revolute16                             (port mdl_humanoid_lower_ah001_imported/Revolute16/LConn#1)
x09_BA_001_1                       port24  ->  Revolute15                             (port mdl_humanoid_lower_ah001_imported/Revolute15/LConn#1)
x09_BA_001_1                       port25  ->  Revolute14                             (port mdl_humanoid_lower_ah001_imported/Revolute14/LConn#1)
x09_BA_001_1                       port26  ->  Revolute13                             (port mdl_humanoid_lower_ah001_imported/Revolute13/LConn#1)
x09_BA_001_1                       port27  ->  Revolute12                             (port mdl_humanoid_lower_ah001_imported/Revolute12/LConn#1)
x09_BA_001_1                       port28  ->  Revolute11                             (port mdl_humanoid_lower_ah001_imported/Revolute11/LConn#1)
x09_BA_001_1                       port29  ->  Revolute10                             (port mdl_humanoid_lower_ah001_imported/Revolute10/LConn#1)
x09_BA_001_1                       port30  ->  Revolute9                              (port mdl_humanoid_lower_ah001_imported/Revolute9/LConn#1)
x09_BA_001_1                       port31  ->  Revolute8                              (port mdl_humanoid_lower_ah001_imported/Revolute8/LConn#1)
x09_BA_001_1                       port32  ->  Revolute1                              (port mdl_humanoid_lower_ah001_imported/Revolute1/LConn#1)
x09_BA_001_1                       port33  ->  Revolute                               (port mdl_humanoid_lower_ah001_imported/Revolute/LConn#1)
x09_BA_001_1                       port34  ->  x91595A476_METRIC_ALLOY_STEEL_DOWEL_PIN_8_RIGID (port mdl_humanoid_lower_ah001_imported/x91595A476_METRIC_ALLOY_STEEL_DOWEL_PIN_8_RIGID/LConn#1)
x09_BA_001_1                       port35  ->  x91595A476_METRIC_ALLOY_STEEL_DOWEL_PIN_6_RIGID (port mdl_humanoid_lower_ah001_imported/x91595A476_METRIC_ALLOY_STEEL_DOWEL_PIN_6_RIGID/LConn#1)
x09_BA_001_1                       port36  ->  x91595A476_METRIC_ALLOY_STEEL_DOWEL_PIN_4_RIGID (port mdl_humanoid_lower_ah001_imported/x91595A476_METRIC_ALLOY_STEEL_DOWEL_PIN_4_RIGID/LConn#1)
x09_BA_001_1                       port37  ->  x91595A476_METRIC_ALLOY_STEEL_DOWEL_PIN_2_RIGID (port mdl_humanoid_lower_ah001_imported/x91595A476_METRIC_ALLOY_STEEL_DOWEL_PIN_2_RIGID/LConn#1)
x09_BA_001_1                       port38  ->  x91595A476_METRIC_ALLOY_STEEL_DOWEL_PIN_1_RIGID (port mdl_humanoid_lower_ah001_imported/x91595A476_METRIC_ALLOY_STEEL_DOWEL_PIN_1_RIGID/LConn#1)
x09_BA_001_1                       port39  ->  x94645A205_HIGH_STRENGTH_STEEL_NYLON_INSERT_LOCKNUT_39_RIGID (port mdl_humanoid_lower_ah001_imported/x94645A205_HIGH_STRENGTH_STEEL_NYLON_INSERT_LOCKNUT_39_RIGID/LConn#1)
x09_BA_001_1                       port40  ->  x94645A205_HIGH_STRENGTH_STEEL_NYLON_INSERT_LOCKNUT_26_RIGID (port mdl_humanoid_lower_ah001_imported/x94645A205_HIGH_STRENGTH_STEEL_NYLON_INSERT_LOCKNUT_26_RIGID/LConn#1)
x09_BA_001_1                       port41  ->  x94645A205_HIGH_STRENGTH_STEEL_NYLON_INSERT_LOCKNUT_20_RIGID (port mdl_humanoid_lower_ah001_imported/x94645A205_HIGH_STRENGTH_STEEL_NYLON_INSERT_LOCKNUT_20_RIGID/LConn#1)
x09_BA_001_1                       port42  ->  x94645A205_HIGH_STRENGTH_STEEL_NYLON_INSERT_LOCKNUT_30_RIGID (port mdl_humanoid_lower_ah001_imported/x94645A205_HIGH_STRENGTH_STEEL_NYLON_INSERT_LOCKNUT_30_RIGID/LConn#1)
x09_BA_001_1                       port43  ->  x94645A205_HIGH_STRENGTH_STEEL_NYLON_INSERT_LOCKNUT_28_RIGID (port mdl_humanoid_lower_ah001_imported/x94645A205_HIGH_STRENGTH_STEEL_NYLON_INSERT_LOCKNUT_28_RIGID/LConn#1)
x09_BA_001_1                       port44  ->  x94645A205_HIGH_STRENGTH_STEEL_NYLON_INSERT_LOCKNUT_22_RIGID (port mdl_humanoid_lower_ah001_imported/x94645A205_HIGH_STRENGTH_STEEL_NYLON_INSERT_LOCKNUT_22_RIGID/LConn#1)
x09_BA_001_1                       port45  ->  x94645A205_HIGH_STRENGTH_STEEL_NYLON_INSERT_LOCKNUT_24_RIGID (port mdl_humanoid_lower_ah001_imported/x94645A205_HIGH_STRENGTH_STEEL_NYLON_INSERT_LOCKNUT_24_RIGID/LConn#1)
x09_BA_001_1                       port46  ->  Transform                              (port mdl_humanoid_lower_ah001_imported/Transform/RConn#1)
x09_BA_001_1                       port47  ->  x94645A205_HIGH_STRENGTH_STEEL_NYLON_INSERT_LOCKNUT_36_RIGID (port mdl_humanoid_lower_ah001_imported/x94645A205_HIGH_STRENGTH_STEEL_NYLON_INSERT_LOCKNUT_36_RIGID/LConn#1)
x09_BA_001_1                       port48  ->  x94645A205_HIGH_STRENGTH_STEEL_NYLON_INSERT_LOCKNUT_18_RIGID (port mdl_humanoid_lower_ah001_imported/x94645A205_HIGH_STRENGTH_STEEL_NYLON_INSERT_LOCKNUT_18_RIGID/LConn#1)
x09_BA_001_1                       port49  ->  x94645A205_HIGH_STRENGTH_STEEL_NYLON_INSERT_LOCKNUT_16_RIGID (port mdl_humanoid_lower_ah001_imported/x94645A205_HIGH_STRENGTH_STEEL_NYLON_INSERT_LOCKNUT_16_RIGID/LConn#1)
x09_BA_001_1                       port50  ->  x94645A205_HIGH_STRENGTH_STEEL_NYLON_INSERT_LOCKNUT_14_RIGID (port mdl_humanoid_lower_ah001_imported/x94645A205_HIGH_STRENGTH_STEEL_NYLON_INSERT_LOCKNUT_14_RIGID/LConn#1)
x09_BA_001_1                       port51  ->  x94645A205_HIGH_STRENGTH_STEEL_NYLON_INSERT_LOCKNUT_12_RIGID (port mdl_humanoid_lower_ah001_imported/x94645A205_HIGH_STRENGTH_STEEL_NYLON_INSERT_LOCKNUT_12_RIGID/LConn#1)
x09_BA_001_1                       port52  ->  x94645A205_HIGH_STRENGTH_STEEL_NYLON_INSERT_LOCKNUT_10_RIGID (port mdl_humanoid_lower_ah001_imported/x94645A205_HIGH_STRENGTH_STEEL_NYLON_INSERT_LOCKNUT_10_RIGID/LConn#1)
x09_BA_001_1                       port53  ->  x94645A205_HIGH_STRENGTH_STEEL_NYLON_INSERT_LOCKNUT_8_RIGID (port mdl_humanoid_lower_ah001_imported/x94645A205_HIGH_STRENGTH_STEEL_NYLON_INSERT_LOCKNUT_8_RIGID/LConn#1)
x09_BA_001_1                       port54  ->  x94645A205_HIGH_STRENGTH_STEEL_NYLON_INSERT_LOCKNUT_6_RIGID (port mdl_humanoid_lower_ah001_imported/x94645A205_HIGH_STRENGTH_STEEL_NYLON_INSERT_LOCKNUT_6_RIGID/LConn#1)
x09_BA_001_1                       port55  ->  x94645A205_HIGH_STRENGTH_STEEL_NYLON_INSERT_LOCKNUT_4_RIGID (port mdl_humanoid_lower_ah001_imported/x94645A205_HIGH_STRENGTH_STEEL_NYLON_INSERT_LOCKNUT_4_RIGID/LConn#1)
x09_BA_001_1                       port56  ->  x94645A205_HIGH_STRENGTH_STEEL_NYLON_INSERT_LOCKNUT_2_RIGID (port mdl_humanoid_lower_ah001_imported/x94645A205_HIGH_STRENGTH_STEEL_NYLON_INSERT_LOCKNUT_2_RIGID/LConn#1)
x09_BA_001_1                       port57  ->  x94645A205_HIGH_STRENGTH_STEEL_NYLON_INSERT_LOCKNUT_1_RIGID (port mdl_humanoid_lower_ah001_imported/x94645A205_HIGH_STRENGTH_STEEL_NYLON_INSERT_LOCKNUT_1_RIGID/LConn#1)
x09_BA_001_1                       port58  ->  x91595A476_METRIC_ALLOY_STEEL_DOWEL_PIN_10_RIGID (port mdl_humanoid_lower_ah001_imported/x91595A476_METRIC_ALLOY_STEEL_DOWEL_PIN_10_RIGID/LConn#1)
x09_BA_001_1                       port59  ->  x94645A205_HIGH_STRENGTH_STEEL_NYLON_INSERT_LOCKNUT_41_RIGID (port mdl_humanoid_lower_ah001_imported/x94645A205_HIGH_STRENGTH_STEEL_NYLON_INSERT_LOCKNUT_41_RIGID/LConn#1)
{Error using surgery1_20260926 (line 27)
Invalid Simulink object handle
} 
ERROR: MATLAB error Exit Status: 0x00000001
