x09_BA_001_1                                           handle=2.630001e+02
x09_BA_001_1/x02_01_PE_001_1_RIGID                     handle=3.940001e+02
x09_BA_001_1/x03_04_FH_L_001_1_RIGID                   handle=7.700004e+02
x09_BA_001_1/x04_03_KT_L_001_1_RIGID                   handle=9.550004e+02
x09_BA_001_1/x04_04_KB_L_001_1_RIGID                   handle=1.026001e+03
x09_BA_001_1/x04_01_KT_R_001_1_RIGID                   handle=8.210004e+02
x09_BA_001_1/x04_02_KB_R_001_1_RIGID                   handle=8.920004e+02

--- PLAIN-LINE MAP (key bodies) ---
x09_BA_001_1                       port1  ->  Revolute7                              (port mdl_humanoid_lower_ah001_imported/Revolute7/LConn#1)
x09_BA_001_1                       port2  ->  Revolute6                              (port mdl_humanoid_lower_ah001_imported/Revolute6/LConn#1)
x09_BA_001_1                       port3  ->  Revolute5                              (port mdl_humanoid_lower_ah001_imported/Revolute5/LConn#1)
x09_BA_001_1                       port4  ->  Revolute28                             (port mdl_humanoid_lower_ah001_imported/Revolute28/LConn#1)
x09_BA_001_1                       port5  ->  Revolute27                             (port mdl_humanoid_lower_ah001_imported/Revolute27/LConn#1)
x09_BA_001_1                       port6  ->  Revolute26                             (port mdl_humanoid_lower_ah001_imported/Revolute26/LConn#1)
x09_BA_001_1                       port7  ->  Revolute4                              (port mdl_humanoid_lower_ah001_imported/Revolute4/LConn#1)
x09_BA_001_1                       port8  ->  Revolute25                             (port mdl_humanoid_lower_ah001_imported/Revolute25/LConn#1)
x09_BA_001_1                       port9  ->  Revolute24                             (port mdl_humanoid_lower_ah001_imported/Revolute24/LConn#1)
x09_BA_001_1                       port10  ->  Revolute23                             (port mdl_humanoid_lower_ah001_imported/Revolute23/LConn#1)
x09_BA_001_1                       port11  ->  Revolute22                             (port mdl_humanoid_lower_ah001_imported/Revolute22/LConn#1)
x09_BA_001_1                       port12  ->  Revolute21                             (port mdl_humanoid_lower_ah001_imported/Revolute21/LConn#1)
x09_BA_001_1                       port13  ->  Revolute3                              (port mdl_humanoid_lower_ah001_imported/Revolute3/LConn#1)
x09_BA_001_1                       port14  ->  Cylindrical1                           (port mdl_humanoid_lower_ah001_imported/Cylindrical1/LConn#1)
x09_BA_001_1                       port15  ->  Planar1                                (port mdl_humanoid_lower_ah001_imported/Planar1/LConn#1)
x09_BA_001_1                       port16  ->  Cylindrical                            (port mdl_humanoid_lower_ah001_imported/Cylindrical/LConn#1)
x09_BA_001_1                       port17  ->  Planar                                 (port mdl_humanoid_lower_ah001_imported/Planar/LConn#1)
x09_BA_001_1                       port18  ->  Revolute20                             (port mdl_humanoid_lower_ah001_imported/Revolute20/LConn#1)
x09_BA_001_1                       port19  ->  Revolute19                             (port mdl_humanoid_lower_ah001_imported/Revolute19/LConn#1)
x09_BA_001_1                       port20  ->  Revolute2                              (port mdl_humanoid_lower_ah001_imported/Revolute2/LConn#1)
x09_BA_001_1                       port21  ->  Revolute18                             (port mdl_humanoid_lower_ah001_imported/Revolute18/LConn#1)
x09_BA_001_1                       port22  ->  Revolute17                             (port mdl_humanoid_lower_ah001_imported/Revolute17/LConn#1)
x09_BA_001_1                       port23  ->  Revolute16                             (port mdl_humanoid_lower_ah001_imported/Revolute16/LConn#1)
x09_BA_001_1                       port24  ->  Revolute15                             (port mdl_humanoid_lower_ah001_imported/Revolute15/LConn#1)
x09_BA_001_1                       port25  ->  Revolute14                             (port mdl_humanoid_lower_ah001_imported/Revolute14/LConn#1)
x09_BA_001_1                       port26  ->  Revolute13                             (port mdl_humanoid_lower_ah001_imported/Revolute13/LConn#1)
x09_BA_001_1                       port27  ->  Revolute12                             (port mdl_humanoid_lower_ah001_imported/Revolute12/LConn#1)
x09_BA_001_1                       port28  ->  Revolute11                             (port mdl_humanoid_lower_ah001_imported/Revolute11/LConn#1)
x09_BA_001_1                       port29  ->  Revolute10                             (port mdl_humanoid_lower_ah001_imported/Revolute10/LConn#1)
x09_BA_001_1                       port30  ->  Revolute9                              (port mdl_humanoid_lower_ah001_imported/Revolute9/LConn#1)
x09_BA_001_1                       port31  ->  Revolute8                              (port mdl_humanoid_lower_ah001_imported/Revolute8/LConn#1)
x09_BA_001_1                       port32  ->  Revolute1                              (port mdl_humanoid_lower_ah001_imported/Revolute1/LConn#1)
x09_BA_001_1                       port33  ->  Revolute                               (port mdl_humanoid_lower_ah001_imported/Revolute/LConn#1)
x09_BA_001_1                       port34  ->  x91595A476_METRIC_ALLOY_STEEL_DOWEL_PIN_8_RIGID (port mdl_humanoid_lower_ah001_imported/x91595A476_METRIC_ALLOY_STEEL_DOWEL_PIN_8_RIGID/LConn#1)
x09_BA_001_1                       port35  ->  x91595A476_METRIC_ALLOY_STEEL_DOWEL_PIN_6_RIGID (port mdl_humanoid_lower_ah001_imported/x91595A476_METRIC_ALLOY_STEEL_DOWEL_PIN_6_RIGID/LConn#1)
x09_BA_001_1                       port36  ->  x91595A476_METRIC_ALLOY_STEEL_DOWEL_PIN_4_RIGID (port mdl_humanoid_lower_ah001_imported/x91595A476_METRIC_ALLOY_STEEL_DOWEL_PIN_4_RIGID/LConn#1)
x09_BA_001_1                       port37  ->  x91595A476_METRIC_ALLOY_STEEL_DOWEL_PIN_2_RIGID (port mdl_humanoid_lower_ah001_imported/x91595A476_METRIC_ALLOY_STEEL_DOWEL_PIN_2_RIGID/LConn#1)
x09_BA_001_1                       port38  ->  x91595A476_METRIC_ALLOY_STEEL_DOWEL_PIN_1_RIGID (port mdl_humanoid_lower_ah001_imported/x91595A476_METRIC_ALLOY_STEEL_DOWEL_PIN_1_RIGID/LConn#1)
x09_BA_001_1                       port39  ->  x94645A205_HIGH_STRENGTH_STEEL_NYLON_INSERT_LOCKNUT_39_RIGID (port mdl_humanoid_lower_ah001_imported/x94645A205_HIGH_STRENGTH_STEEL_NYLON_INSERT_LOCKNUT_39_RIGID/LConn#1)
x09_BA_001_1                       port40  ->  x94645A205_HIGH_STRENGTH_STEEL_NYLON_INSERT_LOCKNUT_26_RIGID (port mdl_humanoid_lower_ah001_imported/x94645A205_HIGH_STRENGTH_STEEL_NYLON_INSERT_LOCKNUT_26_RIGID/LConn#1)
x09_BA_001_1                       port41  ->  x94645A205_HIGH_STRENGTH_STEEL_NYLON_INSERT_LOCKNUT_20_RIGID (port mdl_humanoid_lower_ah001_imported/x94645A205_HIGH_STRENGTH_STEEL_NYLON_INSERT_LOCKNUT_20_RIGID/LConn#1)
x09_BA_001_1                       port42  ->  x94645A205_HIGH_STRENGTH_STEEL_NYLON_INSERT_LOCKNUT_30_RIGID (port mdl_humanoid_lower_ah001_imported/x94645A205_HIGH_STRENGTH_STEEL_NYLON_INSERT_LOCKNUT_30_RIGID/LConn#1)
x09_BA_001_1                       port43  ->  x94645A205_HIGH_STRENGTH_STEEL_NYLON_INSERT_LOCKNUT_28_RIGID (port mdl_humanoid_lower_ah001_imported/x94645A205_HIGH_STRENGTH_STEEL_NYLON_INSERT_LOCKNUT_28_RIGID/LConn#1)
x09_BA_001_1                       port44  ->  x94645A205_HIGH_STRENGTH_STEEL_NYLON_INSERT_LOCKNUT_22_RIGID (port mdl_humanoid_lower_ah001_imported/x94645A205_HIGH_STRENGTH_STEEL_NYLON_INSERT_LOCKNUT_22_RIGID/LConn#1)
x09_BA_001_1                       port45  ->  x94645A205_HIGH_STRENGTH_STEEL_NYLON_INSERT_LOCKNUT_24_RIGID (port mdl_humanoid_lower_ah001_imported/x94645A205_HIGH_STRENGTH_STEEL_NYLON_INSERT_LOCKNUT_24_RIGID/LConn#1)
x09_BA_001_1                       port46  ->  Transform                              (port mdl_humanoid_lower_ah001_imported/Transform/RConn#1)
x09_BA_001_1                       port47  ->  x94645A205_HIGH_STRENGTH_STEEL_NYLON_INSERT_LOCKNUT_36_RIGID (port mdl_humanoid_lower_ah001_imported/x94645A205_HIGH_STRENGTH_STEEL_NYLON_INSERT_LOCKNUT_36_RIGID/LConn#1)
x09_BA_001_1                       port48  ->  x94645A205_HIGH_STRENGTH_STEEL_NYLON_INSERT_LOCKNUT_18_RIGID (port mdl_humanoid_lower_ah001_imported/x94645A205_HIGH_STRENGTH_STEEL_NYLON_INSERT_LOCKNUT_18_RIGID/LConn#1)
x09_BA_001_1                       port49  ->  x94645A205_HIGH_STRENGTH_STEEL_NYLON_INSERT_LOCKNUT_16_RIGID (port mdl_humanoid_lower_ah001_imported/x94645A205_HIGH_STRENGTH_STEEL_NYLON_INSERT_LOCKNUT_16_RIGID/LConn#1)
x09_BA_001_1                       port50  ->  x94645A205_HIGH_STRENGTH_STEEL_NYLON_INSERT_LOCKNUT_14_RIGID (port mdl_humanoid_lower_ah001_imported/x94645A205_HIGH_STRENGTH_STEEL_NYLON_INSERT_LOCKNUT_14_RIGID/LConn#1)
x09_BA_001_1                       port51  ->  x94645A205_HIGH_STRENGTH_STEEL_NYLON_INSERT_LOCKNUT_12_RIGID (port mdl_humanoid_lower_ah001_imported/x94645A205_HIGH_STRENGTH_STEEL_NYLON_INSERT_LOCKNUT_12_RIGID/LConn#1)
x09_BA_001_1                       port52  ->  x94645A205_HIGH_STRENGTH_STEEL_NYLON_INSERT_LOCKNUT_10_RIGID (port mdl_humanoid_lower_ah001_imported/x94645A205_HIGH_STRENGTH_STEEL_NYLON_INSERT_LOCKNUT_10_RIGID/LConn#1)
x09_BA_001_1                       port53  ->  x94645A205_HIGH_STRENGTH_STEEL_NYLON_INSERT_LOCKNUT_8_RIGID (port mdl_humanoid_lower_ah001_imported/x94645A205_HIGH_STRENGTH_STEEL_NYLON_INSERT_LOCKNUT_8_RIGID/LConn#1)
x09_BA_001_1                       port54  ->  x94645A205_HIGH_STRENGTH_STEEL_NYLON_INSERT_LOCKNUT_6_RIGID (port mdl_humanoid_lower_ah001_imported/x94645A205_HIGH_STRENGTH_STEEL_NYLON_INSERT_LOCKNUT_6_RIGID/LConn#1)
x09_BA_001_1                       port55  ->  x94645A205_HIGH_STRENGTH_STEEL_NYLON_INSERT_LOCKNUT_4_RIGID (port mdl_humanoid_lower_ah001_imported/x94645A205_HIGH_STRENGTH_STEEL_NYLON_INSERT_LOCKNUT_4_RIGID/LConn#1)
x09_BA_001_1                       port56  ->  x94645A205_HIGH_STRENGTH_STEEL_NYLON_INSERT_LOCKNUT_2_RIGID (port mdl_humanoid_lower_ah001_imported/x94645A205_HIGH_STRENGTH_STEEL_NYLON_INSERT_LOCKNUT_2_RIGID/LConn#1)
x09_BA_001_1                       port57  ->  x94645A205_HIGH_STRENGTH_STEEL_NYLON_INSERT_LOCKNUT_1_RIGID (port mdl_humanoid_lower_ah001_imported/x94645A205_HIGH_STRENGTH_STEEL_NYLON_INSERT_LOCKNUT_1_RIGID/LConn#1)
x09_BA_001_1                       port58  ->  x91595A476_METRIC_ALLOY_STEEL_DOWEL_PIN_10_RIGID (port mdl_humanoid_lower_ah001_imported/x91595A476_METRIC_ALLOY_STEEL_DOWEL_PIN_10_RIGID/LConn#1)
x09_BA_001_1                       port59  ->  x94645A205_HIGH_STRENGTH_STEEL_NYLON_INSERT_LOCKNUT_41_RIGID (port mdl_humanoid_lower_ah001_imported/x94645A205_HIGH_STRENGTH_STEEL_NYLON_INSERT_LOCKNUT_41_RIGID/LConn#1)
x09_BA_001_1/x02_01_PE_001_1_RIGID port1  ->  Spherical1                             (port mdl_humanoid_lower_ah001_imported/x09_BA_001_1/Spherical1/LConn#1)
x09_BA_001_1/x02_01_PE_001_1_RIGID port2  ->  Spherical                              (port mdl_humanoid_lower_ah001_imported/x09_BA_001_1/Spherical/LConn#1)
x09_BA_001_1/x02_01_PE_001_1_RIGID port3  ->  Transform4                             (port mdl_humanoid_lower_ah001_imported/x09_BA_001_1/Transform4/RConn#1)
x09_BA_001_1/x02_01_PE_001_1_RIGID port4  ->  F18                                    (port mdl_humanoid_lower_ah001_imported/x09_BA_001_1/F18/RConn#1)
x09_BA_001_1/x02_01_PE_001_1_RIGID port5  ->  F19                                    (port mdl_humanoid_lower_ah001_imported/x09_BA_001_1/F19/RConn#1)
x09_BA_001_1/x02_01_PE_001_1_RIGID port6  ->  F20                                    (port mdl_humanoid_lower_ah001_imported/x09_BA_001_1/F20/RConn#1)
x09_BA_001_1/x02_01_PE_001_1_RIGID port7  ->  F21                                    (port mdl_humanoid_lower_ah001_imported/x09_BA_001_1/F21/RConn#1)
x09_BA_001_1/x02_01_PE_001_1_RIGID port8  ->  F22                                    (port mdl_humanoid_lower_ah001_imported/x09_BA_001_1/F22/RConn#1)
x09_BA_001_1/x02_01_PE_001_1_RIGID port9  ->  F23                                    (port mdl_humanoid_lower_ah001_imported/x09_BA_001_1/F23/RConn#1)
x09_BA_001_1/x02_01_PE_001_1_RIGID port10  ->  F24                                    (port mdl_humanoid_lower_ah001_imported/x09_BA_001_1/F24/RConn#1)
x09_BA_001_1/x02_01_PE_001_1_RIGID port11  ->  F25                                    (port mdl_humanoid_lower_ah001_imported/x09_BA_001_1/F25/RConn#1)
x09_BA_001_1/x02_01_PE_001_1_RIGID port12  ->  F26                                    (port mdl_humanoid_lower_ah001_imported/x09_BA_001_1/F26/RConn#1)
x09_BA_001_1/x02_01_PE_001_1_RIGID port13  ->  F27                                    (port mdl_humanoid_lower_ah001_imported/x09_BA_001_1/F27/RConn#1)
x09_BA_001_1/x02_01_PE_001_1_RIGID port14  ->  F9                                     (port mdl_humanoid_lower_ah001_imported/x09_BA_001_1/F9/RConn#1)
x09_BA_001_1/x02_01_PE_001_1_RIGID port15  ->  F28                                    (port mdl_humanoid_lower_ah001_imported/x09_BA_001_1/F28/RConn#1)
x09_BA_001_1/x02_01_PE_001_1_RIGID port16  ->  F29                                    (port mdl_humanoid_lower_ah001_imported/x09_BA_001_1/F29/RConn#1)
x09_BA_001_1/x02_01_PE_001_1_RIGID port17  ->  F30                                    (port mdl_humanoid_lower_ah001_imported/x09_BA_001_1/F30/RConn#1)
x09_BA_001_1/x02_01_PE_001_1_RIGID port18  ->  F31                                    (port mdl_humanoid_lower_ah001_imported/x09_BA_001_1/F31/RConn#1)
x09_BA_001_1/x02_01_PE_001_1_RIGID port19  ->  F32                                    (port mdl_humanoid_lower_ah001_imported/x09_BA_001_1/F32/RConn#1)
x09_BA_001_1/x02_01_PE_001_1_RIGID port20  ->  F51                                    (port mdl_humanoid_lower_ah001_imported/x09_BA_001_1/F51/RConn#1)
x09_BA_001_1/x02_01_PE_001_1_RIGID port21  ->  F52                                    (port mdl_humanoid_lower_ah001_imported/x09_BA_001_1/F52/RConn#1)
x09_BA_001_1/x02_01_PE_001_1_RIGID port22  ->  F53                                    (port mdl_humanoid_lower_ah001_imported/x09_BA_001_1/F53/RConn#1)
x09_BA_001_1/x02_01_PE_001_1_RIGID port23  ->  F54                                    (port mdl_humanoid_lower_ah001_imported/x09_BA_001_1/F54/RConn#1)
x09_BA_001_1/x02_01_PE_001_1_RIGID port24  ->  F55                                    (port mdl_humanoid_lower_ah001_imported/x09_BA_001_1/F55/RConn#1)
x09_BA_001_1/x02_01_PE_001_1_RIGID port25  ->  F10                                    (port mdl_humanoid_lower_ah001_imported/x09_BA_001_1/F10/RConn#1)
x09_BA_001_1/x02_01_PE_001_1_RIGID port26  ->  F11                                    (port mdl_humanoid_lower_ah001_imported/x09_BA_001_1/F11/RConn#1)
x09_BA_001_1/x02_01_PE_001_1_RIGID port27  ->  F12                                    (port mdl_humanoid_lower_ah001_imported/x09_BA_001_1/F12/RConn#1)
x09_BA_001_1/x02_01_PE_001_1_RIGID port28  ->  F13                                    (port mdl_humanoid_lower_ah001_imported/x09_BA_001_1/F13/RConn#1)
x09_BA_001_1/x02_01_PE_001_1_RIGID port29  ->  F14                                    (port mdl_humanoid_lower_ah001_imported/x09_BA_001_1/F14/RConn#1)
x09_BA_001_1/x02_01_PE_001_1_RIGID port30  ->  F16                                    (port mdl_humanoid_lower_ah001_imported/x09_BA_001_1/F16/RConn#1)
x09_BA_001_1/x02_01_PE_001_1_RIGID port31  ->  F17                                    (port mdl_humanoid_lower_ah001_imported/x09_BA_001_1/F17/RConn#1)
x09_BA_001_1/x03_04_FH_L_001_1_RIGID port1  ->  Transform5                             (port mdl_humanoid_lower_ah001_imported/x09_BA_001_1/Transform5/RConn#1)
x09_BA_001_1/x03_04_FH_L_001_1_RIGID port2  ->  F37                                    (port mdl_humanoid_lower_ah001_imported/x09_BA_001_1/F37/RConn#1)
x09_BA_001_1/x03_04_FH_L_001_1_RIGID port3  ->  F39                                    (port mdl_humanoid_lower_ah001_imported/x09_BA_001_1/F39/RConn#1)
x09_BA_001_1/x03_04_FH_L_001_1_RIGID port4  ->  F40                                    (port mdl_humanoid_lower_ah001_imported/x09_BA_001_1/F40/RConn#1)
x09_BA_001_1/x03_04_FH_L_001_1_RIGID port5  ->  x03_03_FB_L_001_1_RIGID                (port mdl_humanoid_lower_ah001_imported/x09_BA_001_1/x03_03_FB_L_001_1_RIGID/LConn#1)
x09_BA_001_1/x03_04_FH_L_001_1_RIGID port6  ->  Revolute9                              (port mdl_humanoid_lower_ah001_imported/x09_BA_001_1/Revolute9/RConn#1)
x09_BA_001_1/x04_03_KT_L_001_1_RIGID port1  ->  Revolute3                              (port mdl_humanoid_lower_ah001_imported/x09_BA_001_1/Revolute3/LConn#1)
x09_BA_001_1/x04_03_KT_L_001_1_RIGID port2  ->  Revolute2                              (port mdl_humanoid_lower_ah001_imported/x09_BA_001_1/Revolute2/LConn#1)
x09_BA_001_1/x04_03_KT_L_001_1_RIGID port3  ->  x03_03_FB_L_001_1_RIGID                (port mdl_humanoid_lower_ah001_imported/x09_BA_001_1/x03_03_FB_L_001_1_RIGID/LConn#4)
x09_BA_001_1/x04_03_KT_L_001_1_RIGID port4  ->  x04_04_KB_L_001_1_RIGID                (port mdl_humanoid_lower_ah001_imported/x09_BA_001_1/x04_04_KB_L_001_1_RIGID/LConn#6)
x09_BA_001_1/x04_03_KT_L_001_1_RIGID port5  ->  F41                                    (port mdl_humanoid_lower_ah001_imported/x09_BA_001_1/F41/RConn#1)
x09_BA_001_1/x04_03_KT_L_001_1_RIGID port6  ->  F42                                    (port mdl_humanoid_lower_ah001_imported/x09_BA_001_1/F42/RConn#1)
x09_BA_001_1/x04_03_KT_L_001_1_RIGID port7  ->  F43                                    (port mdl_humanoid_lower_ah001_imported/x09_BA_001_1/F43/RConn#1)
x09_BA_001_1/x04_03_KT_L_001_1_RIGID port8  ->  Cartesian                              (port mdl_humanoid_lower_ah001_imported/x09_BA_001_1/Cartesian/RConn#1)
x09_BA_001_1/x04_04_KB_L_001_1_RIGID port1  ->  x05_02_TI_001_1_RIGID                  (port mdl_humanoid_lower_ah001_imported/x09_BA_001_1/x05_02_TI_001_1_RIGID/LConn#2)
x09_BA_001_1/x04_04_KB_L_001_1_RIGID port2  ->  Cylindrical                            (port mdl_humanoid_lower_ah001_imported/x09_BA_001_1/Cylindrical/RConn#1)
x09_BA_001_1/x04_04_KB_L_001_1_RIGID port3  ->  F                                      (port mdl_humanoid_lower_ah001_imported/x09_BA_001_1/F/RConn#1)
x09_BA_001_1/x04_04_KB_L_001_1_RIGID port4  ->  F1                                     (port mdl_humanoid_lower_ah001_imported/x09_BA_001_1/F1/RConn#1)
x09_BA_001_1/x04_04_KB_L_001_1_RIGID port5  ->  F2                                     (port mdl_humanoid_lower_ah001_imported/x09_BA_001_1/F2/RConn#1)
x09_BA_001_1/x04_04_KB_L_001_1_RIGID port6  ->  x04_03_KT_L_001_1_RIGID                (port mdl_humanoid_lower_ah001_imported/x09_BA_001_1/x04_03_KT_L_001_1_RIGID/LConn#2)
x09_BA_001_1/x04_04_KB_L_001_1_RIGID port7  ->  Revolute1                              (port mdl_humanoid_lower_ah001_imported/x09_BA_001_1/Revolute1/RConn#1)
x09_BA_001_1/x04_01_KT_R_001_1_RIGID port1  ->  Revolute5                              (port mdl_humanoid_lower_ah001_imported/x09_BA_001_1/Revolute5/LConn#1)
x09_BA_001_1/x04_01_KT_R_001_1_RIGID port2  ->  Revolute4                              (port mdl_humanoid_lower_ah001_imported/x09_BA_001_1/Revolute4/LConn#1)
x09_BA_001_1/x04_01_KT_R_001_1_RIGID port3  ->  x03_01_FB_R_001_1_RIGID                (port mdl_humanoid_lower_ah001_imported/x09_BA_001_1/x03_01_FB_R_001_1_RIGID/LConn#4)
x09_BA_001_1/x04_01_KT_R_001_1_RIGID port4  ->  Cartesian1                             (port mdl_humanoid_lower_ah001_imported/x09_BA_001_1/Cartesian1/RConn#1)
x09_BA_001_1/x04_01_KT_R_001_1_RIGID port5  ->  F44                                    (port mdl_humanoid_lower_ah001_imported/x09_BA_001_1/F44/RConn#1)
x09_BA_001_1/x04_01_KT_R_001_1_RIGID port6  ->  F45                                    (port mdl_humanoid_lower_ah001_imported/x09_BA_001_1/F45/RConn#1)
x09_BA_001_1/x04_01_KT_R_001_1_RIGID port7  ->  F48                                    (port mdl_humanoid_lower_ah001_imported/x09_BA_001_1/F48/RConn#1)
x09_BA_001_1/x04_01_KT_R_001_1_RIGID port8  ->  x04_02_KB_R_001_1_RIGID                (port mdl_humanoid_lower_ah001_imported/x09_BA_001_1/x04_02_KB_R_001_1_RIGID/LConn#3)
x09_BA_001_1/x04_02_KB_R_001_1_RIGID port1  ->  x05_01_TI_R_001_1_RIGID                (port mdl_humanoid_lower_ah001_imported/x09_BA_001_1/x05_01_TI_R_001_1_RIGID/LConn#2)
x09_BA_001_1/x04_02_KB_R_001_1_RIGID port2  ->  Cylindrical1                           (port mdl_humanoid_lower_ah001_imported/x09_BA_001_1/Cylindrical1/RConn#1)
x09_BA_001_1/x04_02_KB_R_001_1_RIGID port3  ->  x04_01_KT_R_001_1_RIGID                (port mdl_humanoid_lower_ah001_imported/x09_BA_001_1/x04_01_KT_R_001_1_RIGID/LConn#6)
x09_BA_001_1/x04_02_KB_R_001_1_RIGID port4  ->  F6                                     (port mdl_humanoid_lower_ah001_imported/x09_BA_001_1/F6/RConn#1)
x09_BA_001_1/x04_02_KB_R_001_1_RIGID port5  ->  F7                                     (port mdl_humanoid_lower_ah001_imported/x09_BA_001_1/F7/RConn#1)
x09_BA_001_1/x04_02_KB_R_001_1_RIGID port6  ->  F8                                     (port mdl_humanoid_lower_ah001_imported/x09_BA_001_1/F8/RConn#1)
x09_BA_001_1/x04_02_KB_R_001_1_RIGID port7  ->  Revolute                               (port mdl_humanoid_lower_ah001_imported/x09_BA_001_1/Revolute/RConn#1)
deleted block x09_BA_001_1/Cartesian
deleted block x09_BA_001_1/Parallel
delete_line failed: Invalid Simulink object name: 'mdl_humanoid_lower_ah001_imported/x09_BA_001_1/x04_03_KT_L_001_1_RIGID/LConn#2'.
L knee: cut 0 rigid line(s)
delete_line failed: Invalid Simulink object name: 'mdl_humanoid_lower_ah001_imported/x09_BA_001_1/x04_01_KT_R_001_1_RIGID/LConn#6'.
R knee: cut 0 rigid line(s)
mdl_humanoid_lower_ah001_imported: UPDATE OK
=== surgery1 DONE ===
