   body type=0 vol=-0.071578068
   body type=0 vol=-0.037943123
   body type=0 vol=-0.127754587
   body type=0 vol=-0.050500006
   body type=0 vol=-0.091596783
   body type=0 vol=-0.091594840
   body type=0 vol=-0.037941445
   body type=0 vol=-0.050499763
   body type=0 vol=-0.071578070
   (9 bodies)
02_01_PE_001     vol=-0.630987 m3  bbox=['-0.1862', '-0.1197', '-0.1411', '0.0117', '0.1005', '0.1411']
   body type=0 vol=0.016520062
   (1 bodies)
03_01_FB_R_001   vol= 0.016520 m3  bbox=['-0.0172', '-0.0001', '-0.0254', '0.0376', '0.3049', '0.0255']
   body type=0 vol=-0.000373832
   (1 bodies)
03_02_FH_R_001   vol=-0.000374 m3  bbox=['-0.0235', '-0.0384', '-0.0279', '0.0235', '0.0675', '0.0354']
   body type=0 vol=0.016520159
   (1 bodies)
03_03_FB_L_001   vol= 0.016520 m3  bbox=['-0.0172', '-0.0001', '-0.0255', '0.0376', '0.3049', '0.0254']
   body type=0 vol=-0.000373789
   (1 bodies)
03_04_FH_L_001   vol=-0.000374 m3  bbox=['-0.0235', '-0.0384', '-0.0354', '0.0235', '0.0675', '0.0279']
   body type=0 vol=0.005835509
   (1 bodies)
04_01_KT_R_001   vol= 0.005836 m3  bbox=['-0.0417', '-0.0388', '-0.0371', '0.0354', '0.1185', '0.0371']
   body type=0 vol=0.001635239
   (1 bodies)
04_02_KB_R_001   vol= 0.001635 m3  bbox=['-0.0399', '-0.0481', '-0.0379', '0.0386', '0.0370', '0.0379']
   body type=0 vol=0.005834999
   (1 bodies)
04_03_KT_L_001   vol= 0.005835 m3  bbox=['-0.0417', '-0.0388', '-0.0371', '0.0354', '0.1185', '0.0371']
   body type=0 vol=0.001635257
   (1 bodies)
04_04_KB_L_001   vol= 0.001635 m3  bbox=['-0.0399', '-0.0481', '-0.0379', '0.0386', '0.0370', '0.0379']
   body type=0 vol=0.000000000
   (1 bodies)
04_05_BL_001     vol=-1.000000 m3  bbox=['-0.0314', '-0.0080', '0.0000', '0.0314', '0.0080', '0.0059']
   body type=0 vol=0.000000000
   (1 bodies)
04_06_FL_001     vol= 0.000000 m3  bbox=['-0.0337', '-0.0080', '0.0000', '0.0337', '0.0080', '0.0059']
   body type=0 vol=0.000166278
   (1 bodies)
05_01_TI_R_001   vol= 0.000166 m3  bbox=['-0.0191', '-0.3048', '-0.0191', '0.0191', '0.0000', '0.0191']
   body type=0 vol=0.000166199
   (1 bodies)
05_02_TI_001     vol= 0.000166 m3  bbox=['-0.0191', '-0.3048', '-0.0191', '0.0191', '0.0000', '0.0191']
wrote C:\Users\Ben\Documents\GitHub\Bipedal_Robot\Code\Matlab\SNS_Simscape\dev\part_volumes_20260926.json
