start pose (normal): applied 20 coordinates as given; pelvis ty 0.920 m (env override unset); IMU-metric torso lean -0.0 deg (+ = back)
standing solve: nnls x in [0.00, 0.71], >0.1: 22 muscles
  top: add_long_l=0.71, tib_ant_r=0.62, tib_ant_l=0.47, ext_dig_r=0.41, pect_l=0.34, glut_min1_l=0.34, glut_min2_l=0.31, ext_dig_l=0.29
Fmax range: 5..3396 N | L range sample: [0.229942 0.326094]
t=  0.62 precursor: max|qacc|=1.19e+03 max|qvel|=30.8 (dof 55), ncon=0, max ctrl=0.99
t=  0.62 precursor: max|qacc|=1.18e+03 max|qvel|=31.7 (dof 55), ncon=0, max ctrl=0.98
t=  0.62 precursor: max|qacc|=1.09e+03 max|qvel|=32.3 (dof 55), ncon=0, max ctrl=0.98
t=  0.62 precursor: max|qacc|=945 max|qvel|=32.6 (dof 55), ncon=0, max ctrl=0.98
t=  0.63 precursor: max|qacc|=746 max|qvel|=32.7 (dof 55), ncon=0, max ctrl=0.99
t=  0.63 precursor: max|qacc|=500 max|qvel|=32.6 (dof 55), ncon=0, max ctrl=0.99
t=  0.63 precursor: max|qacc|=2.82e+03 max|qvel|=32.3 (dof 55), ncon=0, max ctrl=0.99
t=  0.63 precursor: max|qacc|=4.18e+03 max|qvel|=31.9 (dof 55), ncon=0, max ctrl=0.99
t=  0.63 precursor: max|qacc|=3.64e+03 max|qvel|=31.4 (dof 55), ncon=0, max ctrl=0.99
t=  1.00 max|qacc|=      26.8 max|qvel|=   1.64 ncon=  0 com_z=0.980 com_x=-0.209
t=  1.50 max|qacc|=      37.0 max|qvel|=   2.57 ncon=  0 com_z=0.940 com_x=-0.176
t=  2.00 max|qacc|=      34.0 max|qvel|=   1.06 ncon=  0 com_z=0.957 com_x=-0.193
t=  2.50 max|qacc|=     307.0 max|qvel|=   0.80 ncon=  0 com_z=0.942 com_x=-0.178
t=  3.00 max|qacc|=     342.7 max|qvel|=   0.55 ncon=  0 com_z=0.955 com_x=-0.191
t=  3.50 max|qacc|=       8.9 max|qvel|=   0.38 ncon=  0 com_z=0.943 com_x=-0.177
t=  4.00 max|qacc|=     268.8 max|qvel|=   0.84 ncon=  0 com_z=0.951 com_x=-0.189
t=  4.50 max|qacc|=     226.1 max|qvel|=   0.42 ncon=  0 com_z=0.944 com_x=-0.178
t=  5.00 max|qacc|=     259.2 max|qvel|=   6.22 ncon=  0 com_z=0.949 com_x=-0.184
t=  5.50 max|qacc|=     139.7 max|qvel|=  15.55 ncon=  0 com_z=0.949 com_x=-0.120
t=  6.00 max|qacc|=      51.0 max|qvel|=   9.18 ncon=  0 com_z=0.965 com_x=-0.189
t=  6.50 max|qacc|=     255.8 max|qvel|=   9.28 ncon=  0 com_z=0.936 com_x=-0.133
t=  7.00 max|qacc|=     407.6 max|qvel|=   7.68 ncon=  0 com_z=0.953 com_x=-0.172
t=  7.50 max|qacc|=     153.6 max|qvel|=   5.40 ncon=  0 com_z=0.941 com_x=-0.157
t=  8.00 max|qacc|=     558.6 max|qvel|=   3.49 ncon=  0 com_z=0.957 com_x=-0.145
t=  8.50 max|qacc|=     176.3 max|qvel|=   3.71 ncon=  0 com_z=0.956 com_x=-0.177
t=  9.00 max|qacc|=      67.2 max|qvel|=   2.25 ncon=  0 com_z=0.945 com_x=-0.128
t=  9.50 max|qacc|=     145.7 max|qvel|=   7.80 ncon=  0 com_z=0.972 com_x=-0.197
t= 10.00 max|qacc|=     172.5 max|qvel|=  15.62 ncon=  0 com_z=0.941 com_x=-0.121
t= 10.50 max|qacc|=      91.6 max|qvel|=   7.63 ncon=  0 com_z=0.968 com_x=-0.197
t= 11.00 max|qacc|=     170.2 max|qvel|=   8.45 ncon=  0 com_z=0.930 com_x=-0.128
t= 11.50 max|qacc|=     168.5 max|qvel|=  10.19 ncon=  0 com_z=0.965 com_x=-0.181
t= 12.00 max|qacc|=     189.4 max|qvel|=   4.60 ncon=  0 com_z=0.937 com_x=-0.148
t= 12.50 max|qacc|=     415.4 max|qvel|=   3.96 ncon=  0 com_z=0.955 com_x=-0.155
t= 13.00 max|qacc|=     461.6 max|qvel|=   4.25 ncon=  0 com_z=0.955 com_x=-0.174
t= 13.50 max|qacc|=     109.1 max|qvel|=   2.59 ncon=  0 com_z=0.954 com_x=-0.132
t= 14.00 max|qacc|=     190.6 max|qvel|=   7.38 ncon=  0 com_z=0.966 com_x=-0.192
t= 14.50 max|qacc|=     181.4 max|qvel|=  14.82 ncon=  0 com_z=0.937 com_x=-0.120
t= 15.00 max|qacc|=      80.0 max|qvel|=   8.05 ncon=  0 com_z=0.972 com_x=-0.199
t= 15.50 max|qacc|=     460.7 max|qvel|=  10.37 ncon=  0 com_z=0.938 com_x=-0.122
t= 16.00 max|qacc|=     132.1 max|qvel|=   1.50 ncon=  0 com_z=0.972 com_x=-0.206
t= 16.50 max|qacc|=     109.3 max|qvel|=   0.89 ncon=  0 com_z=0.938 com_x=-0.169
t= 17.00 max|qacc|=     144.0 max|qvel|=   0.59 ncon=  0 com_z=0.959 com_x=-0.194
t= 17.50 max|qacc|=      21.2 max|qvel|=   0.31 ncon=  0 com_z=0.941 com_x=-0.174
t= 18.00 max|qacc|=       7.6 max|qvel|=   0.29 ncon=  0 com_z=0.954 com_x=-0.191
t= 18.50 max|qacc|=      35.0 max|qvel|=   0.27 ncon=  0 com_z=0.943 com_x=-0.178
t= 19.00 max|qacc|=      65.2 max|qvel|=   0.17 ncon=  0 com_z=0.952 com_x=-0.188
t= 19.50 max|qacc|=     287.4 max|qvel|=   0.77 ncon=  0 com_z=0.945 com_x=-0.179
t= 20.00 max|qacc|=     999.5 max|qvel|=   1.30 ncon=  0 com_z=0.949 com_x=-0.187
t= 20.50 max|qacc|=     514.3 max|qvel|=   2.17 ncon=  0 com_z=0.947 com_x=-0.181
t= 21.00 max|qacc|=     133.1 max|qvel|=   0.16 ncon=  0 com_z=0.949 com_x=-0.184
t= 21.50 max|qacc|=     157.3 max|qvel|=   0.20 ncon=  0 com_z=0.947 com_x=-0.183

== summary ==
pelvis/COM height: start 0.94 m, min 0.93 m, final 0.95 m  (stayed up)
COM x: min -0.21 max -0.11 final -0.18 m
COM y: min -0.042 max +0.039 m
RG_F_r bursts during walk window: 5
RG_r: cycles in window 6, period 1.80 s (0.55 Hz), E-duty 0.69
RG_l: cycles in window 5, period 1.80 s (0.55 Hz), E-duty 0.71
peak ctrl: [0.93 0.97 0.98 0.61 0.22 0.79 0.42 0.89 0.18 0.81 0.92 0.99 1.   0.62
 0.2  0.79 0.46 0.89 0.15 0.78] (('vas_lat_r', 'med_gas_r', 'soleus_r', 'tib_ant_r', 'psoas_r', 'semimem_r', 'glut_max2_r', 'rect_fem_r', 'sar_r', 'grac_r', 'vas_lat_l', 'med_gas_l', 'soleus_l', 'tib_ant_l', 'psoas_l', 'semimem_l', 'glut_max2_l', 'rect_fem_l', 'sar_l', 'grac_l'))
  hip_flexion_r        -33.9 ..    64.4 deg
  knee_angle_r         -39.1 ..    13.1 deg
  ankle_angle_r        -81.7 ..    51.0 deg
  hip_adduction_r      -35.9 ..    18.7 deg
  subtalar_angle_r     -10.6 ..    12.7 deg
  hip_flexion_l        -27.9 ..    66.4 deg
  knee_angle_l         -38.1 ..    12.7 deg
  ankle_angle_l        -84.9 ..    52.4 deg
  hip_adduction_l      -31.9 ..    18.6 deg
  subtalar_angle_l     -14.5 ..    13.4 deg
  pelvis_tilt           -1.9 ..     1.0 deg
  pelvis_list           -1.4 ..     0.4 deg
  pelvis_rotation        1.9 ..     3.1 deg
saved spinal_run.npz
(plot skipped: 'PF_E2_r')
