start pose (normal): applied 20 coordinates as given; pelvis ty 0.920 m (env override unset); IMU-metric torso lean -0.0 deg (+ = back)
standing solve: nnls x in [0.00, 0.71], >0.1: 22 muscles
  top: add_long_l=0.71, tib_ant_r=0.62, tib_ant_l=0.47, ext_dig_r=0.41, pect_l=0.34, glut_min1_l=0.34, glut_min2_l=0.31, ext_dig_l=0.29
Fmax range: 5..3396 N | L range sample: [0.229942 0.326094]
t=  0.62 precursor: max|qacc|=1.19e+03 max|qvel|=30.8 (dof 55), ncon=0, max ctrl=0.99
t=  0.62 precursor: max|qacc|=1.18e+03 max|qvel|=31.7 (dof 55), ncon=0, max ctrl=0.98
t=  0.62 precursor: max|qacc|=1.09e+03 max|qvel|=32.3 (dof 55), ncon=0, max ctrl=0.98
t=  0.62 precursor: max|qacc|=946 max|qvel|=32.6 (dof 55), ncon=0, max ctrl=0.98
t=  0.63 precursor: max|qacc|=747 max|qvel|=32.7 (dof 55), ncon=0, max ctrl=0.99
t=  0.63 precursor: max|qacc|=501 max|qvel|=32.6 (dof 55), ncon=0, max ctrl=0.99
t=  0.63 precursor: max|qacc|=2.82e+03 max|qvel|=32.3 (dof 55), ncon=0, max ctrl=0.99
t=  0.63 precursor: max|qacc|=4.18e+03 max|qvel|=31.9 (dof 55), ncon=0, max ctrl=0.99
t=  0.63 precursor: max|qacc|=3.64e+03 max|qvel|=31.4 (dof 55), ncon=0, max ctrl=0.99
t=  1.00 max|qacc|=      34.4 max|qvel|=   1.64 ncon=  0 com_z=0.980 com_x=-0.209
t=  1.50 max|qacc|=     132.0 max|qvel|=   2.56 ncon=  0 com_z=0.941 com_x=-0.176
t=  2.00 max|qacc|=      38.8 max|qvel|=   1.04 ncon=  0 com_z=0.957 com_x=-0.192
t=  2.50 max|qacc|=      18.1 max|qvel|=   0.81 ncon=  0 com_z=0.942 com_x=-0.179
t=  3.00 max|qacc|=     172.4 max|qvel|=   0.56 ncon=  0 com_z=0.955 com_x=-0.191
t=  3.50 max|qacc|=     266.7 max|qvel|=   0.79 ncon=  0 com_z=0.942 com_x=-0.176
t=  4.00 max|qacc|=     570.0 max|qvel|=   0.32 ncon=  0 com_z=0.951 com_x=-0.189
t=  4.50 max|qacc|=      73.1 max|qvel|=   0.47 ncon=  0 com_z=0.944 com_x=-0.179
t=  5.00 max|qacc|=     152.0 max|qvel|=   7.13 ncon=  0 com_z=0.949 com_x=-0.184
t=  5.50 max|qacc|=     521.9 max|qvel|=  13.75 ncon=  0 com_z=0.956 com_x=-0.058
t=  6.00 max|qacc|=     112.1 max|qvel|=   3.30 ncon=  0 com_z=0.989 com_x=-0.219
t=  6.50 max|qacc|=      66.7 max|qvel|=   9.80 ncon=  0 com_z=0.929 com_x=-0.139
t=  7.00 max|qacc|=     425.9 max|qvel|=   4.55 ncon=  0 com_z=0.936 com_x=-0.124
t=  7.50 max|qacc|=      28.4 max|qvel|=   1.81 ncon=  0 com_z=0.942 com_x=-0.182
t=  8.00 max|qacc|=     149.9 max|qvel|=   2.09 ncon=  0 com_z=0.938 com_x=-0.082
t=  8.50 max|qacc|=     250.0 max|qvel|=   2.35 ncon=  0 com_z=0.979 com_x=-0.195
t=  9.00 max|qacc|=      66.6 max|qvel|=   7.83 ncon=  0 com_z=0.936 com_x=-0.161
t=  9.50 max|qacc|=    1901.7 max|qvel|=  19.44 ncon=  0 com_z=0.943 com_x=-0.081
t= 10.00 max|qacc|=     154.3 max|qvel|=   2.73 ncon=  0 com_z=0.967 com_x=-0.208
t= 10.50 max|qacc|=     135.7 max|qvel|=   7.73 ncon=  0 com_z=0.929 com_x=-0.108
t= 11.00 max|qacc|=     328.3 max|qvel|=   5.44 ncon=  0 com_z=0.946 com_x=-0.163
t= 11.50 max|qacc|=      47.6 max|qvel|=   5.58 ncon=  0 com_z=0.942 com_x=-0.174
t= 12.00 max|qacc|=     437.4 max|qvel|=  10.83 ncon=  0 com_z=0.948 com_x=-0.069
t= 12.50 max|qacc|=     791.8 max|qvel|=   2.17 ncon=  0 com_z=0.985 com_x=-0.211
t= 13.00 max|qacc|=      54.3 max|qvel|=   5.88 ncon=  0 com_z=0.933 com_x=-0.147
t= 13.50 max|qacc|=      97.3 max|qvel|=   1.94 ncon=  0 com_z=0.941 com_x=-0.159
t= 14.00 max|qacc|=     137.2 max|qvel|=   0.61 ncon=  0 com_z=0.939 com_x=-0.147
t= 14.50 max|qacc|=     767.6 max|qvel|=   1.19 ncon=  0 com_z=0.939 com_x=-0.162
t= 15.00 max|qacc|=      19.9 max|qvel|=   0.61 ncon=  0 com_z=0.938 com_x=-0.152
t= 15.50 max|qacc|=      20.6 max|qvel|=   0.46 ncon=  0 com_z=0.940 com_x=-0.156
t= 16.00 max|qacc|=      18.4 max|qvel|=   0.55 ncon=  0 com_z=0.939 com_x=-0.158
t= 16.50 max|qacc|=      24.4 max|qvel|=   0.31 ncon=  0 com_z=0.941 com_x=-0.158
t= 17.00 max|qacc|=      64.7 max|qvel|=   0.34 ncon=  0 com_z=0.941 com_x=-0.161
t= 17.50 max|qacc|=     948.8 max|qvel|=   1.34 ncon=  0 com_z=0.941 com_x=-0.162
t= 18.00 max|qacc|=      13.4 max|qvel|=   0.15 ncon=  0 com_z=0.942 com_x=-0.161
t= 18.50 max|qacc|=      19.5 max|qvel|=   0.16 ncon=  0 com_z=0.941 com_x=-0.161
t= 19.00 max|qacc|=      53.5 max|qvel|=   0.46 ncon=  0 com_z=0.941 com_x=-0.162
t= 19.50 max|qacc|=     205.3 max|qvel|=   0.64 ncon=  0 com_z=0.942 com_x=-0.161
t= 20.00 max|qacc|=      24.1 max|qvel|=   0.08 ncon=  0 com_z=0.941 com_x=-0.161
t= 20.50 max|qacc|=      31.2 max|qvel|=   0.17 ncon=  0 com_z=0.941 com_x=-0.162
t= 21.00 max|qacc|=      22.2 max|qvel|=   0.16 ncon=  0 com_z=0.942 com_x=-0.161
t= 21.50 max|qacc|=     105.3 max|qvel|=   1.36 ncon=  0 com_z=0.941 com_x=-0.161

== summary ==
pelvis/COM height: start 0.94 m, min 0.92 m, final 0.94 m  (stayed up)
COM x: min -0.22 max -0.06 final -0.16 m
COM y: min -0.038 max +0.033 m
RG_F_r bursts during walk window: 6
RG_r: cycles in window 7, period 1.29 s (0.78 Hz), E-duty 0.61
RG_l: cycles in window 6, period 1.31 s (0.76 Hz), E-duty 0.67
peak ctrl: [0.93 0.97 0.98 0.64 0.26 0.78 0.42 0.9  0.15 0.82 0.92 0.99 1.   0.63
 0.25 0.78 0.46 0.9  0.15 0.8 ] (('vas_lat_r', 'med_gas_r', 'soleus_r', 'tib_ant_r', 'psoas_r', 'semimem_r', 'glut_max2_r', 'rect_fem_r', 'sar_r', 'grac_r', 'vas_lat_l', 'med_gas_l', 'soleus_l', 'tib_ant_l', 'psoas_l', 'semimem_l', 'glut_max2_l', 'rect_fem_l', 'sar_l', 'grac_l'))
  hip_flexion_r        -33.7 ..    60.7 deg
  knee_angle_r         -39.6 ..    12.7 deg
  ankle_angle_r        -82.1 ..    50.6 deg
  hip_adduction_r      -38.6 ..    22.1 deg
  subtalar_angle_r     -10.6 ..    18.4 deg
  hip_flexion_l        -32.0 ..    66.5 deg
  knee_angle_l         -39.2 ..    13.0 deg
  ankle_angle_l        -84.9 ..    52.2 deg
  hip_adduction_l      -37.5 ..    23.2 deg
  subtalar_angle_l     -14.5 ..    12.3 deg
  pelvis_tilt           -1.9 ..     1.0 deg
  pelvis_list           -1.0 ..     0.1 deg
  pelvis_rotation        2.1 ..     2.8 deg
saved spinal_run.npz
(plot skipped: 'PF_E2_r')
