start pose (normal): applied 20 coordinates as given; pelvis ty 0.920 m (env override unset); IMU-metric torso lean -0.0 deg (+ = back)
standing solve: nnls x in [0.00, 0.71], >0.1: 22 muscles
  top: add_long_l=0.71, tib_ant_r=0.62, tib_ant_l=0.47, ext_dig_r=0.41, pect_l=0.34, glut_min1_l=0.34, glut_min2_l=0.31, ext_dig_l=0.29
Fmax range: 5..3396 N | L range sample: [0.229942 0.326094]
t=  1.00 max|qacc|=      87.9 max|qvel|=   0.92 ncon=  0 com_z=0.959 com_x=-0.101
t=  1.50 max|qacc|=      27.5 max|qvel|=   1.85 ncon=  0 com_z=0.935 com_x=-0.108
t=  2.00 max|qacc|=      10.6 max|qvel|=   0.94 ncon=  0 com_z=0.932 com_x=-0.114
t=  2.50 max|qacc|=       8.8 max|qvel|=   0.59 ncon=  0 com_z=0.943 com_x=-0.111
t=  3.00 max|qacc|=       9.5 max|qvel|=   0.88 ncon=  0 com_z=0.937 com_x=-0.108
t=  3.50 max|qacc|=       5.7 max|qvel|=   0.47 ncon=  0 com_z=0.934 com_x=-0.109
t=  4.00 max|qacc|=     223.6 max|qvel|=   8.86 ncon=  0 com_z=0.938 com_x=-0.103
t=  4.50 max|qacc|=      19.7 max|qvel|=   1.02 ncon=  0 com_z=0.938 com_x=-0.145
t=  5.00 max|qacc|=       7.8 max|qvel|=   0.62 ncon=  0 com_z=0.931 com_x=-0.129
t=  5.50 max|qacc|=       6.0 max|qvel|=   0.46 ncon=  0 com_z=0.936 com_x=-0.130
t=  6.00 max|qacc|=       2.3 max|qvel|=   0.50 ncon=  0 com_z=0.933 com_x=-0.131
t=  6.50 max|qacc|=       3.4 max|qvel|=   0.48 ncon=  0 com_z=0.932 com_x=-0.130
t=  7.00 max|qacc|=       3.2 max|qvel|=   0.26 ncon=  0 com_z=0.935 com_x=-0.131
t=  7.50 max|qacc|=       2.1 max|qvel|=   0.34 ncon=  0 com_z=0.932 com_x=-0.129
t=  8.00 max|qacc|=       1.9 max|qvel|=   0.26 ncon=  0 com_z=0.933 com_x=-0.131
t=  8.50 max|qacc|=       1.7 max|qvel|=   0.16 ncon=  0 com_z=0.934 com_x=-0.130
t=  9.00 max|qacc|=       1.2 max|qvel|=   0.20 ncon=  0 com_z=0.932 com_x=-0.130
t=  9.50 max|qacc|=       0.9 max|qvel|=   0.13 ncon=  0 com_z=0.933 com_x=-0.131
t= 10.00 max|qacc|=       1.1 max|qvel|=   0.08 ncon=  0 com_z=0.933 com_x=-0.130
t= 10.50 max|qacc|=       0.4 max|qvel|=   0.10 ncon=  0 com_z=0.933 com_x=-0.130
t= 11.00 max|qacc|=       0.3 max|qvel|=   0.09 ncon=  0 com_z=0.933 com_x=-0.130
t= 11.50 max|qacc|=       0.6 max|qvel|=   0.03 ncon=  0 com_z=0.933 com_x=-0.130
t= 12.00 max|qacc|=       0.4 max|qvel|=   0.04 ncon=  0 com_z=0.933 com_x=-0.130
t= 12.50 max|qacc|=       0.1 max|qvel|=   0.05 ncon=  0 com_z=0.933 com_x=-0.130
t= 13.00 max|qacc|=       0.3 max|qvel|=   0.02 ncon=  0 com_z=0.933 com_x=-0.130
t= 13.50 max|qacc|=       0.2 max|qvel|=   0.01 ncon=  0 com_z=0.933 com_x=-0.130
t= 14.00 max|qacc|=       0.1 max|qvel|=   0.03 ncon=  0 com_z=0.933 com_x=-0.130
t= 14.50 max|qacc|=       0.1 max|qvel|=   0.02 ncon=  0 com_z=0.933 com_x=-0.130
t= 15.00 max|qacc|=       0.1 max|qvel|=   0.01 ncon=  0 com_z=0.933 com_x=-0.130
t= 15.50 max|qacc|=       2.2 max|qvel|=   0.41 ncon=  0 com_z=0.934 com_x=-0.131
t= 16.00 max|qacc|=       5.7 max|qvel|=   0.62 ncon=  0 com_z=0.935 com_x=-0.132
t= 16.50 max|qacc|=      15.4 max|qvel|=   0.23 ncon=  0 com_z=0.937 com_x=-0.133
t= 17.00 max|qacc|=      38.7 max|qvel|=   0.07 ncon=  0 com_z=0.939 com_x=-0.137
t= 17.50 max|qacc|=      19.1 max|qvel|=   0.03 ncon=  0 com_z=0.939 com_x=-0.138
t= 18.00 max|qacc|=      14.7 max|qvel|=   0.03 ncon=  0 com_z=0.939 com_x=-0.138
t= 18.50 max|qacc|=      19.4 max|qvel|=   0.05 ncon=  0 com_z=0.939 com_x=-0.138
t= 19.00 max|qacc|=       5.5 max|qvel|=   0.04 ncon=  0 com_z=0.939 com_x=-0.138
t= 19.50 max|qacc|=      18.0 max|qvel|=   0.02 ncon=  0 com_z=0.939 com_x=-0.138
t= 20.00 max|qacc|=      12.8 max|qvel|=   0.03 ncon=  0 com_z=0.939 com_x=-0.138
t= 20.50 max|qacc|=       9.9 max|qvel|=   0.04 ncon=  0 com_z=0.939 com_x=-0.138
t= 21.00 max|qacc|=      21.8 max|qvel|=   0.03 ncon=  0 com_z=0.939 com_x=-0.138
t= 21.50 max|qacc|=      30.8 max|qvel|=   0.01 ncon=  0 com_z=0.939 com_x=-0.138

== summary ==
pelvis/COM height: start 0.94 m, min 0.93 m, final 0.94 m  (stayed up)
COM x: min -0.15 max -0.10 final -0.14 m
COM y: min -0.010 max +0.001 m
RG_F_r bursts during walk window: 0
peak ctrl: [0.48 0.34 0.42 0.81 0.33 0.49 0.26 0.93 0.15 0.55 0.42 0.24 0.31 0.77
 0.27 0.49 0.21 0.92 0.1  0.53] (('vas_lat_r', 'med_gas_r', 'soleus_r', 'tib_ant_r', 'psoas_r', 'semimem_r', 'glut_max2_r', 'rect_fem_r', 'sar_r', 'grac_r', 'vas_lat_l', 'med_gas_l', 'soleus_l', 'tib_ant_l', 'psoas_l', 'semimem_l', 'glut_max2_l', 'rect_fem_l', 'sar_l', 'grac_l'))
  hip_flexion_r        -14.0 ..    24.6 deg
  knee_angle_r         -20.7 ..    10.7 deg
  ankle_angle_r        -12.1 ..    55.0 deg
  hip_adduction_r      -37.6 ..     1.1 deg
  subtalar_angle_r       0.0 ..    17.8 deg
  hip_flexion_l        -21.5 ..    19.6 deg
  knee_angle_l         -43.6 ..    10.5 deg
  ankle_angle_l        -12.0 ..    55.9 deg
  hip_adduction_l      -39.8 ..     2.7 deg
  subtalar_angle_l       0.0 ..    18.2 deg
  pelvis_tilt           -1.9 ..    -0.3 deg
  pelvis_list           -0.6 ..    -0.3 deg
  pelvis_rotation        2.2 ..     2.7 deg
saved spinal_run.npz
(plot skipped: 'PF_E2_r')
