C:\Users\Ben Bolen\.conda\envs\myo\lib\site-packages\numpy\lib\function_base.py:2829: RuntimeWarning: invalid value encountered in true_divide
  c /= stddev[:, None]
C:\Users\Ben Bolen\.conda\envs\myo\lib\site-packages\numpy\lib\function_base.py:2830: RuntimeWarning: invalid value encountered in true_divide
  c /= stddev[None, :]
== M5 gate: AFFERENTED (Ben's rules) split-RG air walking, 6 s ==
   knobs: dur=6.0 causal=none amp=4.0 pulse=0.2 ibnA=0.0 te=3.0 tf=4.0 tau=0.25 cap=0.5 damp=3.0 lift=0.3
   scripted contact pattern: heel ON [onset+0.02, +0.38*T], toe ON [0.62*T, 0.92*T], from t=1.5 s (real contact sensors = milestone 6)
   ground contacts: 0 (must be 0) | leg-leg self contacts: 9829
   neural: L RG ext period 0.680 s (1.47 Hz), R RG-E r -0.237, L/R phase 0.480 cycle, band r -0.555
   joint flexion ranges (deg): hip L 32.4 R 26.7 | knee L 65.4 R 64.4 | ankle L 23.4 R 26.5
   afferent evidence: heel SN max 4.00 mV, toe SN max 3.99 mV, Ib grp max 0.00 mV, Ib-vs-extensor-force r L +nan / R +nan
   [PASS] finite
   [FAIL] both_hips_swing
   [PASS] antiphase
   [PASS] airborne
   [PASS] freq_within_2x
   [PASS] hip_amp_ok
   [FAIL] rg_e_antiphase
   [PASS] phase_half_cycle
   [PASS] aff heel driven
   [PASS] aff toe driven
   [FAIL] aff ib tracks force

VERDICT: FAIL  gate_a_walk=FAIL
