13:03:48 SCONE version 2.4.4.3333
13:03:48 Successfully initialized OpenSim-3.3-2021-01-28
13:03:48 Successfully initialized OpenSim-4.4
13:03:48 Successfully initialized Hyfydy-1.12.6.1412
13:03:48 Successfully initialized Hyfydy-1.12.6.1412-DBL
Starting optimization, dim=27
0000:  A=42.17 M=42.05 B=49.67
0001:  A=47.21 M=47.40 B=51.31
0002:  A=50.25 M=50.06 B=52.76
0003:  A=51.57 M=51.62 B=54.23
0004:  A=53.22 M=53.54 B=54.32
0005:  A=54.16 M=54.34 B=55.45
0006:  A=56.39 M=54.55 B=82.74
0007:  A=62.34 M=55.560008:  A=69.15 M=69.460009:  A=70.90 M=82.7413:03:48 Warning: sigma increased due to equal function values. Reconsider the formulation of the objective function
0010:  A=79.36 M=82.7413:03:48 Warning: sigma increased due to equal function values. Reconsider the formulation of the objective function
0011:  A=77.47 M=82.7413:03:48 Warning: sigma increased due to equal function values. Reconsider the formulation of the objective function
0012:  A=65.08 M=56.980013:  A=80.99 M=82.7413:03:48 Warning: sigma increased due to equal function values. Reconsider the formulation of the objective function
0014:  A=68.24 M=82.7413:03:49 Warning: sigma increased due to equal function values. Reconsider the formulation of the objective function
0015:  A=45.94 M=51.150016:  A=62.55 M=82.7413:03:49 Warning: sigma increased due to equal function values. Reconsider the formulation of the objective function
0017:  A=51.42 M=50.950018:  A=51.35 M=52.83 B=86.89
0019:  A=66.86 M=82.74 B=93.61

Optimization finished in 0.35s: Maximum number of steps reached
