13:02:11 SCONE version 2.4.4.3333
13:02:11 Successfully initialized OpenSim-3.3-2021-01-28
13:02:11 Successfully initialized OpenSim-4.4
13:02:11 Successfully initialized Hyfydy-1.12.6.1412
13:02:11 Successfully initialized Hyfydy-1.12.6.1412-DBL
Starting optimization, dim=36
0000:  A=128.21 M=99.01 B=96.56
0001:  A=131.51 M=97.26 B=96.40
0002:  A=102.63 M=97.09 B=95.99
0003:  A=100.24 M=96.78 B=95.78
0004:  A=124.18 M=96.79 B=95.06
0005:  A=118.48 M=96.66 B=94.60
0006:  A=138.02 M=97.130007:  A=117.64 M=96.19 B=94.35
0008:  A=160.64 M=100.53 B=94.08
0009:  A=100.95 M=95.270010:  A=128.66 M=96.68 B=94.07
0011:  A=102.89 M=95.45 B=93.39
0012:  A=115.68 M=94.650013:  A=118.39 M=94.52 B=92.90
0014:  A=132.93 M=95.00 B=92.40
0015:  A=137.57 M=94.16 B=91.89
0016:  A=146.08 M=94.35 B=91.46
0017:  A=130.80 M=101.520018:  A=130.30 M=93.390019:  A=145.36 M=93.75 B=91.24
0020:  A=126.60 M=94.210021:  A=202.76 M=96.840022:  A=114.30 M=94.320023:  A=183.46 M=107.98 B=91.22
0024:  A=161.32 M=133.46 B=91.12
0025:  A=237.59 M=116.39 B=90.93
0026:  A=179.04 M=93.730027:  A=151.79 M=123.160028:  A=114.08 M=93.84 B=90.71
0029:  A=168.30 M=93.96 B=89.99
0030:  A=128.60 M=94.10 B=87.79
0031:  A=102.20 M=91.970032:  A=100.10 M=92.42 B=86.48
0033:  A=153.25 M=94.48 B=85.40
0034:  A=113.04 M=91.02 B=81.87
0035:  A=192.95 M=93.680036:  A=101.80 M=94.290037:  A=118.02 M=94.80 B=80.44
0038:  A=211.21 M=106.950039:  A=132.15 M=95.95
Optimization finished in 0.97s: Maximum number of steps reached
