[w2lvar] pinned AARL_NET=w2lvar AARL_NPZ=spinal_run_w2lvar.npz DB=sqlite:///optuna_w2lvar.db
seeded {"drive": 2.5, "rg_nap_h": 0.35, "desc_e": 1.7, "desc_f": 1.4, "rg_to_pf": 2.4}
fitted baseline loaded: e2_pf=0.222 f1_df=0.098 f1_kf=0.148 post_kneext=0.011 post_hipext=0.068 desc_f=1.400 e2_adapt=1.700
start pose (normal): applied 20 coordinates as given; pelvis ty 0.920 m (env override unset); IMU-metric torso lean -0.0 deg (+ = back)
standing solve: nnls x in [0.00, 0.70], >0.1: 14 muscles
  top: add_long_l=0.70, tib_ant_r=0.61, tib_ant_l=0.46, ext_dig_r=0.37, glut_min1_l=0.33, pect_l=0.32, glut_min2_l=0.31, ext_dig_l=0.25
Fmax range: 5..3396 N | L range sample: [0.229942 0.326094]
t=  1.00 max|qacc|=      81.9 max|qvel|=   2.26 ncon=  0 com_z=0.998 com_x=-0.211
t=  1.50 max|qacc|=     116.7 max|qvel|=   2.66 ncon=  0 com_z=0.952 com_x=-0.187
t=  2.00 max|qacc|=      38.9 max|qvel|=   1.44 ncon=  0 com_z=0.963 com_x=-0.194
t=  2.50 max|qacc|=      21.3 max|qvel|=   1.17 ncon=  0 com_z=0.957 com_x=-0.190
t=  3.00 max|qacc|=      19.9 max|qvel|=   0.72 ncon=  0 com_z=0.958 com_x=-0.189
t=  3.50 max|qacc|=      70.2 max|qvel|=   0.57 ncon=  0 com_z=0.958 com_x=-0.192
t=  4.00 max|qacc|=     213.0 max|qvel|=   2.01 ncon=  0 com_z=0.955 com_x=-0.189
t=  4.50 max|qacc|=      39.4 max|qvel|=   0.43 ncon=  0 com_z=0.957 com_x=-0.191
t=  5.00 max|qacc|=     290.6 max|qvel|=   0.28 ncon=  0 com_z=0.952 com_x=-0.189
t=  5.50 max|qacc|=      83.6 max|qvel|=  11.36 ncon=  0 com_z=0.942 com_x=-0.162
t=  6.00 max|qacc|=     118.4 max|qvel|=  16.28 ncon=  0 com_z=0.931 com_x=-0.072
t=  6.50 max|qacc|=      22.4 max|qvel|=   1.72 ncon=  0 com_z=0.979 com_x=-0.213
t=  7.00 max|qacc|=     470.0 max|qvel|=   0.52 ncon=  0 com_z=0.947 com_x=-0.186
t=  7.50 max|qacc|=     112.9 max|qvel|=   7.79 ncon=  0 com_z=0.956 com_x=-0.189
t=  8.00 max|qacc|=      52.8 max|qvel|=   3.20 ncon=  0 com_z=0.967 com_x=-0.042
t=  8.50 max|qacc|=     244.1 max|qvel|=   1.67 ncon=  0 com_z=0.988 com_x=-0.219
t=  9.00 max|qacc|=      53.7 max|qvel|=   1.17 ncon=  0 com_z=0.949 com_x=-0.185
t=  9.50 max|qacc|=     173.7 max|qvel|=   1.49 ncon=  0 com_z=0.953 com_x=-0.188
t= 10.00 max|qacc|=      86.7 max|qvel|=   1.50 ncon=  0 com_z=0.979 com_x=-0.043
t= 10.50 max|qacc|=     300.9 max|qvel|=   1.81 ncon=  0 com_z=0.979 com_x=-0.203
t= 11.00 max|qacc|=    1190.4 max|qvel|=   1.44 ncon=  0 com_z=0.952 com_x=-0.188
t= 11.50 max|qacc|=      49.3 max|qvel|=   0.64 ncon=  0 com_z=0.950 com_x=-0.185
t= 12.00 max|qacc|=     416.4 max|qvel|=   5.60 ncon=  0 com_z=0.958 com_x=-0.081
t= 12.50 max|qacc|=     414.6 max|qvel|=   3.95 ncon=  0 com_z=0.948 com_x=-0.166
t= 13.00 max|qacc|=     259.5 max|qvel|=   1.33 ncon=  0 com_z=0.960 com_x=-0.193
t= 13.50 max|qacc|=      56.5 max|qvel|=   0.58 ncon=  0 com_z=0.947 com_x=-0.184
t= 14.00 max|qacc|=    1006.4 max|qvel|=   9.16 ncon=  0 com_z=0.940 com_x=-0.140
t= 14.50 max|qacc|=     775.1 max|qvel|=  11.09 ncon=  0 com_z=0.930 com_x=-0.108
t= 15.00 max|qacc|=     134.6 max|qvel|=   1.09 ncon=  0 com_z=0.971 com_x=-0.206
t= 15.50 max|qacc|=     371.6 max|qvel|=   0.36 ncon=  0 com_z=0.947 com_x=-0.183
t= 16.00 max|qacc|=     122.8 max|qvel|=   0.96 ncon=  0 com_z=0.962 com_x=-0.195
t= 16.50 max|qacc|=      28.8 max|qvel|=   0.31 ncon=  0 com_z=0.951 com_x=-0.187
t= 17.00 max|qacc|=     107.1 max|qvel|=   0.92 ncon=  0 com_z=0.961 com_x=-0.192
t= 17.50 max|qacc|=      59.8 max|qvel|=   0.43 ncon=  0 com_z=0.954 com_x=-0.187
t= 18.00 max|qacc|=     116.7 max|qvel|=   0.54 ncon=  0 com_z=0.958 com_x=-0.192
t= 18.50 max|qacc|=     179.6 max|qvel|=   1.09 ncon=  0 com_z=0.956 com_x=-0.188
t= 19.00 max|qacc|=     185.6 max|qvel|=   0.23 ncon=  0 com_z=0.958 com_x=-0.190
t= 19.50 max|qacc|=     123.5 max|qvel|=   0.27 ncon=  0 com_z=0.956 com_x=-0.190
t= 20.00 max|qacc|=     272.5 max|qvel|=   0.15 ncon=  0 com_z=0.957 com_x=-0.190
t= 20.50 max|qacc|=     285.9 max|qvel|=   2.08 ncon=  0 com_z=0.956 com_x=-0.189
t= 21.00 max|qacc|=    2799.6 max|qvel|=   3.25 ncon=  0 com_z=0.956 com_x=-0.190
t= 21.50 max|qacc|=     238.7 max|qvel|=   0.80 ncon=  0 com_z=0.956 com_x=-0.190
t= 22.00 max|qacc|=     118.4 max|qvel|=   0.37 ncon=  0 com_z=0.957 com_x=-0.189
t= 22.50 max|qacc|=      21.1 max|qvel|=   0.21 ncon=  0 com_z=0.956 com_x=-0.190
t= 23.00 max|qacc|=      80.9 max|qvel|=   0.16 ncon=  0 com_z=0.957 com_x=-0.190
t= 23.50 max|qacc|=      88.7 max|qvel|=   0.71 ncon=  0 com_z=0.957 com_x=-0.189
t= 24.00 max|qacc|=      18.6 max|qvel|=   0.34 ncon=  0 com_z=0.956 com_x=-0.190
t= 24.50 max|qacc|=      22.6 max|qvel|=   0.38 ncon=  0 com_z=0.957 com_x=-0.190
t= 25.00 max|qacc|=      25.9 max|qvel|=   0.37 ncon=  0 com_z=0.957 com_x=-0.189
t= 25.50 max|qacc|=    1187.7 max|qvel|=   1.50 ncon=  0 com_z=0.956 com_x=-0.190
t= 26.00 max|qacc|=      45.6 max|qvel|=   0.17 ncon=  0 com_z=0.957 com_x=-0.190
t= 26.50 max|qacc|=    1269.7 max|qvel|=   4.29 ncon=  0 com_z=0.957 com_x=-0.189
t= 27.00 max|qacc|=      52.8 max|qvel|=   0.30 ncon=  0 com_z=0.956 com_x=-0.190
t= 27.50 max|qacc|=      23.1 max|qvel|=   0.21 ncon=  0 com_z=0.957 com_x=-0.189
t= 28.00 max|qacc|=      69.0 max|qvel|=   0.34 ncon=  0 com_z=0.957 com_x=-0.189
t= 28.50 max|qacc|=      24.4 max|qvel|=   0.32 ncon=  0 com_z=0.956 com_x=-0.190
t= 29.00 max|qacc|=     103.3 max|qvel|=   1.01 ncon=  0 com_z=0.956 com_x=-0.189
t= 29.50 max|qacc|=      62.1 max|qvel|=   0.31 ncon=  0 com_z=0.957 com_x=-0.189
t= 30.00 max|qacc|=    1758.1 max|qvel|=   1.86 ncon=  0 com_z=0.956 com_x=-0.190
t= 30.50 max|qacc|=     538.5 max|qvel|=   1.93 ncon=  0 com_z=0.957 com_x=-0.189

== summary ==
pelvis/COM height: start 0.94 m, min 0.93 m, final 0.96 m  (stayed up)
COM x: min -0.22 max -0.04 final -0.19 m
COM y: min -0.040 max +0.003 m
RG_F_r bursts during walk window: 5
RG_r: cycles in window 5, period 2.11 s (0.47 Hz), E-duty 0.67
RG_l: cycles in window 5, period 2.11 s (0.47 Hz), E-duty 0.67
peak ctrl: [1.   1.   1.   0.82 0.31 0.79 0.82 0.99 0.25 1.   1.   1.   1.   0.77
 0.31 0.79 0.78 0.99 0.25 1.  ] (('vas_lat_r', 'med_gas_r', 'soleus_r', 'tib_ant_r', 'psoas_r', 'semimem_r', 'glut_max2_r', 'rect_fem_r', 'sar_r', 'grac_r', 'vas_lat_l', 'med_gas_l', 'soleus_l', 'tib_ant_l', 'psoas_l', 'semimem_l', 'glut_max2_l', 'rect_fem_l', 'sar_l', 'grac_l'))
  hip_flexion_r        -56.3 ..    59.1 deg
  knee_angle_r         -82.0 ..    12.5 deg
  ankle_angle_r        -84.2 ..    51.8 deg
  hip_adduction_r      -36.1 ..     4.6 deg
  subtalar_angle_r      -7.8 ..    12.2 deg
  hip_flexion_l        -53.8 ..    73.7 deg
  knee_angle_l         -83.3 ..    12.2 deg
  ankle_angle_l        -88.1 ..    53.2 deg
  hip_adduction_l      -47.4 ..     2.7 deg
  subtalar_angle_l      -8.7 ..    12.7 deg
  pelvis_tilt           -2.0 ..     1.2 deg
  pelvis_list           -0.6 ..    -0.1 deg
  pelvis_rotation        2.2 ..     2.8 deg
saved spinal_run.npz
(plot skipped: 'PF_E2_r')
[w2lvar] npz columns verified: neuro_names=['DRIVE', 'POSTURE', 'RG_E_r', 'RG_F_r', 'RG_E_l', 'RG_F_l', 'PF_HIP-E_r', 'PF_KNEE-E_r', 'PF_KNEE-F_r', 'PF_ANK-F_r', 'BAL_TRK_FLX', 'BAL_TRK_EXT', 'BAL_LAT_R', 'BAL_LAT_L'] -> RG_E_r idx 2; key_joints -> knee_angle_r idx 4
fitted baseline loaded: e2_pf=0.222 f1_df=0.098 f1_kf=0.148 post_kneext=0.011 post_hipext=0.068 desc_f=1.400 e2_adapt=1.700
start pose (normal): applied 20 coordinates as given; pelvis ty 0.920 m (env override unset); IMU-metric torso lean -0.0 deg (+ = back)
standing solve: nnls x in [0.00, 0.70], >0.1: 14 muscles
  top: add_long_l=0.70, tib_ant_r=0.61, tib_ant_l=0.46, ext_dig_r=0.37, glut_min1_l=0.33, pect_l=0.32, glut_min2_l=0.31, ext_dig_l=0.25
Fmax range: 5..3396 N | L range sample: [0.229942 0.326094]
t=  1.00 max|qacc|=     180.1 max|qvel|=   2.27 ncon=  0 com_z=0.999 com_x=-0.212
t=  1.50 max|qacc|=      31.0 max|qvel|=   2.62 ncon=  0 com_z=0.953 com_x=-0.187
t=  2.00 max|qacc|=     390.7 max|qvel|=   4.08 ncon=  0 com_z=0.964 com_x=-0.194
t=  2.50 max|qacc|=     180.4 max|qvel|=   1.16 ncon=  0 com_z=0.957 com_x=-0.190
t=  3.00 max|qacc|=      35.2 max|qvel|=   0.86 ncon=  0 com_z=0.958 com_x=-0.189
t=  3.50 max|qacc|=      82.4 max|qvel|=   0.56 ncon=  0 com_z=0.958 com_x=-0.191
t=  4.00 max|qacc|=     265.0 max|qvel|=   0.53 ncon=  0 com_z=0.955 com_x=-0.190
t=  4.50 max|qacc|=     743.0 max|qvel|=   1.18 ncon=  0 com_z=0.957 com_x=-0.192
t=  5.00 max|qacc|=     408.4 max|qvel|=   0.59 ncon=  0 com_z=0.953 com_x=-0.189
t=  5.50 max|qacc|=     132.5 max|qvel|=  11.45 ncon=  0 com_z=0.938 com_x=-0.143
t=  6.00 max|qacc|=      35.0 max|qvel|=   1.73 ncon=  0 com_z=0.941 com_x=-0.080
t=  6.50 max|qacc|=      19.2 max|qvel|=   1.08 ncon=  0 com_z=0.954 com_x=-0.075
t=  7.00 max|qacc|=       7.0 max|qvel|=   0.36 ncon=  0 com_z=0.956 com_x=-0.083
t=  7.50 max|qacc|=       3.3 max|qvel|=   0.43 ncon=  0 com_z=0.954 com_x=-0.081
t=  8.00 max|qacc|=       2.2 max|qvel|=   0.26 ncon=  0 com_z=0.952 com_x=-0.082
t=  8.50 max|qacc|=       1.8 max|qvel|=   0.10 ncon=  0 com_z=0.952 com_x=-0.083
t=  9.00 max|qacc|=       1.4 max|qvel|=   0.10 ncon=  0 com_z=0.952 com_x=-0.083
t=  9.50 max|qacc|=       1.9 max|qvel|=   0.06 ncon=  0 com_z=0.953 com_x=-0.082
t= 10.00 max|qacc|=       1.8 max|qvel|=   0.03 ncon=  0 com_z=0.953 com_x=-0.083
t= 10.50 max|qacc|=       1.7 max|qvel|=   0.02 ncon=  0 com_z=0.952 com_x=-0.083
t= 11.00 max|qacc|=       1.5 max|qvel|=   0.02 ncon=  0 com_z=0.952 com_x=-0.083
t= 11.50 max|qacc|=       1.5 max|qvel|=   0.02 ncon=  0 com_z=0.952 com_x=-0.083
t= 12.00 max|qacc|=       1.6 max|qvel|=   0.02 ncon=  0 com_z=0.952 com_x=-0.083
t= 12.50 max|qacc|=       1.5 max|qvel|=   0.02 ncon=  0 com_z=0.952 com_x=-0.083
t= 13.00 max|qacc|=       1.5 max|qvel|=   0.02 ncon=  0 com_z=0.952 com_x=-0.083
t= 13.50 max|qacc|=       1.5 max|qvel|=   0.02 ncon=  0 com_z=0.952 com_x=-0.083
t= 14.00 max|qacc|=       1.4 max|qvel|=   0.02 ncon=  0 com_z=0.952 com_x=-0.083
t= 14.50 max|qacc|=       1.3 max|qvel|=   0.02 ncon=  0 com_z=0.952 com_x=-0.083
t= 15.00 max|qacc|=       1.3 max|qvel|=   0.02 ncon=  0 com_z=0.952 com_x=-0.083
t= 15.50 max|qacc|=       2.2 max|qvel|=   0.10 ncon=  0 com_z=0.952 com_x=-0.084
t= 16.00 max|qacc|=       4.9 max|qvel|=   0.11 ncon=  0 com_z=0.952 com_x=-0.087
t= 16.50 max|qacc|=       6.9 max|qvel|=   0.30 ncon=  0 com_z=0.950 com_x=-0.096
t= 17.00 max|qacc|=      11.2 max|qvel|=   0.26 ncon=  0 com_z=0.949 com_x=-0.106
t= 17.50 max|qacc|=       8.7 max|qvel|=   0.07 ncon=  0 com_z=0.949 com_x=-0.111
t= 18.00 max|qacc|=       7.7 max|qvel|=   0.09 ncon=  0 com_z=0.949 com_x=-0.110
t= 18.50 max|qacc|=       7.6 max|qvel|=   0.09 ncon=  0 com_z=0.949 com_x=-0.110
t= 19.00 max|qacc|=       7.5 max|qvel|=   0.10 ncon=  0 com_z=0.949 com_x=-0.110
t= 19.50 max|qacc|=       7.0 max|qvel|=   0.09 ncon=  0 com_z=0.949 com_x=-0.110
t= 20.00 max|qacc|=       5.1 max|qvel|=   0.07 ncon=  0 com_z=0.949 com_x=-0.110
t= 20.50 max|qacc|=       3.9 max|qvel|=   0.06 ncon=  0 com_z=0.949 com_x=-0.110
t= 21.00 max|qacc|=      10.5 max|qvel|=   0.05 ncon=  0 com_z=0.949 com_x=-0.110
t= 21.50 max|qacc|=      17.1 max|qvel|=   0.05 ncon=  0 com_z=0.948 com_x=-0.110
t= 22.00 max|qacc|=      17.0 max|qvel|=   0.10 ncon=  0 com_z=0.948 com_x=-0.110
t= 22.50 max|qacc|=      11.1 max|qvel|=   0.13 ncon=  0 com_z=0.948 com_x=-0.110
t= 23.00 max|qacc|=       8.0 max|qvel|=   0.12 ncon=  0 com_z=0.948 com_x=-0.110
t= 23.50 max|qacc|=       5.1 max|qvel|=   0.11 ncon=  0 com_z=0.948 com_x=-0.110
t= 24.00 max|qacc|=       3.8 max|qvel|=   0.07 ncon=  0 com_z=0.949 com_x=-0.110
t= 24.50 max|qacc|=       7.7 max|qvel|=   0.05 ncon=  0 com_z=0.949 com_x=-0.110
t= 25.00 max|qacc|=      10.5 max|qvel|=   0.04 ncon=  0 com_z=0.949 com_x=-0.110
t= 25.50 max|qacc|=       8.8 max|qvel|=   0.05 ncon=  0 com_z=0.949 com_x=-0.110
t= 26.00 max|qacc|=       8.4 max|qvel|=   0.07 ncon=  0 com_z=0.949 com_x=-0.110
t= 26.50 max|qacc|=       7.7 max|qvel|=   0.09 ncon=  0 com_z=0.949 com_x=-0.110
t= 27.00 max|qacc|=       7.5 max|qvel|=   0.10 ncon=  0 com_z=0.949 com_x=-0.110
t= 27.50 max|qacc|=       7.5 max|qvel|=   0.10 ncon=  0 com_z=0.949 com_x=-0.110
t= 28.00 max|qacc|=       6.9 max|qvel|=   0.09 ncon=  0 com_z=0.949 com_x=-0.110
t= 28.50 max|qacc|=       4.9 max|qvel|=   0.07 ncon=  0 com_z=0.949 com_x=-0.110
t= 29.00 max|qacc|=       4.2 max|qvel|=   0.06 ncon=  0 com_z=0.949 com_x=-0.110
t= 29.50 max|qacc|=      11.0 max|qvel|=   0.05 ncon=  0 com_z=0.949 com_x=-0.110
t= 30.00 max|qacc|=      17.3 max|qvel|=   0.05 ncon=  0 com_z=0.948 com_x=-0.110
t= 30.50 max|qacc|=      16.7 max|qvel|=   0.10 ncon=  0 com_z=0.948 com_x=-0.110

== summary ==
pelvis/COM height: start 0.94 m, min 0.93 m, final 0.95 m  (stayed up)
COM x: min -0.21 max -0.04 final -0.11 m
COM y: min -0.041 max +0.003 m
RG_F_r bursts during walk window: 1
peak ctrl: [1.   1.   1.   0.93 0.28 0.79 0.84 0.98 0.19 1.   1.   1.   1.   0.91
 0.28 0.79 0.77 0.98 0.19 1.  ] (('vas_lat_r', 'med_gas_r', 'soleus_r', 'tib_ant_r', 'psoas_r', 'semimem_r', 'glut_max2_r', 'rect_fem_r', 'sar_r', 'grac_r', 'vas_lat_l', 'med_gas_l', 'soleus_l', 'tib_ant_l', 'psoas_l', 'semimem_l', 'glut_max2_l', 'rect_fem_l', 'sar_l', 'grac_l'))
  hip_flexion_r        -55.7 ..    54.8 deg
  knee_angle_r         -81.1 ..    10.6 deg
  ankle_angle_r        -82.3 ..    51.7 deg
  hip_adduction_r      -35.2 ..     1.1 deg
  subtalar_angle_r      -3.4 ..    12.0 deg
  hip_flexion_l        -53.2 ..    74.1 deg
  knee_angle_l         -82.5 ..    10.5 deg
  ankle_angle_l        -84.8 ..    53.3 deg
  hip_adduction_l      -47.8 ..     2.7 deg
  subtalar_angle_l      -4.0 ..    12.6 deg
  pelvis_tilt           -2.0 ..     1.2 deg
  pelvis_list           -0.6 ..    -0.1 deg
  pelvis_rotation        2.2 ..     2.8 deg
saved spinal_run.npz
(plot skipped: 'PF_E2_r')
== stage 1 best 56.002 (trial 0)
{
 "drive": 2.5,
 "rg_nap_h": 0.35,
 "desc_e": 1.7,
 "desc_f": 1.4,
 "rg_to_pf": 2.4
}
saved curriculum_w2lvar_stage1.json
