start pose (normal): applied 20 coordinates as given; pelvis ty 0.920 m (env override unset); IMU-metric torso lean -0.0 deg (+ = back)
standing solve: nnls x in [0.00, 0.71], >0.1: 22 muscles
  top: add_long_l=0.71, tib_ant_r=0.62, tib_ant_l=0.47, ext_dig_r=0.41, pect_l=0.34, glut_min1_l=0.34, glut_min2_l=0.31, ext_dig_l=0.29
Fmax range: 5..3396 N | L range sample: [0.229942 0.326094]
t=  1.00 max|qacc|=     105.8 max|qvel|=   1.47 ncon=  0 com_z=0.943 com_x=-0.162
t=  1.50 max|qacc|=      30.6 max|qvel|=   0.38 ncon=  0 com_z=0.936 com_x=-0.154
t=  2.00 max|qacc|=      61.2 max|qvel|=   0.12 ncon=  0 com_z=0.940 com_x=-0.161
t=  2.50 max|qacc|=      64.3 max|qvel|=   1.07 ncon=  0 com_z=0.938 com_x=-0.157
t=  3.00 max|qacc|=      69.3 max|qvel|=   0.14 ncon=  0 com_z=0.939 com_x=-0.159
t=  3.50 max|qacc|=      21.6 max|qvel|=   0.24 ncon=  0 com_z=0.938 com_x=-0.157
t=  4.00 max|qacc|=      61.9 max|qvel|=   0.16 ncon=  0 com_z=0.938 com_x=-0.155
t=  4.50 max|qacc|=      31.1 max|qvel|=   0.31 ncon=  0 com_z=0.937 com_x=-0.155
t=  5.00 max|qacc|=      57.0 max|qvel|=   2.87 ncon=  0 com_z=0.926 com_x=-0.114
t=  5.50 max|qacc|=     235.1 max|qvel|=   3.28 ncon=  0 com_z=0.928 com_x=-0.120
t=  6.00 max|qacc|=     183.0 max|qvel|=   1.33 ncon=  0 com_z=0.932 com_x=-0.133
t=  6.50 max|qacc|=     316.6 max|qvel|=   2.93 ncon=  0 com_z=0.935 com_x=-0.146
t=  7.00 max|qacc|=      74.4 max|qvel|=   0.23 ncon=  0 com_z=0.935 com_x=-0.148
t=  7.50 max|qacc|=      83.4 max|qvel|=   0.51 ncon=  0 com_z=0.935 com_x=-0.148
t=  8.00 max|qacc|=      37.7 max|qvel|=   0.06 ncon=  0 com_z=0.936 com_x=-0.148
t=  8.50 max|qacc|=     130.0 max|qvel|=   0.16 ncon=  0 com_z=0.935 com_x=-0.148
t=  9.00 max|qacc|=      69.9 max|qvel|=   0.29 ncon=  0 com_z=0.935 com_x=-0.148
t=  9.50 max|qacc|=     117.5 max|qvel|=   0.51 ncon=  0 com_z=0.935 com_x=-0.148
t= 10.00 max|qacc|=      18.7 max|qvel|=   0.11 ncon=  0 com_z=0.935 com_x=-0.148
t= 10.50 max|qacc|=      79.9 max|qvel|=   0.47 ncon=  0 com_z=0.935 com_x=-0.148
t= 11.00 max|qacc|=      78.3 max|qvel|=   0.23 ncon=  0 com_z=0.936 com_x=-0.148
t= 11.50 max|qacc|=      36.6 max|qvel|=   0.23 ncon=  0 com_z=0.935 com_x=-0.148
t= 12.00 max|qacc|=      31.0 max|qvel|=   0.07 ncon=  0 com_z=0.936 com_x=-0.148
t= 12.50 max|qacc|=      20.0 max|qvel|=   0.31 ncon=  0 com_z=0.935 com_x=-0.148
t= 13.00 max|qacc|=      25.3 max|qvel|=   0.12 ncon=  0 com_z=0.935 com_x=-0.148
t= 13.50 max|qacc|=     118.6 max|qvel|=   0.18 ncon=  0 com_z=0.935 com_x=-0.148
t= 14.00 max|qacc|=      20.4 max|qvel|=   0.07 ncon=  0 com_z=0.935 com_x=-0.148
t= 14.50 max|qacc|=      10.1 max|qvel|=   0.21 ncon=  0 com_z=0.935 com_x=-0.148
t= 15.00 max|qacc|=     138.0 max|qvel|=   0.27 ncon=  0 com_z=0.935 com_x=-0.148
t= 15.50 max|qacc|=     178.1 max|qvel|=   0.39 ncon=  0 com_z=0.935 com_x=-0.148
t= 16.00 max|qacc|=      42.7 max|qvel|=   0.11 ncon=  0 com_z=0.935 com_x=-0.149
t= 16.50 max|qacc|=      37.9 max|qvel|=   0.12 ncon=  0 com_z=0.936 com_x=-0.150
t= 17.00 max|qacc|=      19.7 max|qvel|=   0.16 ncon=  0 com_z=0.936 com_x=-0.151
t= 17.50 max|qacc|=     141.3 max|qvel|=   0.39 ncon=  0 com_z=0.937 com_x=-0.154
t= 18.00 max|qacc|=      96.4 max|qvel|=   0.06 ncon=  0 com_z=0.937 com_x=-0.153
t= 18.50 max|qacc|=      32.2 max|qvel|=   0.53 ncon=  0 com_z=0.937 com_x=-0.153
t= 19.00 max|qacc|=     257.6 max|qvel|=   0.14 ncon=  0 com_z=0.937 com_x=-0.154
t= 19.50 max|qacc|=     180.9 max|qvel|=   0.49 ncon=  0 com_z=0.937 com_x=-0.153
t= 20.00 max|qacc|=     266.6 max|qvel|=   0.20 ncon=  0 com_z=0.937 com_x=-0.154
t= 20.50 max|qacc|=      60.4 max|qvel|=   0.07 ncon=  0 com_z=0.937 com_x=-0.153
t= 21.00 max|qacc|=     100.5 max|qvel|=   0.25 ncon=  0 com_z=0.937 com_x=-0.154
t= 21.50 max|qacc|=      19.2 max|qvel|=   0.36 ncon=  0 com_z=0.937 com_x=-0.153

== summary ==
pelvis/COM height: start 0.94 m, min 0.92 m, final 0.94 m  (stayed up)
COM x: min -0.17 max -0.11 final -0.15 m
COM y: min -0.018 max +0.003 m
RG_F_r bursts during walk window: 3
RG_r: cycles in window 2, period 0.45 s (2.20 Hz), E-duty 0.05
RG_l: cycles in window 2, period 0.45 s (2.20 Hz), E-duty 0.05
peak ctrl: [0.9  1.   1.   1.   0.68 1.   0.21 0.46 0.8  0.7  0.92 1.   1.   1.
 0.81 1.   0.35 0.58 0.52 0.23] (('vas_lat_r', 'med_gas_r', 'soleus_r', 'tib_ant_r', 'psoas_r', 'semimem_r', 'glut_max2_r', 'rect_fem_r', 'sar_r', 'grac_r', 'vas_lat_l', 'med_gas_l', 'soleus_l', 'tib_ant_l', 'psoas_l', 'semimem_l', 'glut_max2_l', 'rect_fem_l', 'sar_l', 'grac_l'))
  hip_flexion_r          8.8 ..    33.6 deg
  knee_angle_r         -19.9 ..    10.0 deg
  ankle_angle_r        -64.0 ..    -1.7 deg
  hip_adduction_r       -0.9 ..    11.8 deg
  subtalar_angle_r      -9.7 ..    16.0 deg
  hip_flexion_l        -16.6 ..    32.4 deg
  knee_angle_l         -31.0 ..    10.3 deg
  ankle_angle_l        -66.9 ..     9.8 deg
  hip_adduction_l       -8.1 ..    15.0 deg
  subtalar_angle_l      -1.6 ..     5.6 deg
  pelvis_tilt           -1.9 ..     0.5 deg
  pelvis_list           -0.8 ..    -0.1 deg
  pelvis_rotation        2.2 ..     2.6 deg
saved spinal_run.npz
(plot skipped: 'PF_E2_r')
