active: 09_BA_003.SLDASM
components: 15
mate[type 22] on 04_05_BL_001-1           side 0: comp=ERR: Invoke Error: Unknown name or named argument selType=-1
mate[type 22] on 04_05_BL_001-1           side 1: comp=ERR: Invoke Error: Unknown name or named argument selType=-1
mate[type 0] on 03_01_FB_R_004-1         side 0: comp=ERR: Invoke Error: Unknown name or named argument selType=-1
mate[type 0] on 03_01_FB_R_004-1         side 1: comp=ERR: Invoke Error: Unknown name or named argument selType=-1
mate[type 1] on 03_01_FB_R_004-1         side 0: comp=ERR: Invoke Error: Unknown name or named argument selType=-1
mate[type 1] on 03_01_FB_R_004-1         side 1: comp=ERR: Invoke Error: Unknown name or named argument selType=-1
mate[type 0] on MuscleOrigins_004-1      side 0: comp=ERR: Invoke Error: Unknown name or named argument selType=-1
mate[type 0] on MuscleOrigins_004-1      side 1: comp=ERR: Invoke Error: Unknown name or named argument selType=-1
mate[type 1] on MuscleOrigins_004-1      side 0: comp=ERR: Invoke Error: Unknown name or named argument selType=-1
mate[type 1] on MuscleOrigins_004-1      side 1: comp=ERR: Invoke Error: Unknown name or named argument selType=-1
mate[type 1] on 05_01_TI_R_006-1         side 0: comp=ERR: Invoke Error: Unknown name or named argument selType=-1
mate[type 1] on 05_01_TI_R_006-1         side 1: comp=ERR: Invoke Error: Unknown name or named argument selType=-1
mate[type 0] on 05_01_TI_R_006-1         side 0: comp=ERR: Invoke Error: Unknown name or named argument selType=-1
mate[type 0] on 05_01_TI_R_006-1         side 1: comp=ERR: Invoke Error: Unknown name or named argument selType=-1
mate[type 3] on BPA2-1                   side 0: comp=ERR: Invoke Error: Unknown name or named argument selType=-1
mate[type 3] on BPA2-1                   side 1: comp=ERR: Invoke Error: Unknown name or named argument selType=-1
mate[type 0] on BPA2-1                   side 0: comp=ERR: Invoke Error: Unknown name or named argument selType=-1
mate[type 0] on BPA2-1                   side 1: comp=ERR: Invoke Error: Unknown name or named argument selType=-1
mate[type 22] on 04_06_FL_001-1           side 0: comp=ERR: Invoke Error: Unknown name or named argument selType=-1
mate[type 22] on 04_06_FL_001-1           side 1: comp=ERR: Invoke Error: Unknown name or named argument selType=-1
mate[type 1] on 04_06_FL_001-1           side 0: comp=ERR: Invoke Error: Unknown name or named argument selType=-1
mate[type 1] on 04_06_FL_001-1           side 1: comp=ERR: Invoke Error: Unknown name or named argument selType=-1
mate[type 0] on 03_01_FB_R_004_ribLink-1 side 0: comp=ERR: Invoke Error: Unknown name or named argument selType=-1
mate[type 0] on 03_01_FB_R_004_ribLink-1 side 1: comp=ERR: Invoke Error: Unknown name or named argument selType=-1
mate[type 1] on 03_01_FB_R_004_ribLink-1 side 0: comp=ERR: Invoke Error: Unknown name or named argument selType=-1
mate[type 1] on 03_01_FB_R_004_ribLink-1 side 1: comp=ERR: Invoke Error: Unknown name or named argument selType=-1
mate[type 0] on 04_01_KT_R_003-1         side 0: comp=ERR: Invoke Error: Unknown name or named argument selType=-1
mate[type 0] on 04_01_KT_R_003-1         side 1: comp=ERR: Invoke Error: Unknown name or named argument selType=-1
mate[type 1] on 04_01_KT_R_003-1         side 0: comp=ERR: Invoke Error: Unknown name or named argument selType=-1
mate[type 1] on 04_01_KT_R_003-1         side 1: comp=ERR: Invoke Error: Unknown name or named argument selType=-1
mate[type 22] on 04_01_KT_R_003-1         side 0: comp=ERR: Invoke Error: Unknown name or named argument selType=-1
mate[type 22] on 04_01_KT_R_003-1         side 1: comp=ERR: Invoke Error: Unknown name or named argument selType=-1
mate[type 6] on 04_01_KT_R_003-1         side 0: comp=ERR: Invoke Error: Unknown name or named argument selType=-1
mate[type 6] on 04_01_KT_R_003-1         side 1: comp=ERR: Invoke Error: Unknown name or named argument selType=-1
mate[type 15] on 04_01_KT_R_003-1         side 0: comp=ERR: Invoke Error: Unknown name or named argument selType=-1
mate[type 15] on 04_01_KT_R_003-1         side 1: comp=ERR: Invoke Error: Unknown name or named argument selType=-1
mate[type 15] on Patella_v3_template-1    side 0: comp=ERR: Invoke Error: Unknown name or named argument selType=-1
mate[type 15] on Patella_v3_template-1    side 1: comp=ERR: Invoke Error: Unknown name or named argument selType=-1
mate[type 0] on Patella_v3_template-1    side 0: comp=ERR: Invoke Error: Unknown name or named argument selType=-1
mate[type 0] on Patella_v3_template-1    side 1: comp=ERR: Invoke Error: Unknown name or named argument selType=-1
mate[type 0] on Patella_v5-1             side 0: comp=ERR: Invoke Error: Unknown name or named argument selType=-1
mate[type 0] on Patella_v5-1             side 1: comp=ERR: Invoke Error: Unknown name or named argument selType=-1
mate[type 15] on Patella_v5-1             side 0: comp=ERR: Invoke Error: Unknown name or named argument selType=-1
mate[type 15] on Patella_v5-1             side 1: comp=ERR: Invoke Error: Unknown name or named argument selType=-1
mate[type 22] on 04_06_FL_002-1           side 0: comp=ERR: Invoke Error: Unknown name or named argument selType=-1
mate[type 22] on 04_06_FL_002-1           side 1: comp=ERR: Invoke Error: Unknown name or named argument selType=-1
mate[type 1] on 04_06_FL_002-1           side 0: comp=ERR: Invoke Error: Unknown name or named argument selType=-1
mate[type 1] on 04_06_FL_002-1           side 1: comp=ERR: Invoke Error: Unknown name or named argument selType=-1
mate[type 1] on 04_02_KB_R_003-1         side 0: comp=ERR: Invoke Error: Unknown name or named argument selType=-1
mate[type 1] on 04_02_KB_R_003-1         side 1: comp=ERR: Invoke Error: Unknown name or named argument selType=-1
mate[type 0] on 04_02_KB_R_003-1         side 0: comp=ERR: Invoke Error: Unknown name or named argument selType=-1
mate[type 0] on 04_02_KB_R_003-1         side 1: comp=ERR: Invoke Error: Unknown name or named argument selType=-1
mate[type 22] on 04_02_KB_R_003-1         side 0: comp=ERR: Invoke Error: Unknown name or named argument selType=-1
mate[type 22] on 04_02_KB_R_003-1         side 1: comp=ERR: Invoke Error: Unknown name or named argument selType=-1
mate[type 6] on 04_02_KB_R_003-1         side 0: comp=ERR: Invoke Error: Unknown name or named argument selType=-1
mate[type 6] on 04_02_KB_R_003-1         side 1: comp=ERR: Invoke Error: Unknown name or named argument selType=-1
mate[type 3] on 04_02_KB_R_003-1         side 0: comp=ERR: Invoke Error: Unknown name or named argument selType=-1
mate[type 3] on 04_02_KB_R_003-1         side 1: comp=ERR: Invoke Error: Unknown name or named argument selType=-1
mate[type 0] on 05_01_TI_R_007-1         side 0: comp=ERR: Invoke Error: Unknown name or named argument selType=-1
mate[type 0] on 05_01_TI_R_007-1         side 1: comp=ERR: Invoke Error: Unknown name or named argument selType=-1
mate[type 1] on 05_01_TI_R_007-1         side 0: comp=ERR: Invoke Error: Unknown name or named argument selType=-1
mate[type 1] on 05_01_TI_R_007-1         side 1: comp=ERR: Invoke Error: Unknown name or named argument selType=-1
mate[type 0] on BPA1-1                   side 0: comp=ERR: Invoke Error: Unknown name or named argument selType=-1
mate[type 0] on BPA1-1                   side 1: comp=ERR: Invoke Error: Unknown name or named argument selType=-1
{Brace indexing is not supported for variables of this type.

Error in sw_mate_probe (line 23)
        m = ml{mi};
            ^^^^^^
} 
ERROR: MATLAB error Exit Status: 0x00000001
