[Warning: Unrecognized command line option: NoProfile.] 
[Warning: Unrecognized command line option: Command.] 
echo --------------------------------------; 
--------------------------------------; 
"D:/Program Files/MATLAB/R2025a/bin/mex.bat" ../src/mj.cpp -I../lib/win64/mujoco/include/mujoco -I../lib/win64/mujoco/include -I../src -ID:/Github/Bipedal_Robot/Code/Matlab/SNS_Simscape/mujoco_bridge/blockset/mujoco-simulink-blockset-main/lib/win64/glfw/glfw-3.3.7.bin.WIN64/include -outdir ../blocks CXXFLAGS="-std=c++17" D:/Github/Bipedal_Robot/Code/Matlab/SNS_Simscape/mujoco_bridge/blockset/mujoco-simulink-blockset-main/lib/win64/glfw/glfw-3.3.7.bin.WIN64/lib-static-ucrt/glfw3dll.lib ../lib/win64/mujoco/lib/mujoco.lib LINKFLAGS="-Wl,--no-undefined" ../src/mj_depth_near_far.cpp -g -output mj_depth_near_far 
Building with 'MinGW64 Compiler (C++)'. 
MEX completed successfully. 
echo --------------------------------------; 
--------------------------------------; 
"D:/Program Files/MATLAB/R2025a/bin/mex.bat" ../src/mj.cpp -I../lib/win64/mujoco/include/mujoco -I../lib/win64/mujoco/include -I../src -ID:/Github/Bipedal_Robot/Code/Matlab/SNS_Simscape/mujoco_bridge/blockset/mujoco-simulink-blockset-main/lib/win64/glfw/glfw-3.3.7.bin.WIN64/include -outdir ../blocks CXXFLAGS="-std=c++17" D:/Github/Bipedal_Robot/Code/Matlab/SNS_Simscape/mujoco_bridge/blockset/mujoco-simulink-blockset-main/lib/win64/glfw/glfw-3.3.7.bin.WIN64/lib-static-ucrt/glfw3dll.lib ../lib/win64/mujoco/lib/mujoco.lib LINKFLAGS="-Wl,--no-undefined" ../src/mj_initbus_mex.cpp -g -output mj_initbus_mex 
Building with 'MinGW64 Compiler (C++)'. 
MEX completed successfully. 
echo --------------------------------------; 
--------------------------------------; 
"D:/Program Files/MATLAB/R2025a/bin/mex.bat" ../src/mj.cpp -I../lib/win64/mujoco/include/mujoco -I../lib/win64/mujoco/include -I../src -ID:/Github/Bipedal_Robot/Code/Matlab/SNS_Simscape/mujoco_bridge/blockset/mujoco-simulink-blockset-main/lib/win64/glfw/glfw-3.3.7.bin.WIN64/include -outdir ../blocks CXXFLAGS="-std=c++17" D:/Github/Bipedal_Robot/Code/Matlab/SNS_Simscape/mujoco_bridge/blockset/mujoco-simulink-blockset-main/lib/win64/glfw/glfw-3.3.7.bin.WIN64/lib-static-ucrt/glfw3dll.lib ../lib/win64/mujoco/lib/mujoco.lib LINKFLAGS="-Wl,--no-undefined" ../src/mj_sampletime.cpp -g -output mj_sampletime 
Building with 'MinGW64 Compiler (C++)'. 
MEX completed successfully. 
echo --------------------------------------; 
--------------------------------------; 
"D:/Program Files/MATLAB/R2025a/bin/mex.bat" ../src/mj.cpp -I../lib/win64/mujoco/include/mujoco -I../lib/win64/mujoco/include -I../src -ID:/Github/Bipedal_Robot/Code/Matlab/SNS_Simscape/mujoco_bridge/blockset/mujoco-simulink-blockset-main/lib/win64/glfw/glfw-3.3.7.bin.WIN64/include -outdir ../blocks CXXFLAGS="-std=c++17" D:/Github/Bipedal_Robot/Code/Matlab/SNS_Simscape/mujoco_bridge/blockset/mujoco-simulink-blockset-main/lib/win64/glfw/glfw-3.3.7.bin.WIN64/lib-static-ucrt/glfw3dll.lib ../lib/win64/mujoco/lib/mujoco.lib LINKFLAGS="-Wl,--no-undefined" ../src/mj_sfun.cpp -g -output mj_sfun 
Building with 'MinGW64 Compiler (C++)'. 
MEX completed successfully. 
