fitted baseline loaded: e2_pf=0.222 f1_df=0.098 f1_kf=0.148 post_kneext=0.011 post_hipext=0.068 desc_f=1.400 e2_adapt=1.700
BASELINE EVAL s3k: AARL_NPZ=spinal_run_spkbase_s3k.npz drive=2.0773198435110425
start pose (normal): applied 20 coordinates as given; pelvis ty 0.922 m (env override=0.9215287157201333); IMU-metric torso lean -0.0 deg (+ = back)
standing solve: nnls x in [0.00, 0.65], >0.1: 13 muscles
  top: add_long_l=0.65, tib_ant_r=0.61, tib_ant_l=0.47, ext_dig_r=0.37, glut_min1_l=0.30, pect_l=0.30, glut_min2_l=0.28, ext_dig_l=0.25
Fmax range: 5..3396 N | L range sample: [0.229942 0.326094]
== baseline s3k ==
kine_score = -161.56754173676563
nan = False  t_end = 16.00  dx = -0.048 m
kz = 0.8496  tilt_max = 22.10 deg  knee_min = -1.76 deg  hip_amp = 1.07 deg
duty(RG_E_r) = 1.000  burst_r = 1
bal_fell = False  bal_tilt_max = 22.10
kine fields: {"contact_frac_r": 0.6367142857142857, "contact_frac_l": 0.9847142857142858, "n_cycles_r": 9, "n_cycles_l": 0, "bilateral": false, "knee_min": -64.29205155222364, "duty_r": 0.47114285714285714, "kine_score": -161.56754173676563}
joint ranges over the full run [deg]:
  hip_flexion_r      -17.51 ..    43.70
  knee_angle_r      -100.97 ..     8.39
  ankle_angle_r      -26.51 ..    44.23
  hip_flexion_l      -21.16 ..     1.81
  knee_angle_l       -41.88 ..    14.67
  ankle_angle_l      -25.99 ..    24.50
  pelvis_tilt         -2.62 ..    22.10
BASELINE_DONE
