fitted baseline loaded: e2_pf=0.222 f1_df=0.098 f1_kf=0.148 post_kneext=0.011 post_hipext=0.068 desc_f=1.400 e2_adapt=1.700
start pose (normal): applied 20 coordinates as given; pelvis ty 0.920 m (env override unset); IMU-metric torso lean -0.0 deg (+ = back)
standing solve: nnls x in [0.00, 0.70], >0.1: 14 muscles
  top: add_long_l=0.70, tib_ant_r=0.61, tib_ant_l=0.46, ext_dig_r=0.37, glut_min1_l=0.33, pect_l=0.32, glut_min2_l=0.31, ext_dig_l=0.25
Fmax range: 5..3396 N | L range sample: [0.229942 0.326094]
t=  1.00 max|qacc|=     112.8 max|qvel|=   3.00 ncon=  0 com_z=0.974 com_x=-0.206
t=  1.50 max|qacc|=      86.2 max|qvel|=   2.02 ncon=  0 com_z=0.943 com_x=-0.180
t=  2.00 max|qacc|=     113.0 max|qvel|=   1.21 ncon=  0 com_z=0.953 com_x=-0.190
t=  2.50 max|qacc|=      62.7 max|qvel|=   0.75 ncon=  0 com_z=0.950 com_x=-0.186
t=  3.00 max|qacc|=      55.3 max|qvel|=   0.49 ncon=  0 com_z=0.950 com_x=-0.186
t=  3.50 max|qacc|=     406.0 max|qvel|=   0.45 ncon=  0 com_z=0.950 com_x=-0.187
t=  4.00 max|qacc|=     247.5 max|qvel|=   0.44 ncon=  0 com_z=0.949 com_x=-0.185
t=  4.50 max|qacc|=      20.6 max|qvel|=   0.46 ncon=  0 com_z=0.949 com_x=-0.186
t=  5.00 max|qacc|=     131.9 max|qvel|=   0.13 ncon=  0 com_z=0.948 com_x=-0.182
t=  5.50 max|qacc|=      66.3 max|qvel|=   3.58 ncon=  0 com_z=0.939 com_x=-0.168
t=  6.00 max|qacc|=      38.4 max|qvel|=   6.56 ncon=  0 com_z=0.956 com_x=-0.133
t=  6.50 max|qacc|=     215.4 max|qvel|=   1.06 ncon=  0 com_z=0.942 com_x=-0.180
t=  7.00 max|qacc|=     394.4 max|qvel|=   0.47 ncon=  0 com_z=0.954 com_x=-0.188
t=  7.50 max|qacc|=      26.2 max|qvel|=   1.68 ncon=  0 com_z=0.946 com_x=-0.178
t=  8.00 max|qacc|=      51.7 max|qvel|=   2.23 ncon=  0 com_z=0.962 com_x=-0.106
t=  8.50 max|qacc|=     130.0 max|qvel|=   1.66 ncon=  0 com_z=0.955 com_x=-0.192
t=  9.00 max|qacc|=      84.7 max|qvel|=   0.59 ncon=  0 com_z=0.950 com_x=-0.182
t=  9.50 max|qacc|=      52.6 max|qvel|=   0.30 ncon=  0 com_z=0.946 com_x=-0.182
t= 10.00 max|qacc|=      46.4 max|qvel|=   3.72 ncon=  0 com_z=0.957 com_x=-0.098
t= 10.50 max|qacc|=     201.9 max|qvel|=   2.95 ncon=  0 com_z=0.967 com_x=-0.200
t= 11.00 max|qacc|=     270.0 max|qvel|=   0.80 ncon=  0 com_z=0.944 com_x=-0.175
t= 11.50 max|qacc|=      17.2 max|qvel|=   0.31 ncon=  0 com_z=0.948 com_x=-0.184
t= 12.00 max|qacc|=      36.0 max|qvel|=   7.47 ncon=  0 com_z=0.939 com_x=-0.118
t= 12.50 max|qacc|=      63.3 max|qvel|=   9.36 ncon=  0 com_z=0.968 com_x=-0.192
t= 13.00 max|qacc|=     369.1 max|qvel|=   0.45 ncon=  0 com_z=0.938 com_x=-0.171
t= 13.50 max|qacc|=      81.4 max|qvel|=   0.43 ncon=  0 com_z=0.951 com_x=-0.187
t= 14.00 max|qacc|=      42.7 max|qvel|=   8.18 ncon=  0 com_z=0.931 com_x=-0.152
t= 14.50 max|qacc|=      36.2 max|qvel|=   8.79 ncon=  0 com_z=0.956 com_x=-0.159
t= 15.00 max|qacc|=     234.5 max|qvel|=   0.76 ncon=  0 com_z=0.939 com_x=-0.173
t= 15.50 max|qacc|=      45.9 max|qvel|=   0.35 ncon=  0 com_z=0.953 com_x=-0.189
t= 16.00 max|qacc|=      37.0 max|qvel|=   0.38 ncon=  0 com_z=0.947 com_x=-0.183
t= 16.50 max|qacc|=     421.1 max|qvel|=   0.57 ncon=  0 com_z=0.949 com_x=-0.185
t= 17.00 max|qacc|=      14.1 max|qvel|=   0.19 ncon=  0 com_z=0.949 com_x=-0.186
t= 17.50 max|qacc|=      64.0 max|qvel|=   0.25 ncon=  0 com_z=0.950 com_x=-0.185
t= 18.00 max|qacc|=     211.7 max|qvel|=   0.20 ncon=  0 com_z=0.949 com_x=-0.186
t= 18.50 max|qacc|=      24.4 max|qvel|=   0.20 ncon=  0 com_z=0.950 com_x=-0.185
t= 19.00 max|qacc|=     155.2 max|qvel|=   0.17 ncon=  0 com_z=0.949 com_x=-0.186
t= 19.50 max|qacc|=      26.9 max|qvel|=   0.23 ncon=  0 com_z=0.950 com_x=-0.186
t= 20.00 max|qacc|=      44.5 max|qvel|=   0.10 ncon=  0 com_z=0.949 com_x=-0.186
t= 20.50 max|qacc|=     114.3 max|qvel|=   0.67 ncon=  0 com_z=0.949 com_x=-0.186
t= 21.00 max|qacc|=      27.6 max|qvel|=   0.18 ncon=  0 com_z=0.949 com_x=-0.185
t= 21.50 max|qacc|=     223.1 max|qvel|=   1.50 ncon=  0 com_z=0.949 com_x=-0.186
t= 22.00 max|qacc|=      47.5 max|qvel|=   0.20 ncon=  0 com_z=0.949 com_x=-0.185
t= 22.50 max|qacc|=      26.2 max|qvel|=   0.21 ncon=  0 com_z=0.949 com_x=-0.186
t= 23.00 max|qacc|=      38.1 max|qvel|=   0.19 ncon=  0 com_z=0.950 com_x=-0.185
t= 23.50 max|qacc|=      22.1 max|qvel|=   0.21 ncon=  0 com_z=0.949 com_x=-0.186
t= 24.00 max|qacc|=     408.3 max|qvel|=   0.52 ncon=  0 com_z=0.950 com_x=-0.185
t= 24.50 max|qacc|=     186.1 max|qvel|=   0.29 ncon=  0 com_z=0.949 com_x=-0.186
t= 25.00 max|qacc|=      58.6 max|qvel|=   0.15 ncon=  0 com_z=0.949 com_x=-0.186
t= 25.50 max|qacc|=      44.7 max|qvel|=   0.18 ncon=  0 com_z=0.949 com_x=-0.185
t= 26.00 max|qacc|=      21.5 max|qvel|=   0.18 ncon=  0 com_z=0.949 com_x=-0.186
t= 26.50 max|qacc|=       9.6 max|qvel|=   0.14 ncon=  0 com_z=0.949 com_x=-0.185
t= 27.00 max|qacc|=     542.4 max|qvel|=   0.23 ncon=  0 com_z=0.949 com_x=-0.186
t= 27.50 max|qacc|=      83.3 max|qvel|=   0.22 ncon=  0 com_z=0.949 com_x=-0.185
t= 28.00 max|qacc|=      28.5 max|qvel|=   0.17 ncon=  0 com_z=0.949 com_x=-0.186
t= 28.50 max|qacc|=     182.4 max|qvel|=   0.46 ncon=  0 com_z=0.950 com_x=-0.185
t= 29.00 max|qacc|=      12.1 max|qvel|=   0.12 ncon=  0 com_z=0.949 com_x=-0.186
t= 29.50 max|qacc|=      20.8 max|qvel|=   0.12 ncon=  0 com_z=0.950 com_x=-0.186
t= 30.00 max|qacc|=      46.8 max|qvel|=   0.10 ncon=  0 com_z=0.949 com_x=-0.186
t= 30.50 max|qacc|=     112.2 max|qvel|=   0.16 ncon=  0 com_z=0.949 com_x=-0.186
t= 31.00 max|qacc|=      19.4 max|qvel|=   0.12 ncon=  0 com_z=0.949 com_x=-0.185
t= 31.50 max|qacc|=     280.9 max|qvel|=   0.22 ncon=  0 com_z=0.949 com_x=-0.186
t= 32.00 max|qacc|=      32.8 max|qvel|=   0.18 ncon=  0 com_z=0.949 com_x=-0.185
t= 32.50 max|qacc|=      53.1 max|qvel|=   0.16 ncon=  0 com_z=0.949 com_x=-0.186
t= 33.00 max|qacc|=     381.3 max|qvel|=   0.58 ncon=  0 com_z=0.950 com_x=-0.185
t= 33.50 max|qacc|=     127.6 max|qvel|=   0.27 ncon=  0 com_z=0.949 com_x=-0.186
t= 34.00 max|qacc|=     427.7 max|qvel|=   0.41 ncon=  0 com_z=0.949 com_x=-0.185
t= 34.50 max|qacc|=      26.1 max|qvel|=   0.10 ncon=  0 com_z=0.949 com_x=-0.185
t= 35.00 max|qacc|=      71.2 max|qvel|=   0.14 ncon=  0 com_z=0.949 com_x=-0.186
t= 35.50 max|qacc|=     126.9 max|qvel|=   0.43 ncon=  0 com_z=0.949 com_x=-0.185
t= 36.00 max|qacc|=      71.9 max|qvel|=   0.20 ncon=  0 com_z=0.949 com_x=-0.186
t= 36.50 max|qacc|=      10.6 max|qvel|=   0.18 ncon=  0 com_z=0.950 com_x=-0.185

== summary ==
pelvis/COM height: start 0.94 m, min 0.93 m, final 0.95 m  (stayed up)
COM x: min -0.22 max -0.10 final -0.19 m
COM y: min -0.039 max +0.003 m
RG_F_r bursts during walk window: 5
RG_r: cycles in window 5, period 2.11 s (0.47 Hz), E-duty 0.67
RG_l: cycles in window 5, period 2.11 s (0.47 Hz), E-duty 0.67
peak ctrl: [0.54 0.82 0.8  0.83 0.39 0.44 0.73 0.59 0.39 0.12 0.54 0.82 0.8  0.74
 0.39 0.44 0.67 0.59 0.39 0.12] (('vas_lat_r', 'med_gas_r', 'soleus_r', 'tib_ant_r', 'psoas_r', 'semimem_r', 'glut_max2_r', 'rect_fem_r', 'sar_r', 'grac_r', 'vas_lat_l', 'med_gas_l', 'soleus_l', 'tib_ant_l', 'psoas_l', 'semimem_l', 'glut_max2_l', 'rect_fem_l', 'sar_l', 'grac_l'))
  hip_flexion_r        -20.1 ..    50.9 deg
  knee_angle_r        -106.3 ..    11.6 deg
  ankle_angle_r        -74.8 ..    -1.7 deg
  hip_adduction_r        0.8 ..    13.3 deg
  subtalar_angle_r      -3.8 ..     4.9 deg
  hip_flexion_l        -24.7 ..    62.6 deg
  knee_angle_l        -117.2 ..    12.2 deg
  ankle_angle_l        -78.3 ..     9.8 deg
  hip_adduction_l      -19.7 ..    20.0 deg
  subtalar_angle_l      -4.1 ..     2.8 deg
  pelvis_tilt           -1.9 ..     0.9 deg
  pelvis_list           -0.5 ..    -0.1 deg
  pelvis_rotation        2.2 ..     2.7 deg
saved spinal_run.npz
saved spinal_run.png
AIR SMOKE {"net": "ns", "npz": "scratch_spk_air_ns.npz", "finite": true, "rises": 5, "knee_min": -106.33299942914459, "knee_range": 117.94143092033181, "hip_range": 71.05705442547352, "ankle_range": 24.679517106100228, "e_duty": 0.8191312076435951, "period_s": 2.1075}
