fitted baseline loaded: e2_pf=0.222 f1_df=0.098 f1_kf=0.148 post_kneext=0.011 post_hipext=0.068 desc_f=1.400 e2_adapt=1.700
start pose (normal): applied 20 coordinates as given; pelvis ty 0.920 m (env override unset); IMU-metric torso lean -0.0 deg (+ = back)
standing solve: nnls x in [0.00, 0.70], >0.1: 14 muscles
  top: add_long_l=0.70, tib_ant_r=0.61, tib_ant_l=0.46, ext_dig_r=0.37, glut_min1_l=0.33, pect_l=0.32, glut_min2_l=0.31, ext_dig_l=0.25
Fmax range: 5..3396 N | L range sample: [0.229942 0.326094]
t=  1.00 max|qacc|=      67.9 max|qvel|=   2.35 ncon=  0 com_z=0.930 com_x=-0.121
t=  1.50 max|qacc|=      60.2 max|qvel|=   1.11 ncon=  0 com_z=0.930 com_x=-0.134
t=  2.00 max|qacc|=      77.1 max|qvel|=   0.99 ncon=  0 com_z=0.932 com_x=-0.126
t=  2.50 max|qacc|=      74.2 max|qvel|=   1.04 ncon=  0 com_z=0.930 com_x=-0.136
t=  3.00 max|qacc|=      69.7 max|qvel|=   0.94 ncon=  0 com_z=0.931 com_x=-0.134
t=  3.50 max|qacc|=      59.8 max|qvel|=   3.69 ncon=  0 com_z=0.932 com_x=-0.140
t=  4.00 max|qacc|=      95.8 max|qvel|=   2.63 ncon=  0 com_z=0.931 com_x=-0.147
t=  4.50 max|qacc|=    1191.3 max|qvel|=   5.95 ncon=  0 com_z=0.932 com_x=-0.140
t=  5.00 max|qacc|=     772.8 max|qvel|=   9.11 ncon=  0 com_z=0.933 com_x=-0.140
t=  5.50 max|qacc|=      23.8 max|qvel|=   7.40 ncon=  0 com_z=0.932 com_x=-0.128
t=  6.00 max|qacc|=     214.6 max|qvel|=   3.63 ncon=  0 com_z=0.933 com_x=-0.144
t=  6.50 max|qacc|=     663.0 max|qvel|=   2.76 ncon=  0 com_z=0.952 com_x=-0.101
t=  7.00 max|qacc|=     165.9 max|qvel|=   3.75 ncon=  0 com_z=0.942 com_x=-0.155
t=  7.50 max|qacc|=     107.8 max|qvel|=  13.42 ncon=  0 com_z=0.925 com_x=-0.109
t=  8.00 max|qacc|=      63.8 max|qvel|=   7.88 ncon=  0 com_z=0.937 com_x=-0.144
t=  8.50 max|qacc|=     311.5 max|qvel|=   5.08 ncon=  0 com_z=0.930 com_x=-0.137
t=  9.00 max|qacc|=      49.6 max|qvel|=   4.55 ncon=  0 com_z=0.950 com_x=-0.106
t=  9.50 max|qacc|=     399.4 max|qvel|=   3.18 ncon=  0 com_z=0.940 com_x=-0.153
t= 10.00 max|qacc|=     141.2 max|qvel|=  13.17 ncon=  0 com_z=0.927 com_x=-0.104
t= 10.50 max|qacc|=     139.0 max|qvel|=   7.54 ncon=  0 com_z=0.937 com_x=-0.150
t= 11.00 max|qacc|=     320.8 max|qvel|=   6.77 ncon=  0 com_z=0.929 com_x=-0.132
t= 11.50 max|qacc|=      43.5 max|qvel|=   5.06 ncon=  0 com_z=0.947 com_x=-0.113
t= 12.00 max|qacc|=     288.1 max|qvel|=   3.27 ncon=  0 com_z=0.939 com_x=-0.150
t= 12.50 max|qacc|=     156.8 max|qvel|=  13.26 ncon=  0 com_z=0.933 com_x=-0.099
t= 13.00 max|qacc|=     205.2 max|qvel|=   6.04 ncon=  0 com_z=0.939 com_x=-0.152
t= 13.50 max|qacc|=     256.6 max|qvel|=   4.80 ncon=  0 com_z=0.929 com_x=-0.129
t= 14.00 max|qacc|=      52.5 max|qvel|=   6.16 ncon=  0 com_z=0.944 com_x=-0.119
t= 14.50 max|qacc|=     440.1 max|qvel|=   5.33 ncon=  0 com_z=0.938 com_x=-0.149
t= 15.00 max|qacc|=     183.0 max|qvel|=  11.57 ncon=  0 com_z=0.939 com_x=-0.097
t= 15.50 max|qacc|=      61.2 max|qvel|=   7.68 ncon=  0 com_z=0.939 com_x=-0.137
t= 16.00 max|qacc|=     203.8 max|qvel|=   2.70 ncon=  0 com_z=0.931 com_x=-0.146
t= 16.50 max|qacc|=     175.7 max|qvel|=   3.34 ncon=  0 com_z=0.931 com_x=-0.129
t= 17.00 max|qacc|=      52.7 max|qvel|=   4.49 ncon=  0 com_z=0.931 com_x=-0.122
t= 17.50 max|qacc|=      53.7 max|qvel|=   1.00 ncon=  0 com_z=0.932 com_x=-0.132
t= 18.00 max|qacc|=      73.9 max|qvel|=   0.84 ncon=  0 com_z=0.930 com_x=-0.136
t= 18.50 max|qacc|=      23.5 max|qvel|=   0.86 ncon=  0 com_z=0.929 com_x=-0.129
t= 19.00 max|qacc|=      59.3 max|qvel|=   0.91 ncon=  0 com_z=0.931 com_x=-0.138
t= 19.50 max|qacc|=      70.1 max|qvel|=   0.95 ncon=  0 com_z=0.930 com_x=-0.133
t= 20.00 max|qacc|=     114.1 max|qvel|=   1.34 ncon=  0 com_z=0.930 com_x=-0.133
t= 20.50 max|qacc|=     110.6 max|qvel|=   0.30 ncon=  0 com_z=0.931 com_x=-0.136
t= 21.00 max|qacc|=      84.4 max|qvel|=   0.86 ncon=  0 com_z=0.930 com_x=-0.131
t= 21.50 max|qacc|=      63.2 max|qvel|=   0.86 ncon=  0 com_z=0.930 com_x=-0.135
t= 22.00 max|qacc|=      53.9 max|qvel|=   1.47 ncon=  0 com_z=0.931 com_x=-0.135
t= 22.50 max|qacc|=      22.9 max|qvel|=   0.95 ncon=  0 com_z=0.930 com_x=-0.132
t= 23.00 max|qacc|=      51.2 max|qvel|=   0.83 ncon=  0 com_z=0.931 com_x=-0.135
t= 23.50 max|qacc|=      89.0 max|qvel|=   0.79 ncon=  0 com_z=0.930 com_x=-0.133
t= 24.00 max|qacc|=     110.5 max|qvel|=   1.04 ncon=  0 com_z=0.930 com_x=-0.133
t= 24.50 max|qacc|=      31.4 max|qvel|=   0.90 ncon=  0 com_z=0.930 com_x=-0.135
t= 25.00 max|qacc|=      38.6 max|qvel|=   0.90 ncon=  0 com_z=0.930 com_x=-0.133
t= 25.50 max|qacc|=      57.4 max|qvel|=   0.69 ncon=  0 com_z=0.930 com_x=-0.134
t= 26.00 max|qacc|=      98.0 max|qvel|=   1.49 ncon=  0 com_z=0.930 com_x=-0.134
t= 26.50 max|qacc|=      38.3 max|qvel|=   0.80 ncon=  0 com_z=0.930 com_x=-0.133
t= 27.00 max|qacc|=      68.9 max|qvel|=   1.14 ncon=  0 com_z=0.930 com_x=-0.134
t= 27.50 max|qacc|=      60.1 max|qvel|=   0.67 ncon=  0 com_z=0.930 com_x=-0.134
t= 28.00 max|qacc|=      91.6 max|qvel|=   1.55 ncon=  0 com_z=0.930 com_x=-0.134
t= 28.50 max|qacc|=      53.7 max|qvel|=   0.66 ncon=  0 com_z=0.930 com_x=-0.134
t= 29.00 max|qacc|=      44.0 max|qvel|=   0.96 ncon=  0 com_z=0.930 com_x=-0.133
t= 29.50 max|qacc|=      52.9 max|qvel|=   0.65 ncon=  0 com_z=0.930 com_x=-0.134
t= 30.00 max|qacc|=      68.4 max|qvel|=   1.64 ncon=  0 com_z=0.930 com_x=-0.134
t= 30.50 max|qacc|=      76.4 max|qvel|=   0.88 ncon=  0 com_z=0.930 com_x=-0.133
t= 31.00 max|qacc|=      42.4 max|qvel|=   0.91 ncon=  0 com_z=0.930 com_x=-0.134
t= 31.50 max|qacc|=     122.9 max|qvel|=   1.38 ncon=  0 com_z=0.930 com_x=-0.134
t= 32.00 max|qacc|=      92.4 max|qvel|=   0.96 ncon=  0 com_z=0.930 com_x=-0.134
t= 32.50 max|qacc|=      57.2 max|qvel|=   0.93 ncon=  0 com_z=0.930 com_x=-0.134
t= 33.00 max|qacc|=      27.9 max|qvel|=   0.74 ncon=  0 com_z=0.930 com_x=-0.134
t= 33.50 max|qacc|=      80.8 max|qvel|=   0.70 ncon=  0 com_z=0.930 com_x=-0.134
t= 34.00 max|qacc|=      71.1 max|qvel|=   1.66 ncon=  0 com_z=0.930 com_x=-0.134
t= 34.50 max|qacc|=      99.3 max|qvel|=   0.61 ncon=  0 com_z=0.930 com_x=-0.133
t= 35.00 max|qacc|=      91.3 max|qvel|=   0.73 ncon=  0 com_z=0.930 com_x=-0.134
t= 35.50 max|qacc|=      71.3 max|qvel|=   0.82 ncon=  0 com_z=0.930 com_x=-0.134
t= 36.00 max|qacc|=      55.2 max|qvel|=   0.90 ncon=  0 com_z=0.930 com_x=-0.134
t= 36.50 max|qacc|=      77.1 max|qvel|=   0.42 ncon=  0 com_z=0.930 com_x=-0.134

== summary ==
pelvis/COM height: start 0.94 m, min 0.92 m, final 0.93 m  (stayed up)
COM x: min -0.16 max -0.09 final -0.13 m
COM y: min -0.020 max -0.000 m
RG_F_r bursts during walk window: 24
RG_r: cycles in window 47, period 0.21 s (4.69 Hz), E-duty 0.42
RG_l: cycles in window 47, period 0.21 s (4.69 Hz), E-duty 0.42
peak ctrl: [0.52 0.83 0.88 0.7  0.41 0.37 0.74 0.49 0.41 0.1  0.52 0.83 0.88 0.65
 0.41 0.37 0.67 0.49 0.41 0.1 ] (('vas_lat_r', 'med_gas_r', 'soleus_r', 'tib_ant_r', 'psoas_r', 'semimem_r', 'glut_max2_r', 'rect_fem_r', 'sar_r', 'grac_r', 'vas_lat_l', 'med_gas_l', 'soleus_l', 'tib_ant_l', 'psoas_l', 'semimem_l', 'glut_max2_l', 'rect_fem_l', 'sar_l', 'grac_l'))
  hip_flexion_r        -20.8 ..    32.4 deg
  knee_angle_r         -92.6 ..    13.4 deg
  ankle_angle_r        -70.5 ..    14.9 deg
  hip_adduction_r       -2.3 ..    18.6 deg
  subtalar_angle_r      -3.1 ..    16.5 deg
  hip_flexion_l        -29.6 ..    25.4 deg
  knee_angle_l         -99.2 ..    13.5 deg
  ankle_angle_l        -74.1 ..    12.7 deg
  hip_adduction_l       -8.0 ..    16.6 deg
  subtalar_angle_l      -3.2 ..    23.9 deg
  pelvis_tilt           -1.9 ..     0.4 deg
  pelvis_list           -0.5 ..    -0.2 deg
  pelvis_rotation        2.3 ..     2.5 deg
saved spinal_run.npz
saved spinal_run.png
AIR SMOKE {"net": "spiking", "npz": "scratch_spk_air_spiking.npz", "finite": true, "rises": 53, "knee_min": -92.61014066573291, "knee_range": 105.99698138625921, "hip_range": 50.3985931061703, "ankle_range": 85.01726466294896, "e_duty": 0.25874902788579046, "period_s": 0.21511538461538462}
