D:\Anaconda\envs\myo\lib\site-packages\sns_toolbox\backends.py:182: RuntimeWarning: overflow encountered in subtract
  self.theta = np.maximum(self.theta_increment, self.theta_floor-self.theta)*(-self.spikes) + self.theta
target: analog period 0.399 s at DRIVE 2.5
  k_ns  tau_th   inc   period     fE     fF bursts  alt
  0.25    0.20  0.40    0.133   15.5    0.0    149 False
  0.25    0.20  0.80    0.144   14.1    0.0    138 False
  0.25    0.20  1.50    0.176   11.6    0.0    113 False
  0.25    0.35  0.40    0.143   14.3    0.0    139 False
  0.25    0.35  0.80    0.180   11.4    0.0    111 False
  0.25    0.35  1.50    0.118    8.5    0.0    168 False
  0.40    0.20  0.40    0.124   25.5    0.0    160 False
  0.40    0.20  0.80    0.141   21.4    0.0    141 False
  0.40    0.20  1.50    0.118   17.2    0.0    168 False
  0.40    0.35  0.40    0.144   21.9    0.0    138 False
  0.40    0.35  0.80    0.119   17.4    0.0    168 False
  0.40    0.35  1.50    0.157   13.1    0.0    127 False
  0.55    0.20  0.40    0.129   33.2    0.0    155 False
  0.55    0.20  0.80    0.112   27.7    0.0    178 False
  0.55    0.20  1.50    0.146   21.9    0.0    137 False
  0.55    0.35  0.40    0.110   28.5    0.0    181 False
  0.55    0.35  0.80    0.149   22.2    0.0    134 False
  0.55    0.35  1.50    0.128   16.6    0.0    156 False
  0.70    0.20  0.40    0.131   40.6    0.0    152 False
  0.70    0.20  0.80    0.129   33.2    0.0    155 False
  0.70    0.20  1.50    0.119   26.0    0.0    168 False
  0.70    0.35  0.40    0.125   34.5    0.0    160 False
  0.70    0.35  0.80    0.116   26.4    0.0    172 False
  0.70    0.35  1.50    0.107   19.7    0.0    187 False
BEST: None
