D:\Anaconda\envs\myo\lib\site-packages\sns_toolbox\backends.py:182: RuntimeWarning: overflow encountered in subtract
  self.theta = np.maximum(self.theta_increment, self.theta_floor-self.theta)*(-self.spikes) + self.theta
target: analog period 0.399 s at DRIVE 2.5
  k_ns  tau_th   inc   period     fE     fF bursts  alt
  0.25    0.15  1.50    0.157   13.0    0.0    127 False
  0.25    0.15  2.00    0.170   11.8    0.0    118 False
  0.25    0.15  2.50    0.188   10.9    0.0    106 False
  0.25    0.15  3.00    0.202   10.1    0.0     99 False
  0.25    0.15  4.00    0.112    8.9    0.0    177 False
  0.25    0.25  1.50    0.196   10.3    0.0    102 False
  0.25    0.25  2.00    0.111    9.0    0.0    178 False
  0.25    0.25  2.50    0.124    8.1    0.0    160 False
  0.25    0.25  3.00    0.269    5.0    3.6     74 True
  0.25    0.25  4.00    0.219    4.5    3.0     90 True
  0.25    0.35  1.50    0.118    8.5    0.0    168 False
  0.25    0.35  2.00    0.222    5.3    3.6     88 True
  0.25    0.35  2.50    0.262    4.5    3.8     76 True
  0.25    0.35  3.00    0.229    4.3    2.9     87 False
  0.25    0.35  4.00    0.305    3.3    3.2     66 True
  0.35    0.15  1.50    0.117   17.5    0.0    170 False
  0.35    0.15  2.00    0.134   15.8    0.0    149 False
  0.35    0.15  2.50    0.140   14.6    0.0    142 False
  0.35    0.15  3.00    0.149   13.5    0.0    134 False
  0.35    0.15  4.00    0.171   11.8    0.0    117 False
  0.35    0.25  1.50    0.147   14.0    0.0    136 False
  0.35    0.25  2.00    0.166   12.2    0.0    120 False
  0.35    0.25  2.50    0.188   10.9    0.0    106 False
  0.35    0.25  3.00    0.102    9.9    0.0    195 False
  0.35    0.25  4.00    0.206    6.0    4.2     97 True
  0.35    0.35  1.50    0.175   11.7    0.0    114 False
  0.35    0.35  2.00    0.102    9.9    0.0    194 False
  0.35    0.35  2.50    0.220    6.3    4.3     91 True
  0.35    0.35  3.00    0.227    5.5    4.3     87 True
  0.35    0.35  4.00    0.340    4.3    4.3     58 True
  0.45    0.15  1.50    0.141   21.4    0.0    141 False
  0.45    0.15  2.00    0.110   19.2    0.0    181 False
  0.45    0.15  2.50    0.116   17.6    0.0    172 False
  0.45    0.15  3.00    0.128   16.3    0.0    156 False
  0.45    0.15  4.00    0.144   14.2    0.0    138 False
  0.45    0.25  1.50    0.121   17.1    0.0    164 False
  0.45    0.25  2.00    0.138   14.9    0.0    144 False
  0.45    0.25  2.50    0.152   13.3    0.0    132 False
  0.45    0.25  3.00    0.167   12.1    0.0    120 False
  0.45    0.25  4.00    0.257    7.7    4.8     78 True
  0.45    0.35  1.50    0.144   14.3    0.0    138 False
  0.45    0.35  2.00    0.166   12.2    0.0    120 False
  0.45    0.35  2.50    0.264    8.1    4.5     76 True
  0.45    0.35  3.00    0.236    6.9    5.3     85 True
  0.45    0.35  4.00    0.225    6.0    4.5     88 True
BEST: (0.34005263157894744, 0.35, 0.35, 4.0, 4.35, 4.35)
