trial states: [('COMPLETE', 163)]
trial   0 COMPLETE  value=-254.93593165481468
trial   1 COMPLETE  value=-256.697455888331
trial   2 COMPLETE  value=-320.0
trial   3 COMPLETE  value=-320.0
trial   4 COMPLETE  value=-320.0
trial   5 COMPLETE  value=-320.0
trial   6 COMPLETE  value=-320.0
trial   7 COMPLETE  value=-320.0
trial   8 COMPLETE  value=-259.8342658639652
trial   9 COMPLETE  value=-275.44476459711734
trial  10 COMPLETE  value=-249.6766665445457
trial  11 COMPLETE  value=-254.51305947059598
trial  12 COMPLETE  value=-260.3239684910716
trial  13 COMPLETE  value=-320.0
trial  14 COMPLETE  value=-237.2533650267864
trial  15 COMPLETE  value=-244.57764662149845
trial  16 COMPLETE  value=-320.0
trial  17 COMPLETE  value=-320.0
trial  18 COMPLETE  value=-320.0
trial  19 COMPLETE  value=-320.0
trial  20 COMPLETE  value=-320.0
trial  21 COMPLETE  value=-320.0
trial  22 COMPLETE  value=-247.88080139282948
trial  23 COMPLETE  value=-217.55888048070426
trial  24 COMPLETE  value=-320.0
trial  25 COMPLETE  value=-255.09202651713196
trial  26 COMPLETE  value=-265.79303132968744
trial  27 COMPLETE  value=-320.0
trial  28 COMPLETE  value=-320.0
trial  29 COMPLETE  value=-320.0
trial  30 COMPLETE  value=-243.91918040364226
trial  31 COMPLETE  value=-241.29748048325132
trial  32 COMPLETE  value=-201.68183048969664
trial  33 COMPLETE  value=-212.20065573177538
trial  34 COMPLETE  value=-320.0
trial  35 COMPLETE  value=-320.0
trial  36 COMPLETE  value=-320.0
trial  37 COMPLETE  value=-223.09108881223455
trial  38 COMPLETE  value=-210.18695995882905
trial  39 COMPLETE  value=-218.8012210490616
trial  40 COMPLETE  value=-320.0
trial  41 COMPLETE  value=-320.0
trial  42 COMPLETE  value=-251.21447695548494
trial  43 COMPLETE  value=-220.11723222373945
trial  44 COMPLETE  value=-320.0
trial  45 COMPLETE  value=-234.7102239761935
trial  46 COMPLETE  value=-199.63796166573482
trial  47 COMPLETE  value=-250.8206107095092
trial  48 COMPLETE  value=-320.0
trial  49 COMPLETE  value=-219.01936489775824
trial  50 COMPLETE  value=-204.36010281134674
trial  51 COMPLETE  value=-225.02126188207177
trial  52 COMPLETE  value=-298.729595022236
trial  53 COMPLETE  value=-320.0
trial  54 COMPLETE  value=-235.6586027640306
trial  55 COMPLETE  value=-312.4427198457646
trial  56 COMPLETE  value=-212.82973618756986
trial  57 COMPLETE  value=-204.52867746697504
trial  58 COMPLETE  value=-320.0
trial  59 COMPLETE  value=-236.66518643175
trial  60 COMPLETE  value=-209.70757769874817
trial  61 COMPLETE  value=-207.31619697719123
trial  62 COMPLETE  value=-243.32999446137143
trial  63 COMPLETE  value=-202.1336301722195
trial  64 COMPLETE  value=-182.6023843453268
trial  65 COMPLETE  value=-214.5264212498886
trial  66 COMPLETE  value=-217.0372222121673
trial  67 COMPLETE  value=-209.51561779627443
trial  68 COMPLETE  value=-239.12619998310691
trial  69 COMPLETE  value=-193.95455577244857
trial  70 COMPLETE  value=-200.49752724565633
trial  71 COMPLETE  value=-202.89263965903234
trial  72 COMPLETE  value=-207.3074264512732
trial  73 COMPLETE  value=-197.9182960889787
trial  74 COMPLETE  value=-190.05180337652635
trial  75 COMPLETE  value=-200.372246306645
trial  76 COMPLETE  value=-197.89670297327012
trial  77 COMPLETE  value=-212.4121491403527
trial  78 COMPLETE  value=-320.0
trial  79 COMPLETE  value=-182.43168668290798
trial  80 COMPLETE  value=-197.56359340367118
trial  81 COMPLETE  value=-203.55179915995515
trial  82 COMPLETE  value=-185.0565959178219
trial  83 COMPLETE  value=-183.89393813991296
trial  84 COMPLETE  value=-320.0
trial  85 COMPLETE  value=-184.52162224891453
trial  86 COMPLETE  value=-196.44838022142787
trial  87 COMPLETE  value=-199.4618439850968
trial  88 COMPLETE  value=-210.08039912828661
trial  89 COMPLETE  value=-192.27182360543063
trial  90 COMPLETE  value=-188.7683939196885
trial  91 COMPLETE  value=-217.10261557329017
trial  92 COMPLETE  value=-194.97209928922734
trial  93 COMPLETE  value=-195.73253763189425
trial  94 COMPLETE  value=-201.35847094413805
trial  95 COMPLETE  value=-205.8974376310438
trial  96 COMPLETE  value=-320.0
trial  97 COMPLETE  value=-190.92260802517671
trial  98 COMPLETE  value=-320.0
trial  99 COMPLETE  value=-320.0
trial 100 COMPLETE  value=-197.3164892233839
trial 101 COMPLETE  value=-183.41855886197416
trial 102 COMPLETE  value=-184.68945526217416
trial 103 COMPLETE  value=-320.0
trial 104 COMPLETE  value=-320.0
trial 105 COMPLETE  value=-320.0
trial 106 COMPLETE  value=-200.6500835933944
trial 107 COMPLETE  value=-190.39202147922546
trial 108 COMPLETE  value=-197.75151791789145
trial 109 COMPLETE  value=-180.8447656274239
trial 110 COMPLETE  value=-182.57493239130838
trial 111 COMPLETE  value=-320.0
trial 112 COMPLETE  value=-200.93832514377328
trial 113 COMPLETE  value=-201.99546203285527
trial 114 COMPLETE  value=-320.0
trial 115 COMPLETE  value=-320.0
trial 116 COMPLETE  value=-320.0
trial 117 COMPLETE  value=-198.12538711974253
trial 118 COMPLETE  value=-320.0
trial 119 COMPLETE  value=-320.0
trial 120 COMPLETE  value=-189.7345036591039
trial 121 COMPLETE  value=-320.0
trial 122 COMPLETE  value=-184.63975570709
trial 123 COMPLETE  value=-206.24304924702753
trial 124 COMPLETE  value=-320.0
trial 125 COMPLETE  value=-320.0
trial 126 COMPLETE  value=-320.0
trial 127 COMPLETE  value=-185.62471428111877
trial 128 COMPLETE  value=-320.0
trial 129 COMPLETE  value=-320.0
trial 130 COMPLETE  value=-320.0
trial 131 COMPLETE  value=-209.237884715243
trial 132 COMPLETE  value=-186.48222227681774
trial 133 COMPLETE  value=-192.725369477366
trial 134 COMPLETE  value=-320.0
trial 135 COMPLETE  value=-192.59929636575671
trial 136 COMPLETE  value=-320.0
trial 137 COMPLETE  value=-190.59359735453106
trial 138 COMPLETE  value=-320.0
trial 139 COMPLETE  value=-186.9769693921476
trial 140 COMPLETE  value=-188.59223989642936
trial 141 COMPLETE  value=-320.0
trial 142 COMPLETE  value=-185.42335887420228
trial 143 COMPLETE  value=-186.38105796185388
trial 144 COMPLETE  value=-191.6801101096709
trial 145 COMPLETE  value=-193.13311335805608
trial 146 COMPLETE  value=-320.0
trial 147 COMPLETE  value=-191.6220535290869
trial 148 COMPLETE  value=-213.34435657854235
trial 149 COMPLETE  value=-196.70153776723365
trial 150 COMPLETE  value=-194.0830322768712
trial 151 COMPLETE  value=-320.0
trial 152 COMPLETE  value=-185.63819105744224
trial 153 COMPLETE  value=-320.0
trial 154 COMPLETE  value=-320.0
trial 155 COMPLETE  value=-200.62427743146185
trial 156 COMPLETE  value=-204.19296099022034
trial 157 COMPLETE  value=-197.62783301859716
trial 158 COMPLETE  value=-320.0
trial 159 COMPLETE  value=-186.96878400433704
trial 160 COMPLETE  value=-205.16718642187817
trial 161 COMPLETE  value=-200.10405191306842
trial 162 COMPLETE  value=-187.6725051225513
floor census: -400(NaN)=0 -320(frozen)=56 -315(clip)=0 real kine=107
winner json: score -180.8447656274239 trial 109 params {"drive": 3.726668675564525, "rg_nap_h": 0.46796674276828837, "desc_e": 1.4121488214966413, "desc_f": 1.6910677740633693, "rg_to_pf": 1.8691892365425817, "heel_rge": 0.05674856402414295, "toe_rge": 0.06508477691762467, "rg_mutual_inh": 5.109968208946456, "rg_weak_exc": 0.19600890150840244, "pf_recip_inh": 4.755348585032514}
