n_trials=68 COMPLETE=68
values: [-9.804, 44.009, -9.392, 40.161, -6.743, 35.276, -10.306, -7.182, -10.321, -10.294, -10.37, 36.709, -10.332, 60.23, -6.85, -7.125, -6.133, -6.0, 49.93, -10.273, 43.15, 43.518, 80.59, 50.124, 62.692, -10.372, -9.902, -10.326, -7.004, -9.066, 64.711, 50.105, 40.201, 68.38, 40.296, 42.082, -7.306, 78.485, 65.694, 41.376, 39.248, -7.753, 45.986, 40.091, 63.838, 43.672, 72.174, 44.09, 71.51, 94.925, 68.973, 65.357, 88.051, 77.558, 53.414, 64.659, -7.33, -7.287, -8.157, 67.556, 65.195, 78.524, -7.552, -7.861, -7.126, 58.613, 34.598, -7.457]
trial0(seed=stage1 winner + aff)=-9.804  best=94.925
sentinel(<=-199.5)=0  gate-or-below(<8)=28  real-rhythm(>8)=40
winner params: {'drive': 2.6579167195253106, 'rg_nap_h': 0.28932092726980607, 'desc_e': 1.5619163747753795, 'desc_f': 1.745403053321142, 'rg_to_pf': 2.052042200305171, 'ia_to_mn': 0.4312960410546168, 'ia_to_antagonist': 0.35739613715333096, 'ii_to_mn': 0.041887777777222676, 'ib_to_mn_inh': 0.21760457227091112}
fitted baseline loaded: e2_pf=0.222 f1_df=0.098 f1_kf=0.148 post_kneext=0.011 post_hipext=0.068 desc_f=1.400 e2_adapt=1.700
start pose (normal): applied 20 coordinates as given; pelvis ty 0.920 m (env override unset); IMU-metric torso lean -0.0 deg (+ = back)
standing solve: nnls x in [0.00, 0.70], >0.1: 14 muscles
  top: add_long_l=0.70, tib_ant_r=0.61, tib_ant_l=0.46, ext_dig_r=0.37, glut_min1_l=0.33, pect_l=0.32, glut_min2_l=0.31, ext_dig_l=0.25
Fmax range: 5..3396 N | L range sample: [0.229942 0.326094]
t=  0.62 precursor: max|qacc|=1.21e+03 max|qvel|=30.9 (dof 55), ncon=0, max ctrl=0.98
t=  0.62 precursor: max|qacc|=1.21e+03 max|qvel|=31.9 (dof 55), ncon=0, max ctrl=0.98
t=  0.62 precursor: max|qacc|=1.15e+03 max|qvel|=32.6 (dof 55), ncon=0, max ctrl=0.98
t=  0.62 precursor: max|qacc|=1.02e+03 max|qvel|=33.1 (dof 55), ncon=0, max ctrl=0.97
t=  0.63 precursor: max|qacc|=841 max|qvel|=33.4 (dof 55), ncon=0, max ctrl=0.97
t=  0.63 precursor: max|qacc|=602 max|qvel|=33.4 (dof 55), ncon=0, max ctrl=0.97
t=  0.63 precursor: max|qacc|=3.34e+03 max|qvel|=33.3 (dof 55), ncon=0, max ctrl=0.97
t=  0.63 precursor: max|qacc|=4.11e+03 max|qvel|=33.1 (dof 55), ncon=0, max ctrl=0.97
t=  0.63 precursor: max|qacc|=3.52e+03 max|qvel|=32.8 (dof 55), ncon=0, max ctrl=0.97
t=  1.00 max|qacc|=      98.6 max|qvel|=   1.66 ncon=  0 com_z=0.978 com_x=-0.208
t=  1.50 max|qacc|=      39.5 max|qvel|=   2.58 ncon=  0 com_z=0.941 com_x=-0.176
t=  2.00 max|qacc|=      86.6 max|qvel|=   1.23 ncon=  0 com_z=0.954 com_x=-0.190
t=  2.50 max|qacc|=      74.8 max|qvel|=   0.84 ncon=  0 com_z=0.942 com_x=-0.180
t=  3.00 max|qacc|=      87.4 max|qvel|=   0.73 ncon=  0 com_z=0.953 com_x=-0.188
t=  3.50 max|qacc|=     191.6 max|qvel|=   0.78 ncon=  0 com_z=0.943 com_x=-0.178
t=  4.00 max|qacc|=      36.3 max|qvel|=   0.30 ncon=  0 com_z=0.950 com_x=-0.187
t=  4.50 max|qacc|=     340.5 max|qvel|=   0.91 ncon=  0 com_z=0.944 com_x=-0.178
t=  5.00 max|qacc|=      41.5 max|qvel|=   1.97 ncon=  0 com_z=0.958 com_x=-0.121
t=  5.50 max|qacc|=     274.8 max|qvel|=   6.55 ncon=  0 com_z=0.951 com_x=-0.170
t=  6.00 max|qacc|=     116.6 max|qvel|=   7.22 ncon=  0 com_z=0.940 com_x=-0.149
t=  6.50 max|qacc|=      48.1 max|qvel|=   6.23 ncon=  0 com_z=0.940 com_x=-0.160
t=  7.00 max|qacc|=     312.6 max|qvel|=   5.36 ncon=  0 com_z=0.938 com_x=-0.159
t=  7.50 max|qacc|=     127.9 max|qvel|=   5.44 ncon=  0 com_z=0.938 com_x=-0.156
t=  8.00 max|qacc|=      91.5 max|qvel|=   5.67 ncon=  0 com_z=0.936 com_x=-0.156
t=  8.50 max|qacc|=     151.4 max|qvel|=   5.94 ncon=  0 com_z=0.937 com_x=-0.152
t=  9.00 max|qacc|=     313.9 max|qvel|=   9.80 ncon=  0 com_z=0.935 com_x=-0.148
t=  9.50 max|qacc|=     759.0 max|qvel|=   3.39 ncon=  0 com_z=0.937 com_x=-0.146
t= 10.00 max|qacc|=     172.8 max|qvel|=   5.69 ncon=  0 com_z=0.936 com_x=-0.144
t= 10.50 max|qacc|=     998.3 max|qvel|=   2.93 ncon=  0 com_z=0.937 com_x=-0.146
t= 11.00 max|qacc|=     144.8 max|qvel|=  15.49 ncon=  0 com_z=0.936 com_x=-0.146
t= 11.50 max|qacc|=     215.7 max|qvel|=  13.64 ncon=  0 com_z=0.936 com_x=-0.147
t= 12.00 max|qacc|=     344.7 max|qvel|=   9.18 ncon=  0 com_z=0.938 com_x=-0.149
t= 12.50 max|qacc|=     562.7 max|qvel|=   2.81 ncon=  0 com_z=0.939 com_x=-0.153
t= 13.00 max|qacc|=     265.6 max|qvel|=   5.69 ncon=  0 com_z=0.939 com_x=-0.156
t= 13.50 max|qacc|=      73.7 max|qvel|=   6.24 ncon=  0 com_z=0.938 com_x=-0.159
t= 14.00 max|qacc|=      42.3 max|qvel|=   6.36 ncon=  0 com_z=0.938 com_x=-0.159
t= 14.50 max|qacc|=      75.2 max|qvel|=   5.35 ncon=  0 com_z=0.938 com_x=-0.158
t= 15.00 max|qacc|=      56.1 max|qvel|=   5.34 ncon=  0 com_z=0.938 com_x=-0.157
t= 15.50 max|qacc|=     228.2 max|qvel|=   2.47 ncon=  0 com_z=0.937 com_x=-0.160
t= 16.00 max|qacc|=     185.7 max|qvel|=   5.80 ncon=  0 com_z=0.947 com_x=-0.142
t= 16.50 max|qacc|=      26.7 max|qvel|=   0.98 ncon=  0 com_z=0.936 com_x=-0.141
t= 17.00 max|qacc|=      96.0 max|qvel|=   1.81 ncon=  0 com_z=0.946 com_x=-0.132
t= 17.50 max|qacc|=     107.1 max|qvel|=   0.83 ncon=  0 com_z=0.944 com_x=-0.142
t= 18.00 max|qacc|=      14.3 max|qvel|=   0.61 ncon=  0 com_z=0.940 com_x=-0.138
t= 18.50 max|qacc|=      24.1 max|qvel|=   0.80 ncon=  0 com_z=0.942 com_x=-0.140
t= 19.00 max|qacc|=      34.1 max|qvel|=   0.53 ncon=  0 com_z=0.944 com_x=-0.140
t= 19.50 max|qacc|=      13.4 max|qvel|=   0.36 ncon=  0 com_z=0.941 com_x=-0.138
t= 20.00 max|qacc|=      74.9 max|qvel|=   0.21 ncon=  0 com_z=0.941 com_x=-0.140
t= 20.50 max|qacc|=      41.4 max|qvel|=   0.36 ncon=  0 com_z=0.943 com_x=-0.139
t= 21.00 max|qacc|=      43.4 max|qvel|=   0.69 ncon=  0 com_z=0.942 com_x=-0.138
t= 21.50 max|qacc|=      49.3 max|qvel|=   0.28 ncon=  0 com_z=0.941 com_x=-0.140
t= 22.00 max|qacc|=     317.7 max|qvel|=   0.45 ncon=  0 com_z=0.942 com_x=-0.139
t= 22.50 max|qacc|=      49.1 max|qvel|=   0.29 ncon=  0 com_z=0.942 com_x=-0.139
t= 23.00 max|qacc|=     168.6 max|qvel|=   0.36 ncon=  0 com_z=0.942 com_x=-0.140
t= 23.50 max|qacc|=     118.6 max|qvel|=   0.45 ncon=  0 com_z=0.942 com_x=-0.139
t= 24.00 max|qacc|=      53.4 max|qvel|=   0.22 ncon=  0 com_z=0.942 com_x=-0.139
t= 24.50 max|qacc|=      80.2 max|qvel|=   0.28 ncon=  0 com_z=0.942 com_x=-0.140
t= 25.00 max|qacc|=      21.2 max|qvel|=   0.16 ncon=  0 com_z=0.942 com_x=-0.139
t= 25.50 max|qacc|=      39.4 max|qvel|=   0.19 ncon=  0 com_z=0.942 com_x=-0.139
t= 26.00 max|qacc|=      24.4 max|qvel|=   0.24 ncon=  0 com_z=0.942 com_x=-0.140
t= 26.50 max|qacc|=      21.1 max|qvel|=   0.17 ncon=  0 com_z=0.942 com_x=-0.139
t= 27.00 max|qacc|=      54.6 max|qvel|=   0.33 ncon=  0 com_z=0.942 com_x=-0.139
t= 27.50 max|qacc|=     454.4 max|qvel|=   0.47 ncon=  0 com_z=0.942 com_x=-0.140
t= 28.00 max|qacc|=      22.2 max|qvel|=   0.20 ncon=  0 com_z=0.942 com_x=-0.138
t= 28.50 max|qacc|=     167.3 max|qvel|=   0.40 ncon=  0 com_z=0.942 com_x=-0.139
t= 29.00 max|qacc|=     153.2 max|qvel|=   0.48 ncon=  0 com_z=0.942 com_x=-0.139
t= 29.50 max|qacc|=     132.6 max|qvel|=   0.95 ncon=  0 com_z=0.942 com_x=-0.139
t= 30.00 max|qacc|=     156.5 max|qvel|=   0.53 ncon=  0 com_z=0.942 com_x=-0.139
t= 30.50 max|qacc|=      73.7 max|qvel|=   0.88 ncon=  0 com_z=0.942 com_x=-0.139

== summary ==
pelvis/COM height: start 0.94 m, min 0.93 m, final 0.94 m  (stayed up)
COM x: min -0.21 max -0.11 final -0.14 m
COM y: min -0.038 max +0.039 m
RG_F_r bursts during walk window: 19
RG_r: cycles in window 19, period 0.53 s (1.87 Hz), E-duty 0.37
peak ctrl: [0.93 0.97 0.98 0.79 0.28 0.76 0.43 0.92 0.15 0.75 0.93 0.98 0.99 0.37
 0.01 0.77 0.41 0.78 0.   0.78] (('vas_lat_r', 'med_gas_r', 'soleus_r', 'tib_ant_r', 'psoas_r', 'semimem_r', 'glut_max2_r', 'rect_fem_r', 'sar_r', 'grac_r', 'vas_lat_l', 'med_gas_l', 'soleus_l', 'tib_ant_l', 'psoas_l', 'semimem_l', 'glut_max2_l', 'rect_fem_l', 'sar_l', 'grac_l'))
  hip_flexion_r        -55.6 ..    46.4 deg
  knee_angle_r         -69.8 ..    12.9 deg
  ankle_angle_r        -81.0 ..    51.2 deg
  hip_adduction_r      -39.4 ..    20.3 deg
  subtalar_angle_r     -11.6 ..    16.0 deg
  hip_flexion_l        -16.6 ..    65.2 deg
  knee_angle_l          -8.2 ..    11.1 deg
  ankle_angle_l        -84.2 ..     9.8 deg
  hip_adduction_l      -25.5 ..    14.3 deg
  subtalar_angle_l     -15.4 ..     0.0 deg
  pelvis_tilt           -1.9 ..     1.0 deg
  pelvis_list           -1.6 ..     0.3 deg
  pelvis_rotation        2.0 ..     2.8 deg
saved spinal_run.npz
(plot skipped: 'PF_E2_r')
REPRO: rises=20 knee_min=-69.8490 rge_range=8.6520 recomputed_score=94.924507 json_score=94.924507 delta=0.000000
exploit gate: rises>=3 -> PASS (real rhythm)
