trial states: [('COMPLETE', 48)]
trial   0 COMPLETE  value=34.51920528024778
trial   1 COMPLETE  value=6.549902443739246
trial   2 COMPLETE  value=18.911354193279845
trial   3 COMPLETE  value=-150.0
trial   4 COMPLETE  value=-1.09888976341586
trial   5 COMPLETE  value=-7.835946391236417
trial   6 COMPLETE  value=-150.0
trial   7 COMPLETE  value=-150.0
trial   8 COMPLETE  value=9.503003385187151
trial   9 COMPLETE  value=13.478634200722214
trial  10 COMPLETE  value=-150.0
trial  11 COMPLETE  value=37.46299873272405
trial  12 COMPLETE  value=22.902513984928138
trial  13 COMPLETE  value=9.13224888984847
trial  14 COMPLETE  value=18.714543576455764
trial  15 COMPLETE  value=13.549348908905365
trial  16 COMPLETE  value=-150.0
trial  17 COMPLETE  value=25.941304230187566
trial  18 COMPLETE  value=32.704225303686684
trial  19 COMPLETE  value=13.700841126166026
trial  20 COMPLETE  value=28.56388212484349
trial  21 COMPLETE  value=24.2988896622253
trial  22 COMPLETE  value=18.24708148753318
trial  23 COMPLETE  value=34.54960053550887
trial  24 COMPLETE  value=25.438844685402223
trial  25 COMPLETE  value=16.474279315404672
trial  26 COMPLETE  value=16.73596868679423
trial  27 COMPLETE  value=25.665609566032764
trial  28 COMPLETE  value=9.22597328815463
trial  29 COMPLETE  value=20.58841161414492
trial  30 COMPLETE  value=20.898330098332817
trial  31 COMPLETE  value=25.643290628133386
trial  32 COMPLETE  value=28.108279278376564
trial  33 COMPLETE  value=34.3170754971445
trial  34 COMPLETE  value=25.393028894621896
trial  35 COMPLETE  value=34.32466217182529
trial  36 COMPLETE  value=28.88238677256697
trial  37 COMPLETE  value=18.791988847358656
trial  38 COMPLETE  value=33.58934374300197
trial  39 COMPLETE  value=26.800912537955604
trial  40 COMPLETE  value=33.4068582391779
trial  41 COMPLETE  value=9.958016523508801
trial  42 COMPLETE  value=23.757871937893334
trial  43 COMPLETE  value=25.737942576897225
trial  44 COMPLETE  value=22.299482803954003
trial  45 COMPLETE  value=27.985958679553434
trial  46 COMPLETE  value=25.980246629589608
trial  47 COMPLETE  value=37.07761670145486
floor census: -200(NaN)=0 -150(fall)=5 stood(score above floors)=43
winner json: score 37.46299873272405 trial 11 params {"drive": 3.6201718626693635, "rg_nap_h": 0.835643099007384, "desc_e": 1.571919674887666, "desc_f": 1.132722391188649, "rg_to_pf": 1.8987769676258348, "heel_rge": 0.4165401820806754, "toe_rge": 0.4774725734615205, "vest_prop": 0.3565682764226969, "rig_scale": 0.9458639224137748}
