fitted baseline loaded: e2_pf=0.222 f1_df=0.098 f1_kf=0.148 post_kneext=0.011 post_hipext=0.068 desc_f=1.400 e2_adapt=1.700
replay args: ['--no-ground', '--no-afferents', '--no-interleg', '--time', '14', '--drive', '3.6953842827410432']
replay searched params: {"drive": 3.6953842827410432, "rg_nap_h": 0.16427536924032474, "desc_e": 1.6243445063140594, "desc_f": 1.5788224735003806, "rg_to_pf": 2.808476747997545}
start pose (normal): applied 20 coordinates as given; pelvis ty 0.920 m (env override unset); IMU-metric torso lean -0.0 deg (+ = back)
standing solve: nnls x in [0.00, 0.70], >0.1: 14 muscles
  top: add_long_l=0.70, tib_ant_r=0.61, tib_ant_l=0.46, ext_dig_r=0.37, glut_min1_l=0.33, pect_l=0.32, glut_min2_l=0.31, ext_dig_l=0.25
Fmax range: 5..3396 N | L range sample: [0.229942 0.326094]
t=  1.00 max|qacc|=     121.4 max|qvel|=   1.61 ncon=  0 com_z=0.938 com_x=-0.149
t=  1.50 max|qacc|=     144.5 max|qvel|=   0.47 ncon=  0 com_z=0.937 com_x=-0.156
t=  2.00 max|qacc|=      27.7 max|qvel|=   0.20 ncon=  0 com_z=0.937 com_x=-0.154
t=  2.50 max|qacc|=      23.8 max|qvel|=   0.15 ncon=  0 com_z=0.937 com_x=-0.156
t=  3.00 max|qacc|=      10.8 max|qvel|=   0.15 ncon=  0 com_z=0.937 com_x=-0.155
t=  3.50 max|qacc|=      28.6 max|qvel|=   0.14 ncon=  0 com_z=0.937 com_x=-0.155
t=  4.00 max|qacc|=      41.9 max|qvel|=   0.28 ncon=  0 com_z=0.937 com_x=-0.151
t=  4.50 max|qacc|=     137.2 max|qvel|=   1.95 ncon=  0 com_z=0.937 com_x=-0.152
t=  5.00 max|qacc|=     138.1 max|qvel|=   5.58 ncon=  0 com_z=0.938 com_x=-0.131
t=  5.50 max|qacc|=      82.1 max|qvel|=   2.34 ncon=  0 com_z=0.929 com_x=-0.116
t=  6.00 max|qacc|=     173.8 max|qvel|=   5.60 ncon=  0 com_z=0.934 com_x=-0.118
t=  6.50 max|qacc|=     144.5 max|qvel|=   3.86 ncon=  0 com_z=0.929 com_x=-0.116
t=  7.00 max|qacc|=      95.5 max|qvel|=   5.66 ncon=  0 com_z=0.931 com_x=-0.119
t=  7.50 max|qacc|=      90.6 max|qvel|=   5.91 ncon=  0 com_z=0.931 com_x=-0.115
t=  8.00 max|qacc|=      81.4 max|qvel|=   2.13 ncon=  0 com_z=0.931 com_x=-0.120
t=  8.50 max|qacc|=     197.4 max|qvel|=   4.10 ncon=  0 com_z=0.933 com_x=-0.116
t=  9.00 max|qacc|=      94.4 max|qvel|=   3.51 ncon=  0 com_z=0.930 com_x=-0.118
t=  9.50 max|qacc|=      84.6 max|qvel|=   6.24 ncon=  0 com_z=0.930 com_x=-0.118
t= 10.00 max|qacc|=      79.0 max|qvel|=   6.21 ncon=  0 com_z=0.930 com_x=-0.116
t= 10.50 max|qacc|=      88.2 max|qvel|=   1.87 ncon=  0 com_z=0.931 com_x=-0.120
t= 11.00 max|qacc|=     207.1 max|qvel|=   3.75 ncon=  0 com_z=0.933 com_x=-0.116
t= 11.50 max|qacc|=      61.9 max|qvel|=   3.39 ncon=  0 com_z=0.930 com_x=-0.118
t= 12.00 max|qacc|=      71.2 max|qvel|=   6.68 ncon=  0 com_z=0.930 com_x=-0.118
t= 12.50 max|qacc|=      57.6 max|qvel|=   6.18 ncon=  0 com_z=0.930 com_x=-0.116
t= 13.00 max|qacc|=      95.2 max|qvel|=   1.57 ncon=  0 com_z=0.931 com_x=-0.120
t= 13.50 max|qacc|=     200.8 max|qvel|=   3.16 ncon=  0 com_z=0.934 com_x=-0.116
t= 14.00 max|qacc|=      57.4 max|qvel|=   3.02 ncon=  0 com_z=0.930 com_x=-0.118
t= 14.50 max|qacc|=      82.8 max|qvel|=   7.13 ncon=  0 com_z=0.930 com_x=-0.118
t= 15.00 max|qacc|=      38.8 max|qvel|=   5.85 ncon=  0 com_z=0.929 com_x=-0.116
t= 15.50 max|qacc|=    1413.7 max|qvel|=   3.94 ncon=  0 com_z=0.932 com_x=-0.126
t= 16.00 max|qacc|=     135.3 max|qvel|=   5.03 ncon=  0 com_z=0.938 com_x=-0.141
t= 16.50 max|qacc|=     181.7 max|qvel|=   1.07 ncon=  0 com_z=0.935 com_x=-0.148
t= 17.00 max|qacc|=      75.2 max|qvel|=   0.35 ncon=  0 com_z=0.938 com_x=-0.155
t= 17.50 max|qacc|=      36.6 max|qvel|=   0.34 ncon=  0 com_z=0.938 com_x=-0.156
t= 18.00 max|qacc|=      69.0 max|qvel|=   0.10 ncon=  0 com_z=0.937 com_x=-0.155
t= 18.50 max|qacc|=     122.2 max|qvel|=   0.27 ncon=  0 com_z=0.938 com_x=-0.156
t= 19.00 max|qacc|=     316.3 max|qvel|=   1.08 ncon=  0 com_z=0.937 com_x=-0.155
t= 19.50 max|qacc|=      17.3 max|qvel|=   0.54 ncon=  0 com_z=0.937 com_x=-0.156
t= 20.00 max|qacc|=    1022.5 max|qvel|=   0.96 ncon=  0 com_z=0.937 com_x=-0.155
t= 20.50 max|qacc|=     992.5 max|qvel|=   0.86 ncon=  0 com_z=0.938 com_x=-0.155
t= 21.00 max|qacc|=     256.8 max|qvel|=   1.16 ncon=  0 com_z=0.937 com_x=-0.155
t= 21.50 max|qacc|=     107.0 max|qvel|=   0.10 ncon=  0 com_z=0.937 com_x=-0.155
t= 22.00 max|qacc|=      41.6 max|qvel|=   0.10 ncon=  0 com_z=0.937 com_x=-0.155
t= 22.50 max|qacc|=      62.4 max|qvel|=   0.25 ncon=  0 com_z=0.937 com_x=-0.155
t= 23.00 max|qacc|=     207.7 max|qvel|=   0.39 ncon=  0 com_z=0.937 com_x=-0.155
t= 23.50 max|qacc|=     199.5 max|qvel|=   0.88 ncon=  0 com_z=0.937 com_x=-0.155
t= 24.00 max|qacc|=      11.7 max|qvel|=   0.20 ncon=  0 com_z=0.937 com_x=-0.155
t= 24.50 max|qacc|=      46.7 max|qvel|=   0.07 ncon=  0 com_z=0.937 com_x=-0.155
t= 25.00 max|qacc|=      50.8 max|qvel|=   0.24 ncon=  0 com_z=0.938 com_x=-0.155
t= 25.50 max|qacc|=      27.1 max|qvel|=   0.40 ncon=  0 com_z=0.937 com_x=-0.155
t= 26.00 max|qacc|=     239.5 max|qvel|=   1.21 ncon=  0 com_z=0.938 com_x=-0.155
t= 26.50 max|qacc|=      26.4 max|qvel|=   0.10 ncon=  0 com_z=0.937 com_x=-0.155
t= 27.00 max|qacc|=     690.9 max|qvel|=   0.36 ncon=  0 com_z=0.938 com_x=-0.155
t= 27.50 max|qacc|=      38.4 max|qvel|=   0.53 ncon=  0 com_z=0.937 com_x=-0.155
t= 28.00 max|qacc|=     202.0 max|qvel|=   1.19 ncon=  0 com_z=0.938 com_x=-0.155
t= 28.50 max|qacc|=      22.3 max|qvel|=   0.70 ncon=  0 com_z=0.937 com_x=-0.155
t= 29.00 max|qacc|=     441.5 max|qvel|=   0.28 ncon=  0 com_z=0.937 com_x=-0.155
t= 29.50 max|qacc|=      53.3 max|qvel|=   0.23 ncon=  0 com_z=0.937 com_x=-0.155
t= 30.00 max|qacc|=      72.1 max|qvel|=   1.82 ncon=  0 com_z=0.937 com_x=-0.155
t= 30.50 max|qacc|=     194.7 max|qvel|=   0.14 ncon=  0 com_z=0.937 com_x=-0.155

== summary ==
pelvis/COM height: start 0.94 m, min 0.93 m, final 0.94 m  (stayed up)
COM x: min -0.16 max -0.11 final -0.16 m
COM y: min -0.024 max +0.006 m
RG_F_r bursts during walk window: 28
RG_r: cycles in window 28, period 0.36 s (2.80 Hz), E-duty 0.51
RG_l: cycles in window 28, period 0.36 s (2.80 Hz), E-duty 0.51
peak ctrl: [1.   1.   1.   1.   0.84 1.   0.42 0.5  0.97 0.93 1.   1.   1.   1.
 0.99 1.   0.45 0.67 0.68 0.37] (('vas_lat_r', 'med_gas_r', 'soleus_r', 'tib_ant_r', 'psoas_r', 'semimem_r', 'glut_max2_r', 'rect_fem_r', 'sar_r', 'grac_r', 'vas_lat_l', 'med_gas_l', 'soleus_l', 'tib_ant_l', 'psoas_l', 'semimem_l', 'glut_max2_l', 'rect_fem_l', 'sar_l', 'grac_l'))
  hip_flexion_r          0.6 ..    37.2 deg
  knee_angle_r         -81.1 ..    10.3 deg
  ankle_angle_r        -65.1 ..    -1.7 deg
  hip_adduction_r       -5.7 ..    18.0 deg
  subtalar_angle_r     -10.9 ..     8.5 deg
  hip_flexion_l        -23.6 ..    23.4 deg
  knee_angle_l         -85.8 ..    10.4 deg
  ankle_angle_l        -67.8 ..     9.8 deg
  hip_adduction_l      -24.6 ..    24.5 deg
  subtalar_angle_l      -0.4 ..    11.8 deg
  pelvis_tilt           -1.9 ..     0.1 deg
  pelvis_list           -0.9 ..     0.1 deg
  pelvis_rotation        2.2 ..     2.6 deg
saved spinal_run.npz
(plot skipped: 'PF_E2_r')
replay npz cfg: air | RG_E_r idx 2 knee_angle_r idx 4
RG_E_r span: -1.2561..6.2938 (delta 7.5499)
knee window: min -80.48 max 10.32
RISES=30
recomputed score=130.2381  json score=130.2381  delta=+0.0000
VERDICT: REAL RHYTHM
