trial states: [('COMPLETE', 62)]
trial   0 COMPLETE  value=-197.21456977796157
trial   1 COMPLETE  value=-320.0
trial   2 COMPLETE  value=-320.0
trial   3 COMPLETE  value=-265.9259937772608
trial   4 COMPLETE  value=-320.0
trial   5 COMPLETE  value=-320.0
trial   6 COMPLETE  value=-320.0
trial   7 COMPLETE  value=-320.0
trial   8 COMPLETE  value=-320.0
trial   9 COMPLETE  value=-320.0
trial  10 COMPLETE  value=-320.0
trial  11 COMPLETE  value=-320.0
trial  12 COMPLETE  value=-265.05933104492345
trial  13 COMPLETE  value=-264.82913078806007
trial  14 COMPLETE  value=-320.0
trial  15 COMPLETE  value=-320.0
trial  16 COMPLETE  value=-320.0
trial  17 COMPLETE  value=-261.95373876332644
trial  18 COMPLETE  value=-263.2710525446246
trial  19 COMPLETE  value=-266.57069968991084
trial  20 COMPLETE  value=-268.83269914517115
trial  21 COMPLETE  value=-320.0
trial  22 COMPLETE  value=-320.0
trial  23 COMPLETE  value=-320.0
trial  24 COMPLETE  value=-320.0
trial  25 COMPLETE  value=-277.5654066268233
trial  26 COMPLETE  value=-320.0
trial  27 COMPLETE  value=-320.0
trial  28 COMPLETE  value=-320.0
trial  29 COMPLETE  value=-320.0
trial  30 COMPLETE  value=-216.26185001177856
trial  31 COMPLETE  value=-270.45368353665486
trial  32 COMPLETE  value=-320.0
trial  33 COMPLETE  value=-272.6517471601638
trial  34 COMPLETE  value=-271.29988785164846
trial  35 COMPLETE  value=-311.05274695067595
trial  36 COMPLETE  value=-320.0
trial  37 COMPLETE  value=-320.0
trial  38 COMPLETE  value=-320.0
trial  39 COMPLETE  value=-320.0
trial  40 COMPLETE  value=-268.6591083512822
trial  41 COMPLETE  value=-276.29488359834266
trial  42 COMPLETE  value=-320.0
trial  43 COMPLETE  value=-270.5214976928089
trial  44 COMPLETE  value=-320.0
trial  45 COMPLETE  value=-320.0
trial  46 COMPLETE  value=-275.0948931986286
trial  47 COMPLETE  value=-320.0
trial  48 COMPLETE  value=-320.0
trial  49 COMPLETE  value=-320.0
trial  50 COMPLETE  value=-270.36879528976993
trial  51 COMPLETE  value=-242.00958759221686
trial  52 COMPLETE  value=-320.0
trial  53 COMPLETE  value=-320.0
trial  54 COMPLETE  value=-320.0
trial  55 COMPLETE  value=-304.97650821347634
trial  56 COMPLETE  value=-289.09090579141446
trial  57 COMPLETE  value=-243.18227982843467
trial  58 COMPLETE  value=-266.3950834573972
trial  59 COMPLETE  value=-320.0
trial  60 COMPLETE  value=-270.3660627040155
trial  61 COMPLETE  value=-269.5226005247742
floor census: -400(NaN)=0 frozen/penalized-frozen=36 real kine=26
winner json: score -197.21456977796157 trial 0
winner params: {"drive": 2.7864122963006754, "rg_nap_h": 0.35255096658083446, "desc_e": 1.4795548178307811, "desc_f": 1.4494480217825445, "rg_to_pf": 2.024962521434292, "heel_rge": 0.12312339160142002, "toe_rge": 0.10178084469071401, "rg_mutual_inh": 4.594286048130957, "rg_weak_exc": 0.17694399639238834, "pf_recip_inh": 3.803773349445341, "contact_onset": 0.0, "contra_swing": 0.0, "ib_rge": 0.0}
