trial states: [('COMPLETE', 71)]
trial   0 COMPLETE  value=61.908021591541186
trial   1 COMPLETE  value=-5.3484402204688095
trial   2 COMPLETE  value=-5.3484402204688095
trial   3 COMPLETE  value=-10.35923298369644
trial   4 COMPLETE  value=-10.39562678663173
trial   5 COMPLETE  value=-10.322421243552235
trial   6 COMPLETE  value=62.943560369781316
trial   7 COMPLETE  value=-6.143914442312008
trial   8 COMPLETE  value=55.480415618224896
trial   9 COMPLETE  value=75.41291677963576
trial  10 COMPLETE  value=-10.3334894287978
trial  11 COMPLETE  value=74.96786634997063
trial  12 COMPLETE  value=79.8254683482003
trial  13 COMPLETE  value=61.60501732409541
trial  14 COMPLETE  value=44.60786098870507
trial  15 COMPLETE  value=61.16624217460148
trial  16 COMPLETE  value=85.57434275887577
trial  17 COMPLETE  value=95.6388239983187
trial  18 COMPLETE  value=-200.0
trial  19 COMPLETE  value=81.78375729472515
trial  20 COMPLETE  value=91.98460942663439
trial  21 COMPLETE  value=87.63142212678454
trial  22 COMPLETE  value=87.95851366773721
trial  23 COMPLETE  value=85.12818773569762
trial  24 COMPLETE  value=72.40943595131546
trial  25 COMPLETE  value=79.10894427236215
trial  26 COMPLETE  value=61.02866805045806
trial  27 COMPLETE  value=94.36735556369493
trial  28 COMPLETE  value=87.12627492846465
trial  29 COMPLETE  value=80.49680570982072
trial  30 COMPLETE  value=93.28102230170347
trial  31 COMPLETE  value=124.49212519400845
trial  32 COMPLETE  value=129.30716503789725
trial  33 COMPLETE  value=68.97044692572926
trial  34 COMPLETE  value=32.07060617226172
trial  35 COMPLETE  value=118.11858053019503
trial  36 COMPLETE  value=91.66138734583461
trial  37 COMPLETE  value=126.12942968609352
trial  38 COMPLETE  value=36.0874820021549
trial  39 COMPLETE  value=127.4640832469745
trial  40 COMPLETE  value=111.02624816831744
trial  41 COMPLETE  value=116.86526355768581
trial  42 COMPLETE  value=104.79213893373054
trial  43 COMPLETE  value=-200.0
trial  44 COMPLETE  value=-200.0
trial  45 COMPLETE  value=41.63465138030547
trial  46 COMPLETE  value=53.84413878410955
trial  47 COMPLETE  value=109.86164597599053
trial  48 COMPLETE  value=36.90170706402571
trial  49 COMPLETE  value=104.56043711822105
trial  50 COMPLETE  value=117.79811295473161
trial  51 COMPLETE  value=115.37146584172525
trial  52 COMPLETE  value=100.16055766129321
trial  53 COMPLETE  value=107.03736524132184
trial  54 COMPLETE  value=59.94337079569853
trial  55 COMPLETE  value=121.37718322582279
trial  56 COMPLETE  value=118.81384960412868
trial  57 COMPLETE  value=130.23812985048593
trial  58 COMPLETE  value=120.26006772663246
trial  59 COMPLETE  value=23.05855513052896
trial  60 COMPLETE  value=-200.0
trial  61 COMPLETE  value=103.14227660917119
trial  62 COMPLETE  value=108.71842265174573
trial  63 COMPLETE  value=-200.0
trial  64 COMPLETE  value=113.43825862947847
trial  65 COMPLETE  value=127.27059944033388
trial  66 COMPLETE  value=95.98942492800305
trial  67 COMPLETE  value=129.5451911172696
trial  68 COMPLETE  value=103.54551462564966
trial  69 COMPLETE  value=123.06350679620927
trial  70 COMPLETE  value=56.963967149528365
floor census: -200(NaN/unphysical/flutter)=5 -320(frozen)=0 <=25(gate/static)=8 >25(real rhythm)=58
winner json: score 130.23812985048593 trial 57 params {"drive": 3.6953842827410432, "rg_nap_h": 0.16427536924032474, "desc_e": 1.6243445063140594, "desc_f": 1.5788224735003806, "rg_to_pf": 2.808476747997545}
