trial states: [('COMPLETE', 68)]
trial   0 COMPLETE  value=80.74180250304013
trial   1 COMPLETE  value=-10.231572352651357
trial   2 COMPLETE  value=-10.368812559181688
trial   3 COMPLETE  value=-10.273399468136189
trial   4 COMPLETE  value=-7.460542180087524
trial   5 COMPLETE  value=-7.12350613887304
trial   6 COMPLETE  value=-10.387302013897077
trial   7 COMPLETE  value=-10.37393249307833
trial   8 COMPLETE  value=45.061778698797895
trial   9 COMPLETE  value=52.139687417002776
trial  10 COMPLETE  value=73.37623076203681
trial  11 COMPLETE  value=77.68471732734238
trial  12 COMPLETE  value=86.75078216700973
trial  13 COMPLETE  value=-7.496909208596703
trial  14 COMPLETE  value=80.57392935342818
trial  15 COMPLETE  value=63.64468925008042
trial  16 COMPLETE  value=80.67489581557625
trial  17 COMPLETE  value=47.96757755787152
trial  18 COMPLETE  value=69.02679063153201
trial  19 COMPLETE  value=89.8945268341277
trial  20 COMPLETE  value=-7.576522083080994
trial  21 COMPLETE  value=101.89528048008228
trial  22 COMPLETE  value=5.241218044538137
trial  23 COMPLETE  value=79.14600855611914
trial  24 COMPLETE  value=68.52034732299056
trial  25 COMPLETE  value=-7.621494215442695
trial  26 COMPLETE  value=80.20952233694909
trial  27 COMPLETE  value=73.52022134285706
trial  28 COMPLETE  value=78.28636905187314
trial  29 COMPLETE  value=96.8863749078024
trial  30 COMPLETE  value=74.84887228429452
trial  31 COMPLETE  value=101.68872728676445
trial  32 COMPLETE  value=78.6533324020213
trial  33 COMPLETE  value=79.41384367585839
trial  34 COMPLETE  value=33.59382419807309
trial  35 COMPLETE  value=-7.623881740573669
trial  36 COMPLETE  value=75.2815213316
trial  37 COMPLETE  value=80.88153713050455
trial  38 COMPLETE  value=91.89124528166326
trial  39 COMPLETE  value=72.80196165884561
trial  40 COMPLETE  value=74.99940230749192
trial  41 COMPLETE  value=84.53198440504076
trial  42 COMPLETE  value=69.87085479961046
trial  43 COMPLETE  value=96.99572911898191
trial  44 COMPLETE  value=107.62413425280808
trial  45 COMPLETE  value=80.5291400420746
trial  46 COMPLETE  value=83.75059081846058
trial  47 COMPLETE  value=101.96503878223446
trial  48 COMPLETE  value=86.70279651670509
trial  49 COMPLETE  value=80.67618395932374
trial  50 COMPLETE  value=-7.594905433214748
trial  51 COMPLETE  value=99.9543648979542
trial  52 COMPLETE  value=104.50330151870014
trial  53 COMPLETE  value=-200.0
trial  54 COMPLETE  value=103.16598669478518
trial  55 COMPLETE  value=69.0764933893777
trial  56 COMPLETE  value=99.39277126353194
trial  57 COMPLETE  value=86.67847321807385
trial  58 COMPLETE  value=71.08891486599714
trial  59 COMPLETE  value=110.5176964909377
trial  60 COMPLETE  value=102.06732434288506
trial  61 COMPLETE  value=86.67591048191358
trial  62 COMPLETE  value=90.85599753761514
trial  63 COMPLETE  value=88.38768152989623
trial  64 COMPLETE  value=41.1872799993028
trial  65 COMPLETE  value=86.9325268533768
trial  66 COMPLETE  value=83.7770557140529
trial  67 COMPLETE  value=94.07686193730832
floor census: -200=1 <=25(gate/static)=13 >25(real rhythm)=54
winner json: score 110.5176964909377 trial 59 params {"drive": 3.314355433484465, "rg_nap_h": 0.19106773481598108, "desc_e": 1.3449800492336608, "desc_f": 2.117108271656513, "rg_to_pf": 2.6230724873347135, "heel_rge": 0.07464808753998503, "toe_rge": 0.03172721109435003}
