fitted baseline loaded: e2_pf=0.222 f1_df=0.098 f1_kf=0.148 post_kneext=0.011 post_hipext=0.068 desc_f=1.400 e2_adapt=1.700
replay args: ['--no-ground', '--time', '14', '--drive', '3.314355433484465']
replay searched params: {"drive": 3.314355433484465, "rg_nap_h": 0.19106773481598108, "desc_e": 1.3449800492336608, "desc_f": 2.117108271656513, "rg_to_pf": 2.6230724873347135, "heel_rge": 0.07464808753998503, "toe_rge": 0.03172721109435003}
start pose (normal): applied 20 coordinates as given; pelvis ty 0.920 m (env override unset); IMU-metric torso lean -0.0 deg (+ = back)
standing solve: nnls x in [0.00, 0.70], >0.1: 14 muscles
  top: add_long_l=0.70, tib_ant_r=0.61, tib_ant_l=0.46, ext_dig_r=0.37, glut_min1_l=0.33, pect_l=0.32, glut_min2_l=0.31, ext_dig_l=0.25
Fmax range: 5..3396 N | L range sample: [0.229942 0.326094]
t=  1.00 max|qacc|=     145.0 max|qvel|=   0.89 ncon=  0 com_z=0.942 com_x=-0.160
t=  1.50 max|qacc|=      43.4 max|qvel|=   1.02 ncon=  0 com_z=0.936 com_x=-0.155
t=  2.00 max|qacc|=      78.5 max|qvel|=   0.54 ncon=  0 com_z=0.939 com_x=-0.160
t=  2.50 max|qacc|=     112.2 max|qvel|=   0.56 ncon=  0 com_z=0.937 com_x=-0.156
t=  3.00 max|qacc|=      36.0 max|qvel|=   0.09 ncon=  0 com_z=0.939 com_x=-0.158
t=  3.50 max|qacc|=      17.1 max|qvel|=   0.12 ncon=  0 com_z=0.938 com_x=-0.156
t=  4.00 max|qacc|=      44.8 max|qvel|=   0.07 ncon=  0 com_z=0.938 com_x=-0.156
t=  4.50 max|qacc|=      71.1 max|qvel|=   3.97 ncon=  0 com_z=0.931 com_x=-0.131
t=  5.00 max|qacc|=      91.7 max|qvel|=   1.87 ncon=  0 com_z=0.941 com_x=-0.156
t=  5.50 max|qacc|=      17.9 max|qvel|=   1.88 ncon=  0 com_z=0.935 com_x=-0.135
t=  6.00 max|qacc|=      20.2 max|qvel|=   0.82 ncon=  0 com_z=0.937 com_x=-0.145
t=  6.50 max|qacc|=      26.8 max|qvel|=   0.72 ncon=  0 com_z=0.938 com_x=-0.147
t=  7.00 max|qacc|=      28.6 max|qvel|=   0.88 ncon=  0 com_z=0.938 com_x=-0.143
t=  7.50 max|qacc|=      18.6 max|qvel|=   0.96 ncon=  0 com_z=0.937 com_x=-0.145
t=  8.00 max|qacc|=      45.8 max|qvel|=   0.71 ncon=  0 com_z=0.938 com_x=-0.147
t=  8.50 max|qacc|=      21.0 max|qvel|=   0.42 ncon=  0 com_z=0.938 com_x=-0.144
t=  9.00 max|qacc|=      16.4 max|qvel|=   0.77 ncon=  0 com_z=0.937 com_x=-0.145
t=  9.50 max|qacc|=      66.2 max|qvel|=   1.07 ncon=  0 com_z=0.938 com_x=-0.147
t= 10.00 max|qacc|=      18.7 max|qvel|=   0.66 ncon=  0 com_z=0.938 com_x=-0.144
t= 10.50 max|qacc|=      17.2 max|qvel|=   0.67 ncon=  0 com_z=0.937 com_x=-0.146
t= 11.00 max|qacc|=      60.4 max|qvel|=   2.32 ncon=  0 com_z=0.938 com_x=-0.146
t= 11.50 max|qacc|=      12.8 max|qvel|=   0.71 ncon=  0 com_z=0.938 com_x=-0.144
t= 12.00 max|qacc|=      16.3 max|qvel|=   0.67 ncon=  0 com_z=0.938 com_x=-0.146
t= 12.50 max|qacc|=      32.2 max|qvel|=   3.12 ncon=  0 com_z=0.938 com_x=-0.145
t= 13.00 max|qacc|=      10.9 max|qvel|=   0.62 ncon=  0 com_z=0.938 com_x=-0.145
t= 13.50 max|qacc|=      22.2 max|qvel|=   0.56 ncon=  0 com_z=0.938 com_x=-0.146
t= 14.00 max|qacc|=      48.9 max|qvel|=   2.61 ncon=  0 com_z=0.938 com_x=-0.144
t= 14.50 max|qacc|=      19.9 max|qvel|=   0.51 ncon=  0 com_z=0.938 com_x=-0.145
t= 15.00 max|qacc|=      28.4 max|qvel|=   0.51 ncon=  0 com_z=0.938 com_x=-0.146
t= 15.50 max|qacc|=      81.3 max|qvel|=   2.15 ncon=  0 com_z=0.935 com_x=-0.144
t= 16.00 max|qacc|=      11.2 max|qvel|=   0.28 ncon=  0 com_z=0.944 com_x=-0.151
t= 16.50 max|qacc|=       5.9 max|qvel|=   0.28 ncon=  0 com_z=0.940 com_x=-0.149
t= 17.00 max|qacc|=       0.4 max|qvel|=   0.11 ncon=  0 com_z=0.943 com_x=-0.154
t= 17.50 max|qacc|=       0.2 max|qvel|=   0.01 ncon=  0 com_z=0.944 com_x=-0.155
t= 18.00 max|qacc|=       0.1 max|qvel|=   0.01 ncon=  0 com_z=0.944 com_x=-0.155
t= 18.50 max|qacc|=       0.0 max|qvel|=   0.00 ncon=  0 com_z=0.944 com_x=-0.155
t= 19.00 max|qacc|=       0.0 max|qvel|=   0.00 ncon=  0 com_z=0.944 com_x=-0.155
t= 19.50 max|qacc|=       0.0 max|qvel|=   0.00 ncon=  0 com_z=0.944 com_x=-0.155
t= 20.00 max|qacc|=       0.0 max|qvel|=   0.00 ncon=  0 com_z=0.944 com_x=-0.155
t= 20.50 max|qacc|=       0.0 max|qvel|=   0.00 ncon=  0 com_z=0.944 com_x=-0.155
t= 21.00 max|qacc|=       0.0 max|qvel|=   0.00 ncon=  0 com_z=0.944 com_x=-0.155
t= 21.50 max|qacc|=       0.0 max|qvel|=   0.00 ncon=  0 com_z=0.944 com_x=-0.155
t= 22.00 max|qacc|=       0.0 max|qvel|=   0.00 ncon=  0 com_z=0.944 com_x=-0.155
t= 22.50 max|qacc|=       0.0 max|qvel|=   0.00 ncon=  0 com_z=0.944 com_x=-0.155
t= 23.00 max|qacc|=       0.0 max|qvel|=   0.00 ncon=  0 com_z=0.944 com_x=-0.155
t= 23.50 max|qacc|=       0.0 max|qvel|=   0.00 ncon=  0 com_z=0.944 com_x=-0.155
t= 24.00 max|qacc|=       0.0 max|qvel|=   0.00 ncon=  0 com_z=0.944 com_x=-0.155
t= 24.50 max|qacc|=       0.0 max|qvel|=   0.00 ncon=  0 com_z=0.944 com_x=-0.155
t= 25.00 max|qacc|=       0.0 max|qvel|=   0.00 ncon=  0 com_z=0.944 com_x=-0.155
t= 25.50 max|qacc|=       0.0 max|qvel|=   0.00 ncon=  0 com_z=0.944 com_x=-0.155
t= 26.00 max|qacc|=       0.0 max|qvel|=   0.00 ncon=  0 com_z=0.944 com_x=-0.155
t= 26.50 max|qacc|=       0.0 max|qvel|=   0.00 ncon=  0 com_z=0.944 com_x=-0.155
t= 27.00 max|qacc|=       0.0 max|qvel|=   0.00 ncon=  0 com_z=0.944 com_x=-0.155
t= 27.50 max|qacc|=       0.0 max|qvel|=   0.00 ncon=  0 com_z=0.944 com_x=-0.155
t= 28.00 max|qacc|=       0.0 max|qvel|=   0.00 ncon=  0 com_z=0.944 com_x=-0.155
t= 28.50 max|qacc|=       0.0 max|qvel|=   0.00 ncon=  0 com_z=0.944 com_x=-0.155
t= 29.00 max|qacc|=       0.0 max|qvel|=   0.00 ncon=  0 com_z=0.944 com_x=-0.155
t= 29.50 max|qacc|=       0.0 max|qvel|=   0.00 ncon=  0 com_z=0.944 com_x=-0.155
t= 30.00 max|qacc|=       0.0 max|qvel|=   0.00 ncon=  0 com_z=0.944 com_x=-0.155
t= 30.50 max|qacc|=       0.0 max|qvel|=   0.00 ncon=  0 com_z=0.944 com_x=-0.155

== summary ==
pelvis/COM height: start 0.94 m, min 0.93 m, final 0.94 m  (stayed up)
COM x: min -0.17 max -0.10 final -0.16 m
COM y: min -0.020 max +0.001 m
RG_F_r bursts during walk window: 27
RG_r: cycles in window 27, period 0.37 s (2.70 Hz), E-duty 0.37
RG_l: cycles in window 27, period 0.37 s (2.70 Hz), E-duty 0.37
peak ctrl: [0.87 1.   1.   1.   0.61 1.   0.46 0.38 0.76 0.68 0.86 1.   1.   1.
 0.81 1.   0.47 0.49 0.42 0.17] (('vas_lat_r', 'med_gas_r', 'soleus_r', 'tib_ant_r', 'psoas_r', 'semimem_r', 'glut_max2_r', 'rect_fem_r', 'sar_r', 'grac_r', 'vas_lat_l', 'med_gas_l', 'soleus_l', 'tib_ant_l', 'psoas_l', 'semimem_l', 'glut_max2_l', 'rect_fem_l', 'sar_l', 'grac_l'))
  hip_flexion_r          6.0 ..    33.8 deg
  knee_angle_r         -53.0 ..    10.1 deg
  ankle_angle_r        -62.9 ..    -1.7 deg
  hip_adduction_r      -11.8 ..    12.0 deg
  subtalar_angle_r     -11.5 ..    14.7 deg
  hip_flexion_l        -20.6 ..    32.8 deg
  knee_angle_l         -62.6 ..    10.3 deg
  ankle_angle_l        -66.5 ..     9.8 deg
  hip_adduction_l      -15.3 ..    13.6 deg
  subtalar_angle_l      -1.2 ..    24.1 deg
  pelvis_tilt           -1.9 ..     0.6 deg
  pelvis_list           -0.6 ..    -0.2 deg
  pelvis_rotation        2.3 ..     2.6 deg
saved spinal_run.npz
(plot skipped: 'PF_E2_r')
replay npz cfg: air | RG_E_r idx 2 knee_angle_r idx 4
RG_E_r span: -3.0991..6.1992 (delta 9.2983)
knee window: min -53.04 max -16.34
RISES=28
recomputed score=110.5177  json score=110.5177  delta=+0.0000
VERDICT: REAL RHYTHM
