[2026-09-26 16:40:28.131] [info] Loaded model 3DGaitModel2392 from file D:\GitHub\Bipedal_Robot\Solid_Models\OpenSim\Gait2392_Robotbody\add_mag3_compare_20260926\variant_repo.osim
[2026-09-26 16:40:28.132] [warning] Couldn't find file 'treadmill.vtp'.
[2026-09-26 16:40:28.132] [warning] Couldn't find file 'sacrum.vtp'.
[2026-09-26 16:40:28.132] [warning] Couldn't find file 'pelvis.vtp'.
[2026-09-26 16:40:28.132] [warning] Couldn't find file 'l_pelvis.vtp'.
[2026-09-26 16:40:28.154] [warning] Couldn't find file 'femur_r.vtp'.
[2026-09-26 16:40:28.154] [warning] Couldn't find file 'tibia_r.vtp'.
[2026-09-26 16:40:28.154] [warning] Couldn't find file 'fibula.vtp'.
[2026-09-26 16:40:28.155] [warning] Couldn't find file 'talus.vtp'.
[2026-09-26 16:40:28.155] [warning] Couldn't find file 'foot.vtp'.
[2026-09-26 16:40:28.156] [warning] Couldn't find file 'bofoot.vtp'.
[2026-09-26 16:40:28.156] [warning] Couldn't find file 'femur_l.vtp'.
[2026-09-26 16:40:28.156] [warning] Couldn't find file 'tibia_l.vtp'.
[2026-09-26 16:40:28.156] [warning] Couldn't find file 'l_fibula.vtp'.
[2026-09-26 16:40:28.156] [warning] Couldn't find file 'l_talus.vtp'.
[2026-09-26 16:40:28.156] [warning] Couldn't find file 'l_foot.vtp'.
[2026-09-26 16:40:28.156] [warning] Couldn't find file 'l_bofoot.vtp'.
[2026-09-26 16:40:28.156] [warning] Couldn't find file 'hat_spine.vtp'.
[2026-09-26 16:40:28.156] [warning] Couldn't find file 'hat_jaw.vtp'.
[2026-09-26 16:40:28.156] [warning] Couldn't find file 'hat_skull.vtp'.
[2026-09-26 16:40:28.156] [warning] Couldn't find file 'hat_ribs.vtp'.
[2026-09-26 16:41:36.332] [info] Loaded model 3DGaitModel2392 from file D:\GitHub\Bipedal_Robot\Solid_Models\OpenSim\Gait2392_Robotbody\add_mag3_compare_20260926\variant_repo.osim
[2026-09-26 16:41:36.333] [warning] Couldn't find file 'treadmill.vtp'.
[2026-09-26 16:41:36.333] [warning] Couldn't find file 'sacrum.vtp'.
[2026-09-26 16:41:36.333] [warning] Couldn't find file 'pelvis.vtp'.
[2026-09-26 16:41:36.333] [warning] Couldn't find file 'l_pelvis.vtp'.
[2026-09-26 16:41:36.333] [warning] Couldn't find file 'femur_r.vtp'.
[2026-09-26 16:41:36.333] [warning] Couldn't find file 'tibia_r.vtp'.
[2026-09-26 16:41:36.333] [warning] Couldn't find file 'fibula.vtp'.
[2026-09-26 16:41:36.333] [warning] Couldn't find file 'talus.vtp'.
[2026-09-26 16:41:36.333] [warning] Couldn't find file 'foot.vtp'.
[2026-09-26 16:41:36.334] [warning] Couldn't find file 'bofoot.vtp'.
[2026-09-26 16:41:36.334] [warning] Couldn't find file 'femur_l.vtp'.
[2026-09-26 16:41:36.334] [warning] Couldn't find file 'tibia_l.vtp'.
[2026-09-26 16:41:36.334] [warning] Couldn't find file 'l_fibula.vtp'.
[2026-09-26 16:41:36.334] [warning] Couldn't find file 'l_talus.vtp'.
[2026-09-26 16:41:36.334] [warning] Couldn't find file 'l_foot.vtp'.
[2026-09-26 16:41:36.334] [warning] Couldn't find file 'l_bofoot.vtp'.
[2026-09-26 16:41:36.334] [warning] Couldn't find file 'hat_spine.vtp'.
[2026-09-26 16:41:36.334] [warning] Couldn't find file 'hat_jaw.vtp'.
[2026-09-26 16:41:36.334] [warning] Couldn't find file 'hat_skull.vtp'.
[2026-09-26 16:41:36.334] [warning] Couldn't find file 'hat_ribs.vtp'.
[2026-09-26 16:42:22.548] [info] Loaded model 3DGaitModel2392 from file D:\GitHub\Bipedal_Robot\Solid_Models\OpenSim\Gait2392_Robotbody\add_mag3_compare_20260926\variant_repo.osim
[2026-09-26 16:42:22.549] [warning] Couldn't find file 'treadmill.vtp'.
[2026-09-26 16:42:22.549] [warning] Couldn't find file 'sacrum.vtp'.
[2026-09-26 16:42:22.549] [warning] Couldn't find file 'pelvis.vtp'.
[2026-09-26 16:42:22.549] [warning] Couldn't find file 'l_pelvis.vtp'.
[2026-09-26 16:42:22.549] [warning] Couldn't find file 'femur_r.vtp'.
[2026-09-26 16:42:22.549] [warning] Couldn't find file 'tibia_r.vtp'.
[2026-09-26 16:42:22.549] [warning] Couldn't find file 'fibula.vtp'.
[2026-09-26 16:42:22.549] [warning] Couldn't find file 'talus.vtp'.
[2026-09-26 16:42:22.549] [warning] Couldn't find file 'foot.vtp'.
[2026-09-26 16:42:22.549] [warning] Couldn't find file 'bofoot.vtp'.
[2026-09-26 16:42:22.549] [warning] Couldn't find file 'femur_l.vtp'.
[2026-09-26 16:42:22.550] [warning] Couldn't find file 'tibia_l.vtp'.
[2026-09-26 16:42:22.550] [warning] Couldn't find file 'l_fibula.vtp'.
[2026-09-26 16:42:22.550] [warning] Couldn't find file 'l_talus.vtp'.
[2026-09-26 16:42:22.550] [warning] Couldn't find file 'l_foot.vtp'.
[2026-09-26 16:42:22.550] [warning] Couldn't find file 'l_bofoot.vtp'.
[2026-09-26 16:42:22.550] [warning] Couldn't find file 'hat_spine.vtp'.
[2026-09-26 16:42:22.550] [warning] Couldn't find file 'hat_jaw.vtp'.
[2026-09-26 16:42:22.550] [warning] Couldn't find file 'hat_skull.vtp'.
[2026-09-26 16:42:22.550] [warning] Couldn't find file 'hat_ribs.vtp'.
[2026-09-26 16:43:44.595] [info] Loaded model 3DGaitModel2392 from file D:\GitHub\Bipedal_Robot\Solid_Models\OpenSim\Gait2392_Robotbody\add_mag3_compare_20260926\variant_repo.osim
[2026-09-26 16:43:44.596] [warning] Couldn't find file 'treadmill.vtp'.
[2026-09-26 16:43:44.596] [warning] Couldn't find file 'sacrum.vtp'.
[2026-09-26 16:43:44.596] [warning] Couldn't find file 'pelvis.vtp'.
[2026-09-26 16:43:44.596] [warning] Couldn't find file 'l_pelvis.vtp'.
[2026-09-26 16:43:44.596] [warning] Couldn't find file 'femur_r.vtp'.
[2026-09-26 16:43:44.597] [warning] Couldn't find file 'tibia_r.vtp'.
[2026-09-26 16:43:44.597] [warning] Couldn't find file 'fibula.vtp'.
[2026-09-26 16:43:44.597] [warning] Couldn't find file 'talus.vtp'.
[2026-09-26 16:43:44.597] [warning] Couldn't find file 'foot.vtp'.
[2026-09-26 16:43:44.597] [warning] Couldn't find file 'bofoot.vtp'.
[2026-09-26 16:43:44.597] [warning] Couldn't find file 'femur_l.vtp'.
[2026-09-26 16:43:44.597] [warning] Couldn't find file 'tibia_l.vtp'.
[2026-09-26 16:43:44.597] [warning] Couldn't find file 'l_fibula.vtp'.
[2026-09-26 16:43:44.597] [warning] Couldn't find file 'l_talus.vtp'.
[2026-09-26 16:43:44.597] [warning] Couldn't find file 'l_foot.vtp'.
[2026-09-26 16:43:44.597] [warning] Couldn't find file 'l_bofoot.vtp'.
[2026-09-26 16:43:44.597] [warning] Couldn't find file 'hat_spine.vtp'.
[2026-09-26 16:43:44.597] [warning] Couldn't find file 'hat_jaw.vtp'.
[2026-09-26 16:43:44.597] [warning] Couldn't find file 'hat_skull.vtp'.
[2026-09-26 16:43:44.597] [warning] Couldn't find file 'hat_ribs.vtp'.
[2026-09-26 16:43:44.850] [info] Loaded model 3DGaitModel2392 from file D:\GitHub\Bipedal_Robot\Solid_Models\OpenSim\Gait2392_Robotbody\add_mag3_compare_20260926\variant_thumb.osim
[2026-09-26 16:43:44.852] [warning] Couldn't find file 'treadmill.vtp'.
[2026-09-26 16:43:44.853] [warning] Couldn't find file 'sacrum.vtp'.
[2026-09-26 16:43:44.853] [warning] Couldn't find file 'pelvis.vtp'.
[2026-09-26 16:43:44.853] [warning] Couldn't find file 'l_pelvis.vtp'.
[2026-09-26 16:43:44.853] [warning] Couldn't find file 'femur_r.vtp'.
[2026-09-26 16:43:44.853] [warning] Couldn't find file 'tibia_r.vtp'.
[2026-09-26 16:43:44.853] [warning] Couldn't find file 'fibula.vtp'.
[2026-09-26 16:43:44.853] [warning] Couldn't find file 'talus.vtp'.
[2026-09-26 16:43:44.853] [warning] Couldn't find file 'foot.vtp'.
[2026-09-26 16:43:44.853] [warning] Couldn't find file 'bofoot.vtp'.
[2026-09-26 16:43:44.853] [warning] Couldn't find file 'femur_l.vtp'.
[2026-09-26 16:43:44.853] [warning] Couldn't find file 'tibia_l.vtp'.
[2026-09-26 16:43:44.853] [warning] Couldn't find file 'l_fibula.vtp'.
[2026-09-26 16:43:44.853] [warning] Couldn't find file 'l_talus.vtp'.
[2026-09-26 16:43:44.854] [warning] Couldn't find file 'l_foot.vtp'.
[2026-09-26 16:43:44.854] [warning] Couldn't find file 'l_bofoot.vtp'.
[2026-09-26 16:43:44.854] [warning] Couldn't find file 'hat_spine.vtp'.
[2026-09-26 16:43:44.854] [warning] Couldn't find file 'hat_jaw.vtp'.
[2026-09-26 16:43:44.854] [warning] Couldn't find file 'hat_skull.vtp'.
[2026-09-26 16:43:44.854] [warning] Couldn't find file 'hat_ribs.vtp'.
[2026-09-26 16:43:45.042] [info] Updating Model file from 40000 to latest format...
[2026-09-26 16:43:45.060] [info] Loaded model ConnorRobot from file D:\GitHub\Bipedal_Robot\Solid_Models\OpenSim\Gait2392_Robotbody\ConnorBipedal.osim
[2026-09-26 16:43:45.061] [warning] Couldn't find file 'treadmill.vtp'.
[2026-09-26 16:43:45.061] [warning] Couldn't find file 'sacrum.vtp'.
[2026-09-26 16:43:45.061] [warning] Couldn't find file 'pelvis.vtp'.
[2026-09-26 16:43:45.061] [warning] Couldn't find file 'l_pelvis.vtp'.
[2026-09-26 16:43:45.061] [warning] Couldn't find file 'femur_r.vtp'.
[2026-09-26 16:43:45.061] [warning] Couldn't find file 'tibia_r.vtp'.
[2026-09-26 16:43:45.061] [warning] Couldn't find file 'fibula.vtp'.
[2026-09-26 16:43:45.061] [warning] Couldn't find file 'talus.vtp'.
[2026-09-26 16:43:45.061] [warning] Couldn't find file 'foot.vtp'.
[2026-09-26 16:43:45.061] [warning] Couldn't find file 'bofoot.vtp'.
[2026-09-26 16:43:45.062] [warning] Couldn't find file 'femur_l.vtp'.
[2026-09-26 16:43:45.062] [warning] Couldn't find file 'tibia_l.vtp'.
[2026-09-26 16:43:45.062] [warning] Couldn't find file 'l_fibula.vtp'.
[2026-09-26 16:43:45.062] [warning] Couldn't find file 'l_talus.vtp'.
[2026-09-26 16:43:45.062] [warning] Couldn't find file 'l_foot.vtp'.
[2026-09-26 16:43:45.062] [warning] Couldn't find file 'l_bofoot.vtp'.
[2026-09-26 16:43:45.062] [warning] Couldn't find file 'hat_spine.vtp'.
[2026-09-26 16:43:45.062] [warning] Couldn't find file 'hat_jaw.vtp'.
[2026-09-26 16:43:45.062] [warning] Couldn't find file 'hat_skull.vtp'.
[2026-09-26 16:43:45.062] [warning] Couldn't find file 'hat_ribs.vtp'.
[2026-09-26 16:47:23.542] [info] Loaded model 3DGaitModel2392 from file D:\GitHub\Bipedal_Robot\Solid_Models\OpenSim\Gait2392_Robotbody\add_mag3_compare_20260926\variant_repo.osim
[2026-09-26 16:47:23.543] [warning] Couldn't find file 'treadmill.vtp'.
[2026-09-26 16:47:23.543] [warning] Couldn't find file 'sacrum.vtp'.
[2026-09-26 16:47:23.543] [warning] Couldn't find file 'pelvis.vtp'.
[2026-09-26 16:47:23.543] [warning] Couldn't find file 'l_pelvis.vtp'.
[2026-09-26 16:47:23.543] [warning] Couldn't find file 'femur_r.vtp'.
[2026-09-26 16:47:23.543] [warning] Couldn't find file 'tibia_r.vtp'.
[2026-09-26 16:47:23.543] [warning] Couldn't find file 'fibula.vtp'.
[2026-09-26 16:47:23.543] [warning] Couldn't find file 'talus.vtp'.
[2026-09-26 16:47:23.543] [warning] Couldn't find file 'foot.vtp'.
[2026-09-26 16:47:23.543] [warning] Couldn't find file 'bofoot.vtp'.
[2026-09-26 16:47:23.543] [warning] Couldn't find file 'femur_l.vtp'.
[2026-09-26 16:47:23.543] [warning] Couldn't find file 'tibia_l.vtp'.
[2026-09-26 16:47:23.543] [warning] Couldn't find file 'l_fibula.vtp'.
[2026-09-26 16:47:23.544] [warning] Couldn't find file 'l_talus.vtp'.
[2026-09-26 16:47:23.544] [warning] Couldn't find file 'l_foot.vtp'.
[2026-09-26 16:47:23.544] [warning] Couldn't find file 'l_bofoot.vtp'.
[2026-09-26 16:47:23.544] [warning] Couldn't find file 'hat_spine.vtp'.
[2026-09-26 16:47:23.544] [warning] Couldn't find file 'hat_jaw.vtp'.
[2026-09-26 16:47:23.544] [warning] Couldn't find file 'hat_skull.vtp'.
[2026-09-26 16:47:23.544] [warning] Couldn't find file 'hat_ribs.vtp'.
[2026-09-26 16:47:23.711] [info] Loaded model 3DGaitModel2392 from file D:\GitHub\Bipedal_Robot\Solid_Models\OpenSim\Gait2392_Robotbody\add_mag3_compare_20260926\variant_thumb.osim
[2026-09-26 16:47:23.711] [warning] Couldn't find file 'treadmill.vtp'.
[2026-09-26 16:47:23.711] [warning] Couldn't find file 'sacrum.vtp'.
[2026-09-26 16:47:23.711] [warning] Couldn't find file 'pelvis.vtp'.
[2026-09-26 16:47:23.711] [warning] Couldn't find file 'l_pelvis.vtp'.
[2026-09-26 16:47:23.712] [warning] Couldn't find file 'femur_r.vtp'.
[2026-09-26 16:47:23.712] [warning] Couldn't find file 'tibia_r.vtp'.
[2026-09-26 16:47:23.712] [warning] Couldn't find file 'fibula.vtp'.
[2026-09-26 16:47:23.712] [warning] Couldn't find file 'talus.vtp'.
[2026-09-26 16:47:23.712] [warning] Couldn't find file 'foot.vtp'.
[2026-09-26 16:47:23.712] [warning] Couldn't find file 'bofoot.vtp'.
[2026-09-26 16:47:23.712] [warning] Couldn't find file 'femur_l.vtp'.
[2026-09-26 16:47:23.712] [warning] Couldn't find file 'tibia_l.vtp'.
[2026-09-26 16:47:23.712] [warning] Couldn't find file 'l_fibula.vtp'.
[2026-09-26 16:47:23.712] [warning] Couldn't find file 'l_talus.vtp'.
[2026-09-26 16:47:23.712] [warning] Couldn't find file 'l_foot.vtp'.
[2026-09-26 16:47:23.712] [warning] Couldn't find file 'l_bofoot.vtp'.
[2026-09-26 16:47:23.712] [warning] Couldn't find file 'hat_spine.vtp'.
[2026-09-26 16:47:23.712] [warning] Couldn't find file 'hat_jaw.vtp'.
[2026-09-26 16:47:23.712] [warning] Couldn't find file 'hat_skull.vtp'.
[2026-09-26 16:47:23.712] [warning] Couldn't find file 'hat_ribs.vtp'.
[2026-09-26 16:47:23.879] [info] Updating Model file from 40000 to latest format...
[2026-09-26 16:47:23.904] [info] Loaded model ConnorRobot from file D:\GitHub\Bipedal_Robot\Solid_Models\OpenSim\Gait2392_Robotbody\ConnorBipedal.osim
[2026-09-26 16:47:23.905] [warning] Couldn't find file 'treadmill.vtp'.
[2026-09-26 16:47:23.905] [warning] Couldn't find file 'sacrum.vtp'.
[2026-09-26 16:47:23.905] [warning] Couldn't find file 'pelvis.vtp'.
[2026-09-26 16:47:23.905] [warning] Couldn't find file 'l_pelvis.vtp'.
[2026-09-26 16:47:23.905] [warning] Couldn't find file 'femur_r.vtp'.
[2026-09-26 16:47:23.905] [warning] Couldn't find file 'tibia_r.vtp'.
[2026-09-26 16:47:23.905] [warning] Couldn't find file 'fibula.vtp'.
[2026-09-26 16:47:23.905] [warning] Couldn't find file 'talus.vtp'.
[2026-09-26 16:47:23.905] [warning] Couldn't find file 'foot.vtp'.
[2026-09-26 16:47:23.905] [warning] Couldn't find file 'bofoot.vtp'.
[2026-09-26 16:47:23.905] [warning] Couldn't find file 'femur_l.vtp'.
[2026-09-26 16:47:23.905] [warning] Couldn't find file 'tibia_l.vtp'.
[2026-09-26 16:47:23.905] [warning] Couldn't find file 'l_fibula.vtp'.
[2026-09-26 16:47:23.905] [warning] Couldn't find file 'l_talus.vtp'.
[2026-09-26 16:47:23.905] [warning] Couldn't find file 'l_foot.vtp'.
[2026-09-26 16:47:23.905] [warning] Couldn't find file 'l_bofoot.vtp'.
[2026-09-26 16:47:23.905] [warning] Couldn't find file 'hat_spine.vtp'.
[2026-09-26 16:47:23.905] [warning] Couldn't find file 'hat_jaw.vtp'.
[2026-09-26 16:47:23.905] [warning] Couldn't find file 'hat_skull.vtp'.
[2026-09-26 16:47:23.905] [warning] Couldn't find file 'hat_ribs.vtp'.
[2026-09-26 16:49:53.497] [info] Loaded model 3DGaitModel2392 from file D:\GitHub\Bipedal_Robot\Solid_Models\OpenSim\Gait2392_Robotbody\add_mag3_compare_20260926\variant_repo.osim
[2026-09-26 16:49:53.498] [warning] Couldn't find file 'treadmill.vtp'.
[2026-09-26 16:49:53.498] [warning] Couldn't find file 'sacrum.vtp'.
[2026-09-26 16:49:53.498] [warning] Couldn't find file 'pelvis.vtp'.
[2026-09-26 16:49:53.498] [warning] Couldn't find file 'l_pelvis.vtp'.
[2026-09-26 16:49:53.499] [warning] Couldn't find file 'femur_r.vtp'.
[2026-09-26 16:49:53.499] [warning] Couldn't find file 'tibia_r.vtp'.
[2026-09-26 16:49:53.499] [warning] Couldn't find file 'fibula.vtp'.
[2026-09-26 16:49:53.499] [warning] Couldn't find file 'talus.vtp'.
[2026-09-26 16:49:53.499] [warning] Couldn't find file 'foot.vtp'.
[2026-09-26 16:49:53.499] [warning] Couldn't find file 'bofoot.vtp'.
[2026-09-26 16:49:53.499] [warning] Couldn't find file 'femur_l.vtp'.
[2026-09-26 16:49:53.499] [warning] Couldn't find file 'tibia_l.vtp'.
[2026-09-26 16:49:53.499] [warning] Couldn't find file 'l_fibula.vtp'.
[2026-09-26 16:49:53.499] [warning] Couldn't find file 'l_talus.vtp'.
[2026-09-26 16:49:53.499] [warning] Couldn't find file 'l_foot.vtp'.
[2026-09-26 16:49:53.499] [warning] Couldn't find file 'l_bofoot.vtp'.
[2026-09-26 16:49:53.500] [warning] Couldn't find file 'hat_spine.vtp'.
[2026-09-26 16:49:53.500] [warning] Couldn't find file 'hat_jaw.vtp'.
[2026-09-26 16:49:53.500] [warning] Couldn't find file 'hat_skull.vtp'.
[2026-09-26 16:49:53.500] [warning] Couldn't find file 'hat_ribs.vtp'.
[2026-09-26 16:49:53.557] [info] Loaded model 3DGaitModel2392 from file D:\GitHub\Bipedal_Robot\Solid_Models\OpenSim\Gait2392_Robotbody\add_mag3_compare_20260926\variant_repo.osim
[2026-09-26 16:49:53.558] [warning] Couldn't find file 'treadmill.vtp'.
[2026-09-26 16:49:53.558] [warning] Couldn't find file 'sacrum.vtp'.
[2026-09-26 16:49:53.558] [warning] Couldn't find file 'pelvis.vtp'.
[2026-09-26 16:49:53.558] [warning] Couldn't find file 'l_pelvis.vtp'.
[2026-09-26 16:49:53.558] [warning] Couldn't find file 'femur_r.vtp'.
[2026-09-26 16:49:53.558] [warning] Couldn't find file 'tibia_r.vtp'.
[2026-09-26 16:49:53.558] [warning] Couldn't find file 'fibula.vtp'.
[2026-09-26 16:49:53.558] [warning] Couldn't find file 'talus.vtp'.
[2026-09-26 16:49:53.558] [warning] Couldn't find file 'foot.vtp'.
[2026-09-26 16:49:53.558] [warning] Couldn't find file 'bofoot.vtp'.
[2026-09-26 16:49:53.559] [warning] Couldn't find file 'femur_l.vtp'.
[2026-09-26 16:49:53.559] [warning] Couldn't find file 'tibia_l.vtp'.
[2026-09-26 16:49:53.559] [warning] Couldn't find file 'l_fibula.vtp'.
[2026-09-26 16:49:53.559] [warning] Couldn't find file 'l_talus.vtp'.
[2026-09-26 16:49:53.559] [warning] Couldn't find file 'l_foot.vtp'.
[2026-09-26 16:49:53.559] [warning] Couldn't find file 'l_bofoot.vtp'.
[2026-09-26 16:49:53.559] [warning] Couldn't find file 'hat_spine.vtp'.
[2026-09-26 16:49:53.559] [warning] Couldn't find file 'hat_jaw.vtp'.
[2026-09-26 16:49:53.559] [warning] Couldn't find file 'hat_skull.vtp'.
[2026-09-26 16:49:53.559] [warning] Couldn't find file 'hat_ribs.vtp'.
[2026-09-26 16:49:53.624] [info] Loaded model 3DGaitModel2392 from file D:\GitHub\Bipedal_Robot\Solid_Models\OpenSim\Gait2392_Robotbody\add_mag3_compare_20260926\variant_thumb.osim
[2026-09-26 16:49:53.625] [warning] Couldn't find file 'treadmill.vtp'.
[2026-09-26 16:49:53.625] [warning] Couldn't find file 'sacrum.vtp'.
[2026-09-26 16:49:53.625] [warning] Couldn't find file 'pelvis.vtp'.
[2026-09-26 16:49:53.625] [warning] Couldn't find file 'l_pelvis.vtp'.
[2026-09-26 16:49:53.625] [warning] Couldn't find file 'femur_r.vtp'.
[2026-09-26 16:49:53.625] [warning] Couldn't find file 'tibia_r.vtp'.
[2026-09-26 16:49:53.625] [warning] Couldn't find file 'fibula.vtp'.
[2026-09-26 16:49:53.625] [warning] Couldn't find file 'talus.vtp'.
[2026-09-26 16:49:53.625] [warning] Couldn't find file 'foot.vtp'.
[2026-09-26 16:49:53.625] [warning] Couldn't find file 'bofoot.vtp'.
[2026-09-26 16:49:53.625] [warning] Couldn't find file 'femur_l.vtp'.
[2026-09-26 16:49:53.625] [warning] Couldn't find file 'tibia_l.vtp'.
[2026-09-26 16:49:53.626] [warning] Couldn't find file 'l_fibula.vtp'.
[2026-09-26 16:49:53.626] [warning] Couldn't find file 'l_talus.vtp'.
[2026-09-26 16:49:53.626] [warning] Couldn't find file 'l_foot.vtp'.
[2026-09-26 16:49:53.626] [warning] Couldn't find file 'l_bofoot.vtp'.
[2026-09-26 16:49:53.626] [warning] Couldn't find file 'hat_spine.vtp'.
[2026-09-26 16:49:53.626] [warning] Couldn't find file 'hat_jaw.vtp'.
[2026-09-26 16:49:53.626] [warning] Couldn't find file 'hat_skull.vtp'.
[2026-09-26 16:49:53.626] [warning] Couldn't find file 'hat_ribs.vtp'.
[2026-09-26 16:49:53.661] [info] Updating Model file from 40000 to latest format...
[2026-09-26 16:49:53.683] [info] Loaded model ConnorRobot from file D:\GitHub\Bipedal_Robot\Solid_Models\OpenSim\Gait2392_Robotbody\ConnorBipedal.osim
[2026-09-26 16:49:53.684] [warning] Couldn't find file 'treadmill.vtp'.
[2026-09-26 16:49:53.684] [warning] Couldn't find file 'sacrum.vtp'.
[2026-09-26 16:49:53.684] [warning] Couldn't find file 'pelvis.vtp'.
[2026-09-26 16:49:53.684] [warning] Couldn't find file 'l_pelvis.vtp'.
[2026-09-26 16:49:53.684] [warning] Couldn't find file 'femur_r.vtp'.
[2026-09-26 16:49:53.684] [warning] Couldn't find file 'tibia_r.vtp'.
[2026-09-26 16:49:53.684] [warning] Couldn't find file 'fibula.vtp'.
[2026-09-26 16:49:53.684] [warning] Couldn't find file 'talus.vtp'.
[2026-09-26 16:49:53.684] [warning] Couldn't find file 'foot.vtp'.
[2026-09-26 16:49:53.684] [warning] Couldn't find file 'bofoot.vtp'.
[2026-09-26 16:49:53.684] [warning] Couldn't find file 'femur_l.vtp'.
[2026-09-26 16:49:53.684] [warning] Couldn't find file 'tibia_l.vtp'.
[2026-09-26 16:49:53.684] [warning] Couldn't find file 'l_fibula.vtp'.
[2026-09-26 16:49:53.685] [warning] Couldn't find file 'l_talus.vtp'.
[2026-09-26 16:49:53.685] [warning] Couldn't find file 'l_foot.vtp'.
[2026-09-26 16:49:53.685] [warning] Couldn't find file 'l_bofoot.vtp'.
[2026-09-26 16:49:53.685] [warning] Couldn't find file 'hat_spine.vtp'.
[2026-09-26 16:49:53.685] [warning] Couldn't find file 'hat_jaw.vtp'.
[2026-09-26 16:49:53.685] [warning] Couldn't find file 'hat_skull.vtp'.
[2026-09-26 16:49:53.685] [warning] Couldn't find file 'hat_ribs.vtp'.
[2026-09-26 16:55:26.538] [info] Loaded model 3DGaitModel2392 from file D:\GitHub\Bipedal_Robot\Solid_Models\OpenSim\Gait2392_Robotbody\gait2392_robot.osim
[2026-09-26 16:55:26.539] [warning] Couldn't find file 'treadmill.vtp'.
[2026-09-26 16:55:26.540] [warning] Couldn't find file 'sacrum.vtp'.
[2026-09-26 16:55:26.540] [warning] Couldn't find file 'pelvis.vtp'.
[2026-09-26 16:55:26.540] [warning] Couldn't find file 'l_pelvis.vtp'.
[2026-09-26 16:55:26.540] [warning] Couldn't find file 'femur_r.vtp'.
[2026-09-26 16:55:26.540] [warning] Couldn't find file 'tibia_r.vtp'.
[2026-09-26 16:55:26.540] [warning] Couldn't find file 'fibula.vtp'.
[2026-09-26 16:55:26.540] [warning] Couldn't find file 'talus.vtp'.
[2026-09-26 16:55:26.540] [warning] Couldn't find file 'foot.vtp'.
[2026-09-26 16:55:26.540] [warning] Couldn't find file 'bofoot.vtp'.
[2026-09-26 16:55:26.540] [warning] Couldn't find file 'femur_l.vtp'.
[2026-09-26 16:55:26.540] [warning] Couldn't find file 'tibia_l.vtp'.
[2026-09-26 16:55:26.540] [warning] Couldn't find file 'l_fibula.vtp'.
[2026-09-26 16:55:26.540] [warning] Couldn't find file 'l_talus.vtp'.
[2026-09-26 16:55:26.541] [warning] Couldn't find file 'l_foot.vtp'.
[2026-09-26 16:55:26.541] [warning] Couldn't find file 'l_bofoot.vtp'.
[2026-09-26 16:55:26.541] [warning] Couldn't find file 'hat_spine.vtp'.
[2026-09-26 16:55:26.541] [warning] Couldn't find file 'hat_jaw.vtp'.
[2026-09-26 16:55:26.541] [warning] Couldn't find file 'hat_skull.vtp'.
[2026-09-26 16:55:26.541] [warning] Couldn't find file 'hat_ribs.vtp'.
[2026-09-26 16:55:26.595] [info] Loaded model 3DGaitModel2392 from file D:\GitHub\Bipedal_Robot\Solid_Models\OpenSim\Gait2392_Robotbody\add_mag3_compare_20260926\variant_thumb.osim
[2026-09-26 16:55:26.596] [warning] Couldn't find file 'treadmill.vtp'.
[2026-09-26 16:55:26.596] [warning] Couldn't find file 'sacrum.vtp'.
[2026-09-26 16:55:26.596] [warning] Couldn't find file 'pelvis.vtp'.
[2026-09-26 16:55:26.596] [warning] Couldn't find file 'l_pelvis.vtp'.
[2026-09-26 16:55:26.596] [warning] Couldn't find file 'femur_r.vtp'.
[2026-09-26 16:55:26.596] [warning] Couldn't find file 'tibia_r.vtp'.
[2026-09-26 16:55:26.596] [warning] Couldn't find file 'fibula.vtp'.
[2026-09-26 16:55:26.596] [warning] Couldn't find file 'talus.vtp'.
[2026-09-26 16:55:26.596] [warning] Couldn't find file 'foot.vtp'.
[2026-09-26 16:55:26.596] [warning] Couldn't find file 'bofoot.vtp'.
[2026-09-26 16:55:26.596] [warning] Couldn't find file 'femur_l.vtp'.
[2026-09-26 16:55:26.596] [warning] Couldn't find file 'tibia_l.vtp'.
[2026-09-26 16:55:26.596] [warning] Couldn't find file 'l_fibula.vtp'.
[2026-09-26 16:55:26.596] [warning] Couldn't find file 'l_talus.vtp'.
[2026-09-26 16:55:26.596] [warning] Couldn't find file 'l_foot.vtp'.
[2026-09-26 16:55:26.596] [warning] Couldn't find file 'l_bofoot.vtp'.
[2026-09-26 16:55:26.596] [warning] Couldn't find file 'hat_spine.vtp'.
[2026-09-26 16:55:26.596] [warning] Couldn't find file 'hat_jaw.vtp'.
[2026-09-26 16:55:26.596] [warning] Couldn't find file 'hat_skull.vtp'.
[2026-09-26 16:55:26.596] [warning] Couldn't find file 'hat_ribs.vtp'.
[2026-09-26 16:55:26.648] [info] Loaded model 3DGaitModel2392 from file D:\GitHub\Bipedal_Robot\Solid_Models\OpenSim\Gait2392_Robotbody\gait2392_robot.osim
[2026-09-26 16:55:26.649] [warning] Couldn't find file 'treadmill.vtp'.
[2026-09-26 16:55:26.649] [warning] Couldn't find file 'sacrum.vtp'.
[2026-09-26 16:55:26.649] [warning] Couldn't find file 'pelvis.vtp'.
[2026-09-26 16:55:26.649] [warning] Couldn't find file 'l_pelvis.vtp'.
[2026-09-26 16:55:26.649] [warning] Couldn't find file 'femur_r.vtp'.
[2026-09-26 16:55:26.649] [warning] Couldn't find file 'tibia_r.vtp'.
[2026-09-26 16:55:26.649] [warning] Couldn't find file 'fibula.vtp'.
[2026-09-26 16:55:26.649] [warning] Couldn't find file 'talus.vtp'.
[2026-09-26 16:55:26.649] [warning] Couldn't find file 'foot.vtp'.
[2026-09-26 16:55:26.649] [warning] Couldn't find file 'bofoot.vtp'.
[2026-09-26 16:55:26.649] [warning] Couldn't find file 'femur_l.vtp'.
[2026-09-26 16:55:26.649] [warning] Couldn't find file 'tibia_l.vtp'.
[2026-09-26 16:55:26.649] [warning] Couldn't find file 'l_fibula.vtp'.
[2026-09-26 16:55:26.650] [warning] Couldn't find file 'l_talus.vtp'.
[2026-09-26 16:55:26.650] [warning] Couldn't find file 'l_foot.vtp'.
[2026-09-26 16:55:26.650] [warning] Couldn't find file 'l_bofoot.vtp'.
[2026-09-26 16:55:26.650] [warning] Couldn't find file 'hat_spine.vtp'.
[2026-09-26 16:55:26.650] [warning] Couldn't find file 'hat_jaw.vtp'.
[2026-09-26 16:55:26.650] [warning] Couldn't find file 'hat_skull.vtp'.
[2026-09-26 16:55:26.650] [warning] Couldn't find file 'hat_ribs.vtp'.
[2026-09-26 16:55:26.703] [info] Loaded model 3DGaitModel2392 from file D:\GitHub\Bipedal_Robot\Solid_Models\OpenSim\Gait2392_Robotbody\add_mag3_compare_20260926\variant_thumb.osim
[2026-09-26 16:55:26.704] [warning] Couldn't find file 'treadmill.vtp'.
[2026-09-26 16:55:26.704] [warning] Couldn't find file 'sacrum.vtp'.
[2026-09-26 16:55:26.704] [warning] Couldn't find file 'pelvis.vtp'.
[2026-09-26 16:55:26.704] [warning] Couldn't find file 'l_pelvis.vtp'.
[2026-09-26 16:55:26.704] [warning] Couldn't find file 'femur_r.vtp'.
[2026-09-26 16:55:26.704] [warning] Couldn't find file 'tibia_r.vtp'.
[2026-09-26 16:55:26.705] [warning] Couldn't find file 'fibula.vtp'.
[2026-09-26 16:55:26.705] [warning] Couldn't find file 'talus.vtp'.
[2026-09-26 16:55:26.705] [warning] Couldn't find file 'foot.vtp'.
[2026-09-26 16:55:26.705] [warning] Couldn't find file 'bofoot.vtp'.
[2026-09-26 16:55:26.705] [warning] Couldn't find file 'femur_l.vtp'.
[2026-09-26 16:55:26.705] [warning] Couldn't find file 'tibia_l.vtp'.
[2026-09-26 16:55:26.705] [warning] Couldn't find file 'l_fibula.vtp'.
[2026-09-26 16:55:26.705] [warning] Couldn't find file 'l_talus.vtp'.
[2026-09-26 16:55:26.705] [warning] Couldn't find file 'l_foot.vtp'.
[2026-09-26 16:55:26.705] [warning] Couldn't find file 'l_bofoot.vtp'.
[2026-09-26 16:55:26.705] [warning] Couldn't find file 'hat_spine.vtp'.
[2026-09-26 16:55:26.705] [warning] Couldn't find file 'hat_jaw.vtp'.
[2026-09-26 16:55:26.705] [warning] Couldn't find file 'hat_skull.vtp'.
[2026-09-26 16:55:26.705] [warning] Couldn't find file 'hat_ribs.vtp'.
[2026-09-26 16:55:26.758] [info] Loaded model 3DGaitModel2392 from file D:\GitHub\Bipedal_Robot\Solid_Models\OpenSim\Gait2392_Robotbody\gait2392_robot.osim
[2026-09-26 16:55:26.759] [warning] Couldn't find file 'treadmill.vtp'.
[2026-09-26 16:55:26.759] [warning] Couldn't find file 'sacrum.vtp'.
[2026-09-26 16:55:26.759] [warning] Couldn't find file 'pelvis.vtp'.
[2026-09-26 16:55:26.759] [warning] Couldn't find file 'l_pelvis.vtp'.
[2026-09-26 16:55:26.759] [warning] Couldn't find file 'femur_r.vtp'.
[2026-09-26 16:55:26.759] [warning] Couldn't find file 'tibia_r.vtp'.
[2026-09-26 16:55:26.759] [warning] Couldn't find file 'fibula.vtp'.
[2026-09-26 16:55:26.759] [warning] Couldn't find file 'talus.vtp'.
[2026-09-26 16:55:26.759] [warning] Couldn't find file 'foot.vtp'.
[2026-09-26 16:55:26.759] [warning] Couldn't find file 'bofoot.vtp'.
[2026-09-26 16:55:26.759] [warning] Couldn't find file 'femur_l.vtp'.
[2026-09-26 16:55:26.759] [warning] Couldn't find file 'tibia_l.vtp'.
[2026-09-26 16:55:26.759] [warning] Couldn't find file 'l_fibula.vtp'.
[2026-09-26 16:55:26.759] [warning] Couldn't find file 'l_talus.vtp'.
[2026-09-26 16:55:26.759] [warning] Couldn't find file 'l_foot.vtp'.
[2026-09-26 16:55:26.759] [warning] Couldn't find file 'l_bofoot.vtp'.
[2026-09-26 16:55:26.759] [warning] Couldn't find file 'hat_spine.vtp'.
[2026-09-26 16:55:26.760] [warning] Couldn't find file 'hat_jaw.vtp'.
[2026-09-26 16:55:26.760] [warning] Couldn't find file 'hat_skull.vtp'.
[2026-09-26 16:55:26.760] [warning] Couldn't find file 'hat_ribs.vtp'.
[2026-09-26 16:55:26.817] [info] Loaded model 3DGaitModel2392 from file D:\GitHub\Bipedal_Robot\Solid_Models\OpenSim\Gait2392_Robotbody\add_mag3_compare_20260926\variant_thumb.osim
[2026-09-26 16:55:26.819] [warning] Couldn't find file 'treadmill.vtp'.
[2026-09-26 16:55:26.819] [warning] Couldn't find file 'sacrum.vtp'.
[2026-09-26 16:55:26.819] [warning] Couldn't find file 'pelvis.vtp'.
[2026-09-26 16:55:26.819] [warning] Couldn't find file 'l_pelvis.vtp'.
[2026-09-26 16:55:26.819] [warning] Couldn't find file 'femur_r.vtp'.
[2026-09-26 16:55:26.819] [warning] Couldn't find file 'tibia_r.vtp'.
[2026-09-26 16:55:26.819] [warning] Couldn't find file 'fibula.vtp'.
[2026-09-26 16:55:26.819] [warning] Couldn't find file 'talus.vtp'.
[2026-09-26 16:55:26.819] [warning] Couldn't find file 'foot.vtp'.
[2026-09-26 16:55:26.819] [warning] Couldn't find file 'bofoot.vtp'.
[2026-09-26 16:55:26.820] [warning] Couldn't find file 'femur_l.vtp'.
[2026-09-26 16:55:26.820] [warning] Couldn't find file 'tibia_l.vtp'.
[2026-09-26 16:55:26.820] [warning] Couldn't find file 'l_fibula.vtp'.
[2026-09-26 16:55:26.820] [warning] Couldn't find file 'l_talus.vtp'.
[2026-09-26 16:55:26.820] [warning] Couldn't find file 'l_foot.vtp'.
[2026-09-26 16:55:26.820] [warning] Couldn't find file 'l_bofoot.vtp'.
[2026-09-26 16:55:26.820] [warning] Couldn't find file 'hat_spine.vtp'.
[2026-09-26 16:55:26.820] [warning] Couldn't find file 'hat_jaw.vtp'.
[2026-09-26 16:55:26.820] [warning] Couldn't find file 'hat_skull.vtp'.
[2026-09-26 16:55:26.820] [warning] Couldn't find file 'hat_ribs.vtp'.
[2026-09-26 16:55:26.925] [info] Loaded model 3DGaitModel2392 from file D:\GitHub\Bipedal_Robot\Solid_Models\OpenSim\Gait2392_Robotbody\gait2392_robot.osim
[2026-09-26 16:55:26.927] [warning] Couldn't find file 'treadmill.vtp'.
[2026-09-26 16:55:26.927] [warning] Couldn't find file 'sacrum.vtp'.
[2026-09-26 16:55:26.927] [warning] Couldn't find file 'pelvis.vtp'.
[2026-09-26 16:55:26.927] [warning] Couldn't find file 'l_pelvis.vtp'.
[2026-09-26 16:55:26.927] [warning] Couldn't find file 'femur_r.vtp'.
[2026-09-26 16:55:26.927] [warning] Couldn't find file 'tibia_r.vtp'.
[2026-09-26 16:55:26.927] [warning] Couldn't find file 'fibula.vtp'.
[2026-09-26 16:55:26.927] [warning] Couldn't find file 'talus.vtp'.
[2026-09-26 16:55:26.927] [warning] Couldn't find file 'foot.vtp'.
[2026-09-26 16:55:26.928] [warning] Couldn't find file 'bofoot.vtp'.
[2026-09-26 16:55:26.928] [warning] Couldn't find file 'femur_l.vtp'.
[2026-09-26 16:55:26.928] [warning] Couldn't find file 'tibia_l.vtp'.
[2026-09-26 16:55:26.928] [warning] Couldn't find file 'l_fibula.vtp'.
[2026-09-26 16:55:26.928] [warning] Couldn't find file 'l_talus.vtp'.
[2026-09-26 16:55:26.928] [warning] Couldn't find file 'l_foot.vtp'.
[2026-09-26 16:55:26.928] [warning] Couldn't find file 'l_bofoot.vtp'.
[2026-09-26 16:55:26.928] [warning] Couldn't find file 'hat_spine.vtp'.
[2026-09-26 16:55:26.928] [warning] Couldn't find file 'hat_jaw.vtp'.
[2026-09-26 16:55:26.928] [warning] Couldn't find file 'hat_skull.vtp'.
[2026-09-26 16:55:26.928] [warning] Couldn't find file 'hat_ribs.vtp'.
[2026-09-26 16:55:27.003] [info] Loaded model 3DGaitModel2392 from file D:\GitHub\Bipedal_Robot\Solid_Models\OpenSim\Gait2392_Robotbody\add_mag3_compare_20260926\variant_thumb.osim
[2026-09-26 16:55:27.004] [warning] Couldn't find file 'treadmill.vtp'.
[2026-09-26 16:55:27.004] [warning] Couldn't find file 'sacrum.vtp'.
[2026-09-26 16:55:27.004] [warning] Couldn't find file 'pelvis.vtp'.
[2026-09-26 16:55:27.004] [warning] Couldn't find file 'l_pelvis.vtp'.
[2026-09-26 16:55:27.004] [warning] Couldn't find file 'femur_r.vtp'.
[2026-09-26 16:55:27.004] [warning] Couldn't find file 'tibia_r.vtp'.
[2026-09-26 16:55:27.004] [warning] Couldn't find file 'fibula.vtp'.
[2026-09-26 16:55:27.004] [warning] Couldn't find file 'talus.vtp'.
[2026-09-26 16:55:27.004] [warning] Couldn't find file 'foot.vtp'.
[2026-09-26 16:55:27.004] [warning] Couldn't find file 'bofoot.vtp'.
[2026-09-26 16:55:27.004] [warning] Couldn't find file 'femur_l.vtp'.
[2026-09-26 16:55:27.005] [warning] Couldn't find file 'tibia_l.vtp'.
[2026-09-26 16:55:27.005] [warning] Couldn't find file 'l_fibula.vtp'.
[2026-09-26 16:55:27.005] [warning] Couldn't find file 'l_talus.vtp'.
[2026-09-26 16:55:27.005] [warning] Couldn't find file 'l_foot.vtp'.
[2026-09-26 16:55:27.005] [warning] Couldn't find file 'l_bofoot.vtp'.
[2026-09-26 16:55:27.005] [warning] Couldn't find file 'hat_spine.vtp'.
[2026-09-26 16:55:27.005] [warning] Couldn't find file 'hat_jaw.vtp'.
[2026-09-26 16:55:27.005] [warning] Couldn't find file 'hat_skull.vtp'.
[2026-09-26 16:55:27.005] [warning] Couldn't find file 'hat_ribs.vtp'.
