== M2 gate: Li CPG on the M1 MuJoCo body, 20 s ground run ==  knobs: defaults
  pelvis height: min 0.099 m, end 0.100 m
  mean forward speed: +0.005 m/s   (Li ref +0.638)
  L_foot: 0 stance episodes, period nan s (Li ref 1.3), stance nan s, duty 0.00
  R_foot: 0 stance episodes, period nan s (Li ref 1.3), stance nan s, duty 0.00
  L/R stance correlation (0 lag, 10 ms samples): r = +nan (Li antiphase => r < -0.5)
  hip L: -4.6..+21.3 deg  knee L: -66.6..-11.9 deg  ankle L: -10.6..+72.3 deg
  hip R: -16.9..-4.0 deg  knee R: -16.3..+3.2 deg  ankle R: -38.5..+69.2 deg
VERDICT: not yet
== M2 gate: Li CPG on the M1 MuJoCo body, 20 s ground run ==  knobs: defaults
  pelvis height: min 0.138 m, end 0.140 m
  mean forward speed: +0.055 m/s   (Li ref +0.638)
  L_foot: 0 stance episodes, period nan s (Li ref 1.3), stance nan s, duty 0.00
  R_foot: 0 stance episodes, period nan s (Li ref 1.3), stance nan s, duty 0.00
  L/R stance correlation (0 lag, 10 ms samples): r = +nan (Li antiphase => r < -0.5)
  hip L: -3.4..+24.3 deg  knee L: -67.8..-23.6 deg  ankle L: +13.7..+70.2 deg
  hip R: -17.7..-9.6 deg  knee R: -64.2..+7.2 deg  ankle R: -26.6..+71.0 deg
VERDICT: not yet
== M2 gate: Li CPG on the M1 MuJoCo body, 20 s ground run ==  knobs: defaults
  pelvis height: min 1.003 m, end 1.004 m
  mean forward speed: +0.048 m/s   (Li ref +0.638)
  L_foot: 0 stance episodes, period nan s (Li ref 1.3), stance nan s, duty 0.00
  R_foot: 0 stance episodes, period nan s (Li ref 1.3), stance nan s, duty 0.00
  L/R stance correlation (0 lag, 10 ms samples): r = +nan (Li antiphase => r < -0.5)
  hip L: -3.5..+12.1 deg  knee L: -67.3..-11.2 deg  ankle L: -5.2..+70.5 deg
  hip R: -16.9..-12.1 deg  knee R: -16.3..+6.2 deg  ankle R: -22.1..+71.5 deg
VERDICT: not yet
