fitted baseline loaded: e2_pf=0.222 f1_df=0.098 f1_kf=0.148 post_kneext=0.011 post_hipext=0.068 desc_f=1.400 e2_adapt=1.700
start pose (normal.mot): applied 20 coordinates as given; IMU-metric torso lean -0.0 deg (+ = back)
standing solve: nnls x in [0.00, 0.70], >0.1: 14 muscles
  top: add_long_l=0.70, tib_ant_r=0.61, tib_ant_l=0.46, ext_dig_r=0.37, glut_min1_l=0.33, pect_l=0.32, glut_min2_l=0.31, ext_dig_l=0.25
Fmax range: 5..3396 N | L range sample: [0.229942 0.326094]

=== eval metrics ===
  nan: False
  t_end: 15.998000000000001
  dx: 0.1230781795483957
  kz: 0.8015554457471107
  tilt_max: 29.7251629132345
  knee_min: -1.3266987908453576
  hip_amp: 1.2467956012178643
  duty: 0.5742857142857143
  kine: {'n_cycles': 20, 'duty': 0.6856331980258712, 'duty_ref': 0.61, 'knee_min': -53.504691311939176, 'knee_min_ref': -69.68811020650568, 'rmse_hip': 10.558099656787409, 'range_hip': 16.85908636843768, 'range_hip_ref': 43.29319243218895, 'rmse_knee': 30.1460896352567, 'range_knee': 44.303510153734145, 'range_knee_ref': 70.4553257620587, 'rmse_ankle': 11.685402241840764, 'range_ankle': 33.95065166839842, 'range_ankle_ref': 23.106608540532818, 'kine_score': -85.22076071913645}
  kine_score: -85.22076071913645
  burst_r: 23
RG_E_r: -3.21..5.38 mV
RG_F_r: -1.84..5.94 mV
PF_E1_r: -3.98..5.49 mV
PF_F1_r: -3.67..5.84 mV
knee_r: -76.0..10.4 deg, hip_r: 0.6..65.4 deg
