loaded fitted_walk_params.json (back-solve refit)
loaded best_walk_params_v6.json (drive=2.80, phase_reset 0.39/0.04)
standing solve: nnls x in [0.00, 0.59], >0.1: 16 muscles
  top: tib_ant_r=0.59, tib_ant_l=0.58, ext_dig_r=0.37, ext_dig_l=0.37, per_tert_r=0.17, per_tert_l=0.17, ext_hal_r=0.16, ext_hal_l=0.15
Fmax range: 5..3396 N | L range sample: [0.229942 0.326094]
t=  1.00 max|qacc|=      13.6 max|qvel|=   0.72 ncon=  0 com_z=0.955 com_x=-0.105
t=  1.50 max|qacc|=      19.3 max|qvel|=   0.38 ncon=  0 com_z=0.955 com_x=-0.115
t=  2.00 max|qacc|=       8.6 max|qvel|=   0.32 ncon=  0 com_z=0.953 com_x=-0.107
t=  2.50 max|qacc|=      19.9 max|qvel|=   0.26 ncon=  0 com_z=0.955 com_x=-0.122
t=  3.00 max|qacc|=      17.8 max|qvel|=   0.23 ncon=  0 com_z=0.953 com_x=-0.107
t=  3.50 max|qacc|=       6.2 max|qvel|=   1.47 ncon=  0 com_z=0.960 com_x=-0.151
t=  4.00 max|qacc|=      20.6 max|qvel|=   0.79 ncon=  0 com_z=0.961 com_x=-0.161
t=  4.50 max|qacc|=      73.9 max|qvel|=   0.73 ncon=  0 com_z=0.966 com_x=-0.165
t=  5.00 max|qacc|=      17.6 max|qvel|=   0.35 ncon=  0 com_z=0.967 com_x=-0.171
t=  5.50 max|qacc|=     102.1 max|qvel|=   1.32 ncon=  0 com_z=0.967 com_x=-0.170
t=  6.00 max|qacc|=      62.3 max|qvel|=   5.52 ncon=  0 com_z=0.999 com_x=-0.204
t=  6.50 max|qacc|=     150.8 max|qvel|=   0.61 ncon=  0 com_z=0.953 com_x=-0.137
t=  7.00 max|qacc|=     164.8 max|qvel|=   1.19 ncon=  0 com_z=0.978 com_x=-0.188
t=  7.50 max|qacc|=      48.9 max|qvel|=   0.61 ncon=  0 com_z=0.961 com_x=-0.156
t=  8.00 max|qacc|=      64.1 max|qvel|=   1.06 ncon=  0 com_z=0.970 com_x=-0.174
t=  8.50 max|qacc|=      79.5 max|qvel|=   6.39 ncon=  0 com_z=0.994 com_x=-0.197
t=  9.00 max|qacc|=     235.2 max|qvel|=   1.35 ncon=  0 com_z=0.954 com_x=-0.141
t=  9.50 max|qacc|=      40.8 max|qvel|=   0.73 ncon=  0 com_z=0.977 com_x=-0.185
t= 10.00 max|qacc|=      29.6 max|qvel|=   0.64 ncon=  0 com_z=0.961 com_x=-0.157
t= 10.50 max|qacc|=      88.5 max|qvel|=   0.49 ncon=  0 com_z=0.968 com_x=-0.173
t= 11.00 max|qacc|=      86.7 max|qvel|=   8.42 ncon=  0 com_z=0.994 com_x=-0.190
t= 11.50 max|qacc|=      82.2 max|qvel|=   0.71 ncon=  0 com_z=0.954 com_x=-0.142
t= 12.00 max|qacc|=      44.5 max|qvel|=   0.71 ncon=  0 com_z=0.978 com_x=-0.185
t= 12.50 max|qacc|=      30.5 max|qvel|=   0.73 ncon=  0 com_z=0.961 com_x=-0.157
t= 13.00 max|qacc|=      30.5 max|qvel|=   0.60 ncon=  0 com_z=0.969 com_x=-0.174
t= 13.50 max|qacc|=      42.9 max|qvel|=   9.66 ncon=  0 com_z=0.993 com_x=-0.181
t= 14.00 max|qacc|=     114.7 max|qvel|=   1.02 ncon=  0 com_z=0.954 com_x=-0.144
t= 14.50 max|qacc|=      26.5 max|qvel|=   0.63 ncon=  0 com_z=0.978 com_x=-0.184
t= 15.00 max|qacc|=      56.7 max|qvel|=   0.68 ncon=  0 com_z=0.960 com_x=-0.158
t= 15.50 max|qacc|=      30.9 max|qvel|=   9.30 ncon=  0 com_z=0.969 com_x=-0.161
t= 16.00 max|qacc|=      38.1 max|qvel|=   2.41 ncon=  0 com_z=0.968 com_x=-0.178
t= 16.50 max|qacc|=      19.0 max|qvel|=   1.32 ncon=  0 com_z=0.951 com_x=-0.088
t= 17.00 max|qacc|=      17.7 max|qvel|=   1.62 ncon=  0 com_z=0.969 com_x=-0.133
t= 17.50 max|qacc|=      19.2 max|qvel|=   0.86 ncon=  0 com_z=0.957 com_x=-0.087
t= 18.00 max|qacc|=      25.0 max|qvel|=   1.31 ncon=  0 com_z=0.956 com_x=-0.129
t= 18.50 max|qacc|=      20.0 max|qvel|=   1.65 ncon=  0 com_z=0.957 com_x=-0.129
t= 19.00 max|qacc|=       8.6 max|qvel|=   1.15 ncon=  0 com_z=0.951 com_x=-0.094
t= 19.50 max|qacc|=      11.3 max|qvel|=   0.69 ncon=  0 com_z=0.961 com_x=-0.140
t= 20.00 max|qacc|=       7.5 max|qvel|=   0.37 ncon=  0 com_z=0.952 com_x=-0.095
t= 20.50 max|qacc|=      12.8 max|qvel|=   1.28 ncon=  0 com_z=0.957 com_x=-0.131
t= 21.00 max|qacc|=       9.7 max|qvel|=   0.63 ncon=  0 com_z=0.953 com_x=-0.111
t= 21.50 max|qacc|=       5.9 max|qvel|=   0.55 ncon=  0 com_z=0.952 com_x=-0.113
t= 22.00 max|qacc|=       5.8 max|qvel|=   0.47 ncon=  0 com_z=0.956 com_x=-0.123
t= 22.50 max|qacc|=      10.6 max|qvel|=   0.52 ncon=  0 com_z=0.952 com_x=-0.103
t= 23.00 max|qacc|=       9.7 max|qvel|=   0.43 ncon=  0 com_z=0.956 com_x=-0.126
t= 23.50 max|qacc|=      12.1 max|qvel|=   0.21 ncon=  0 com_z=0.952 com_x=-0.105
t= 24.00 max|qacc|=       5.7 max|qvel|=   0.57 ncon=  0 com_z=0.955 com_x=-0.122
t= 24.50 max|qacc|=       4.4 max|qvel|=   0.47 ncon=  0 com_z=0.953 com_x=-0.110
t= 25.00 max|qacc|=      17.0 max|qvel|=   0.39 ncon=  0 com_z=0.953 com_x=-0.116
t= 25.50 max|qacc|=       9.3 max|qvel|=   0.32 ncon=  0 com_z=0.955 com_x=-0.117
t= 26.00 max|qacc|=       6.1 max|qvel|=   0.25 ncon=  0 com_z=0.953 com_x=-0.110
t= 26.50 max|qacc|=      14.4 max|qvel|=   0.22 ncon=  0 com_z=0.955 com_x=-0.121
t= 27.00 max|qacc|=      10.9 max|qvel|=   0.20 ncon=  0 com_z=0.953 com_x=-0.108
t= 27.50 max|qacc|=       3.8 max|qvel|=   0.24 ncon=  0 com_z=0.955 com_x=-0.120
t= 28.00 max|qacc|=      17.0 max|qvel|=   0.20 ncon=  0 com_z=0.953 com_x=-0.110
t= 28.50 max|qacc|=       9.7 max|qvel|=   0.30 ncon=  0 com_z=0.954 com_x=-0.117
t= 29.00 max|qacc|=       6.6 max|qvel|=   0.32 ncon=  0 com_z=0.954 com_x=-0.113
t= 29.50 max|qacc|=      20.3 max|qvel|=   0.20 ncon=  0 com_z=0.953 com_x=-0.114
t= 30.00 max|qacc|=      11.2 max|qvel|=   0.12 ncon=  0 com_z=0.954 com_x=-0.116
t= 30.50 max|qacc|=       7.5 max|qvel|=   0.14 ncon=  0 com_z=0.953 com_x=-0.111
t= 31.00 max|qacc|=      19.2 max|qvel|=   0.18 ncon=  0 com_z=0.954 com_x=-0.119
t= 31.50 max|qacc|=      18.1 max|qvel|=   0.14 ncon=  0 com_z=0.953 com_x=-0.111
t= 32.00 max|qacc|=       6.4 max|qvel|=   0.14 ncon=  0 com_z=0.954 com_x=-0.117
t= 32.50 max|qacc|=      20.4 max|qvel|=   0.17 ncon=  0 com_z=0.953 com_x=-0.112
t= 33.00 max|qacc|=      17.7 max|qvel|=   0.19 ncon=  0 com_z=0.954 com_x=-0.116
t= 33.50 max|qacc|=       7.9 max|qvel|=   0.20 ncon=  0 com_z=0.954 com_x=-0.114
t= 34.00 max|qacc|=      21.4 max|qvel|=   0.15 ncon=  0 com_z=0.953 com_x=-0.114
t= 34.50 max|qacc|=      18.9 max|qvel|=   0.05 ncon=  0 com_z=0.954 com_x=-0.116
t= 35.00 max|qacc|=       8.1 max|qvel|=   0.12 ncon=  0 com_z=0.953 com_x=-0.112
t= 35.50 max|qacc|=      21.0 max|qvel|=   0.13 ncon=  0 com_z=0.954 com_x=-0.117
t= 36.00 max|qacc|=      18.7 max|qvel|=   0.11 ncon=  0 com_z=0.953 com_x=-0.112
t= 36.50 max|qacc|=       7.4 max|qvel|=   0.12 ncon=  0 com_z=0.954 com_x=-0.116
t= 37.00 max|qacc|=      20.5 max|qvel|=   0.11 ncon=  0 com_z=0.953 com_x=-0.113
t= 37.50 max|qacc|=      16.8 max|qvel|=   0.15 ncon=  0 com_z=0.954 com_x=-0.115
t= 38.00 max|qacc|=       8.0 max|qvel|=   0.13 ncon=  0 com_z=0.954 com_x=-0.114
t= 38.50 max|qacc|=      17.6 max|qvel|=   0.07 ncon=  0 com_z=0.953 com_x=-0.114

== summary ==
pelvis/COM height: start 0.96 m, min 0.95 m, final 0.95 m  (stayed up)
COM x: min -0.21 max -0.07 final -0.12 m
COM y: min -0.001 max +0.005 m
RG_F_r bursts during walk window: 5
RG_r: cycles in window 5, period 2.46 s (0.41 Hz), E-duty 0.27
RG_l: cycles in window 5, period 2.46 s (0.41 Hz), E-duty 0.03
peak ctrl: [0.28 0.65 0.49 0.67 0.33 0.66 0.55 0.35 0.33 0.2  0.28 0.65 0.49 0.67
 0.33 0.66 0.55 0.35 0.33 0.2 ] (('vas_lat_r', 'med_gas_r', 'soleus_r', 'tib_ant_r', 'psoas_r', 'semimem_r', 'glut_max2_r', 'rect_fem_r', 'sar_r', 'grac_r', 'vas_lat_l', 'med_gas_l', 'soleus_l', 'tib_ant_l', 'psoas_l', 'semimem_l', 'glut_max2_l', 'rect_fem_l', 'sar_l', 'grac_l'))
  hip_flexion_r        -20.7 ..    50.3 deg
  knee_angle_r         -96.5 ..    10.3 deg
  ankle_angle_r        -55.1 ..     0.0 deg
  hip_adduction_r       -6.8 ..     6.6 deg
  subtalar_angle_r       0.0 ..    14.4 deg
  hip_flexion_l        -18.5 ..    45.2 deg
  knee_angle_l         -97.3 ..    10.3 deg
  ankle_angle_l        -59.4 ..     0.0 deg
  hip_adduction_l       -5.2 ..     7.3 deg
  subtalar_angle_l       0.0 ..    14.9 deg
  pelvis_tilt           -0.1 ..     2.5 deg
  pelvis_list           -0.0 ..     0.0 deg
  pelvis_rotation       -0.0 ..     0.0 deg
saved spinal_run.npz
saved spinal_run.png
