standing solve: nnls x in [0.00, 0.27], >0.1: 29 muscles
  top: tib_ant_r=0.27, tib_ant_l=0.27, ext_dig_l=0.19, ext_dig_r=0.19, glut_min1_l=0.19, glut_min1_r=0.19, glut_min3_l=0.19, glut_min3_r=0.19
Fmax range: 5..3396 N | L range sample: [0.229942 0.326094]
t=  1.00 max|qacc|=     901.4 max|qvel|=   7.58 ncon=  0 com_z=0.937 com_x=-0.140
t=  1.50 max|qacc|=     151.3 max|qvel|=   8.07 ncon=  0 com_z=0.711 com_x=-0.251
t=  2.00 max|qacc|=     276.3 max|qvel|=   4.08 ncon=  0 com_z=0.844 com_x=+0.025
t=  2.50 max|qacc|=     190.0 max|qvel|=   7.96 ncon=  0 com_z=0.673 com_x=-0.147
t=  3.00 max|qacc|=     337.0 max|qvel|=   6.40 ncon=  0 com_z=0.773 com_x=-0.241
t=  3.50 max|qacc|=     362.4 max|qvel|=  10.66 ncon=  0 com_z=0.744 com_x=-0.012
t=  4.00 max|qacc|=     176.5 max|qvel|=  11.91 ncon=  0 com_z=0.678 com_x=-0.095
t=  4.50 max|qacc|=     115.1 max|qvel|=   5.02 ncon=  0 com_z=0.734 com_x=-0.245
t=  5.00 max|qacc|=     412.4 max|qvel|=  18.62 ncon=  0 com_z=0.731 com_x=-0.059
t=  5.50 max|qacc|=     106.1 max|qvel|=   4.50 ncon=  0 com_z=0.661 com_x=-0.076
t=  6.00 max|qacc|=     221.4 max|qvel|=  10.39 ncon=  0 com_z=0.724 com_x=-0.253
t=  6.50 max|qacc|=     731.5 max|qvel|=  10.77 ncon=  0 com_z=0.738 com_x=-0.071
t=  7.00 max|qacc|=     140.7 max|qvel|=   7.75 ncon=  0 com_z=0.666 com_x=-0.116
t=  7.50 max|qacc|=     436.5 max|qvel|=   5.49 ncon=  0 com_z=0.689 com_x=-0.224
t=  8.00 max|qacc|=     202.9 max|qvel|=   7.81 ncon=  0 com_z=0.713 com_x=-0.068
t=  8.50 max|qacc|=     262.0 max|qvel|=   6.09 ncon=  0 com_z=0.675 com_x=-0.145
t=  9.00 max|qacc|=     274.7 max|qvel|=   9.01 ncon=  0 com_z=0.693 com_x=-0.189
t=  9.50 max|qacc|=    1700.3 max|qvel|=  14.72 ncon=  0 com_z=0.698 com_x=-0.075
t= 10.00 max|qacc|=     207.0 max|qvel|=   5.16 ncon=  0 com_z=0.682 com_x=-0.185
t= 10.50 max|qacc|=     170.5 max|qvel|=  10.05 ncon=  0 com_z=0.695 com_x=-0.129
t= 11.00 max|qacc|=     371.1 max|qvel|=   6.87 ncon=  0 com_z=0.673 com_x=-0.087
t= 11.50 max|qacc|=      97.5 max|qvel|=   2.75 ncon=  0 com_z=0.691 com_x=-0.197
t= 12.00 max|qacc|=     143.9 max|qvel|=   4.71 ncon=  0 com_z=0.692 com_x=-0.102
t= 12.50 max|qacc|=     183.7 max|qvel|=   2.94 ncon=  0 com_z=0.673 com_x=-0.130
t= 13.00 max|qacc|=     224.1 max|qvel|=   5.80 ncon=  0 com_z=0.678 com_x=-0.185
t= 13.50 max|qacc|=     283.1 max|qvel|=   6.45 ncon=  0 com_z=0.684 com_x=-0.094
t= 14.00 max|qacc|=     265.4 max|qvel|=   8.57 ncon=  0 com_z=0.668 com_x=-0.166
t= 14.50 max|qacc|=     412.7 max|qvel|=  21.07 ncon=  0 com_z=0.675 com_x=-0.164
t= 15.00 max|qacc|=     407.5 max|qvel|=   8.78 ncon=  0 com_z=0.674 com_x=-0.110
t= 15.50 max|qacc|=     675.8 max|qvel|=  14.60 ncon=  0 com_z=0.677 com_x=-0.186
t= 16.00 max|qacc|=     247.1 max|qvel|=   6.17 ncon=  0 com_z=0.670 com_x=-0.130
t= 16.50 max|qacc|=     143.4 max|qvel|=   3.52 ncon=  0 com_z=0.659 com_x=-0.115
t= 17.00 max|qacc|=     149.8 max|qvel|=   4.03 ncon=  0 com_z=0.661 com_x=-0.144
t= 17.50 max|qacc|=     124.0 max|qvel|=   6.33 ncon=  0 com_z=0.665 com_x=-0.087
t= 18.00 max|qacc|=     207.5 max|qvel|=  10.27 ncon=  0 com_z=0.664 com_x=-0.137
t= 18.50 max|qacc|=     166.4 max|qvel|=   3.82 ncon=  0 com_z=0.659 com_x=-0.132
t= 19.00 max|qacc|=     153.0 max|qvel|=   5.40 ncon=  0 com_z=0.662 com_x=-0.095
t= 19.50 max|qacc|=     179.9 max|qvel|=   7.82 ncon=  0 com_z=0.661 com_x=-0.142
t= 20.00 max|qacc|=     297.0 max|qvel|=   8.42 ncon=  0 com_z=0.659 com_x=-0.116
t= 20.50 max|qacc|=     149.7 max|qvel|=   5.99 ncon=  0 com_z=0.661 com_x=-0.111
t= 21.00 max|qacc|=     164.8 max|qvel|=   3.62 ncon=  0 com_z=0.660 com_x=-0.136
t= 21.50 max|qacc|=     456.6 max|qvel|=   7.30 ncon=  0 com_z=0.659 com_x=-0.108

== summary ==
pelvis/COM height: start 0.96 m, min 0.64 m, final 0.66 m  (stayed up)
COM x: min -0.27 max 0.03 final -0.12 m
RG_F_r bursts during walk window: 11
peak ctrl: [0.48 0.61 0.64 0.46 0.35 0.4  0.62 0.47 0.48 0.51 0.55 0.47 0.46 0.42
 0.62 0.47] (('vas_lat_r', 'med_gas_r', 'soleus_r', 'tib_ant_r', 'psoas_r', 'semimem_r', 'glut_max2_r', 'rect_fem_r', 'vas_lat_l', 'med_gas_l', 'soleus_l', 'tib_ant_l', 'psoas_l', 'semimem_l', 'glut_max2_l', 'rect_fem_l'))
knee_r range: -1..0 deg, ankle_r: -2..0 deg
saved spinal_run.npz
saved spinal_run.png
