standing solve: nnls x in [0.00, 0.61], >0.1: 18 muscles
  top: tib_ant_r=0.61, tib_ant_l=0.60, ext_dig_r=0.40, ext_dig_l=0.40, ercspn_r=0.18, ercspn_l=0.18, per_tert_r=0.17, per_tert_l=0.17
Fmax range: 5..3396 N | L range sample: [0.229942 0.326094]
t=  1.00 max|qacc|=      35.8 max|qvel|=   0.72 ncon=  0 com_z=0.953 com_x=-0.112
t=  1.50 max|qacc|=     379.7 max|qvel|=   2.25 ncon=  0 com_z=0.952 com_x=-0.089
t=  2.00 max|qacc|=      92.5 max|qvel|=   1.62 ncon=  0 com_z=0.954 com_x=-0.122
t=  2.50 max|qacc|=      59.9 max|qvel|=   0.97 ncon=  0 com_z=0.953 com_x=-0.088
t=  3.00 max|qacc|=      46.0 max|qvel|=   1.71 ncon=  0 com_z=0.955 com_x=-0.126
t=  3.50 max|qacc|=     100.6 max|qvel|=   0.75 ncon=  0 com_z=0.952 com_x=-0.116
t=  4.00 max|qacc|=      84.5 max|qvel|=   1.24 ncon=  0 com_z=0.963 com_x=-0.154
t=  4.50 max|qacc|=      48.6 max|qvel|=   1.88 ncon=  0 com_z=0.976 com_x=-0.139
t=  5.00 max|qacc|=      95.5 max|qvel|=   9.80 ncon=  0 com_z=0.960 com_x=-0.150
t=  5.50 max|qacc|=     121.3 max|qvel|=   5.79 ncon=  0 com_z=0.978 com_x=-0.155
t=  6.00 max|qacc|=      99.5 max|qvel|=   9.66 ncon=  0 com_z=0.965 com_x=-0.148
t=  6.50 max|qacc|=      30.9 max|qvel|=   2.68 ncon=  0 com_z=0.969 com_x=-0.163
t=  7.00 max|qacc|=      96.0 max|qvel|=   7.34 ncon=  0 com_z=0.967 com_x=-0.150
t=  7.50 max|qacc|=      27.3 max|qvel|=   2.09 ncon=  0 com_z=0.966 com_x=-0.159
t=  8.00 max|qacc|=     138.0 max|qvel|=   3.87 ncon=  0 com_z=0.979 com_x=-0.153
t=  8.50 max|qacc|=      24.1 max|qvel|=   1.34 ncon=  0 com_z=0.961 com_x=-0.154
t=  9.00 max|qacc|=     149.4 max|qvel|=   1.78 ncon=  0 com_z=0.984 com_x=-0.155
t=  9.50 max|qacc|=      23.9 max|qvel|=   1.11 ncon=  0 com_z=0.957 com_x=-0.146
t= 10.00 max|qacc|=     128.2 max|qvel|=   2.84 ncon=  0 com_z=0.987 com_x=-0.161
t= 10.50 max|qacc|=     109.3 max|qvel|=   1.76 ncon=  0 com_z=0.955 com_x=-0.141
t= 11.00 max|qacc|=     121.1 max|qvel|=   4.77 ncon=  0 com_z=0.983 com_x=-0.163
t= 11.50 max|qacc|=     127.4 max|qvel|=   7.02 ncon=  0 com_z=0.956 com_x=-0.140
t= 12.00 max|qacc|=      58.7 max|qvel|=   5.01 ncon=  0 com_z=0.978 com_x=-0.166
t= 12.50 max|qacc|=     160.6 max|qvel|=   5.55 ncon=  0 com_z=0.956 com_x=-0.142
t= 13.00 max|qacc|=      25.4 max|qvel|=   3.48 ncon=  0 com_z=0.972 com_x=-0.164
t= 13.50 max|qacc|=     175.5 max|qvel|=   9.20 ncon=  0 com_z=0.964 com_x=-0.148
t= 14.00 max|qacc|=      30.5 max|qvel|=   2.08 ncon=  0 com_z=0.967 com_x=-0.162
t= 14.50 max|qacc|=      93.8 max|qvel|=   6.07 ncon=  0 com_z=0.971 com_x=-0.152
t= 15.00 max|qacc|=      20.9 max|qvel|=   1.92 ncon=  0 com_z=0.962 com_x=-0.155
t= 15.50 max|qacc|=     180.9 max|qvel|=   3.02 ncon=  0 com_z=0.981 com_x=-0.155
t= 16.00 max|qacc|=     201.6 max|qvel|=   2.90 ncon=  0 com_z=0.952 com_x=-0.126
t= 16.50 max|qacc|=      54.7 max|qvel|=   1.82 ncon=  0 com_z=0.956 com_x=-0.100
t= 17.00 max|qacc|=      60.3 max|qvel|=   1.03 ncon=  0 com_z=0.963 com_x=-0.095
t= 17.50 max|qacc|=      21.4 max|qvel|=   1.58 ncon=  0 com_z=0.957 com_x=-0.091
t= 18.00 max|qacc|=      48.9 max|qvel|=   1.48 ncon=  0 com_z=0.952 com_x=-0.100
t= 18.50 max|qacc|=     114.6 max|qvel|=   0.94 ncon=  0 com_z=0.955 com_x=-0.116
t= 19.00 max|qacc|=      84.2 max|qvel|=   1.23 ncon=  0 com_z=0.958 com_x=-0.095
t= 19.50 max|qacc|=      50.4 max|qvel|=   1.06 ncon=  0 com_z=0.965 com_x=-0.130
t= 20.00 max|qacc|=      20.4 max|qvel|=   1.38 ncon=  0 com_z=0.953 com_x=-0.100
t= 20.50 max|qacc|=     129.4 max|qvel|=   1.46 ncon=  0 com_z=0.955 com_x=-0.124

== summary ==
pelvis/COM height: start 0.96 m, min 0.95 m, final 0.95 m  (stayed up)
COM x: min -0.17 max -0.08 final -0.11 m
COM y: min -0.014 max +0.017 m
RG_F_r bursts during walk window: 5
RG_r: cycles in window 6, period 1.87 s (0.54 Hz), E-duty 0.18
RG_l: cycles in window 6, period 1.87 s (0.54 Hz), E-duty 0.06
peak ctrl: [0.49 0.78 0.49 0.89 0.78 1.   0.82 0.56 0.78 0.12 0.56 0.66 0.57 0.87
 0.66 0.92 0.91 0.56 0.66 0.1 ] (('vas_lat_r', 'med_gas_r', 'soleus_r', 'tib_ant_r', 'psoas_r', 'semimem_r', 'glut_max2_r', 'rect_fem_r', 'sar_r', 'grac_r', 'vas_lat_l', 'med_gas_l', 'soleus_l', 'tib_ant_l', 'psoas_l', 'semimem_l', 'glut_max2_l', 'rect_fem_l', 'sar_l', 'grac_l'))
  hip_flexion_r        -20.4 ..    54.6 deg
  knee_angle_r         -85.2 ..    11.6 deg
  ankle_angle_r        -61.7 ..     0.0 deg
  hip_adduction_r      -17.0 ..     9.7 deg
  subtalar_angle_r      -1.1 ..    22.3 deg
  hip_flexion_l        -22.4 ..    61.1 deg
  knee_angle_l         -82.1 ..    15.8 deg
  ankle_angle_l        -71.4 ..     0.0 deg
  hip_adduction_l      -16.9 ..    15.9 deg
  subtalar_angle_l      -2.0 ..    21.8 deg
  pelvis_tilt           -0.0 ..     2.0 deg
  pelvis_list           -0.3 ..     0.3 deg
  pelvis_rotation       -0.1 ..     0.2 deg
saved spinal_run.npz
saved spinal_run.png
