standing solve: nnls x in [0.00, 0.61], >0.1: 26 muscles
  top: tib_ant_r=0.61, tib_ant_l=0.60, ext_dig_r=0.40, ext_dig_l=0.40, glut_min1_l=0.19, glut_min1_r=0.19, glut_min3_l=0.18, glut_min3_r=0.18
Fmax range: 5..3396 N | L range sample: [0.229942 0.326094]
t=  1.00 max|qacc|=     407.1 max|qvel|=   3.40 ncon=  0 com_z=0.944 com_x=-0.121
t=  1.50 max|qacc|=     240.0 max|qvel|=   3.19 ncon=  0 com_z=0.951 com_x=-0.101
t=  2.00 max|qacc|=      55.8 max|qvel|=   1.57 ncon=  0 com_z=0.943 com_x=-0.133
t=  2.50 max|qacc|=     133.4 max|qvel|=   2.07 ncon=  0 com_z=0.949 com_x=-0.106
t=  3.00 max|qacc|=      82.4 max|qvel|=   1.54 ncon=  0 com_z=0.942 com_x=-0.126
t=  3.50 max|qacc|=     194.5 max|qvel|=   1.65 ncon=  0 com_z=0.945 com_x=-0.126
t=  4.00 max|qacc|=      96.8 max|qvel|=   1.96 ncon=  0 com_z=0.940 com_x=-0.136
t=  4.50 max|qacc|=      93.0 max|qvel|=   1.36 ncon=  0 com_z=0.944 com_x=-0.161
t=  5.00 max|qacc|=     116.0 max|qvel|=   1.59 ncon=  0 com_z=0.935 com_x=-0.173
t=  5.50 max|qacc|=     183.9 max|qvel|=   1.49 ncon=  0 com_z=0.945 com_x=-0.171
t=  6.00 max|qacc|=     132.3 max|qvel|=   3.64 ncon=  0 com_z=0.936 com_x=-0.174
t=  6.50 max|qacc|=     100.7 max|qvel|=   1.44 ncon=  0 com_z=0.949 com_x=-0.173
t=  7.00 max|qacc|=      67.7 max|qvel|=   3.00 ncon=  0 com_z=0.930 com_x=-0.161
t=  7.50 max|qacc|=     166.6 max|qvel|=   1.39 ncon=  0 com_z=0.953 com_x=-0.197
t=  8.00 max|qacc|=     805.2 max|qvel|=   2.93 ncon=  0 com_z=0.930 com_x=-0.141
t=  8.50 max|qacc|=     271.6 max|qvel|=   1.12 ncon=  0 com_z=0.951 com_x=-0.216
t=  9.00 max|qacc|=      11.3 max|qvel|=   2.28 ncon=  0 com_z=0.940 com_x=-0.127
t=  9.50 max|qacc|=     216.0 max|qvel|=   1.04 ncon=  0 com_z=0.938 com_x=-0.215
t= 10.00 max|qacc|=      50.7 max|qvel|=   1.14 ncon=  0 com_z=0.951 com_x=-0.136
t= 10.50 max|qacc|=     149.0 max|qvel|=   1.53 ncon=  0 com_z=0.925 com_x=-0.195
t= 11.00 max|qacc|=     143.4 max|qvel|=   1.51 ncon=  0 com_z=0.955 com_x=-0.160
t= 11.50 max|qacc|=      57.9 max|qvel|=   2.47 ncon=  0 com_z=0.923 com_x=-0.168
t= 12.00 max|qacc|=     122.6 max|qvel|=   1.59 ncon=  0 com_z=0.954 com_x=-0.189
t= 12.50 max|qacc|=    1080.4 max|qvel|=   3.00 ncon=  0 com_z=0.930 com_x=-0.146
t= 13.00 max|qacc|=     184.6 max|qvel|=   1.13 ncon=  0 com_z=0.948 com_x=-0.211
t= 13.50 max|qacc|=      12.3 max|qvel|=   2.42 ncon=  0 com_z=0.940 com_x=-0.131
t= 14.00 max|qacc|=     277.3 max|qvel|=   1.55 ncon=  0 com_z=0.937 com_x=-0.214
t= 14.50 max|qacc|=      27.3 max|qvel|=   1.24 ncon=  0 com_z=0.950 com_x=-0.135
t= 15.00 max|qacc|=      67.6 max|qvel|=   1.72 ncon=  0 com_z=0.927 com_x=-0.197
t= 15.50 max|qacc|=      89.4 max|qvel|=   1.62 ncon=  0 com_z=0.954 com_x=-0.154
t= 16.00 max|qacc|=     168.8 max|qvel|=   2.23 ncon=  0 com_z=0.923 com_x=-0.147
t= 16.50 max|qacc|=     394.0 max|qvel|=   2.13 ncon=  0 com_z=0.950 com_x=-0.150
t= 17.00 max|qacc|=     109.1 max|qvel|=   2.52 ncon=  0 com_z=0.948 com_x=-0.096
t= 17.50 max|qacc|=      79.4 max|qvel|=   1.61 ncon=  0 com_z=0.940 com_x=-0.137
t= 18.00 max|qacc|=     106.2 max|qvel|=   1.56 ncon=  0 com_z=0.952 com_x=-0.100
t= 18.50 max|qacc|=      79.0 max|qvel|=   1.12 ncon=  0 com_z=0.939 com_x=-0.130
t= 19.00 max|qacc|=      52.1 max|qvel|=   1.12 ncon=  0 com_z=0.949 com_x=-0.103
t= 19.50 max|qacc|=      55.9 max|qvel|=   1.49 ncon=  0 com_z=0.942 com_x=-0.127
t= 20.00 max|qacc|=      42.2 max|qvel|=   1.76 ncon=  0 com_z=0.947 com_x=-0.104
t= 20.50 max|qacc|=      68.2 max|qvel|=   1.56 ncon=  0 com_z=0.943 com_x=-0.127

== summary ==
pelvis/COM height: start 0.96 m, min 0.92 m, final 0.95 m  (stayed up)
COM x: min -0.22 max -0.09 final -0.11 m
COM y: min -0.004 max +0.010 m
RG_F_r bursts during walk window: 0
RG_r: cycles in window 10, period 1.12 s (0.89 Hz), E-duty 0.26
RG_l: cycles in window 10, period 1.12 s (0.89 Hz), E-duty 0.26
peak ctrl: [0.27 0.34 0.42 0.76 0.31 0.32 0.36 0.27 0.29 0.18 0.27 0.34 0.42 0.75
 0.29 0.32 0.36 0.27 0.29 0.18] (('vas_lat_r', 'med_gas_r', 'soleus_r', 'tib_ant_r', 'psoas_r', 'semimem_r', 'glut_max2_r', 'rect_fem_r', 'sar_r', 'grac_r', 'vas_lat_l', 'med_gas_l', 'soleus_l', 'tib_ant_l', 'psoas_l', 'semimem_l', 'glut_max2_l', 'rect_fem_l', 'sar_l', 'grac_l'))
  hip_flexion_r         -1.8 ..    47.6 deg
  knee_angle_r          -0.0 ..    10.8 deg
  ankle_angle_r        -65.3 ..     0.0 deg
  hip_adduction_r      -10.8 ..    26.5 deg
  subtalar_angle_r       0.0 ..    60.5 deg
  hip_flexion_l         -5.2 ..    43.4 deg
  knee_angle_l          -0.0 ..    10.9 deg
  ankle_angle_l        -78.0 ..     0.0 deg
  hip_adduction_l      -10.2 ..    26.7 deg
  subtalar_angle_l       0.0 ..    60.5 deg
  pelvis_tilt           -0.0 ..    13.4 deg
  pelvis_list           -0.6 ..     0.5 deg
  pelvis_rotation       -0.4 ..     0.5 deg
saved spinal_run.npz
saved spinal_run.png
