standing solve: nnls x in [0.00, 0.61], >0.1: 26 muscles
  top: tib_ant_r=0.61, tib_ant_l=0.60, ext_dig_r=0.40, ext_dig_l=0.40, glut_min1_l=0.19, glut_min1_r=0.19, glut_min3_l=0.18, glut_min3_r=0.18
Fmax range: 5..3396 N | L range sample: [0.229942 0.326094]
t=  1.00 max|qacc|=      93.6 max|qvel|=   2.80 ncon=  0 com_z=0.943 com_x=-0.130
t=  1.50 max|qacc|=     105.0 max|qvel|=   2.04 ncon=  0 com_z=0.949 com_x=-0.105
t=  2.00 max|qacc|=      91.9 max|qvel|=   1.43 ncon=  0 com_z=0.943 com_x=-0.143
t=  2.50 max|qacc|=     105.5 max|qvel|=   2.21 ncon=  0 com_z=0.946 com_x=-0.120
t=  3.00 max|qacc|=     158.2 max|qvel|=   2.45 ncon=  0 com_z=0.942 com_x=-0.126
t=  3.50 max|qacc|=     140.8 max|qvel|=   2.93 ncon=  0 com_z=0.943 com_x=-0.163
t=  4.00 max|qacc|=     339.1 max|qvel|=   3.30 ncon=  0 com_z=0.942 com_x=-0.189
t=  4.50 max|qacc|=     262.4 max|qvel|=   3.04 ncon=  0 com_z=0.940 com_x=-0.189
t=  5.00 max|qacc|=      22.2 max|qvel|=   3.42 ncon=  0 com_z=0.955 com_x=-0.128
t=  5.50 max|qacc|=     251.0 max|qvel|=   4.78 ncon=  0 com_z=0.970 com_x=-0.245
t=  6.00 max|qacc|=      50.0 max|qvel|=   0.72 ncon=  0 com_z=0.936 com_x=-0.147
t=  6.50 max|qacc|=      62.2 max|qvel|=   2.39 ncon=  0 com_z=0.945 com_x=-0.182
t=  7.00 max|qacc|=     100.4 max|qvel|=   4.72 ncon=  0 com_z=0.950 com_x=-0.190
t=  7.50 max|qacc|=     275.0 max|qvel|=   1.84 ncon=  0 com_z=0.939 com_x=-0.177
t=  8.00 max|qacc|=     119.5 max|qvel|=   3.33 ncon=  0 com_z=0.938 com_x=-0.213
t=  8.50 max|qacc|=     104.7 max|qvel|=   6.18 ncon=  0 com_z=0.947 com_x=-0.135
t=  9.00 max|qacc|=     246.2 max|qvel|=   5.87 ncon=  0 com_z=0.963 com_x=-0.245
t=  9.50 max|qacc|=     188.7 max|qvel|=   1.47 ncon=  0 com_z=0.934 com_x=-0.157
t= 10.00 max|qacc|=      62.8 max|qvel|=   1.91 ncon=  0 com_z=0.951 com_x=-0.167
t= 10.50 max|qacc|=     551.1 max|qvel|=   3.91 ncon=  0 com_z=0.949 com_x=-0.205
t= 11.00 max|qacc|=     167.5 max|qvel|=   2.35 ncon=  0 com_z=0.940 com_x=-0.165
t= 11.50 max|qacc|=     122.2 max|qvel|=   4.36 ncon=  0 com_z=0.938 com_x=-0.219
t= 12.00 max|qacc|=     180.6 max|qvel|=   7.73 ncon=  0 com_z=0.946 com_x=-0.135
t= 12.50 max|qacc|=     285.8 max|qvel|=   2.94 ncon=  0 com_z=0.963 com_x=-0.242
t= 13.00 max|qacc|=     190.0 max|qvel|=   1.33 ncon=  0 com_z=0.932 com_x=-0.161
t= 13.50 max|qacc|=      60.6 max|qvel|=   1.94 ncon=  0 com_z=0.952 com_x=-0.161
t= 14.00 max|qacc|=     332.2 max|qvel|=   9.01 ncon=  0 com_z=0.952 com_x=-0.214
t= 14.50 max|qacc|=      92.8 max|qvel|=   2.39 ncon=  0 com_z=0.939 com_x=-0.159
t= 15.00 max|qacc|=     122.3 max|qvel|=   5.28 ncon=  0 com_z=0.939 com_x=-0.220
t= 15.50 max|qacc|=     528.2 max|qvel|=   7.19 ncon=  0 com_z=0.946 com_x=-0.138
t= 16.00 max|qacc|=     388.7 max|qvel|=   4.47 ncon=  0 com_z=0.959 com_x=-0.217
t= 16.50 max|qacc|=      98.4 max|qvel|=   2.80 ncon=  0 com_z=0.949 com_x=-0.063
t= 17.00 max|qacc|=      69.7 max|qvel|=   2.30 ncon=  0 com_z=0.942 com_x=-0.182

!! qacc/qvel non-finite at t=17.460, dofs: [ 0  1  2  3  4  5  6  7  8  9 10 11]
   dof 0: joint pelvis_tx
   dof 1: joint pelvis_ty
   dof 2: joint pelvis_tz
   dof 3: joint pelvis_tilt
   dof 4: joint pelvis_list
   dof 5: joint pelvis_rotation
   dof 6: joint hip_flexion_r
   dof 7: joint hip_adduction_r
   dof 8: joint hip_rotation_r
   dof 9: joint knee_r_translation1
   dof 10: joint knee_r_translation2
   dof 11: joint knee_angle_r
   ncon=0

== summary ==
pelvis/COM height: start 0.96 m, min 0.00 m, final 0.00 m  (FELL at t=0.0 s)
COM x: min -0.25 max 0.00 final 0.00 m
COM y: min -0.002 max +0.006 m
RG_F_r bursts during walk window: 6
RG_r: cycles in window 7, period 1.72 s (0.58 Hz), E-duty 0.20
RG_l: cycles in window 7, period 1.72 s (0.58 Hz), E-duty 0.20
peak ctrl: [0.48 0.72 0.54 0.81 0.5  1.   0.81 0.47 0.9  0.76 0.48 0.72 0.54 0.81
 0.5  1.   0.81 0.47 0.9  0.76] (('vas_lat_r', 'med_gas_r', 'soleus_r', 'tib_ant_r', 'psoas_r', 'semimem_r', 'glut_max2_r', 'rect_fem_r', 'sar_r', 'grac_r', 'vas_lat_l', 'med_gas_l', 'soleus_l', 'tib_ant_l', 'psoas_l', 'semimem_l', 'glut_max2_l', 'rect_fem_l', 'sar_l', 'grac_l'))
  hip_flexion_r        -10.5 ..    61.3 deg
  knee_angle_r         -75.6 ..    14.2 deg
  ankle_angle_r        -88.0 ..     0.0 deg
  hip_adduction_r      -20.9 ..    27.0 deg
  subtalar_angle_r      -1.5 ..    23.4 deg
  hip_flexion_l        -15.3 ..    55.4 deg
  knee_angle_l         -76.5 ..    14.9 deg
  ankle_angle_l        -98.3 ..     0.0 deg
  hip_adduction_l      -19.2 ..    27.4 deg
  subtalar_angle_l      -2.2 ..    25.8 deg
  pelvis_tilt           -0.0 ..    13.2 deg
  pelvis_list           -0.3 ..     0.2 deg
  pelvis_rotation       -0.5 ..     0.5 deg
saved spinal_run.npz
saved spinal_run.png
WARNING: Inertia matrix is too close to singular at DOF 66. Check model. Time = 16.8600.

