standing solve: nnls x in [0.00, 0.61], >0.1: 26 muscles
  top: tib_ant_r=0.61, tib_ant_l=0.60, ext_dig_r=0.40, ext_dig_l=0.40, glut_min1_l=0.19, glut_min1_r=0.19, glut_min3_l=0.18, glut_min3_r=0.18
Fmax range: 5..3396 N | L range sample: [0.229942 0.326094]
t=  1.00 max|qacc|=     438.8 max|qvel|=   1.08 ncon=  0 com_z=0.943 com_x=-0.130
t=  1.50 max|qacc|=     132.9 max|qvel|=   1.82 ncon=  0 com_z=0.949 com_x=-0.105
t=  2.00 max|qacc|=      88.3 max|qvel|=   1.44 ncon=  0 com_z=0.943 com_x=-0.143
t=  2.50 max|qacc|=     120.9 max|qvel|=   1.22 ncon=  0 com_z=0.945 com_x=-0.120
t=  3.00 max|qacc|=      34.0 max|qvel|=   1.14 ncon=  0 com_z=0.942 com_x=-0.125
t=  3.50 max|qacc|=     371.1 max|qvel|=   1.26 ncon=  0 com_z=0.944 com_x=-0.163
t=  4.00 max|qacc|=     108.0 max|qvel|=   0.39 ncon=  0 com_z=0.942 com_x=-0.189
t=  4.50 max|qacc|=      72.6 max|qvel|=   0.76 ncon=  0 com_z=0.940 com_x=-0.189
t=  5.00 max|qacc|=      24.0 max|qvel|=   3.20 ncon=  0 com_z=0.957 com_x=-0.128
t=  5.50 max|qacc|=     162.6 max|qvel|=   2.12 ncon=  0 com_z=0.971 com_x=-0.244
t=  6.00 max|qacc|=      27.5 max|qvel|=   0.72 ncon=  0 com_z=0.936 com_x=-0.149
t=  6.50 max|qacc|=      63.0 max|qvel|=   2.72 ncon=  0 com_z=0.945 com_x=-0.180
t=  7.00 max|qacc|=     327.8 max|qvel|=   3.65 ncon=  0 com_z=0.951 com_x=-0.191
t=  7.50 max|qacc|=     102.7 max|qvel|=   1.59 ncon=  0 com_z=0.939 com_x=-0.176
t=  8.00 max|qacc|=      78.7 max|qvel|=   3.04 ncon=  0 com_z=0.938 com_x=-0.213
t=  8.50 max|qacc|=     101.3 max|qvel|=   6.26 ncon=  0 com_z=0.947 com_x=-0.134
t=  9.00 max|qacc|=     133.0 max|qvel|=   1.97 ncon=  0 com_z=0.962 com_x=-0.243
t=  9.50 max|qacc|=      88.9 max|qvel|=   1.20 ncon=  0 com_z=0.934 com_x=-0.159
t= 10.00 max|qacc|=      63.2 max|qvel|=   1.95 ncon=  0 com_z=0.951 com_x=-0.166
t= 10.50 max|qacc|=     163.0 max|qvel|=   4.47 ncon=  0 com_z=0.949 com_x=-0.206
t= 11.00 max|qacc|=     169.7 max|qvel|=   1.37 ncon=  0 com_z=0.940 com_x=-0.163
t= 11.50 max|qacc|=     116.9 max|qvel|=   4.23 ncon=  0 com_z=0.939 com_x=-0.219
t= 12.00 max|qacc|=     175.4 max|qvel|=   7.72 ncon=  0 com_z=0.946 com_x=-0.134
t= 12.50 max|qacc|=     142.6 max|qvel|=   1.91 ncon=  0 com_z=0.962 com_x=-0.240
t= 13.00 max|qacc|=     102.5 max|qvel|=   1.24 ncon=  0 com_z=0.933 com_x=-0.163
t= 13.50 max|qacc|=      60.9 max|qvel|=   1.98 ncon=  0 com_z=0.953 com_x=-0.159
t= 14.00 max|qacc|=     331.2 max|qvel|=   2.13 ncon=  0 com_z=0.951 com_x=-0.214
t= 14.50 max|qacc|=      88.2 max|qvel|=   1.10 ncon=  0 com_z=0.939 com_x=-0.158
t= 15.00 max|qacc|=     114.7 max|qvel|=   4.84 ncon=  0 com_z=0.939 com_x=-0.221
t= 15.50 max|qacc|=     497.8 max|qvel|=   3.90 ncon=  0 com_z=0.946 com_x=-0.138
t= 16.00 max|qacc|=     120.9 max|qvel|=   2.37 ncon=  0 com_z=0.959 com_x=-0.216
t= 16.50 max|qacc|=      24.9 max|qvel|=   2.27 ncon=  0 com_z=0.949 com_x=-0.064
t= 17.00 max|qacc|=      13.5 max|qvel|=   1.46 ncon=  0 com_z=0.942 com_x=-0.181
t= 17.50 max|qacc|=      81.5 max|qvel|=   2.18 ncon=  0 com_z=0.962 com_x=-0.064
t= 18.00 max|qacc|=      77.6 max|qvel|=   3.28 ncon=  0 com_z=0.929 com_x=-0.188
t= 18.50 max|qacc|=     100.2 max|qvel|=   1.68 ncon=  0 com_z=0.953 com_x=-0.121
t= 19.00 max|qacc|=      55.2 max|qvel|=   1.22 ncon=  0 com_z=0.932 com_x=-0.130
t= 19.50 max|qacc|=      35.7 max|qvel|=   0.77 ncon=  0 com_z=0.949 com_x=-0.134
t= 20.00 max|qacc|=      25.5 max|qvel|=   0.37 ncon=  0 com_z=0.943 com_x=-0.118
t= 20.50 max|qacc|=      26.6 max|qvel|=   0.37 ncon=  0 com_z=0.942 com_x=-0.126

== summary ==
pelvis/COM height: start 0.96 m, min 0.92 m, final 0.95 m  (stayed up)
COM x: min -0.25 max -0.06 final -0.13 m
COM y: min -0.005 max +0.007 m
RG_F_r bursts during walk window: 6
RG_r: cycles in window 7, period 1.72 s (0.58 Hz), E-duty 0.16
RG_l: cycles in window 7, period 1.72 s (0.58 Hz), E-duty 0.16
peak ctrl: [0.48 0.72 0.54 0.83 0.5  1.   0.81 0.47 0.9  0.76 0.48 0.72 0.54 0.83
 0.5  1.   0.81 0.47 0.9  0.76] (('vas_lat_r', 'med_gas_r', 'soleus_r', 'tib_ant_r', 'psoas_r', 'semimem_r', 'glut_max2_r', 'rect_fem_r', 'sar_r', 'grac_r', 'vas_lat_l', 'med_gas_l', 'soleus_l', 'tib_ant_l', 'psoas_l', 'semimem_l', 'glut_max2_l', 'rect_fem_l', 'sar_l', 'grac_l'))
  hip_flexion_r         -9.7 ..    60.2 deg
  knee_angle_r         -74.8 ..    15.0 deg
  ankle_angle_r        -85.8 ..     0.0 deg
  hip_adduction_r      -22.5 ..    26.7 deg
  subtalar_angle_r      -1.6 ..    23.3 deg
  hip_flexion_l        -17.6 ..    54.2 deg
  knee_angle_l         -76.6 ..    15.1 deg
  ankle_angle_l        -94.8 ..     0.0 deg
  hip_adduction_l      -20.0 ..    27.4 deg
  subtalar_angle_l      -2.5 ..    26.1 deg
  pelvis_tilt           -0.0 ..    12.9 deg
  pelvis_list           -0.3 ..     0.3 deg
  pelvis_rotation       -0.5 ..     0.5 deg
saved spinal_run.npz
saved spinal_run.png
