standing solve: nnls x in [0.00, 0.61], >0.1: 18 muscles
  top: tib_ant_r=0.61, tib_ant_l=0.60, ext_dig_r=0.40, ext_dig_l=0.40, ercspn_r=0.18, ercspn_l=0.18, per_tert_r=0.17, per_tert_l=0.17
Fmax range: 5..3396 N | L range sample: [0.229942 0.326094]
t=  1.00 max|qacc|=      36.5 max|qvel|=   0.80 ncon=  0 com_z=0.953 com_x=-0.111
t=  1.50 max|qacc|=      32.2 max|qvel|=   1.80 ncon=  0 com_z=0.952 com_x=-0.089
t=  2.00 max|qacc|=      36.1 max|qvel|=   1.45 ncon=  0 com_z=0.954 com_x=-0.122
t=  2.50 max|qacc|=      70.8 max|qvel|=   1.04 ncon=  0 com_z=0.953 com_x=-0.088
t=  3.00 max|qacc|=      38.1 max|qvel|=   1.67 ncon=  0 com_z=0.955 com_x=-0.126
t=  3.50 max|qacc|=     126.8 max|qvel|=   1.57 ncon=  0 com_z=0.952 com_x=-0.116
t=  4.00 max|qacc|=     120.9 max|qvel|=   0.76 ncon=  0 com_z=0.963 com_x=-0.154
t=  4.50 max|qacc|=      39.3 max|qvel|=   1.87 ncon=  0 com_z=0.976 com_x=-0.139
t=  5.00 max|qacc|=      94.5 max|qvel|=   9.82 ncon=  0 com_z=0.960 com_x=-0.149
t=  5.50 max|qacc|=      79.1 max|qvel|=   5.78 ncon=  0 com_z=0.977 com_x=-0.155
t=  6.00 max|qacc|=     104.6 max|qvel|=   9.70 ncon=  0 com_z=0.965 com_x=-0.148
t=  6.50 max|qacc|=      93.0 max|qvel|=   2.70 ncon=  0 com_z=0.968 com_x=-0.163
t=  7.00 max|qacc|=      65.3 max|qvel|=   7.31 ncon=  0 com_z=0.967 com_x=-0.150
t=  7.50 max|qacc|=      37.0 max|qvel|=   2.17 ncon=  0 com_z=0.965 com_x=-0.159
t=  8.00 max|qacc|=     113.3 max|qvel|=   3.84 ncon=  0 com_z=0.980 com_x=-0.153
t=  8.50 max|qacc|=      42.0 max|qvel|=   1.31 ncon=  0 com_z=0.961 com_x=-0.154
t=  9.00 max|qacc|=     112.5 max|qvel|=   1.72 ncon=  0 com_z=0.984 com_x=-0.156
t=  9.50 max|qacc|=      41.4 max|qvel|=   1.04 ncon=  0 com_z=0.957 com_x=-0.145
t= 10.00 max|qacc|=     128.2 max|qvel|=   2.79 ncon=  0 com_z=0.987 com_x=-0.162
t= 10.50 max|qacc|=     109.5 max|qvel|=   1.76 ncon=  0 com_z=0.955 com_x=-0.141
t= 11.00 max|qacc|=     122.4 max|qvel|=   4.73 ncon=  0 com_z=0.983 com_x=-0.163
t= 11.50 max|qacc|=     126.3 max|qvel|=   7.03 ncon=  0 com_z=0.956 com_x=-0.139
t= 12.00 max|qacc|=      35.8 max|qvel|=   4.98 ncon=  0 com_z=0.978 com_x=-0.167
t= 12.50 max|qacc|=     180.6 max|qvel|=   5.48 ncon=  0 com_z=0.956 com_x=-0.141
t= 13.00 max|qacc|=      25.5 max|qvel|=   3.50 ncon=  0 com_z=0.972 com_x=-0.164
t= 13.50 max|qacc|=     109.1 max|qvel|=   9.15 ncon=  0 com_z=0.963 com_x=-0.147
t= 14.00 max|qacc|=      27.1 max|qvel|=   2.10 ncon=  0 com_z=0.967 com_x=-0.162
t= 14.50 max|qacc|=      65.0 max|qvel|=   6.08 ncon=  0 com_z=0.971 com_x=-0.152
t= 15.00 max|qacc|=      56.6 max|qvel|=   1.94 ncon=  0 com_z=0.962 com_x=-0.154
t= 15.50 max|qacc|=      63.2 max|qvel|=   1.69 ncon=  0 com_z=0.981 com_x=-0.155
t= 16.00 max|qacc|=     144.0 max|qvel|=   2.65 ncon=  0 com_z=0.951 com_x=-0.125
t= 16.50 max|qacc|=      99.3 max|qvel|=   1.78 ncon=  0 com_z=0.956 com_x=-0.101
t= 17.00 max|qacc|=     374.3 max|qvel|=   0.84 ncon=  0 com_z=0.963 com_x=-0.095
t= 17.50 max|qacc|=      92.1 max|qvel|=   1.65 ncon=  0 com_z=0.957 com_x=-0.091
t= 18.00 max|qacc|=      32.0 max|qvel|=   1.63 ncon=  0 com_z=0.952 com_x=-0.099
t= 18.50 max|qacc|=     100.0 max|qvel|=   1.14 ncon=  0 com_z=0.955 com_x=-0.116
t= 19.00 max|qacc|=     152.3 max|qvel|=   1.32 ncon=  0 com_z=0.958 com_x=-0.095
t= 19.50 max|qacc|=      57.2 max|qvel|=   1.00 ncon=  0 com_z=0.964 com_x=-0.128
t= 20.00 max|qacc|=      62.1 max|qvel|=   1.48 ncon=  0 com_z=0.953 com_x=-0.101
t= 20.50 max|qacc|=      25.1 max|qvel|=   1.58 ncon=  0 com_z=0.955 com_x=-0.121

== summary ==
pelvis/COM height: start 0.96 m, min 0.95 m, final 0.95 m  (stayed up)
COM x: min -0.17 max -0.08 final -0.11 m
COM y: min -0.015 max +0.018 m
RG_F_r bursts during walk window: 5
RG_r: cycles in window 6, period 1.87 s (0.54 Hz), E-duty 0.18
RG_l: cycles in window 6, period 1.87 s (0.54 Hz), E-duty 0.06
peak ctrl: [0.49 0.78 0.49 0.89 0.78 1.   0.82 0.56 0.78 0.12 0.56 0.66 0.57 0.87
 0.66 0.92 0.91 0.56 0.66 0.1 ] (('vas_lat_r', 'med_gas_r', 'soleus_r', 'tib_ant_r', 'psoas_r', 'semimem_r', 'glut_max2_r', 'rect_fem_r', 'sar_r', 'grac_r', 'vas_lat_l', 'med_gas_l', 'soleus_l', 'tib_ant_l', 'psoas_l', 'semimem_l', 'glut_max2_l', 'rect_fem_l', 'sar_l', 'grac_l'))
  hip_flexion_r        -20.3 ..    54.9 deg
  knee_angle_r         -85.2 ..    11.4 deg
  ankle_angle_r        -61.8 ..     0.0 deg
  hip_adduction_r      -16.8 ..    10.3 deg
  subtalar_angle_r      -1.1 ..    22.4 deg
  hip_flexion_l        -22.5 ..    61.0 deg
  knee_angle_l         -82.0 ..    15.6 deg
  ankle_angle_l        -71.4 ..     0.0 deg
  hip_adduction_l      -16.8 ..    16.1 deg
  subtalar_angle_l      -1.9 ..    21.9 deg
  pelvis_tilt           -0.0 ..     2.0 deg
  pelvis_list           -0.3 ..     0.3 deg
  pelvis_rotation       -0.2 ..     0.2 deg
saved spinal_run.npz
saved spinal_run.png
