standing solve: nnls x in [0.00, 0.61], >0.1: 26 muscles
  top: tib_ant_r=0.61, tib_ant_l=0.60, ext_dig_r=0.40, ext_dig_l=0.40, glut_min1_l=0.19, glut_min1_r=0.19, glut_min3_l=0.18, glut_min3_r=0.18
Fmax range: 5..3396 N | L range sample: [0.229942 0.326094]
t=  1.00 max|qacc|=     177.9 max|qvel|=   3.04 ncon=  0 com_z=0.943 com_x=-0.126
t=  1.50 max|qacc|=     145.3 max|qvel|=   2.11 ncon=  0 com_z=0.948 com_x=-0.109
t=  2.00 max|qacc|=     272.4 max|qvel|=   1.61 ncon=  0 com_z=0.943 com_x=-0.138
t=  2.50 max|qacc|=     266.6 max|qvel|=   2.22 ncon=  0 com_z=0.945 com_x=-0.121
t=  3.00 max|qacc|=     232.2 max|qvel|=   2.26 ncon=  0 com_z=0.943 com_x=-0.124
t=  3.50 max|qacc|=     335.7 max|qvel|=   3.04 ncon=  0 com_z=0.942 com_x=-0.161
t=  4.00 max|qacc|=     325.0 max|qvel|=   2.96 ncon=  0 com_z=0.943 com_x=-0.186
t=  4.50 max|qacc|=     115.5 max|qvel|=   6.79 ncon=  0 com_z=0.939 com_x=-0.185
t=  5.00 max|qacc|=    1410.7 max|qvel|=  11.60 ncon=  0 com_z=0.941 com_x=-0.165
t=  5.50 max|qacc|=     188.4 max|qvel|=   3.61 ncon=  0 com_z=0.957 com_x=-0.205
t=  6.00 max|qacc|=      76.7 max|qvel|=   8.24 ncon=  0 com_z=0.943 com_x=-0.159
t=  6.50 max|qacc|=     175.3 max|qvel|=   5.75 ncon=  0 com_z=0.967 com_x=-0.216
t=  7.00 max|qacc|=     118.4 max|qvel|=   1.29 ncon=  0 com_z=0.931 com_x=-0.163
t=  7.50 max|qacc|=     311.3 max|qvel|=   3.77 ncon=  0 com_z=0.950 com_x=-0.166
t=  8.00 max|qacc|=     292.5 max|qvel|=   2.70 ncon=  0 com_z=0.972 com_x=-0.223
t=  8.50 max|qacc|=      51.7 max|qvel|=   1.30 ncon=  0 com_z=0.927 com_x=-0.162
t=  9.00 max|qacc|=     229.1 max|qvel|=  10.94 ncon=  0 com_z=0.948 com_x=-0.174
t=  9.50 max|qacc|=     112.8 max|qvel|=   3.21 ncon=  0 com_z=0.959 com_x=-0.213
t= 10.00 max|qacc|=     117.0 max|qvel|=   4.77 ncon=  0 com_z=0.928 com_x=-0.176
t= 10.50 max|qacc|=    1632.9 max|qvel|=  22.70 ncon=  0 com_z=0.952 com_x=-0.181
t= 11.00 max|qacc|=     306.5 max|qvel|=   1.51 ncon=  0 com_z=0.949 com_x=-0.198
t= 11.50 max|qacc|=      41.0 max|qvel|=   8.32 ncon=  0 com_z=0.930 com_x=-0.183
t= 12.00 max|qacc|=     252.2 max|qvel|=   4.42 ncon=  0 com_z=0.953 com_x=-0.191
t= 12.50 max|qacc|=     290.7 max|qvel|=   2.47 ncon=  0 com_z=0.939 com_x=-0.179
t= 13.00 max|qacc|=      86.3 max|qvel|=   7.63 ncon=  0 com_z=0.942 com_x=-0.178
t= 13.50 max|qacc|=     244.4 max|qvel|=  11.82 ncon=  0 com_z=0.961 com_x=-0.207
t= 14.00 max|qacc|=     123.2 max|qvel|=   1.25 ncon=  0 com_z=0.933 com_x=-0.164
t= 14.50 max|qacc|=     166.2 max|qvel|=   9.28 ncon=  0 com_z=0.950 com_x=-0.172
t= 15.00 max|qacc|=     321.7 max|qvel|=   3.93 ncon=  0 com_z=0.966 com_x=-0.218
t= 15.50 max|qacc|=     109.7 max|qvel|=   2.83 ncon=  0 com_z=0.931 com_x=-0.150
t= 16.00 max|qacc|=     702.9 max|qvel|=   5.80 ncon=  0 com_z=0.944 com_x=-0.184
t= 16.50 max|qacc|=     182.2 max|qvel|=   2.77 ncon=  0 com_z=0.957 com_x=-0.135
t= 17.00 max|qacc|=     187.4 max|qvel|=   5.56 ncon=  0 com_z=0.936 com_x=-0.095
t= 17.50 max|qacc|=      33.5 max|qvel|=   2.02 ncon=  0 com_z=0.950 com_x=-0.149
t= 18.00 max|qacc|=     194.6 max|qvel|=   1.75 ncon=  0 com_z=0.944 com_x=-0.112
t= 18.50 max|qacc|=     215.7 max|qvel|=   3.09 ncon=  0 com_z=0.942 com_x=-0.151
t= 19.00 max|qacc|=     145.0 max|qvel|=   1.79 ncon=  0 com_z=0.947 com_x=-0.111
t= 19.50 max|qacc|=     368.2 max|qvel|=   2.29 ncon=  0 com_z=0.940 com_x=-0.135
t= 20.00 max|qacc|=      90.6 max|qvel|=   1.17 ncon=  0 com_z=0.947 com_x=-0.121
t= 20.50 max|qacc|=      33.5 max|qvel|=   1.44 ncon=  0 com_z=0.941 com_x=-0.126

== summary ==
pelvis/COM height: start 0.96 m, min 0.92 m, final 0.94 m  (stayed up)
COM x: min -0.25 max -0.08 final -0.12 m
COM y: min -0.004 max +0.005 m
RG_F_r bursts during walk window: 7
RG_r: cycles in window 7, period 1.41 s (0.71 Hz), E-duty 0.40
RG_l: cycles in window 7, period 1.41 s (0.71 Hz), E-duty 0.40
peak ctrl: [0.46 0.73 0.59 0.79 0.47 1.   0.77 0.46 0.88 0.75 0.46 0.73 0.59 0.79
 0.46 1.   0.77 0.46 0.88 0.75] (('vas_lat_r', 'med_gas_r', 'soleus_r', 'tib_ant_r', 'psoas_r', 'semimem_r', 'glut_max2_r', 'rect_fem_r', 'sar_r', 'grac_r', 'vas_lat_l', 'med_gas_l', 'soleus_l', 'tib_ant_l', 'psoas_l', 'semimem_l', 'glut_max2_l', 'rect_fem_l', 'sar_l', 'grac_l'))
  hip_flexion_r        -10.8 ..    61.6 deg
  knee_angle_r         -71.3 ..    13.3 deg
  ankle_angle_r        -96.7 ..     0.0 deg
  hip_adduction_r      -18.8 ..    27.6 deg
  subtalar_angle_r      -1.2 ..   128.2 deg
  hip_flexion_l        -12.9 ..    56.0 deg
  knee_angle_l         -74.8 ..    13.1 deg
  ankle_angle_l       -104.1 ..     0.0 deg
  hip_adduction_l      -16.0 ..    29.0 deg
  subtalar_angle_l      -2.1 ..   108.7 deg
  pelvis_tilt           -0.0 ..    13.5 deg
  pelvis_list           -0.3 ..     0.2 deg
  pelvis_rotation       -0.6 ..     0.5 deg
saved spinal_run.npz
saved spinal_run.png
