standing solve: nnls x in [0.00, 0.61], >0.1: 14 muscles
  top: tib_ant_r=0.61, tib_ant_l=0.60, ext_dig_r=0.40, ext_dig_l=0.40, ercspn_r=0.18, ercspn_l=0.18, per_tert_r=0.17, per_tert_l=0.17
Fmax range: 5..3396 N | L range sample: [0.229942 0.326094]
t=  1.00 max|qacc|=      60.5 max|qvel|=   1.15 ncon=  0 com_z=0.953 com_x=-0.109
t=  1.50 max|qacc|=      91.8 max|qvel|=   2.00 ncon=  0 com_z=0.952 com_x=-0.089
t=  2.00 max|qacc|=     137.1 max|qvel|=   1.60 ncon=  0 com_z=0.954 com_x=-0.120
t=  2.50 max|qacc|=      42.2 max|qvel|=   1.10 ncon=  0 com_z=0.952 com_x=-0.086
t=  3.00 max|qacc|=      53.1 max|qvel|=   1.95 ncon=  0 com_z=0.955 com_x=-0.126
t=  3.50 max|qacc|=      84.0 max|qvel|=   0.73 ncon=  0 com_z=0.951 com_x=-0.113
t=  4.00 max|qacc|=     113.8 max|qvel|=   0.79 ncon=  0 com_z=0.963 com_x=-0.153
t=  4.50 max|qacc|=      52.8 max|qvel|=   1.81 ncon=  0 com_z=0.973 com_x=-0.138
t=  5.00 max|qacc|=      87.1 max|qvel|=   9.70 ncon=  0 com_z=0.959 com_x=-0.148
t=  5.50 max|qacc|=      62.7 max|qvel|=   5.76 ncon=  0 com_z=0.976 com_x=-0.155
t=  6.00 max|qacc|=      86.1 max|qvel|=   9.57 ncon=  0 com_z=0.964 com_x=-0.146
t=  6.50 max|qacc|=     175.1 max|qvel|=   2.71 ncon=  0 com_z=0.967 com_x=-0.163
t=  7.00 max|qacc|=     103.8 max|qvel|=   7.28 ncon=  0 com_z=0.964 com_x=-0.148
t=  7.50 max|qacc|=      19.3 max|qvel|=   2.17 ncon=  0 com_z=0.966 com_x=-0.163
t=  8.00 max|qacc|=     125.0 max|qvel|=   3.83 ncon=  0 com_z=0.977 com_x=-0.149
t=  8.50 max|qacc|=     362.1 max|qvel|=   1.67 ncon=  0 com_z=0.961 com_x=-0.158
t=  9.00 max|qacc|=     236.5 max|qvel|=   1.67 ncon=  0 com_z=0.980 com_x=-0.152
t=  9.50 max|qacc|=      31.3 max|qvel|=   1.47 ncon=  0 com_z=0.958 com_x=-0.151
t= 10.00 max|qacc|=      91.1 max|qvel|=   2.90 ncon=  0 com_z=0.985 com_x=-0.158
t= 10.50 max|qacc|=     155.0 max|qvel|=   1.73 ncon=  0 com_z=0.956 com_x=-0.143
t= 11.00 max|qacc|=     117.0 max|qvel|=   4.69 ncon=  0 com_z=0.982 com_x=-0.161
t= 11.50 max|qacc|=     166.2 max|qvel|=   6.96 ncon=  0 com_z=0.957 com_x=-0.141
t= 12.00 max|qacc|=      43.4 max|qvel|=   4.95 ncon=  0 com_z=0.979 com_x=-0.166
t= 12.50 max|qacc|=     201.5 max|qvel|=   5.50 ncon=  0 com_z=0.956 com_x=-0.139
t= 13.00 max|qacc|=      25.8 max|qvel|=   3.43 ncon=  0 com_z=0.974 com_x=-0.165
t= 13.50 max|qacc|=     112.5 max|qvel|=   9.26 ncon=  0 com_z=0.962 com_x=-0.144
t= 14.00 max|qacc|=      39.4 max|qvel|=   1.98 ncon=  0 com_z=0.969 com_x=-0.165
t= 14.50 max|qacc|=     110.5 max|qvel|=   6.06 ncon=  0 com_z=0.968 com_x=-0.147
t= 15.00 max|qacc|=     204.3 max|qvel|=   1.95 ncon=  0 com_z=0.964 com_x=-0.159
t= 15.50 max|qacc|=     135.9 max|qvel|=   2.56 ncon=  0 com_z=0.977 com_x=-0.150
t= 16.00 max|qacc|=     109.5 max|qvel|=   2.74 ncon=  0 com_z=0.952 com_x=-0.132
t= 16.50 max|qacc|=      72.5 max|qvel|=   1.37 ncon=  0 com_z=0.957 com_x=-0.095
t= 17.00 max|qacc|=     312.0 max|qvel|=   1.18 ncon=  0 com_z=0.963 com_x=-0.099
t= 17.50 max|qacc|=      98.6 max|qvel|=   1.44 ncon=  0 com_z=0.957 com_x=-0.084
t= 18.00 max|qacc|=      53.7 max|qvel|=   2.69 ncon=  0 com_z=0.953 com_x=-0.106
t= 18.50 max|qacc|=     174.5 max|qvel|=   2.04 ncon=  0 com_z=0.957 com_x=-0.117
t= 19.00 max|qacc|=      97.0 max|qvel|=   2.47 ncon=  0 com_z=0.962 com_x=-0.091
t= 19.50 max|qacc|=     244.1 max|qvel|=   1.35 ncon=  0 com_z=0.972 com_x=-0.144
t= 20.00 max|qacc|=     102.7 max|qvel|=   1.36 ncon=  0 com_z=0.953 com_x=-0.085
t= 20.50 max|qacc|=      39.3 max|qvel|=   2.37 ncon=  0 com_z=0.960 com_x=-0.139

== summary ==
pelvis/COM height: start 0.96 m, min 0.95 m, final 0.96 m  (stayed up)
COM x: min -0.17 max -0.08 final -0.10 m
COM y: min -0.011 max +0.015 m
RG_F_r bursts during walk window: 5
RG_r: cycles in window 6, period 1.87 s (0.54 Hz), E-duty 0.18
RG_l: cycles in window 6, period 1.87 s (0.54 Hz), E-duty 0.06
peak ctrl: [0.49 0.78 0.49 0.89 0.78 1.   0.82 0.56 0.78 0.02 0.56 0.66 0.57 0.87
 0.66 0.92 0.91 0.56 0.66 0.02] (('vas_lat_r', 'med_gas_r', 'soleus_r', 'tib_ant_r', 'psoas_r', 'semimem_r', 'glut_max2_r', 'rect_fem_r', 'sar_r', 'grac_r', 'vas_lat_l', 'med_gas_l', 'soleus_l', 'tib_ant_l', 'psoas_l', 'semimem_l', 'glut_max2_l', 'rect_fem_l', 'sar_l', 'grac_l'))
  hip_flexion_r        -24.2 ..    54.1 deg
  knee_angle_r         -84.9 ..    11.6 deg
  ankle_angle_r        -61.1 ..     0.0 deg
  hip_adduction_r      -12.6 ..     8.8 deg
  subtalar_angle_r      -0.9 ..    22.3 deg
  hip_flexion_l        -22.1 ..    60.0 deg
  knee_angle_l         -81.2 ..    15.9 deg
  ankle_angle_l        -70.9 ..     0.0 deg
  hip_adduction_l      -13.1 ..    14.1 deg
  subtalar_angle_l      -1.9 ..    22.0 deg
  pelvis_tilt           -0.0 ..     2.0 deg
  pelvis_list           -0.2 ..     0.3 deg
  pelvis_rotation       -0.2 ..     0.2 deg
saved spinal_run.npz
saved spinal_run.png
