standing solve: nnls x in [0.00, 0.61], >0.1: 26 muscles
  top: tib_ant_r=0.61, tib_ant_l=0.60, ext_dig_r=0.40, ext_dig_l=0.40, glut_min1_l=0.19, glut_min1_r=0.19, glut_min3_l=0.18, glut_min3_r=0.18
Fmax range: 5..3396 N | L range sample: [0.229942 0.326094]
t=  1.00 max|qacc|=     182.5 max|qvel|=   1.60 ncon=  0 com_z=0.960 com_x=-0.116
t=  1.50 max|qacc|=     267.1 max|qvel|=   1.38 ncon=  0 com_z=0.961 com_x=-0.091
t=  2.00 max|qacc|=      62.8 max|qvel|=   1.10 ncon=  0 com_z=0.957 com_x=-0.128
t=  2.50 max|qacc|=     227.9 max|qvel|=   1.17 ncon=  0 com_z=0.960 com_x=-0.091
t=  3.00 max|qacc|=      27.9 max|qvel|=   1.94 ncon=  0 com_z=0.960 com_x=-0.129
t=  3.50 max|qacc|=      77.0 max|qvel|=   0.81 ncon=  0 com_z=0.956 com_x=-0.121
t=  4.00 max|qacc|=     160.0 max|qvel|=   0.56 ncon=  0 com_z=0.969 com_x=-0.154
t=  4.50 max|qacc|=      33.9 max|qvel|=   2.47 ncon=  0 com_z=0.977 com_x=-0.150
t=  5.00 max|qacc|=      90.3 max|qvel|=  10.85 ncon=  0 com_z=0.964 com_x=-0.157
t=  5.50 max|qacc|=      52.4 max|qvel|=   6.11 ncon=  0 com_z=0.979 com_x=-0.167
t=  6.00 max|qacc|=     238.9 max|qvel|=   9.29 ncon=  0 com_z=0.966 com_x=-0.150
t=  6.50 max|qacc|=      80.8 max|qvel|=   2.39 ncon=  0 com_z=0.975 com_x=-0.175
t=  7.00 max|qacc|=     102.7 max|qvel|=   7.59 ncon=  0 com_z=0.970 com_x=-0.153
t=  7.50 max|qacc|=     125.2 max|qvel|=   2.05 ncon=  0 com_z=0.969 com_x=-0.170
t=  8.00 max|qacc|=     106.4 max|qvel|=   4.18 ncon=  0 com_z=0.981 com_x=-0.159
t=  8.50 max|qacc|=      36.3 max|qvel|=   1.03 ncon=  0 com_z=0.962 com_x=-0.159
t=  9.00 max|qacc|=     107.9 max|qvel|=   1.51 ncon=  0 com_z=0.990 com_x=-0.166
t=  9.50 max|qacc|=      13.7 max|qvel|=   1.03 ncon=  0 com_z=0.958 com_x=-0.151
t= 10.00 max|qacc|=     103.1 max|qvel|=   3.21 ncon=  0 com_z=0.992 com_x=-0.173
t= 10.50 max|qacc|=     116.2 max|qvel|=   2.01 ncon=  0 com_z=0.954 com_x=-0.142
t= 11.00 max|qacc|=      16.1 max|qvel|=   4.90 ncon=  0 com_z=0.992 com_x=-0.178
t= 11.50 max|qacc|=     605.1 max|qvel|=   3.15 ncon=  0 com_z=0.956 com_x=-0.140
t= 12.00 max|qacc|=      52.5 max|qvel|=   4.90 ncon=  0 com_z=0.985 com_x=-0.182
t= 12.50 max|qacc|=     206.5 max|qvel|=   5.10 ncon=  0 com_z=0.956 com_x=-0.141
t= 13.00 max|qacc|=      64.5 max|qvel|=   3.52 ncon=  0 com_z=0.979 com_x=-0.181
t= 13.50 max|qacc|=     351.2 max|qvel|=   9.08 ncon=  0 com_z=0.963 com_x=-0.148
t= 14.00 max|qacc|=      22.4 max|qvel|=   1.93 ncon=  0 com_z=0.971 com_x=-0.175
t= 14.50 max|qacc|=     266.0 max|qvel|=   6.35 ncon=  0 com_z=0.974 com_x=-0.156
t= 15.00 max|qacc|=      32.2 max|qvel|=   2.06 ncon=  0 com_z=0.965 com_x=-0.167
t= 15.50 max|qacc|=      76.0 max|qvel|=   1.40 ncon=  0 com_z=0.984 com_x=-0.161
t= 16.00 max|qacc|=     126.5 max|qvel|=   2.49 ncon=  0 com_z=0.952 com_x=-0.133
t= 16.50 max|qacc|=      30.5 max|qvel|=   1.68 ncon=  0 com_z=0.962 com_x=-0.099
t= 17.00 max|qacc|=      31.8 max|qvel|=   1.07 ncon=  0 com_z=0.962 com_x=-0.105
t= 17.50 max|qacc|=     137.5 max|qvel|=   1.89 ncon=  0 com_z=0.960 com_x=-0.079
t= 18.00 max|qacc|=      76.9 max|qvel|=   1.63 ncon=  0 com_z=0.960 com_x=-0.125
t= 18.50 max|qacc|=     199.1 max|qvel|=   1.05 ncon=  0 com_z=0.958 com_x=-0.094
t= 19.00 max|qacc|=      39.0 max|qvel|=   1.23 ncon=  0 com_z=0.967 com_x=-0.129
t= 19.50 max|qacc|=     141.4 max|qvel|=   1.46 ncon=  0 com_z=0.964 com_x=-0.109
t= 20.00 max|qacc|=      85.8 max|qvel|=   1.76 ncon=  0 com_z=0.960 com_x=-0.117
t= 20.50 max|qacc|=      64.2 max|qvel|=   1.74 ncon=  0 com_z=0.958 com_x=-0.119

== summary ==
pelvis/COM height: start 0.96 m, min 0.95 m, final 0.96 m  (stayed up)
COM x: min -0.18 max -0.08 final -0.10 m
COM y: min -0.027 max +0.029 m
RG_F_r bursts during walk window: 5
RG_r: cycles in window 6, period 1.87 s (0.54 Hz), E-duty 0.18
RG_l: cycles in window 6, period 1.87 s (0.54 Hz), E-duty 0.06
peak ctrl: [0.49 0.78 0.55 0.82 0.54 1.   0.82 0.48 0.95 0.81 0.56 0.66 0.64 0.81
 0.45 0.91 0.91 0.55 0.82 0.66] (('vas_lat_r', 'med_gas_r', 'soleus_r', 'tib_ant_r', 'psoas_r', 'semimem_r', 'glut_max2_r', 'rect_fem_r', 'sar_r', 'grac_r', 'vas_lat_l', 'med_gas_l', 'soleus_l', 'tib_ant_l', 'psoas_l', 'semimem_l', 'glut_max2_l', 'rect_fem_l', 'sar_l', 'grac_l'))
  hip_flexion_r        -16.2 ..    56.4 deg
  knee_angle_r         -84.9 ..    11.6 deg
  ankle_angle_r        -82.0 ..     0.0 deg
  hip_adduction_r      -24.5 ..    26.9 deg
  subtalar_angle_r      -1.7 ..    24.1 deg
  hip_flexion_l        -14.2 ..    58.4 deg
  knee_angle_l         -79.6 ..    15.5 deg
  ankle_angle_l        -97.2 ..     0.0 deg
  hip_adduction_l      -19.2 ..    28.3 deg
  subtalar_angle_l      -3.7 ..    24.4 deg
  pelvis_tilt           -0.0 ..     2.2 deg
  pelvis_list           -0.4 ..     0.4 deg
  pelvis_rotation       -0.4 ..     0.3 deg
saved spinal_run.npz
saved spinal_run.png
