standing solve: nnls x in [0.00, 0.61], >0.1: 32 muscles
  top: tib_ant_r=0.61, tib_ant_l=0.60, ext_dig_r=0.40, ext_dig_l=0.40, glut_min1_l=0.20, add_long_l=0.20, glut_min1_r=0.20, glut_min3_l=0.20
Fmax range: 5..3396 N | L range sample: [0.229942 0.326094]
t=  1.00 max|qacc|=      50.4 max|qvel|=   0.61 ncon=  0 com_z=0.956 com_x=-0.115
t=  1.50 max|qacc|=     195.1 max|qvel|=   1.81 ncon=  0 com_z=0.954 com_x=-0.092
t=  2.00 max|qacc|=     560.4 max|qvel|=   0.99 ncon=  0 com_z=0.955 com_x=-0.123
t=  2.50 max|qacc|=      69.5 max|qvel|=   0.72 ncon=  0 com_z=0.955 com_x=-0.093
t=  3.00 max|qacc|=      53.9 max|qvel|=   1.41 ncon=  0 com_z=0.955 com_x=-0.124
t=  3.50 max|qacc|=     108.5 max|qvel|=   1.03 ncon=  0 com_z=0.954 com_x=-0.121
t=  4.00 max|qacc|=      93.2 max|qvel|=   0.58 ncon=  0 com_z=0.965 com_x=-0.154
t=  4.50 max|qacc|=     230.5 max|qvel|=   1.88 ncon=  0 com_z=0.976 com_x=-0.141
t=  5.00 max|qacc|=      97.2 max|qvel|=   9.94 ncon=  0 com_z=0.961 com_x=-0.151
t=  5.50 max|qacc|=     130.2 max|qvel|=   5.90 ncon=  0 com_z=0.978 com_x=-0.155
t=  6.00 max|qacc|=      99.9 max|qvel|=   9.90 ncon=  0 com_z=0.968 com_x=-0.150
t=  6.50 max|qacc|=      31.8 max|qvel|=   2.89 ncon=  0 com_z=0.967 com_x=-0.162
t=  7.00 max|qacc|=      63.5 max|qvel|=   7.33 ncon=  0 com_z=0.970 com_x=-0.153
t=  7.50 max|qacc|=      71.8 max|qvel|=   1.84 ncon=  0 com_z=0.963 com_x=-0.158
t=  8.00 max|qacc|=      88.4 max|qvel|=   3.91 ncon=  0 com_z=0.982 com_x=-0.156
t=  8.50 max|qacc|=     284.4 max|qvel|=   1.23 ncon=  0 com_z=0.960 com_x=-0.154
t=  9.00 max|qacc|=     122.6 max|qvel|=   1.82 ncon=  0 com_z=0.986 com_x=-0.157
t=  9.50 max|qacc|=      49.7 max|qvel|=   1.10 ncon=  0 com_z=0.957 com_x=-0.146
t= 10.00 max|qacc|=     118.1 max|qvel|=   2.79 ncon=  0 com_z=0.988 com_x=-0.162
t= 10.50 max|qacc|=     112.4 max|qvel|=   1.76 ncon=  0 com_z=0.956 com_x=-0.143
t= 11.00 max|qacc|=      85.8 max|qvel|=   4.86 ncon=  0 com_z=0.984 com_x=-0.163
t= 11.50 max|qacc|=    1776.0 max|qvel|=   5.10 ncon=  0 com_z=0.958 com_x=-0.142
t= 12.00 max|qacc|=     274.4 max|qvel|=   5.17 ncon=  0 com_z=0.977 com_x=-0.166
t= 12.50 max|qacc|=     294.4 max|qvel|=   5.80 ncon=  0 com_z=0.958 com_x=-0.145
t= 13.00 max|qacc|=      26.0 max|qvel|=   3.59 ncon=  0 com_z=0.971 com_x=-0.163
t= 13.50 max|qacc|=     144.7 max|qvel|=   9.32 ncon=  0 com_z=0.966 com_x=-0.150
t= 14.00 max|qacc|=      28.5 max|qvel|=   2.23 ncon=  0 com_z=0.965 com_x=-0.161
t= 14.50 max|qacc|=      67.6 max|qvel|=   6.10 ncon=  0 com_z=0.975 com_x=-0.155
t= 15.00 max|qacc|=     351.2 max|qvel|=   2.00 ncon=  0 com_z=0.961 com_x=-0.154
t= 15.50 max|qacc|=      83.4 max|qvel|=   2.06 ncon=  0 com_z=0.984 com_x=-0.157
t= 16.00 max|qacc|=      89.7 max|qvel|=   2.72 ncon=  0 com_z=0.951 com_x=-0.126
t= 16.50 max|qacc|=      60.5 max|qvel|=   1.89 ncon=  0 com_z=0.957 com_x=-0.104
t= 17.00 max|qacc|=     153.9 max|qvel|=   1.35 ncon=  0 com_z=0.961 com_x=-0.096
t= 17.50 max|qacc|=     244.6 max|qvel|=   1.25 ncon=  0 com_z=0.958 com_x=-0.096
t= 18.00 max|qacc|=      43.0 max|qvel|=   1.65 ncon=  0 com_z=0.953 com_x=-0.099
t= 18.50 max|qacc|=     110.2 max|qvel|=   1.80 ncon=  0 com_z=0.957 com_x=-0.123
t= 19.00 max|qacc|=      58.9 max|qvel|=   1.40 ncon=  0 com_z=0.959 com_x=-0.096
t= 19.50 max|qacc|=      68.5 max|qvel|=   1.06 ncon=  0 com_z=0.965 com_x=-0.133
t= 20.00 max|qacc|=      36.2 max|qvel|=   1.80 ncon=  0 com_z=0.955 com_x=-0.106
t= 20.50 max|qacc|=      36.1 max|qvel|=   1.70 ncon=  0 com_z=0.956 com_x=-0.121

== summary ==
pelvis/COM height: start 0.96 m, min 0.95 m, final 0.96 m  (stayed up)
COM x: min -0.17 max -0.09 final -0.12 m
COM y: min -0.015 max +0.019 m
RG_F_r bursts during walk window: 5
RG_r: cycles in window 6, period 1.87 s (0.54 Hz), E-duty 0.18
RG_l: cycles in window 6, period 1.87 s (0.54 Hz), E-duty 0.06
peak ctrl: [0.49 0.78 0.49 0.89 0.78 1.   0.82 0.56 1.   0.11 0.56 0.66 0.57 0.87
 0.66 0.92 0.91 0.56 0.92 0.09] (('vas_lat_r', 'med_gas_r', 'soleus_r', 'tib_ant_r', 'psoas_r', 'semimem_r', 'glut_max2_r', 'rect_fem_r', 'sar_r', 'grac_r', 'vas_lat_l', 'med_gas_l', 'soleus_l', 'tib_ant_l', 'psoas_l', 'semimem_l', 'glut_max2_l', 'rect_fem_l', 'sar_l', 'grac_l'))
  hip_flexion_r        -21.2 ..    55.5 deg
  knee_angle_r         -86.6 ..    11.5 deg
  ankle_angle_r        -62.0 ..     0.0 deg
  hip_adduction_r      -14.4 ..    16.4 deg
  subtalar_angle_r      -1.1 ..    22.4 deg
  hip_flexion_l        -21.1 ..    62.0 deg
  knee_angle_l         -84.3 ..    16.3 deg
  ankle_angle_l        -71.4 ..     0.0 deg
  hip_adduction_l      -13.8 ..    19.0 deg
  subtalar_angle_l      -2.0 ..    22.2 deg
  pelvis_tilt           -0.0 ..     2.0 deg
  pelvis_list           -0.4 ..     0.3 deg
  pelvis_rotation       -0.2 ..     0.3 deg
saved spinal_run.npz
saved spinal_run.png
