standing solve: nnls x in [0.00, 0.61], >0.1: 26 muscles
  top: tib_ant_r=0.61, tib_ant_l=0.60, ext_dig_r=0.40, ext_dig_l=0.40, glut_min1_l=0.19, glut_min1_r=0.19, glut_min3_l=0.18, glut_min3_r=0.18
Fmax range: 5..3396 N | L range sample: [0.229942 0.326094]
t=  1.00 max|qacc|=     151.9 max|qvel|=   2.93 ncon=  0 com_z=0.937 com_x=-0.127
t=  1.50 max|qacc|=      88.5 max|qvel|=   1.89 ncon=  0 com_z=0.822 com_x=-0.188
t=  2.00 max|qacc|=     190.1 max|qvel|=   2.37 ncon=  0 com_z=0.805 com_x=-0.195
t=  2.50 max|qacc|=     171.1 max|qvel|=   2.14 ncon=  0 com_z=0.904 com_x=-0.178
t=  3.00 max|qacc|=     112.3 max|qvel|=   2.10 ncon=  0 com_z=0.899 com_x=-0.162
t=  3.50 max|qacc|=     186.5 max|qvel|=   1.63 ncon=  0 com_z=0.817 com_x=-0.202
t=  4.00 max|qacc|=     163.4 max|qvel|=   3.62 ncon=  0 com_z=0.815 com_x=-0.233
t=  4.50 max|qacc|=     333.0 max|qvel|=   1.28 ncon=  0 com_z=0.862 com_x=-0.218
t=  5.00 max|qacc|=      27.0 max|qvel|=   3.11 ncon=  0 com_z=0.834 com_x=-0.240
t=  5.50 max|qacc|=     308.7 max|qvel|=   1.73 ncon=  0 com_z=0.801 com_x=-0.245
t=  6.00 max|qacc|=      65.1 max|qvel|=   0.69 ncon=  0 com_z=0.835 com_x=-0.233
t=  6.50 max|qacc|=     120.8 max|qvel|=   3.64 ncon=  0 com_z=0.847 com_x=-0.221
t=  7.00 max|qacc|=     227.8 max|qvel|=   1.28 ncon=  0 com_z=0.818 com_x=-0.268
t=  7.50 max|qacc|=      65.3 max|qvel|=   0.71 ncon=  0 com_z=0.823 com_x=-0.205
t=  8.00 max|qacc|=     380.1 max|qvel|=   4.87 ncon=  0 com_z=0.837 com_x=-0.248
t=  8.50 max|qacc|=     110.2 max|qvel|=   1.61 ncon=  0 com_z=0.833 com_x=-0.246
t=  9.00 max|qacc|=      86.3 max|qvel|=   0.71 ncon=  0 com_z=0.818 com_x=-0.219
t=  9.50 max|qacc|=     179.4 max|qvel|=   6.12 ncon=  0 com_z=0.828 com_x=-0.245
t= 10.00 max|qacc|=     172.5 max|qvel|=   1.75 ncon=  0 com_z=0.839 com_x=-0.237
t= 10.50 max|qacc|=      25.5 max|qvel|=   1.93 ncon=  0 com_z=0.822 com_x=-0.228
t= 11.00 max|qacc|=     294.6 max|qvel|=   3.16 ncon=  0 com_z=0.822 com_x=-0.245
t= 11.50 max|qacc|=      31.6 max|qvel|=   0.53 ncon=  0 com_z=0.837 com_x=-0.231
t= 12.00 max|qacc|=      27.0 max|qvel|=   3.12 ncon=  0 com_z=0.827 com_x=-0.233
t= 12.50 max|qacc|=     156.8 max|qvel|=   3.57 ncon=  0 com_z=0.822 com_x=-0.249
t= 13.00 max|qacc|=     174.7 max|qvel|=   2.63 ncon=  0 com_z=0.831 com_x=-0.225
t= 13.50 max|qacc|=      38.6 max|qvel|=   3.85 ncon=  0 com_z=0.828 com_x=-0.237
t= 14.00 max|qacc|=     235.5 max|qvel|=   1.66 ncon=  0 com_z=0.826 com_x=-0.250
t= 14.50 max|qacc|=     113.1 max|qvel|=   0.79 ncon=  0 com_z=0.828 com_x=-0.222
t= 15.00 max|qacc|=     119.5 max|qvel|=   4.08 ncon=  0 com_z=0.828 com_x=-0.238
t= 15.50 max|qacc|=     109.1 max|qvel|=   1.56 ncon=  0 com_z=0.830 com_x=-0.248
t= 16.00 max|qacc|=     100.2 max|qvel|=   0.66 ncon=  0 com_z=0.836 com_x=-0.202
t= 16.50 max|qacc|=      99.2 max|qvel|=   0.65 ncon=  0 com_z=0.836 com_x=-0.219
t= 17.00 max|qacc|=      72.4 max|qvel|=   0.94 ncon=  0 com_z=0.854 com_x=-0.190
t= 17.50 max|qacc|=      72.5 max|qvel|=   1.15 ncon=  0 com_z=0.862 com_x=-0.169
t= 18.00 max|qacc|=      53.4 max|qvel|=   1.47 ncon=  0 com_z=0.850 com_x=-0.208
t= 18.50 max|qacc|=     317.3 max|qvel|=   2.68 ncon=  0 com_z=0.851 com_x=-0.189
t= 19.00 max|qacc|=     129.2 max|qvel|=   1.97 ncon=  0 com_z=0.851 com_x=-0.187
t= 19.50 max|qacc|=     103.6 max|qvel|=   1.05 ncon=  0 com_z=0.852 com_x=-0.198
t= 20.00 max|qacc|=      27.4 max|qvel|=   1.65 ncon=  0 com_z=0.855 com_x=-0.188
t= 20.50 max|qacc|=     355.7 max|qvel|=   1.14 ncon=  0 com_z=0.850 com_x=-0.191

== summary ==
pelvis/COM height: start 0.96 m, min 0.78 m, final 0.85 m  (stayed up)
COM x: min -0.27 max -0.09 final -0.19 m
COM y: min -0.004 max +0.009 m
RG_F_r bursts during walk window: 0
RG_r: cycles in window 8, period 1.41 s (0.71 Hz), E-duty 0.15
RG_l: cycles in window 8, period 1.41 s (0.71 Hz), E-duty 0.15
peak ctrl: [0.29 0.34 0.42 0.76 0.3  0.34 0.39 0.28 0.29 0.34 0.42 0.75 0.29 0.34
 0.39 0.28] (('vas_lat_r', 'med_gas_r', 'soleus_r', 'tib_ant_r', 'psoas_r', 'semimem_r', 'glut_max2_r', 'rect_fem_r', 'vas_lat_l', 'med_gas_l', 'soleus_l', 'tib_ant_l', 'psoas_l', 'semimem_l', 'glut_max2_l', 'rect_fem_l'))
  hip_flexion_r         -0.0 ..    52.8 deg
  knee_angle_r          -2.1 ..    10.9 deg
  ankle_angle_r        -67.8 ..     0.0 deg
  hip_flexion_l         -0.0 ..    48.0 deg
  knee_angle_l          -3.7 ..    11.3 deg
  ankle_angle_l        -80.6 ..     0.0 deg
saved spinal_run.npz
saved spinal_run.png
