standing solve: nnls x in [0.00, 0.61], >0.1: 32 muscles
  top: tib_ant_r=0.61, tib_ant_l=0.60, ext_dig_r=0.40, ext_dig_l=0.40, glut_min1_l=0.20, add_long_l=0.20, glut_min1_r=0.20, glut_min3_l=0.20
Fmax range: 5..3396 N | L range sample: [0.229942 0.326094]
t=  1.00 max|qacc|=      53.2 max|qvel|=   1.00 ncon=  0 com_z=0.956 com_x=-0.115
t=  1.50 max|qacc|=      57.1 max|qvel|=   1.81 ncon=  0 com_z=0.956 com_x=-0.091
t=  2.00 max|qacc|=      37.8 max|qvel|=   1.08 ncon=  0 com_z=0.955 com_x=-0.124
t=  2.50 max|qacc|=     164.4 max|qvel|=   2.01 ncon=  0 com_z=0.956 com_x=-0.093
t=  3.00 max|qacc|=      66.3 max|qvel|=   2.21 ncon=  0 com_z=0.957 com_x=-0.125
t=  3.50 max|qacc|=     181.8 max|qvel|=   1.16 ncon=  0 com_z=0.954 com_x=-0.120
t=  4.00 max|qacc|=     143.5 max|qvel|=   0.83 ncon=  0 com_z=0.966 com_x=-0.154
t=  4.50 max|qacc|=      72.7 max|qvel|=   1.95 ncon=  0 com_z=0.978 com_x=-0.139
t=  5.00 max|qacc|=     107.8 max|qvel|=   9.94 ncon=  0 com_z=0.962 com_x=-0.151
t=  5.50 max|qacc|=      56.8 max|qvel|=   6.42 ncon=  0 com_z=0.978 com_x=-0.153
t=  6.00 max|qacc|=      95.4 max|qvel|=  10.27 ncon=  0 com_z=0.969 com_x=-0.151
t=  6.50 max|qacc|=      47.9 max|qvel|=   3.19 ncon=  0 com_z=0.966 com_x=-0.160
t=  7.00 max|qacc|=      93.8 max|qvel|=   7.54 ncon=  0 com_z=0.971 com_x=-0.154
t=  7.50 max|qacc|=     100.1 max|qvel|=   1.96 ncon=  0 com_z=0.963 com_x=-0.154
t=  8.00 max|qacc|=     143.9 max|qvel|=   4.22 ncon=  0 com_z=0.983 com_x=-0.157
t=  8.50 max|qacc|=      17.4 max|qvel|=   1.00 ncon=  0 com_z=0.959 com_x=-0.151
t=  9.00 max|qacc|=     137.2 max|qvel|=   1.77 ncon=  0 com_z=0.988 com_x=-0.158
t=  9.50 max|qacc|=      17.3 max|qvel|=   0.94 ncon=  0 com_z=0.956 com_x=-0.143
t= 10.00 max|qacc|=      89.9 max|qvel|=   2.72 ncon=  0 com_z=0.990 com_x=-0.162
t= 10.50 max|qacc|=     111.4 max|qvel|=   1.77 ncon=  0 com_z=0.955 com_x=-0.141
t= 11.00 max|qacc|=      94.5 max|qvel|=   5.16 ncon=  0 com_z=0.984 com_x=-0.163
t= 11.50 max|qacc|=     132.6 max|qvel|=   7.08 ncon=  0 com_z=0.957 com_x=-0.141
t= 12.00 max|qacc|=     116.2 max|qvel|=   5.50 ncon=  0 com_z=0.977 com_x=-0.165
t= 12.50 max|qacc|=     169.0 max|qvel|=   5.97 ncon=  0 com_z=0.958 com_x=-0.145
t= 13.00 max|qacc|=      28.6 max|qvel|=   3.72 ncon=  0 com_z=0.970 com_x=-0.162
t= 13.50 max|qacc|=     107.3 max|qvel|=   9.57 ncon=  0 com_z=0.966 com_x=-0.151
t= 14.00 max|qacc|=      30.6 max|qvel|=   2.38 ncon=  0 com_z=0.964 com_x=-0.159
t= 14.50 max|qacc|=     107.8 max|qvel|=   6.35 ncon=  0 com_z=0.975 com_x=-0.156
t= 15.00 max|qacc|=      36.2 max|qvel|=   1.91 ncon=  0 com_z=0.960 com_x=-0.152
t= 15.50 max|qacc|=      83.2 max|qvel|=   2.45 ncon=  0 com_z=0.985 com_x=-0.158
t= 16.00 max|qacc|=      89.8 max|qvel|=   2.86 ncon=  0 com_z=0.951 com_x=-0.124
t= 16.50 max|qacc|=      61.0 max|qvel|=   2.52 ncon=  0 com_z=0.958 com_x=-0.105
t= 17.00 max|qacc|=     403.8 max|qvel|=   0.73 ncon=  0 com_z=0.961 com_x=-0.095
t= 17.50 max|qacc|=      70.2 max|qvel|=   1.68 ncon=  0 com_z=0.958 com_x=-0.096
t= 18.00 max|qacc|=     324.8 max|qvel|=   1.86 ncon=  0 com_z=0.954 com_x=-0.098
t= 18.50 max|qacc|=      32.1 max|qvel|=   1.31 ncon=  0 com_z=0.957 com_x=-0.124
t= 19.00 max|qacc|=      77.5 max|qvel|=   1.25 ncon=  0 com_z=0.958 com_x=-0.096
t= 19.50 max|qacc|=      27.9 max|qvel|=   1.33 ncon=  0 com_z=0.965 com_x=-0.132
t= 20.00 max|qacc|=      12.4 max|qvel|=   1.91 ncon=  0 com_z=0.955 com_x=-0.108
t= 20.50 max|qacc|=      67.7 max|qvel|=   1.90 ncon=  0 com_z=0.957 com_x=-0.120

== summary ==
pelvis/COM height: start 0.96 m, min 0.95 m, final 0.96 m  (stayed up)
COM x: min -0.17 max -0.09 final -0.12 m
COM y: min -0.019 max +0.023 m
RG_F_r bursts during walk window: 5
RG_r: cycles in window 6, period 1.87 s (0.54 Hz), E-duty 0.18
RG_l: cycles in window 6, period 1.87 s (0.54 Hz), E-duty 0.06
peak ctrl: [0.49 0.78 0.49 0.89 0.78 1.   0.82 0.56 1.   0.8  0.56 0.66 0.57 0.87
 0.66 0.92 0.91 0.56 0.92 0.66] (('vas_lat_r', 'med_gas_r', 'soleus_r', 'tib_ant_r', 'psoas_r', 'semimem_r', 'glut_max2_r', 'rect_fem_r', 'sar_r', 'grac_r', 'vas_lat_l', 'med_gas_l', 'soleus_l', 'tib_ant_l', 'psoas_l', 'semimem_l', 'glut_max2_l', 'rect_fem_l', 'sar_l', 'grac_l'))
  hip_flexion_r        -23.8 ..    55.9 deg
  knee_angle_r         -91.1 ..    11.5 deg
  ankle_angle_r        -61.8 ..     0.0 deg
  hip_adduction_r      -18.6 ..    17.8 deg
  subtalar_angle_r      -1.2 ..    22.6 deg
  hip_flexion_l        -23.4 ..    60.5 deg
  knee_angle_l         -89.1 ..    16.4 deg
  ankle_angle_l        -71.7 ..     0.0 deg
  hip_adduction_l      -15.6 ..    20.4 deg
  subtalar_angle_l      -2.0 ..    22.3 deg
  pelvis_tilt           -0.0 ..     1.9 deg
  pelvis_list           -0.4 ..     0.3 deg
  pelvis_rotation       -0.3 ..     0.3 deg
saved spinal_run.npz
saved spinal_run.png
