standing solve: nnls x in [0.00, 0.61], >0.1: 26 muscles
  top: tib_ant_r=0.61, tib_ant_l=0.60, ext_dig_r=0.40, ext_dig_l=0.40, glut_min1_l=0.19, glut_min1_r=0.19, glut_min3_l=0.18, glut_min3_r=0.18
Fmax range: 5..3396 N | L range sample: [0.229942 0.326094]
t=  1.00 max|qacc|=     147.2 max|qvel|=   2.96 ncon=  0 com_z=0.937 com_x=-0.127
t=  1.50 max|qacc|=     106.5 max|qvel|=   2.13 ncon=  0 com_z=0.822 com_x=-0.188
t=  2.00 max|qacc|=     309.3 max|qvel|=   2.59 ncon=  0 com_z=0.805 com_x=-0.194
t=  2.50 max|qacc|=     160.8 max|qvel|=   2.07 ncon=  0 com_z=0.904 com_x=-0.177
t=  3.00 max|qacc|=     192.0 max|qvel|=   2.21 ncon=  0 com_z=0.899 com_x=-0.162
t=  3.50 max|qacc|=     341.6 max|qvel|=   1.44 ncon=  0 com_z=0.818 com_x=-0.200
t=  4.00 max|qacc|=     114.4 max|qvel|=   2.00 ncon=  0 com_z=0.817 com_x=-0.227
t=  4.50 max|qacc|=     125.1 max|qvel|=   2.63 ncon=  0 com_z=0.864 com_x=-0.213
t=  5.00 max|qacc|=     142.3 max|qvel|=   2.00 ncon=  0 com_z=0.836 com_x=-0.236
t=  5.50 max|qacc|=      45.2 max|qvel|=   1.42 ncon=  0 com_z=0.802 com_x=-0.246
t=  6.00 max|qacc|=     284.2 max|qvel|=   2.64 ncon=  0 com_z=0.835 com_x=-0.213
t=  6.50 max|qacc|=      48.2 max|qvel|=   1.10 ncon=  0 com_z=0.846 com_x=-0.263
t=  7.00 max|qacc|=      91.5 max|qvel|=   3.14 ncon=  0 com_z=0.824 com_x=-0.197
t=  7.50 max|qacc|=      26.9 max|qvel|=   0.83 ncon=  0 com_z=0.820 com_x=-0.276
t=  8.00 max|qacc|=     659.2 max|qvel|=   3.07 ncon=  0 com_z=0.850 com_x=-0.188
t=  8.50 max|qacc|=     103.4 max|qvel|=   1.90 ncon=  0 com_z=0.835 com_x=-0.278
t=  9.00 max|qacc|=      18.1 max|qvel|=   2.32 ncon=  0 com_z=0.825 com_x=-0.203
t=  9.50 max|qacc|=     106.4 max|qvel|=   2.80 ncon=  0 com_z=0.830 com_x=-0.258
t= 10.00 max|qacc|=     110.7 max|qvel|=   2.59 ncon=  0 com_z=0.837 com_x=-0.234
t= 10.50 max|qacc|=     184.5 max|qvel|=   1.89 ncon=  0 com_z=0.829 com_x=-0.220
t= 11.00 max|qacc|=      95.4 max|qvel|=   1.92 ncon=  0 com_z=0.826 com_x=-0.270
t= 11.50 max|qacc|=     167.0 max|qvel|=   3.65 ncon=  0 com_z=0.844 com_x=-0.183
t= 12.00 max|qacc|=     223.9 max|qvel|=   1.01 ncon=  0 com_z=0.835 com_x=-0.292
t= 12.50 max|qacc|=     298.5 max|qvel|=   3.46 ncon=  0 com_z=0.841 com_x=-0.174
t= 13.00 max|qacc|=      93.0 max|qvel|=   2.26 ncon=  0 com_z=0.833 com_x=-0.291
t= 13.50 max|qacc|=      16.1 max|qvel|=   2.70 ncon=  0 com_z=0.841 com_x=-0.190
t= 14.00 max|qacc|=     170.2 max|qvel|=   1.66 ncon=  0 com_z=0.830 com_x=-0.266
t= 14.50 max|qacc|=      38.1 max|qvel|=   2.00 ncon=  0 com_z=0.830 com_x=-0.229
t= 15.00 max|qacc|=     100.2 max|qvel|=   2.09 ncon=  0 com_z=0.834 com_x=-0.223
t= 15.50 max|qacc|=      67.3 max|qvel|=   2.20 ncon=  0 com_z=0.831 com_x=-0.268
t= 16.00 max|qacc|=     270.9 max|qvel|=   2.42 ncon=  0 com_z=0.845 com_x=-0.167
t= 16.50 max|qacc|=      63.3 max|qvel|=   0.94 ncon=  0 com_z=0.838 com_x=-0.267
t= 17.00 max|qacc|=     191.3 max|qvel|=   2.66 ncon=  0 com_z=0.867 com_x=-0.152
t= 17.50 max|qacc|=     189.4 max|qvel|=   1.63 ncon=  0 com_z=0.861 com_x=-0.174
t= 18.00 max|qacc|=      78.1 max|qvel|=   0.93 ncon=  0 com_z=0.852 com_x=-0.220
t= 18.50 max|qacc|=     130.8 max|qvel|=   1.56 ncon=  0 com_z=0.851 com_x=-0.175
t= 19.00 max|qacc|=      56.4 max|qvel|=   1.26 ncon=  0 com_z=0.847 com_x=-0.195
t= 19.50 max|qacc|=     108.2 max|qvel|=   1.63 ncon=  0 com_z=0.857 com_x=-0.197
t= 20.00 max|qacc|=      39.7 max|qvel|=   1.36 ncon=  0 com_z=0.856 com_x=-0.185
t= 20.50 max|qacc|=     146.1 max|qvel|=   1.42 ncon=  0 com_z=0.846 com_x=-0.195

== summary ==
pelvis/COM height: start 0.96 m, min 0.78 m, final 0.85 m  (stayed up)
COM x: min -0.30 max -0.09 final -0.19 m
COM y: min -0.004 max +0.009 m
RG_F_r bursts during walk window: 0
RG_r: cycles in window 10, period 1.12 s (0.89 Hz), E-duty 0.26
RG_l: cycles in window 10, period 1.12 s (0.89 Hz), E-duty 0.26
peak ctrl: [0.27 0.34 0.42 0.76 0.3  0.32 0.36 0.27 0.27 0.34 0.42 0.75 0.29 0.32
 0.36 0.27] (('vas_lat_r', 'med_gas_r', 'soleus_r', 'tib_ant_r', 'psoas_r', 'semimem_r', 'glut_max2_r', 'rect_fem_r', 'vas_lat_l', 'med_gas_l', 'soleus_l', 'tib_ant_l', 'psoas_l', 'semimem_l', 'glut_max2_l', 'rect_fem_l'))
  hip_flexion_r         -2.5 ..    65.3 deg
  knee_angle_r          -0.0 ..    11.0 deg
  ankle_angle_r        -66.7 ..     0.0 deg
  hip_flexion_l         -4.9 ..    57.4 deg
  knee_angle_l          -0.0 ..    10.9 deg
  ankle_angle_l        -79.4 ..     0.0 deg
saved spinal_run.npz
saved spinal_run.png
