standing solve: nnls x in [0.00, 0.61], >0.1: 26 muscles
  top: tib_ant_r=0.61, tib_ant_l=0.60, ext_dig_r=0.40, ext_dig_l=0.40, glut_min1_l=0.19, glut_min1_r=0.19, glut_min3_l=0.18, glut_min3_r=0.18
Fmax range: 5..3396 N | L range sample: [0.229942 0.326094]
t=  1.00 max|qacc|=      97.1 max|qvel|=   2.49 ncon=  0 com_z=0.933 com_x=-0.144
t=  1.50 max|qacc|=      92.7 max|qvel|=   2.15 ncon=  0 com_z=0.798 com_x=-0.216
t=  2.00 max|qacc|=     113.5 max|qvel|=   1.85 ncon=  0 com_z=0.799 com_x=-0.209
t=  2.50 max|qacc|=     294.5 max|qvel|=   1.82 ncon=  0 com_z=0.900 com_x=-0.199
t=  3.00 max|qacc|=     303.8 max|qvel|=   2.21 ncon=  0 com_z=0.877 com_x=-0.192
t=  3.50 max|qacc|=     174.6 max|qvel|=   1.69 ncon=  0 com_z=0.790 com_x=-0.229
t=  4.00 max|qacc|=     450.6 max|qvel|=   3.02 ncon=  0 com_z=0.822 com_x=-0.252
t=  4.50 max|qacc|=     429.6 max|qvel|=   5.76 ncon=  0 com_z=0.861 com_x=-0.211
t=  5.00 max|qacc|=     121.7 max|qvel|=   0.58 ncon=  0 com_z=0.821 com_x=-0.284
t=  5.50 max|qacc|=      55.5 max|qvel|=   2.83 ncon=  0 com_z=0.813 com_x=-0.200
t=  6.00 max|qacc|=      42.9 max|qvel|=   3.63 ncon=  0 com_z=0.845 com_x=-0.289
t=  6.50 max|qacc|=      74.1 max|qvel|=   1.85 ncon=  0 com_z=0.838 com_x=-0.212
t=  7.00 max|qacc|=      56.5 max|qvel|=   5.32 ncon=  0 com_z=0.810 com_x=-0.270
t=  7.50 max|qacc|=      97.8 max|qvel|=   1.49 ncon=  0 com_z=0.828 com_x=-0.242
t=  8.00 max|qacc|=     152.7 max|qvel|=   6.36 ncon=  0 com_z=0.829 com_x=-0.240
t=  8.50 max|qacc|=      33.7 max|qvel|=   1.10 ncon=  0 com_z=0.824 com_x=-0.269
t=  9.00 max|qacc|=     156.2 max|qvel|=   3.94 ncon=  0 com_z=0.824 com_x=-0.214
t=  9.50 max|qacc|=      51.9 max|qvel|=   4.08 ncon=  0 com_z=0.836 com_x=-0.282
t= 10.00 max|qacc|=     248.0 max|qvel|=   2.81 ncon=  0 com_z=0.828 com_x=-0.212
t= 10.50 max|qacc|=      40.2 max|qvel|=   4.08 ncon=  0 com_z=0.820 com_x=-0.275
t= 11.00 max|qacc|=      97.5 max|qvel|=   1.25 ncon=  0 com_z=0.829 com_x=-0.234
t= 11.50 max|qacc|=     199.3 max|qvel|=   3.44 ncon=  0 com_z=0.823 com_x=-0.250
t= 12.00 max|qacc|=      36.8 max|qvel|=   1.24 ncon=  0 com_z=0.824 com_x=-0.261
t= 12.50 max|qacc|=     312.5 max|qvel|=   6.21 ncon=  0 com_z=0.826 com_x=-0.220
t= 13.00 max|qacc|=     188.6 max|qvel|=   2.66 ncon=  0 com_z=0.833 com_x=-0.280
t= 13.50 max|qacc|=     234.2 max|qvel|=   2.95 ncon=  0 com_z=0.828 com_x=-0.208
t= 14.00 max|qacc|=      44.5 max|qvel|=   3.01 ncon=  0 com_z=0.825 com_x=-0.282
t= 14.50 max|qacc|=     130.6 max|qvel|=   1.55 ncon=  0 com_z=0.829 com_x=-0.223
t= 15.00 max|qacc|=     126.9 max|qvel|=   5.28 ncon=  0 com_z=0.821 com_x=-0.262
t= 15.50 max|qacc|=     121.5 max|qvel|=   1.23 ncon=  0 com_z=0.825 com_x=-0.249
t= 16.00 max|qacc|=     187.2 max|qvel|=   2.67 ncon=  0 com_z=0.826 com_x=-0.229
t= 16.50 max|qacc|=      86.6 max|qvel|=   3.00 ncon=  0 com_z=0.833 com_x=-0.239
t= 17.00 max|qacc|=     103.8 max|qvel|=   2.05 ncon=  0 com_z=0.837 com_x=-0.216
t= 17.50 max|qacc|=     125.8 max|qvel|=   2.69 ncon=  0 com_z=0.850 com_x=-0.178
t= 18.00 max|qacc|=     111.0 max|qvel|=   2.12 ncon=  0 com_z=0.844 com_x=-0.240
t= 18.50 max|qacc|=     327.2 max|qvel|=   2.18 ncon=  0 com_z=0.839 com_x=-0.199
t= 19.00 max|qacc|=     122.6 max|qvel|=   2.13 ncon=  0 com_z=0.835 com_x=-0.215
t= 19.50 max|qacc|=     128.1 max|qvel|=   1.93 ncon=  0 com_z=0.843 com_x=-0.217
t= 20.00 max|qacc|=      96.2 max|qvel|=   2.17 ncon=  0 com_z=0.843 com_x=-0.208
t= 20.50 max|qacc|=      65.0 max|qvel|=   2.67 ncon=  0 com_z=0.835 com_x=-0.216
t= 21.00 max|qacc|=     195.4 max|qvel|=   1.74 ncon=  0 com_z=0.839 com_x=-0.212
t= 21.50 max|qacc|=      69.7 max|qvel|=   2.17 ncon=  0 com_z=0.843 com_x=-0.213

== summary ==
pelvis/COM height: start 0.96 m, min 0.76 m, final 0.84 m  (stayed up)
COM x: min -0.29 max -0.09 final -0.21 m
COM y: min -0.005 max +0.010 m
RG_F_r bursts during walk window: 11
RG_r: cycles in window 12, period 0.88 s (1.13 Hz), E-duty 0.38
RG_l: cycles in window 12, period 0.88 s (1.13 Hz), E-duty 0.38
peak ctrl: [0.41 0.37 0.43 0.76 0.27 0.43 0.59 0.41 0.41 0.37 0.43 0.75 0.27 0.43
 0.59 0.41] (('vas_lat_r', 'med_gas_r', 'soleus_r', 'tib_ant_r', 'psoas_r', 'semimem_r', 'glut_max2_r', 'rect_fem_r', 'vas_lat_l', 'med_gas_l', 'soleus_l', 'tib_ant_l', 'psoas_l', 'semimem_l', 'glut_max2_l', 'rect_fem_l'))
  hip_flexion_r         -0.0 ..    61.4 deg
  knee_angle_r         -10.0 ..    11.5 deg
  ankle_angle_r        -80.8 ..     0.0 deg
  hip_flexion_l         -0.0 ..    57.5 deg
  knee_angle_l          -8.3 ..    11.5 deg
  ankle_angle_l        -84.8 ..     0.0 deg
saved spinal_run.npz
saved spinal_run.png
