standing solve: nnls x in [0.00, 0.61], >0.1: 32 muscles
  top: tib_ant_r=0.61, tib_ant_l=0.60, ext_dig_r=0.40, ext_dig_l=0.40, glut_min1_l=0.20, add_long_l=0.20, glut_min1_r=0.20, glut_min3_l=0.20
Fmax range: 5..3396 N | L range sample: [0.229942 0.326094]
t=  1.00 max|qacc|=      39.3 max|qvel|=   0.72 ncon=  0 com_z=0.956 com_x=-0.115
t=  1.50 max|qacc|=     391.6 max|qvel|=   1.32 ncon=  0 com_z=0.954 com_x=-0.092
t=  2.00 max|qacc|=      38.0 max|qvel|=   1.70 ncon=  0 com_z=0.955 com_x=-0.124
t=  2.50 max|qacc|=      36.7 max|qvel|=   0.72 ncon=  0 com_z=0.955 com_x=-0.093
t=  3.00 max|qacc|=      55.3 max|qvel|=   1.41 ncon=  0 com_z=0.955 com_x=-0.124
t=  3.50 max|qacc|=     123.2 max|qvel|=   0.76 ncon=  0 com_z=0.954 com_x=-0.121
t=  4.00 max|qacc|=      84.5 max|qvel|=   0.62 ncon=  0 com_z=0.965 com_x=-0.155
t=  4.50 max|qacc|=      34.0 max|qvel|=   1.96 ncon=  0 com_z=0.976 com_x=-0.142
t=  5.00 max|qacc|=      95.8 max|qvel|=   9.83 ncon=  0 com_z=0.961 com_x=-0.151
t=  5.50 max|qacc|=      14.5 max|qvel|=   5.73 ncon=  0 com_z=0.977 com_x=-0.156
t=  6.00 max|qacc|=      91.2 max|qvel|=   9.79 ncon=  0 com_z=0.968 com_x=-0.150
t=  6.50 max|qacc|=      81.1 max|qvel|=   2.68 ncon=  0 com_z=0.967 com_x=-0.163
t=  7.00 max|qacc|=      62.3 max|qvel|=   7.15 ncon=  0 com_z=0.970 com_x=-0.153
t=  7.50 max|qacc|=     418.5 max|qvel|=   2.14 ncon=  0 com_z=0.964 com_x=-0.159
t=  8.00 max|qacc|=      87.4 max|qvel|=   3.72 ncon=  0 com_z=0.982 com_x=-0.156
t=  8.50 max|qacc|=     193.2 max|qvel|=   1.23 ncon=  0 com_z=0.961 com_x=-0.155
t=  9.00 max|qacc|=     150.8 max|qvel|=   1.86 ncon=  0 com_z=0.986 com_x=-0.157
t=  9.50 max|qacc|=      21.4 max|qvel|=   1.15 ncon=  0 com_z=0.957 com_x=-0.147
t= 10.00 max|qacc|=     132.4 max|qvel|=   2.94 ncon=  0 com_z=0.987 com_x=-0.163
t= 10.50 max|qacc|=     110.3 max|qvel|=   1.76 ncon=  0 com_z=0.956 com_x=-0.143
t= 11.00 max|qacc|=      87.3 max|qvel|=   4.76 ncon=  0 com_z=0.983 com_x=-0.164
t= 11.50 max|qacc|=    1774.7 max|qvel|=   5.07 ncon=  0 com_z=0.958 com_x=-0.143
t= 12.00 max|qacc|=     297.4 max|qvel|=   4.99 ncon=  0 com_z=0.977 com_x=-0.167
t= 12.50 max|qacc|=     190.3 max|qvel|=   5.72 ncon=  0 com_z=0.958 com_x=-0.145
t= 13.00 max|qacc|=      32.4 max|qvel|=   3.47 ncon=  0 com_z=0.971 com_x=-0.164
t= 13.50 max|qacc|=     132.5 max|qvel|=   9.11 ncon=  0 com_z=0.966 com_x=-0.150
t= 14.00 max|qacc|=      25.6 max|qvel|=   2.07 ncon=  0 com_z=0.966 com_x=-0.162
t= 14.50 max|qacc|=     114.6 max|qvel|=   5.89 ncon=  0 com_z=0.974 com_x=-0.155
t= 15.00 max|qacc|=      70.7 max|qvel|=   1.86 ncon=  0 com_z=0.961 com_x=-0.155
t= 15.50 max|qacc|=      71.5 max|qvel|=   1.84 ncon=  0 com_z=0.984 com_x=-0.157
t= 16.00 max|qacc|=     304.5 max|qvel|=   2.36 ncon=  0 com_z=0.951 com_x=-0.127
t= 16.50 max|qacc|=      52.1 max|qvel|=   1.87 ncon=  0 com_z=0.957 com_x=-0.104
t= 17.00 max|qacc|=     274.6 max|qvel|=   0.90 ncon=  0 com_z=0.960 com_x=-0.096
t= 17.50 max|qacc|=      26.5 max|qvel|=   0.72 ncon=  0 com_z=0.958 com_x=-0.095
t= 18.00 max|qacc|=     240.8 max|qvel|=   1.20 ncon=  0 com_z=0.953 com_x=-0.100
t= 18.50 max|qacc|=      79.9 max|qvel|=   1.08 ncon=  0 com_z=0.957 com_x=-0.123
t= 19.00 max|qacc|=     162.4 max|qvel|=   1.25 ncon=  0 com_z=0.959 com_x=-0.096
t= 19.50 max|qacc|=     168.6 max|qvel|=   1.61 ncon=  0 com_z=0.965 com_x=-0.134
t= 20.00 max|qacc|=      72.0 max|qvel|=   1.76 ncon=  0 com_z=0.955 com_x=-0.106
t= 20.50 max|qacc|=      35.9 max|qvel|=   1.64 ncon=  0 com_z=0.957 com_x=-0.123

== summary ==
pelvis/COM height: start 0.96 m, min 0.95 m, final 0.96 m  (stayed up)
COM x: min -0.17 max -0.09 final -0.12 m
COM y: min -0.016 max +0.020 m
RG_F_r bursts during walk window: 5
RG_r: cycles in window 6, period 1.87 s (0.54 Hz), E-duty 0.18
RG_l: cycles in window 6, period 1.87 s (0.54 Hz), E-duty 0.06
peak ctrl: [0.49 0.78 0.49 0.89 0.78 1.   0.82 0.56 0.78 0.11 0.56 0.66 0.57 0.87
 0.66 0.92 0.91 0.56 0.66 0.09] (('vas_lat_r', 'med_gas_r', 'soleus_r', 'tib_ant_r', 'psoas_r', 'semimem_r', 'glut_max2_r', 'rect_fem_r', 'sar_r', 'grac_r', 'vas_lat_l', 'med_gas_l', 'soleus_l', 'tib_ant_l', 'psoas_l', 'semimem_l', 'glut_max2_l', 'rect_fem_l', 'sar_l', 'grac_l'))
  hip_flexion_r        -19.7 ..    55.0 deg
  knee_angle_r         -84.7 ..    11.4 deg
  ankle_angle_r        -61.7 ..     0.0 deg
  hip_adduction_r      -15.1 ..    16.5 deg
  subtalar_angle_r      -1.1 ..    22.4 deg
  hip_flexion_l        -19.9 ..    61.5 deg
  knee_angle_l         -81.8 ..    15.6 deg
  ankle_angle_l        -71.2 ..     0.0 deg
  hip_adduction_l      -14.6 ..    19.6 deg
  subtalar_angle_l      -2.0 ..    22.1 deg
  pelvis_tilt           -0.0 ..     2.0 deg
  pelvis_list           -0.4 ..     0.3 deg
  pelvis_rotation       -0.2 ..     0.3 deg
saved spinal_run.npz
saved spinal_run.png
