standing solve: nnls x in [0.00, 0.61], >0.1: 26 muscles
  top: tib_ant_r=0.61, tib_ant_l=0.60, ext_dig_r=0.40, ext_dig_l=0.40, glut_min1_l=0.19, glut_min1_r=0.19, glut_min3_l=0.18, glut_min3_r=0.18
Fmax range: 5..3396 N | L range sample: [0.229942 0.326094]
t=  1.00 max|qacc|=      56.0 max|qvel|=   1.13 ncon=  0 com_z=0.960 com_x=-0.116
t=  1.50 max|qacc|=     303.6 max|qvel|=   2.56 ncon=  0 com_z=0.962 com_x=-0.090
t=  2.00 max|qacc|=     117.9 max|qvel|=   1.72 ncon=  0 com_z=0.957 com_x=-0.129
t=  2.50 max|qacc|=      99.9 max|qvel|=   2.02 ncon=  0 com_z=0.961 com_x=-0.091
t=  3.00 max|qacc|=     199.8 max|qvel|=   1.74 ncon=  0 com_z=0.961 com_x=-0.130
t=  3.50 max|qacc|=     153.6 max|qvel|=   0.58 ncon=  0 com_z=0.956 com_x=-0.121
t=  4.00 max|qacc|=     109.3 max|qvel|=   0.70 ncon=  0 com_z=0.969 com_x=-0.153
t=  4.50 max|qacc|=      34.4 max|qvel|=   2.67 ncon=  0 com_z=0.978 com_x=-0.149
t=  5.00 max|qacc|=     100.5 max|qvel|=   9.38 ncon=  0 com_z=0.965 com_x=-0.157
t=  5.50 max|qacc|=     377.4 max|qvel|=   6.28 ncon=  0 com_z=0.979 com_x=-0.167
t=  6.00 max|qacc|=     104.9 max|qvel|=   9.95 ncon=  0 com_z=0.966 com_x=-0.150
t=  6.50 max|qacc|=     137.4 max|qvel|=   2.26 ncon=  0 com_z=0.974 com_x=-0.174
t=  7.00 max|qacc|=     109.8 max|qvel|=   7.69 ncon=  0 com_z=0.971 com_x=-0.152
t=  7.50 max|qacc|=     108.4 max|qvel|=   2.15 ncon=  0 com_z=0.969 com_x=-0.169
t=  8.00 max|qacc|=     128.8 max|qvel|=   4.12 ncon=  0 com_z=0.981 com_x=-0.158
t=  8.50 max|qacc|=      10.0 max|qvel|=   0.97 ncon=  0 com_z=0.961 com_x=-0.159
t=  9.00 max|qacc|=     135.6 max|qvel|=   1.64 ncon=  0 com_z=0.991 com_x=-0.165
t=  9.50 max|qacc|=     137.6 max|qvel|=   1.12 ncon=  0 com_z=0.958 com_x=-0.150
t= 10.00 max|qacc|=     117.8 max|qvel|=   3.54 ncon=  0 com_z=0.992 com_x=-0.172
t= 10.50 max|qacc|=     109.2 max|qvel|=   1.72 ncon=  0 com_z=0.955 com_x=-0.142
t= 11.00 max|qacc|=      55.3 max|qvel|=   5.21 ncon=  0 com_z=0.991 com_x=-0.177
t= 11.50 max|qacc|=     910.4 max|qvel|=   2.50 ncon=  0 com_z=0.956 com_x=-0.141
t= 12.00 max|qacc|=     145.1 max|qvel|=   5.18 ncon=  0 com_z=0.984 com_x=-0.180
t= 12.50 max|qacc|=     338.4 max|qvel|=   5.69 ncon=  0 com_z=0.956 com_x=-0.141
t= 13.00 max|qacc|=     142.2 max|qvel|=   3.41 ncon=  0 com_z=0.978 com_x=-0.180
t= 13.50 max|qacc|=     118.1 max|qvel|=   9.46 ncon=  0 com_z=0.963 com_x=-0.148
t= 14.00 max|qacc|=      37.5 max|qvel|=   1.83 ncon=  0 com_z=0.970 com_x=-0.173
t= 14.50 max|qacc|=     133.8 max|qvel|=   6.36 ncon=  0 com_z=0.975 com_x=-0.156
t= 15.00 max|qacc|=      37.3 max|qvel|=   2.16 ncon=  0 com_z=0.965 com_x=-0.166
t= 15.50 max|qacc|=      68.9 max|qvel|=   1.63 ncon=  0 com_z=0.985 com_x=-0.161
t= 16.00 max|qacc|=     441.7 max|qvel|=   2.46 ncon=  0 com_z=0.952 com_x=-0.132
t= 16.50 max|qacc|=     114.2 max|qvel|=   1.68 ncon=  0 com_z=0.962 com_x=-0.100
t= 17.00 max|qacc|=      49.9 max|qvel|=   1.08 ncon=  0 com_z=0.962 com_x=-0.104
t= 17.50 max|qacc|=      82.4 max|qvel|=   1.26 ncon=  0 com_z=0.960 com_x=-0.081
t= 18.00 max|qacc|=      33.3 max|qvel|=   1.10 ncon=  0 com_z=0.959 com_x=-0.122
t= 18.50 max|qacc|=      26.5 max|qvel|=   0.93 ncon=  0 com_z=0.958 com_x=-0.095
t= 19.00 max|qacc|=      22.6 max|qvel|=   1.27 ncon=  0 com_z=0.966 com_x=-0.129
t= 19.50 max|qacc|=      35.5 max|qvel|=   1.36 ncon=  0 com_z=0.964 com_x=-0.106
t= 20.00 max|qacc|=     105.6 max|qvel|=   1.64 ncon=  0 com_z=0.961 com_x=-0.121
t= 20.50 max|qacc|=      18.8 max|qvel|=   1.73 ncon=  0 com_z=0.958 com_x=-0.114

== summary ==
pelvis/COM height: start 0.96 m, min 0.95 m, final 0.96 m  (stayed up)
COM x: min -0.18 max -0.08 final -0.11 m
COM y: min -0.026 max +0.028 m
RG_F_r bursts during walk window: 5
RG_r: cycles in window 6, period 1.87 s (0.54 Hz), E-duty 0.18
RG_l: cycles in window 6, period 1.87 s (0.54 Hz), E-duty 0.06
peak ctrl: [0.49 0.78 0.55 0.82 0.54 1.   0.82 0.48 0.95 0.81 0.56 0.66 0.64 0.81
 0.45 0.91 0.91 0.55 0.82 0.66] (('vas_lat_r', 'med_gas_r', 'soleus_r', 'tib_ant_r', 'psoas_r', 'semimem_r', 'glut_max2_r', 'rect_fem_r', 'sar_r', 'grac_r', 'vas_lat_l', 'med_gas_l', 'soleus_l', 'tib_ant_l', 'psoas_l', 'semimem_l', 'glut_max2_l', 'rect_fem_l', 'sar_l', 'grac_l'))
  hip_flexion_r        -14.9 ..    56.0 deg
  knee_angle_r         -88.6 ..    11.7 deg
  ankle_angle_r        -64.3 ..     0.0 deg
  hip_adduction_r      -24.3 ..    27.0 deg
  subtalar_angle_r      -1.9 ..    22.1 deg
  hip_flexion_l        -15.1 ..    58.5 deg
  knee_angle_l         -83.9 ..    16.0 deg
  ankle_angle_l        -74.2 ..     0.0 deg
  hip_adduction_l      -18.6 ..    28.2 deg
  subtalar_angle_l      -2.6 ..    21.5 deg
  pelvis_tilt           -0.0 ..     2.2 deg
  pelvis_list           -0.4 ..     0.4 deg
  pelvis_rotation       -0.4 ..     0.3 deg
saved spinal_run.npz
saved spinal_run.png
