
=== state_v10_best.json (drive 2.929) ===
baseline windows (5 s swings, mV): [9.165 6.51  6.508 6.508]  peaks last10 5
  trial  0: windows [9.166 6.471 6.469 6.47 ]  FAIL
  trial  1: windows [9.471 6.59  6.588 6.588]  FAIL
  trial  2: windows [9.353 6.494 6.492 6.492]  FAIL
  trial  3: windows [9.314 6.489 6.487 6.487]  FAIL
  trial  4: windows [9.322 6.55  6.548 6.548]  FAIL
  trial  5: windows [9.376 6.417 6.415 6.415]  FAIL
  trial  6: windows [9.323 6.419 6.417 6.417]  FAIL
  trial  7: windows [9.34  6.399 6.397 6.397]  FAIL
  trial  8: windows [9.342 6.442 6.44  6.44 ]  FAIL
  trial  9: windows [9.224 6.501 6.499 6.499]  FAIL
  trial 10: windows [9.141 6.465 6.463 6.463]  FAIL
  trial 11: windows [9.275 6.522 6.521 6.52 ]  FAIL
  --> pass 0/12, final swing min/med 6.397/6.478 mV, margin 0.98x baseline

=== state_v10_study.json (drive 2.929) ===
baseline windows (5 s swings, mV): [0.516 0.    0.    0.   ]  peaks last10 0
  trial  0: windows [0.495 0.    0.    0.   ]  FAIL
  trial  1: windows [0.503 0.    0.    0.   ]  FAIL
  trial  2: windows [0.501 0.    0.    0.   ]  FAIL
  trial  3: windows [0.501 0.    0.    0.   ]  FAIL
  trial  4: windows [0.549 0.    0.    0.   ]  FAIL
  trial  5: windows [0.541 0.    0.    0.   ]  FAIL
  trial  6: windows [0.472 0.    0.    0.   ]  FAIL
  trial  7: windows [0.506 0.    0.    0.   ]  FAIL
  trial  8: windows [0.537 0.    0.    0.   ]  FAIL
  trial  9: windows [0.534 0.    0.    0.   ]  FAIL
  trial 10: windows [0.523 0.    0.    0.   ]  FAIL
  trial 11: windows [0.561 0.    0.    0.   ]  FAIL
  --> pass 0/12, final swing min/med 0.000/0.000 mV, margin 0.72x baseline

wrote basin_gate_results.json
