IK: 121 frames 0.50..2.50 s (0.0170 s step); GRF 1501 rows
pelvis re-target ACTIVE: dty mean -0.0845 m [-0.1060, -0.0632]; output -> bsolve_out_retarget.npz
ID model: 82 follower armatures zeroed, equalities disabled
reusing existing ResultsBSolve outputs
OpenSim reference: lengths True, SO True, moment arms 23 joints
  sign pelvis_tilt            -> +1 (err 0.9356 vs 0.9356)
  sign pelvis_list            -> -1 (err 0.9356 vs 0.9356)
  sign pelvis_rotation        -> +1 (err 0.9356 vs 0.9356)
  sign hip_flexion_r          -> -1 (err 0.9356 vs 0.8114)
  sign hip_adduction_r        -> -1 (err 0.8114 vs 0.7966)
  sign hip_rotation_r         -> +1 (err 0.7966 vs 0.8166)
  sign knee_angle_r           -> -1 (err 0.7966 vs 0.7604)
  sign ankle_angle_r          -> +1 (err 0.7604 vs 0.7784)
  sign hip_flexion_l          -> -1 (err 0.7604 vs 0.7187)
  sign hip_adduction_l        -> -1 (err 0.7187 vs 0.6292)
  sign hip_rotation_l         -> +1 (err 0.6292 vs 0.7219)
  sign knee_angle_l           -> +1 (err 0.6292 vs 0.6994)
  sign ankle_angle_l          -> +1 (err 0.6292 vs 0.6661)
  sign lumbar_extension       -> +1 (err 0.6292 vs 0.7132)
  sign lumbar_bending         -> +1 (err 0.6292 vs 0.7132)
  sign lumbar_rotation        -> +1 (err 0.6292 vs 0.6634)
  sign pelvis_tilt            -> -1 (err 0.6292 vs 0.6292)
  sign pelvis_list            -> -1 (err 0.6292 vs 0.6292)
  sign pelvis_rotation        -> +1 (err 0.6292 vs 0.6292)
  sign hip_flexion_r          -> -1 (err 0.7658 vs 0.6292)
  sign hip_adduction_r        -> -1 (err 0.7114 vs 0.6292)
  sign hip_rotation_r         -> +1 (err 0.6292 vs 0.6747)
  sign knee_angle_r           -> +1 (err 0.6229 vs 0.6292)
  sign ankle_angle_r          -> +1 (err 0.6229 vs 0.7064)
  sign hip_flexion_l          -> -1 (err 0.7945 vs 0.6229)
  sign hip_adduction_l        -> -1 (err 0.7207 vs 0.6229)
  sign hip_rotation_l         -> +1 (err 0.6229 vs 0.7238)
  sign knee_angle_l           -> +1 (err 0.6229 vs 0.6781)
  sign ankle_angle_l          -> +1 (err 0.6229 vs 0.6292)
  sign lumbar_extension       -> +1 (err 0.6229 vs 0.6854)
  sign lumbar_bending         -> +1 (err 0.6229 vs 0.6854)
sign search done: median normalized length err 0.6229
GRF vertical peaks: right 803 N, left 810 N
frontal sign sweep: best {'hip_adduction_r': 1.0, 'hip_adduction_l': 1.0, 'subtalar_angle_r': 1.0, 'subtalar_angle_l': -1.0, 'pelvis_list': -1.0, 'hip_rotation_r': -1.0, 'hip_rotation_l': -1.0} (frontal residual 29.7 N*m)
back-solve: mean residual 0.013, entries a>1: 0, act range [0.00, 1.00]
ID torque medians (N*m): hip_flexion_r=28.4, hip_adduction_r=17.2, hip_rotation_r=10.5, knee_angle_r=44.8, ankle_angle_r=100.3, subtalar_angle_r=11.4, mtp_angle_r=0.1, lumbar_extension=53.8, lumbar_bending=59.2, lumbar_rotation=21.8
GRF vertical peaks: right 803 N, left 810 N
gait: right-stance fraction 0.70, left 0.53, 2 right HS onsets at [0.62 1.85]
cycle period 1.233+-0.000 s (0.81 Hz)
saved bsolve_out.npz
coverage: 92 MJCF actuators, 6 pruned (quad_fem_r, gem_r, peri_r, quad_fem_l, gem_l, peri_l), 0 with no name match in the OpenSim lengths file (92 columns): none
muscle              r  RMSE cm   nRMSE
med_gas_r       0.909    0.458   0.106
lat_gas_r       0.910    0.469   0.108
tib_ant_r       0.891    0.195   0.120
soleus_r        0.883    0.268   0.142
med_gas_l       0.882    0.647   0.145
lat_gas_l       0.882    0.655   0.146
tib_ant_l       0.830    0.263   0.159
per_brev_r      0.875    0.048   0.174
soleus_l        0.819    0.359   0.186
per_brev_l      0.809    0.055   0.195
tib_post_r      0.881    0.116   0.211
tib_post_l      0.815    0.133   0.237
per_tert_l      0.827    0.256   0.254
ext_dig_l       0.829    0.379   0.258
per_tert_r      0.889    0.266   0.268
ext_hal_l       0.830    0.422   0.271
ext_dig_r       0.891    0.395   0.273
ext_hal_r       0.891    0.440   0.287
glut_max3_r     0.988    1.901   0.307
glut_max3_l     0.980    2.019   0.323
per_long_r      0.881    0.164   0.400
per_long_l      0.816    0.174   0.416
glut_max2_l     0.953    1.663   0.423
iliacus_r       0.948    1.305   0.436
glut_max2_r     0.923    1.815   0.454
psoas_r         0.951    1.353   0.456
glut_max1_l     0.920    1.366   0.462
iliacus_l       0.956    1.447   0.479
psoas_l         0.956    1.496   0.498
vas_med_r       0.904    2.717   0.502
glut_max1_r     0.858    1.559   0.504
vas_med_l       0.882    2.783   0.522
intobl_l        0.883    1.210   0.557
vas_lat_r       0.905    3.017   0.557
vas_int_r       0.904    3.046   0.562
vas_lat_l       0.882    3.079   0.577
vas_int_l       0.881    3.110   0.584
intobl_r        0.864    1.187   0.608
glut_med3_r     0.502    1.000   0.646
extobl_r        0.953    1.408   0.728
extobl_l        0.958    1.325   0.732
bifemsh_r       0.912    2.655   0.736
bifemsh_l       0.886    2.683   0.747
glut_med2_r     0.518    1.162   0.755
glut_med1_l     0.419    0.950   0.800
rect_fem_r      0.945    5.525   0.804
glut_med2_l     0.673    0.971   0.812
semiten_l       0.946    5.598   0.815
rect_fem_l      0.928    5.649   0.831
semiten_r       0.962    5.729   0.834
glut_med3_l     0.695    0.964   0.861
glut_med1_r     0.315    1.309   0.944
flex_hal_r      0.881    0.670   0.955
flex_hal_l      0.816    0.685   0.956
pect_r          0.681    1.363   0.965
semimem_l       0.946    5.714   0.992
bifemlh_l       0.960    5.625   1.007
semimem_r       0.964    5.851   1.007
bifemlh_r       0.970    5.714   1.011
glut_min3_r    -0.186    1.018   1.034
add_mag1_r     -0.833    1.790   1.085
flex_dig_l      0.813    0.581   1.091
flex_dig_r      0.879    0.576   1.104
glut_min3_l    -0.147    0.894   1.125
glut_min2_l    -0.586    0.887   1.136
pect_l          0.795    1.571   1.151
glut_min1_l    -0.817    0.880   1.222
glut_min2_r    -0.575    1.106   1.226
sar_l           0.942    5.806   1.245
add_mag1_l     -0.828    2.109   1.249
sar_r           0.981    5.726   1.258
ercspn_l        0.935    1.017   1.275
add_mag2_r      0.161    3.297   1.281
ercspn_r        0.939    1.044   1.286
add_mag3_l      0.972    5.678   1.357
add_mag3_r      0.991    5.687   1.381
add_mag2_l      0.094    3.556   1.384
grac_l          0.827    5.872   1.394
glut_min1_r    -0.834    1.164   1.401
grac_r          0.679    5.613   1.425
add_brev_r     -0.823    1.943   1.478
add_long_r      0.538    3.255   1.494
tfl_l           0.928    6.283   1.692
add_long_l      0.707    3.635   1.720
tfl_r           0.927    6.410   1.803
add_brev_l     -0.783    2.229   1.966

median r 0.882 | median nRMSE 0.751 | muscles r>0.9: 33/86 | nRMSE>0.2: 76

NNLS vs OpenSim SO: median r 0.227 | r>0.7: 13/85
best:  glut_med2_l(0.91), glut_min3_l(0.91), glut_med2_r(0.83), tfl_l(0.81), lat_gas_r(0.80), glut_max1_l(0.79), glut_min3_r(0.79), glut_min2_l(0.76)
worst: extobl_r(-0.30), ext_hal_l(-0.32), per_tert_l(-0.33), per_brev_r(-0.38), glut_med1_r(-0.38), per_long_r(-0.47), per_brev_l(-0.59), per_long_l(-0.68)

moment arms vs OpenSim (median r; MuJoCo transmission sign folded in):
  knee_angle_r     median r  0.311 (r>0.8: 2/13, sign-agree 69%)
  ankle_angle_r    median r  0.895 (r>0.8: 11/12, sign-agree 100%)
  hip_flexion_r    median r  0.916 (r>0.8: 15/24, sign-agree 75%)
  hip_flexion_l    median r  0.932 (r>0.8: 15/24, sign-agree 75%)
  vastii check vas_med_r    r -0.666  mean FD arm -0.0473 m vs OS -0.0454 m
  vastii check vas_int_r    r -0.689  mean FD arm -0.0471 m vs OS -0.0455 m
  vastii check vas_lat_r    r -0.808  mean FD arm -0.0475 m vs OS -0.0451 m
