=== s3d start Mon 09/21/2026  2:01:56.93 === 
seeded {"drive": 2.4360580176084032, "rg_nap_h": 0.8558178857172861, "desc_e": 0.9389979581177633, "desc_f": 1.7868341725179302, "rg_to_pf": 2.029674617363683, "heel_rge": 0.46669585352489373, "toe_rge": 0.24873317629913502, "ib_e_central": 0.041369302221807014, "ia_f_central": 0.4652060776697392, "ii_f_central": 0.41713734614916065, "ii_e_central": 0.2403528185610821, "c1_gain": 0.4640318544862662, "v3_gain": 0.1970160584389667, "ib_rge": 0.22766288511835614, "ia_in": 0.27381879375452517, "ia_f_contra_f": 0.5729678978602778, "v3_to_ibexc": 0.4612086578766739, "ankle_post_walk_trim": 0.27476300413515087, "contact_onset": 0.4167092259118411, "pelvis_ty": 0.9206593587998373, "f1_anklepf_inh": 1.148653157951782, "pf_gain": 1.0, "contra_swing": 0.5}
fitted baseline loaded: e2_pf=0.222 f1_df=0.098 f1_kf=0.148 post_kneext=0.011 post_hipext=0.068 desc_f=1.400 e2_adapt=1.700
start pose (normal.mot): applied 20 coordinates as given; pelvis ty 0.921 m (env override=0.9206593587998373); IMU-metric torso lean -0.0 deg (+ = back)
standing solve: nnls x in [0.00, 0.70], >0.1: 14 muscles
  top: add_long_l=0.70, tib_ant_r=0.61, tib_ant_l=0.47, ext_dig_r=0.38, glut_min1_l=0.35, glut_min2_l=0.33, pect_l=0.33, ext_dig_l=0.26
Fmax range: 5..3396 N | L range sample: [0.229942 0.326094]
fitted baseline loaded: e2_pf=0.222 f1_df=0.098 f1_kf=0.148 post_kneext=0.011 post_hipext=0.068 desc_f=1.400 e2_adapt=1.700
start pose (normal.mot): applied 20 coordinates as given; pelvis ty 0.925 m (env override=0.9246723801847451); IMU-metric torso lean -0.0 deg (+ = back)
standing solve: nnls x in [0.00, 0.61], >0.1: 13 muscles
  top: tib_ant_r=0.61, add_long_l=0.56, tib_ant_l=0.49, ext_dig_r=0.37, ext_dig_l=0.27, glut_min1_l=0.27, pect_l=0.26, glut_min2_l=0.25
Fmax range: 5..3396 N | L range sample: [0.229942 0.326094]
fitted baseline loaded: e2_pf=0.222 f1_df=0.098 f1_kf=0.148 post_kneext=0.011 post_hipext=0.068 desc_f=1.400 e2_adapt=1.700
start pose (normal.mot): applied 20 coordinates as given; pelvis ty 0.887 m (env override=0.8871518352941951); IMU-metric torso lean -0.0 deg (+ = back)
standing solve: nnls x in [0.00, 1.00], >0.1: 22 muscles
  top: add_long_l=1.00, tfl_l=0.89, glut_min1_l=0.73, glut_min2_l=0.69, tib_ant_r=0.67, glut_med1_r=0.66, pect_l=0.58, glut_max2_r=0.56
Fmax range: 5..3396 N | L range sample: [0.229942 0.326094]
fitted baseline loaded: e2_pf=0.222 f1_df=0.098 f1_kf=0.148 post_kneext=0.011 post_hipext=0.068 desc_f=1.400 e2_adapt=1.700
start pose (normal.mot): applied 20 coordinates as given; pelvis ty 0.894 m (env override=0.8944371737180036); IMU-metric torso lean -0.0 deg (+ = back)
standing solve: nnls x in [0.00, 1.00], >0.1: 19 muscles
  top: add_long_l=1.00, pect_l=0.65, tib_ant_r=0.65, glut_min1_l=0.63, glut_min2_l=0.57, glut_med1_r=0.43, ext_dig_r=0.42, glut_max2_r=0.36
Fmax range: 5..3396 N | L range sample: [0.229942 0.326094]
fitted baseline loaded: e2_pf=0.222 f1_df=0.098 f1_kf=0.148 post_kneext=0.011 post_hipext=0.068 desc_f=1.400 e2_adapt=1.700
start pose (normal.mot): applied 20 coordinates as given; pelvis ty 0.884 m (env override=0.8844326989613377); IMU-metric torso lean -0.0 deg (+ = back)
standing solve: nnls x in [0.00, 1.00], >0.1: 23 muscles
  top: tfl_l=1.00, glut_min2_l=0.80, glut_min1_l=0.76, glut_med1_r=0.69, tib_ant_r=0.68, glut_max2_r=0.60, tib_ant_l=0.59, glut_min3_l=0.49
Fmax range: 5..3396 N | L range sample: [0.229942 0.326094]
fitted baseline loaded: e2_pf=0.222 f1_df=0.098 f1_kf=0.148 post_kneext=0.011 post_hipext=0.068 desc_f=1.400 e2_adapt=1.700
start pose (normal.mot): applied 20 coordinates as given; pelvis ty 0.900 m (env override=0.8996129503167283); IMU-metric torso lean -0.0 deg (+ = back)
standing solve: nnls x in [0.00, 1.00], >0.1: 19 muscles
  top: add_long_l=1.00, tib_ant_r=0.64, pect_l=0.60, glut_min1_l=0.59, glut_min2_l=0.54, ext_dig_r=0.41, glut_med1_r=0.39, tib_ant_l=0.34
Fmax range: 5..3396 N | L range sample: [0.229942 0.326094]
fitted baseline loaded: e2_pf=0.222 f1_df=0.098 f1_kf=0.148 post_kneext=0.011 post_hipext=0.068 desc_f=1.400 e2_adapt=1.700
start pose (normal.mot): applied 20 coordinates as given; pelvis ty 0.889 m (env override=0.8888105106788105); IMU-metric torso lean -0.0 deg (+ = back)
standing solve: nnls x in [0.00, 1.00], >0.1: 22 muscles
  top: add_long_l=1.00, tfl_l=0.81, glut_min1_l=0.72, glut_min2_l=0.69, tib_ant_r=0.66, glut_med1_r=0.65, pect_l=0.57, glut_max2_r=0.54
Fmax range: 5..3396 N | L range sample: [0.229942 0.326094]
fitted baseline loaded: e2_pf=0.222 f1_df=0.098 f1_kf=0.148 post_kneext=0.011 post_hipext=0.068 desc_f=1.400 e2_adapt=1.700
start pose (normal.mot): applied 20 coordinates as given; pelvis ty 0.910 m (env override=0.9096294770606594); IMU-metric torso lean -0.0 deg (+ = back)
standing solve: nnls x in [0.00, 1.00], >0.1: 17 muscles
  top: add_long_l=1.00, tib_ant_r=0.62, glut_min1_l=0.47, pect_l=0.47, glut_min2_l=0.43, tib_ant_l=0.40, ext_dig_r=0.39, glut_med1_r=0.28
Fmax range: 5..3396 N | L range sample: [0.229942 0.326094]
fitted baseline loaded: e2_pf=0.222 f1_df=0.098 f1_kf=0.148 post_kneext=0.011 post_hipext=0.068 desc_f=1.400 e2_adapt=1.700
start pose (normal.mot): applied 20 coordinates as given; pelvis ty 0.897 m (env override=0.8970837355419046); IMU-metric torso lean -0.0 deg (+ = back)
standing solve: nnls x in [0.00, 1.00], >0.1: 19 muscles
  top: add_long_l=1.00, tib_ant_r=0.64, pect_l=0.62, glut_min1_l=0.60, glut_min2_l=0.55, ext_dig_r=0.41, glut_med1_r=0.41, glut_max2_r=0.35
Fmax range: 5..3396 N | L range sample: [0.229942 0.326094]
fitted baseline loaded: e2_pf=0.222 f1_df=0.098 f1_kf=0.148 post_kneext=0.011 post_hipext=0.068 desc_f=1.400 e2_adapt=1.700
start pose (normal.mot): applied 20 coordinates as given; pelvis ty 0.917 m (env override=0.9168698062968679); IMU-metric torso lean -0.0 deg (+ = back)
standing solve: nnls x in [0.00, 0.81], >0.1: 16 muscles
  top: add_long_l=0.81, tib_ant_r=0.61, tib_ant_l=0.44, glut_min1_l=0.39, ext_dig_r=0.38, pect_l=0.37, glut_min2_l=0.36, ext_dig_l=0.24
Fmax range: 5..3396 N | L range sample: [0.229942 0.326094]
fitted baseline loaded: e2_pf=0.222 f1_df=0.098 f1_kf=0.148 post_kneext=0.011 post_hipext=0.068 desc_f=1.400 e2_adapt=1.700
start pose (normal.mot): applied 20 coordinates as given; pelvis ty 0.895 m (env override=0.8947124989959827); IMU-metric torso lean -0.0 deg (+ = back)
standing solve: nnls x in [0.00, 1.00], >0.1: 19 muscles
  top: add_long_l=1.00, tib_ant_r=0.64, pect_l=0.64, glut_min1_l=0.62, glut_min2_l=0.56, glut_med1_r=0.43, ext_dig_r=0.41, glut_max2_r=0.36
Fmax range: 5..3396 N | L range sample: [0.229942 0.326094]
fitted baseline loaded: e2_pf=0.222 f1_df=0.098 f1_kf=0.148 post_kneext=0.011 post_hipext=0.068 desc_f=1.400 e2_adapt=1.700
start pose (normal.mot): applied 20 coordinates as given; pelvis ty 0.894 m (env override=0.8937967253847968); IMU-metric torso lean -0.0 deg (+ = back)
standing solve: nnls x in [0.00, 1.00], >0.1: 20 muscles
  top: add_long_l=1.00, pect_l=0.66, tib_ant_r=0.65, glut_min1_l=0.63, glut_min2_l=0.58, glut_med1_r=0.44, ext_dig_r=0.42, glut_max2_r=0.36
Fmax range: 5..3396 N | L range sample: [0.229942 0.326094]
fitted baseline loaded: e2_pf=0.222 f1_df=0.098 f1_kf=0.148 post_kneext=0.011 post_hipext=0.068 desc_f=1.400 e2_adapt=1.700
start pose (normal.mot): applied 20 coordinates as given; pelvis ty 0.902 m (env override=0.9021343966966054); IMU-metric torso lean -0.0 deg (+ = back)
standing solve: nnls x in [0.00, 1.00], >0.1: 19 muscles
  top: add_long_l=1.00, tib_ant_r=0.63, glut_min1_l=0.58, pect_l=0.57, glut_min2_l=0.53, ext_dig_r=0.41, glut_med1_r=0.37, tib_ant_l=0.36
Fmax range: 5..3396 N | L range sample: [0.229942 0.326094]
fitted baseline loaded: e2_pf=0.222 f1_df=0.098 f1_kf=0.148 post_kneext=0.011 post_hipext=0.068 desc_f=1.400 e2_adapt=1.700
start pose (normal.mot): applied 20 coordinates as given; pelvis ty 0.914 m (env override=0.9136169709238543); IMU-metric torso lean -0.0 deg (+ = back)
standing solve: nnls x in [0.00, 0.92], >0.1: 17 muscles
  top: add_long_l=0.92, tib_ant_r=0.62, glut_min1_l=0.44, tib_ant_l=0.43, pect_l=0.42, glut_min2_l=0.41, ext_dig_r=0.39, glut_med1_r=0.24
Fmax range: 5..3396 N | L range sample: [0.229942 0.326094]
fitted baseline loaded: e2_pf=0.222 f1_df=0.098 f1_kf=0.148 post_kneext=0.011 post_hipext=0.068 desc_f=1.400 e2_adapt=1.700
start pose (normal.mot): applied 20 coordinates as given; pelvis ty 0.886 m (env override=0.8861006589031795); IMU-metric torso lean -0.0 deg (+ = back)
standing solve: nnls x in [0.00, 1.00], >0.1: 22 muscles
  top: tfl_l=1.00, glut_min2_l=0.76, glut_min1_l=0.73, tib_ant_r=0.67, glut_med1_r=0.67, glut_max2_r=0.58, tib_ant_l=0.58, glut_min3_l=0.46
Fmax range: 5..3396 N | L range sample: [0.229942 0.326094]
fitted baseline loaded: e2_pf=0.222 f1_df=0.098 f1_kf=0.148 post_kneext=0.011 post_hipext=0.068 desc_f=1.400 e2_adapt=1.700
start pose (normal.mot): applied 20 coordinates as given; pelvis ty 0.885 m (env override=0.8845020935444387); IMU-metric torso lean -0.0 deg (+ = back)
standing solve: nnls x in [0.00, 1.00], >0.1: 23 muscles
  top: tfl_l=1.00, glut_min2_l=0.78, glut_min1_l=0.74, glut_med1_r=0.69, tib_ant_r=0.68, glut_max2_r=0.61, tib_ant_l=0.59, glut_min3_l=0.47
Fmax range: 5..3396 N | L range sample: [0.229942 0.326094]
fitted baseline loaded: e2_pf=0.222 f1_df=0.098 f1_kf=0.148 post_kneext=0.011 post_hipext=0.068 desc_f=1.400 e2_adapt=1.700
start pose (normal.mot): applied 20 coordinates as given; pelvis ty 0.886 m (env override=0.8864598205723213); IMU-metric torso lean -0.0 deg (+ = back)
standing solve: nnls x in [0.00, 1.00], >0.1: 22 muscles
  top: tfl_l=1.00, glut_min2_l=0.77, glut_min1_l=0.74, tib_ant_r=0.67, glut_med1_r=0.67, tib_ant_l=0.57, glut_max2_r=0.57, glut_min3_l=0.46
Fmax range: 5..3396 N | L range sample: [0.229942 0.326094]
fitted baseline loaded: e2_pf=0.222 f1_df=0.098 f1_kf=0.148 post_kneext=0.011 post_hipext=0.068 desc_f=1.400 e2_adapt=1.700
start pose (normal.mot): applied 20 coordinates as given; pelvis ty 0.887 m (env override=0.886621963500106); IMU-metric torso lean -0.0 deg (+ = back)
standing solve: nnls x in [0.00, 1.00], >0.1: 22 muscles
  top: tfl_l=1.00, glut_min2_l=0.77, glut_min1_l=0.73, tib_ant_r=0.67, glut_med1_r=0.66, glut_max2_r=0.58, tib_ant_l=0.55, glut_min3_l=0.45
Fmax range: 5..3396 N | L range sample: [0.229942 0.326094]
fitted baseline loaded: e2_pf=0.222 f1_df=0.098 f1_kf=0.148 post_kneext=0.011 post_hipext=0.068 desc_f=1.400 e2_adapt=1.700
start pose (normal.mot): applied 20 coordinates as given; pelvis ty 0.885 m (env override=0.8847875602813307); IMU-metric torso lean -0.0 deg (+ = back)
standing solve: nnls x in [0.00, 1.00], >0.1: 23 muscles
  top: tfl_l=1.00, glut_min2_l=0.77, glut_min1_l=0.74, glut_med1_r=0.68, tib_ant_r=0.67, glut_max2_r=0.61, tib_ant_l=0.59, glut_min3_l=0.47
Fmax range: 5..3396 N | L range sample: [0.229942 0.326094]
fitted baseline loaded: e2_pf=0.222 f1_df=0.098 f1_kf=0.148 post_kneext=0.011 post_hipext=0.068 desc_f=1.400 e2_adapt=1.700
start pose (normal.mot): applied 20 coordinates as given; pelvis ty 0.897 m (env override=0.8972024098192495); IMU-metric torso lean -0.0 deg (+ = back)
standing solve: nnls x in [0.00, 1.00], >0.1: 19 muscles
  top: add_long_l=1.00, tib_ant_r=0.64, pect_l=0.62, glut_min1_l=0.61, glut_min2_l=0.55, ext_dig_r=0.41, glut_med1_r=0.41, glut_max2_r=0.34
Fmax range: 5..3396 N | L range sample: [0.229942 0.326094]
fitted baseline loaded: e2_pf=0.222 f1_df=0.098 f1_kf=0.148 post_kneext=0.011 post_hipext=0.068 desc_f=1.400 e2_adapt=1.700
start pose (normal.mot): applied 20 coordinates as given; pelvis ty 0.892 m (env override=0.8923943763826155); IMU-metric torso lean -0.0 deg (+ = back)
standing solve: nnls x in [0.00, 1.00], >0.1: 21 muscles
  top: add_long_l=1.00, glut_min1_l=0.71, pect_l=0.70, tib_ant_r=0.66, glut_min2_l=0.66, glut_med1_r=0.59, glut_max2_r=0.45, ext_dig_r=0.45
Fmax range: 5..3396 N | L range sample: [0.229942 0.326094]
fitted baseline loaded: e2_pf=0.222 f1_df=0.098 f1_kf=0.148 post_kneext=0.011 post_hipext=0.068 desc_f=1.400 e2_adapt=1.700
start pose (normal.mot): applied 20 coordinates as given; pelvis ty 0.886 m (env override=0.8857597173518291); IMU-metric torso lean -0.0 deg (+ = back)
standing solve: nnls x in [0.00, 1.00], >0.1: 23 muscles
  top: tfl_l=1.00, glut_min2_l=0.77, glut_min1_l=0.74, glut_med1_r=0.67, tib_ant_r=0.67, glut_max2_r=0.59, tib_ant_l=0.58, glut_min3_l=0.47
Fmax range: 5..3396 N | L range sample: [0.229942 0.326094]
fitted baseline loaded: e2_pf=0.222 f1_df=0.098 f1_kf=0.148 post_kneext=0.011 post_hipext=0.068 desc_f=1.400 e2_adapt=1.700
start pose (normal.mot): applied 20 coordinates as given; pelvis ty 0.889 m (env override=0.8891583712294877); IMU-metric torso lean -0.0 deg (+ = back)
standing solve: nnls x in [0.00, 1.00], >0.1: 21 muscles
  top: add_long_l=1.00, tfl_l=0.75, glut_min1_l=0.71, glut_min2_l=0.68, tib_ant_r=0.66, glut_med1_r=0.64, pect_l=0.56, glut_max2_r=0.55
Fmax range: 5..3396 N | L range sample: [0.229942 0.326094]
fitted baseline loaded: e2_pf=0.222 f1_df=0.098 f1_kf=0.148 post_kneext=0.011 post_hipext=0.068 desc_f=1.400 e2_adapt=1.700
start pose (normal.mot): applied 20 coordinates as given; pelvis ty 0.881 m (env override=0.8810556995230192); IMU-metric torso lean -0.0 deg (+ = back)
standing solve: nnls x in [0.00, 1.00], >0.1: 23 muscles
  top: tfl_l=1.00, glut_min2_l=0.85, glut_min1_l=0.81, glut_med1_r=0.70, tib_ant_r=0.69, glut_max2_r=0.61, tib_ant_l=0.60, glut_min3_l=0.53
Fmax range: 5..3396 N | L range sample: [0.229942 0.326094]
fitted baseline loaded: e2_pf=0.222 f1_df=0.098 f1_kf=0.148 post_kneext=0.011 post_hipext=0.068 desc_f=1.400 e2_adapt=1.700
start pose (normal.mot): applied 20 coordinates as given; pelvis ty 0.886 m (env override=0.8860879087987779); IMU-metric torso lean -0.0 deg (+ = back)
standing solve: nnls x in [0.00, 1.00], >0.1: 22 muscles
  top: tfl_l=1.00, glut_min2_l=0.76, glut_min1_l=0.73, tib_ant_r=0.67, glut_med1_r=0.67, glut_max2_r=0.59, tib_ant_l=0.58, glut_min3_l=0.46
Fmax range: 5..3396 N | L range sample: [0.229942 0.326094]
fitted baseline loaded: e2_pf=0.222 f1_df=0.098 f1_kf=0.148 post_kneext=0.011 post_hipext=0.068 desc_f=1.400 e2_adapt=1.700
start pose (normal.mot): applied 20 coordinates as given; pelvis ty 0.887 m (env override=0.8866252701667091); IMU-metric torso lean -0.0 deg (+ = back)
standing solve: nnls x in [0.00, 1.00], >0.1: 22 muscles
  top: tfl_l=1.00, glut_min2_l=0.77, glut_min1_l=0.73, tib_ant_r=0.67, glut_med1_r=0.66, glut_max2_r=0.58, tib_ant_l=0.55, glut_min3_l=0.46
Fmax range: 5..3396 N | L range sample: [0.229942 0.326094]
fitted baseline loaded: e2_pf=0.222 f1_df=0.098 f1_kf=0.148 post_kneext=0.011 post_hipext=0.068 desc_f=1.400 e2_adapt=1.700
start pose (normal.mot): applied 20 coordinates as given; pelvis ty 0.886 m (env override=0.8855207381271291); IMU-metric torso lean -0.0 deg (+ = back)
standing solve: nnls x in [0.00, 1.00], >0.1: 24 muscles
  top: tfl_l=1.00, glut_min2_l=0.81, glut_min1_l=0.77, glut_med1_r=0.69, tib_ant_r=0.68, tib_ant_l=0.59, glut_max2_r=0.57, glut_min3_l=0.52
Fmax range: 5..3396 N | L range sample: [0.229942 0.326094]
fitted baseline loaded: e2_pf=0.222 f1_df=0.098 f1_kf=0.148 post_kneext=0.011 post_hipext=0.068 desc_f=1.400 e2_adapt=1.700
start pose (normal.mot): applied 20 coordinates as given; pelvis ty 0.894 m (env override=0.8936784182971497); IMU-metric torso lean -0.0 deg (+ = back)
standing solve: nnls x in [0.00, 1.00], >0.1: 19 muscles
  top: add_long_l=1.00, pect_l=0.65, tib_ant_r=0.65, glut_min1_l=0.63, glut_min2_l=0.57, glut_med1_r=0.43, ext_dig_r=0.42, glut_max2_r=0.37
Fmax range: 5..3396 N | L range sample: [0.229942 0.326094]
fitted baseline loaded: e2_pf=0.222 f1_df=0.098 f1_kf=0.148 post_kneext=0.011 post_hipext=0.068 desc_f=1.400 e2_adapt=1.700
start pose (normal.mot): applied 20 coordinates as given; pelvis ty 0.897 m (env override=0.8971952988416707); IMU-metric torso lean -0.0 deg (+ = back)
standing solve: nnls x in [0.00, 1.00], >0.1: 20 muscles
  top: add_long_l=1.00, tib_ant_r=0.64, pect_l=0.63, glut_min1_l=0.63, glut_min2_l=0.58, ext_dig_r=0.42, glut_med1_r=0.41, glut_max2_r=0.33
Fmax range: 5..3396 N | L range sample: [0.229942 0.326094]
fitted baseline loaded: e2_pf=0.222 f1_df=0.098 f1_kf=0.148 post_kneext=0.011 post_hipext=0.068 desc_f=1.400 e2_adapt=1.700
start pose (normal.mot): applied 20 coordinates as given; pelvis ty 0.888 m (env override=0.8884648256589178); IMU-metric torso lean -0.0 deg (+ = back)
standing solve: nnls x in [0.00, 1.00], >0.1: 22 muscles
  top: add_long_l=1.00, tfl_l=0.82, glut_min1_l=0.73, glut_min2_l=0.69, tib_ant_r=0.66, glut_med1_r=0.65, pect_l=0.57, glut_max2_r=0.55
Fmax range: 5..3396 N | L range sample: [0.229942 0.326094]
fitted baseline loaded: e2_pf=0.222 f1_df=0.098 f1_kf=0.148 post_kneext=0.011 post_hipext=0.068 desc_f=1.400 e2_adapt=1.700
start pose (normal.mot): applied 20 coordinates as given; pelvis ty 0.894 m (env override=0.893770913183355); IMU-metric torso lean -0.0 deg (+ = back)
standing solve: nnls x in [0.00, 1.00], >0.1: 19 muscles
  top: add_long_l=1.00, pect_l=0.65, tib_ant_r=0.65, glut_min1_l=0.63, glut_min2_l=0.57, glut_med1_r=0.43, ext_dig_r=0.42, glut_max2_r=0.37
Fmax range: 5..3396 N | L range sample: [0.229942 0.326094]
fitted baseline loaded: e2_pf=0.222 f1_df=0.098 f1_kf=0.148 post_kneext=0.011 post_hipext=0.068 desc_f=1.400 e2_adapt=1.700
start pose (normal.mot): applied 20 coordinates as given; pelvis ty 0.886 m (env override=0.8862400442818791); IMU-metric torso lean -0.0 deg (+ = back)
standing solve: nnls x in [0.00, 1.00], >0.1: 22 muscles
  top: tfl_l=1.00, glut_min2_l=0.75, glut_min1_l=0.72, tib_ant_r=0.67, glut_med1_r=0.67, glut_max2_r=0.59, tib_ant_l=0.57, glut_min3_l=0.44
Fmax range: 5..3396 N | L range sample: [0.229942 0.326094]
fitted baseline loaded: e2_pf=0.222 f1_df=0.098 f1_kf=0.148 post_kneext=0.011 post_hipext=0.068 desc_f=1.400 e2_adapt=1.700
start pose (normal.mot): applied 20 coordinates as given; pelvis ty 0.893 m (env override=0.8934187296609838); IMU-metric torso lean -0.0 deg (+ = back)
standing solve: nnls x in [0.00, 1.00], >0.1: 19 muscles
  top: add_long_l=1.00, pect_l=0.65, tib_ant_r=0.65, glut_min1_l=0.62, glut_min2_l=0.57, glut_med1_r=0.44, ext_dig_r=0.42, glut_max2_r=0.37
Fmax range: 5..3396 N | L range sample: [0.229942 0.326094]
fitted baseline loaded: e2_pf=0.222 f1_df=0.098 f1_kf=0.148 post_kneext=0.011 post_hipext=0.068 desc_f=1.400 e2_adapt=1.700
start pose (normal.mot): applied 20 coordinates as given; pelvis ty 0.895 m (env override=0.8946395974063323); IMU-metric torso lean -0.0 deg (+ = back)
standing solve: nnls x in [0.00, 1.00], >0.1: 20 muscles
  top: add_long_l=1.00, pect_l=0.65, tib_ant_r=0.65, glut_min1_l=0.63, glut_min2_l=0.58, glut_med1_r=0.43, ext_dig_r=0.42, glut_max2_r=0.36
Fmax range: 5..3396 N | L range sample: [0.229942 0.326094]
fitted baseline loaded: e2_pf=0.222 f1_df=0.098 f1_kf=0.148 post_kneext=0.011 post_hipext=0.068 desc_f=1.400 e2_adapt=1.700
start pose (normal.mot): applied 20 coordinates as given; pelvis ty 0.890 m (env override=0.8899427213919487); IMU-metric torso lean -0.0 deg (+ = back)
standing solve: nnls x in [0.00, 1.00], >0.1: 20 muscles
  top: add_long_l=1.00, pect_l=0.69, glut_min1_l=0.67, tib_ant_r=0.66, glut_med1_r=0.64, glut_min2_l=0.61, glut_max2_r=0.55, ext_dig_r=0.43
Fmax range: 5..3396 N | L range sample: [0.229942 0.326094]
fitted baseline loaded: e2_pf=0.222 f1_df=0.098 f1_kf=0.148 post_kneext=0.011 post_hipext=0.068 desc_f=1.400 e2_adapt=1.700
start pose (normal.mot): applied 20 coordinates as given; pelvis ty 0.896 m (env override=0.8963168980476012); IMU-metric torso lean -0.0 deg (+ = back)
standing solve: nnls x in [0.00, 1.00], >0.1: 20 muscles
  top: add_long_l=1.00, tib_ant_r=0.64, pect_l=0.64, glut_min1_l=0.63, glut_min2_l=0.58, glut_med1_r=0.42, ext_dig_r=0.42, glut_max2_r=0.34
Fmax range: 5..3396 N | L range sample: [0.229942 0.326094]
fitted baseline loaded: e2_pf=0.222 f1_df=0.098 f1_kf=0.148 post_kneext=0.011 post_hipext=0.068 desc_f=1.400 e2_adapt=1.700
start pose (normal.mot): applied 20 coordinates as given; pelvis ty 0.892 m (env override=0.8919450024173039); IMU-metric torso lean -0.0 deg (+ = back)
standing solve: nnls x in [0.00, 1.00], >0.1: 20 muscles
  top: add_long_l=1.00, pect_l=0.67, tib_ant_r=0.66, glut_min1_l=0.65, glut_min2_l=0.59, glut_med1_r=0.58, glut_max2_r=0.49, ext_dig_r=0.43
Fmax range: 5..3396 N | L range sample: [0.229942 0.326094]
fitted baseline loaded: e2_pf=0.222 f1_df=0.098 f1_kf=0.148 post_kneext=0.011 post_hipext=0.068 desc_f=1.400 e2_adapt=1.700
start pose (normal.mot): applied 20 coordinates as given; pelvis ty 0.893 m (env override=0.8926256025190168); IMU-metric torso lean -0.0 deg (+ = back)
standing solve: nnls x in [0.00, 1.00], >0.1: 20 muscles
  top: add_long_l=1.00, pect_l=0.67, tib_ant_r=0.65, glut_min1_l=0.64, glut_min2_l=0.59, glut_med1_r=0.45, ext_dig_r=0.42, glut_max2_r=0.37
Fmax range: 5..3396 N | L range sample: [0.229942 0.326094]
fitted baseline loaded: e2_pf=0.222 f1_df=0.098 f1_kf=0.148 post_kneext=0.011 post_hipext=0.068 desc_f=1.400 e2_adapt=1.700
start pose (normal.mot): applied 20 coordinates as given; pelvis ty 0.881 m (env override=0.88139450117703); IMU-metric torso lean -0.0 deg (+ = back)
standing solve: nnls x in [0.00, 1.00], >0.1: 23 muscles
  top: tfl_l=1.00, glut_min2_l=0.83, glut_min1_l=0.79, glut_med1_r=0.69, tib_ant_r=0.69, glut_max2_r=0.61, tib_ant_l=0.60, glut_min3_l=0.51
Fmax range: 5..3396 N | L range sample: [0.229942 0.326094]
fitted baseline loaded: e2_pf=0.222 f1_df=0.098 f1_kf=0.148 post_kneext=0.011 post_hipext=0.068 desc_f=1.400 e2_adapt=1.700
start pose (normal.mot): applied 20 coordinates as given; pelvis ty 0.884 m (env override=0.8835988946791874); IMU-metric torso lean -0.0 deg (+ = back)
standing solve: nnls x in [0.00, 1.00], >0.1: 23 muscles
  top: tfl_l=1.00, glut_min2_l=0.80, glut_min1_l=0.76, glut_med1_r=0.69, tib_ant_r=0.68, glut_max2_r=0.61, tib_ant_l=0.59, glut_min3_l=0.49
Fmax range: 5..3396 N | L range sample: [0.229942 0.326094]
== stage 3 best -191.988 (trial 33)
{
 "drive": 3.373428822245911,
 "rg_nap_h": 0.8632601119532244,
 "desc_e": 1.6019069439220806,
 "desc_f": 1.8273473474211592,
 "rg_to_pf": 1.9385061846977925,
 "heel_rge": 0.3342378944880181,
 "toe_rge": 0.058502509277121376,
 "ib_e_central": 0.2944048897584659,
 "ia_f_central": 0.3989141965583044,
 "ii_f_central": 0.44622489631477386,
 "ii_e_central": 0.3629081881710786,
 "c1_gain": 0.6573782621539036,
 "v3_gain": 0.12046306959301052,
 "ib_rge": 0.840358513631796,
 "ia_in": 0.6139998449136519,
 "ia_f_contra_f": 0.9385037056917265,
 "v3_to_ibexc": 0.023328586432641407,
 "ankle_post_walk_trim": 0.45050633467563117,
 "contact_onset": 0.5929781560039806,
 "pelvis_ty": 0.8946395974063323,
 "f1_anklepf_inh": 0.10594555165342959,
 "pf_gain": 0.7027004054116289,
 "contra_swing": 0.9416514185402798
}
saved curriculum_stage3.json
=== s3d DONE Mon 09/21/2026  2:51:52.72 === 
