seeded
fitted baseline loaded: e2_pf=0.222 f1_df=0.098 f1_kf=0.148 post_kneext=0.011 post_hipext=0.068 desc_f=1.400 e2_adapt=1.700
start pose (normal.mot): applied 20 coordinates as given; IMU-metric torso lean -0.0 deg (+ = back)
standing solve: nnls x in [0.00, 0.70], >0.1: 14 muscles
  top: add_long_l=0.70, tib_ant_r=0.61, tib_ant_l=0.46, ext_dig_r=0.37, glut_min1_l=0.33, pect_l=0.32, glut_min2_l=0.31, ext_dig_l=0.25
Fmax range: 5..3396 N | L range sample: [0.229942 0.326094]
t=  1.00 max|qacc|=       7.1 max|qvel|=   1.17 ncon=  0 com_z=0.927 com_x=-0.122
t=  1.50 max|qacc|=      18.6 max|qvel|=   0.61 ncon=  0 com_z=0.928 com_x=-0.132
t=  2.00 max|qacc|=      16.0 max|qvel|=   0.29 ncon=  0 com_z=0.931 com_x=-0.131
t=  2.50 max|qacc|=       9.0 max|qvel|=   0.23 ncon=  0 com_z=0.928 com_x=-0.132
t=  3.00 max|qacc|=      13.6 max|qvel|=   0.36 ncon=  0 com_z=0.930 com_x=-0.133
t=  3.50 max|qacc|=      91.1 max|qvel|=   0.79 ncon=  0 com_z=0.930 com_x=-0.140
t=  4.00 max|qacc|=      49.4 max|qvel|=   1.38 ncon=  0 com_z=0.953 com_x=-0.127
t=  4.50 max|qacc|=      52.0 max|qvel|=   7.17 ncon=  0 com_z=0.924 com_x=-0.120
t=  5.00 max|qacc|=      35.3 max|qvel|=   7.44 ncon=  0 com_z=0.946 com_x=-0.136
t=  5.50 max|qacc|=      62.5 max|qvel|=   8.44 ncon=  0 com_z=0.922 com_x=-0.088
t=  6.00 max|qacc|=      35.2 max|qvel|=   7.20 ncon=  0 com_z=0.950 com_x=-0.143
t=  6.50 max|qacc|=      46.3 max|qvel|=   8.41 ncon=  0 com_z=0.923 com_x=-0.079
t=  7.00 max|qacc|=      45.8 max|qvel|=   6.27 ncon=  0 com_z=0.954 com_x=-0.139
t=  7.50 max|qacc|=      70.9 max|qvel|=   7.50 ncon=  0 com_z=0.923 com_x=-0.084
t=  8.00 max|qacc|=      51.7 max|qvel|=   5.44 ncon=  0 com_z=0.954 com_x=-0.134
t=  8.50 max|qacc|=      61.3 max|qvel|=   6.66 ncon=  0 com_z=0.924 com_x=-0.087
t=  9.00 max|qacc|=      55.7 max|qvel|=   4.67 ncon=  0 com_z=0.955 com_x=-0.130
t=  9.50 max|qacc|=     521.8 max|qvel|=   5.45 ncon=  0 com_z=0.925 com_x=-0.089
t= 10.00 max|qacc|=      56.5 max|qvel|=   3.81 ncon=  0 com_z=0.956 com_x=-0.129
t= 10.50 max|qacc|=     389.3 max|qvel|=   3.95 ncon=  0 com_z=0.926 com_x=-0.089
t= 11.00 max|qacc|=      56.0 max|qvel|=   3.58 ncon=  0 com_z=0.957 com_x=-0.128
t= 11.50 max|qacc|=     145.1 max|qvel|=   3.27 ncon=  0 com_z=0.927 com_x=-0.089
t= 12.00 max|qacc|=      54.6 max|qvel|=   3.67 ncon=  0 com_z=0.957 com_x=-0.126
t= 12.50 max|qacc|=     218.4 max|qvel|=   2.51 ncon=  0 com_z=0.927 com_x=-0.091
t= 13.00 max|qacc|=      53.0 max|qvel|=   3.63 ncon=  0 com_z=0.958 com_x=-0.124
t= 13.50 max|qacc|=      62.9 max|qvel|=   2.34 ncon=  0 com_z=0.928 com_x=-0.094
t= 14.00 max|qacc|=      50.7 max|qvel|=   3.40 ncon=  0 com_z=0.957 com_x=-0.123
t= 14.50 max|qacc|=      72.8 max|qvel|=   2.30 ncon=  0 com_z=0.929 com_x=-0.098
t= 15.00 max|qacc|=      47.6 max|qvel|=   2.99 ncon=  0 com_z=0.957 com_x=-0.121
t= 15.50 max|qacc|=      52.1 max|qvel|=   2.35 ncon=  0 com_z=0.930 com_x=-0.103
t= 16.00 max|qacc|=      58.4 max|qvel|=   3.23 ncon=  0 com_z=0.949 com_x=-0.121
t= 16.50 max|qacc|=      21.5 max|qvel|=   2.24 ncon=  0 com_z=0.930 com_x=-0.107
t= 17.00 max|qacc|=      20.4 max|qvel|=   2.53 ncon=  0 com_z=0.929 com_x=-0.117
t= 17.50 max|qacc|=      16.0 max|qvel|=   2.23 ncon=  0 com_z=0.933 com_x=-0.140
t= 18.00 max|qacc|=      17.8 max|qvel|=   1.61 ncon=  0 com_z=0.928 com_x=-0.124
t= 18.50 max|qacc|=      13.3 max|qvel|=   1.19 ncon=  0 com_z=0.930 com_x=-0.137
t= 19.00 max|qacc|=      11.2 max|qvel|=   0.80 ncon=  0 com_z=0.931 com_x=-0.134
t= 19.50 max|qacc|=       8.9 max|qvel|=   0.54 ncon=  0 com_z=0.928 com_x=-0.127
t= 20.00 max|qacc|=       7.3 max|qvel|=   0.32 ncon=  0 com_z=0.932 com_x=-0.138
t= 20.50 max|qacc|=       7.4 max|qvel|=   0.17 ncon=  0 com_z=0.927 com_x=-0.129
t= 21.00 max|qacc|=      19.0 max|qvel|=   0.27 ncon=  0 com_z=0.930 com_x=-0.134
t= 21.50 max|qacc|=       9.8 max|qvel|=   0.25 ncon=  0 com_z=0.929 com_x=-0.134
t= 22.00 max|qacc|=      16.7 max|qvel|=   0.16 ncon=  0 com_z=0.929 com_x=-0.131
t= 22.50 max|qacc|=       8.5 max|qvel|=   0.22 ncon=  0 com_z=0.930 com_x=-0.134
t= 23.00 max|qacc|=       8.4 max|qvel|=   0.24 ncon=  0 com_z=0.929 com_x=-0.132
t= 23.50 max|qacc|=       3.7 max|qvel|=   0.23 ncon=  0 com_z=0.929 com_x=-0.132
t= 24.00 max|qacc|=      19.9 max|qvel|=   0.21 ncon=  0 com_z=0.929 com_x=-0.134
t= 24.50 max|qacc|=      13.0 max|qvel|=   0.18 ncon=  0 com_z=0.928 com_x=-0.132
t= 25.00 max|qacc|=      14.1 max|qvel|=   0.13 ncon=  0 com_z=0.929 com_x=-0.133
t= 25.50 max|qacc|=       9.7 max|qvel|=   0.12 ncon=  0 com_z=0.929 com_x=-0.132
t= 26.00 max|qacc|=       7.9 max|qvel|=   0.13 ncon=  0 com_z=0.929 com_x=-0.132
t= 26.50 max|qacc|=       5.2 max|qvel|=   0.09 ncon=  0 com_z=0.929 com_x=-0.133
t= 27.00 max|qacc|=      17.5 max|qvel|=   0.08 ncon=  0 com_z=0.928 com_x=-0.132
t= 27.50 max|qacc|=      14.5 max|qvel|=   0.18 ncon=  0 com_z=0.929 com_x=-0.133
t= 28.00 max|qacc|=       9.7 max|qvel|=   0.09 ncon=  0 com_z=0.929 com_x=-0.133
t= 28.50 max|qacc|=      11.5 max|qvel|=   0.09 ncon=  0 com_z=0.929 com_x=-0.132
t= 29.00 max|qacc|=       7.5 max|qvel|=   0.13 ncon=  0 com_z=0.929 com_x=-0.133
t= 29.50 max|qacc|=       6.9 max|qvel|=   0.10 ncon=  0 com_z=0.929 com_x=-0.132
t= 30.00 max|qacc|=      13.0 max|qvel|=   0.08 ncon=  0 com_z=0.929 com_x=-0.133
t= 30.50 max|qacc|=      18.2 max|qvel|=   0.17 ncon=  0 com_z=0.929 com_x=-0.133

== summary ==
pelvis/COM height: start 0.94 m, min 0.92 m, final 0.93 m  (stayed up)
COM x: min -0.15 max -0.08 final -0.13 m
COM y: min -0.032 max +0.014 m
RG_F_r bursts during walk window: 11
RG_r: cycles in window 11, period 0.98 s (1.02 Hz), E-duty 0.12
RG_l: cycles in window 11, period 0.98 s (1.02 Hz), E-duty 0.06
peak ctrl: [0.29 0.6  0.6  0.61 0.34 0.26 0.41 0.31 0.34 0.07 0.29 0.6  0.6  0.52
 0.34 0.26 0.38 0.31 0.34 0.07] (('vas_lat_r', 'med_gas_r', 'soleus_r', 'tib_ant_r', 'psoas_r', 'semimem_r', 'glut_max2_r', 'rect_fem_r', 'sar_r', 'grac_r', 'vas_lat_l', 'med_gas_l', 'soleus_l', 'tib_ant_l', 'psoas_l', 'semimem_l', 'glut_max2_l', 'rect_fem_l', 'sar_l', 'grac_l'))
  hip_flexion_r        -17.3 ..    27.6 deg
  knee_angle_r         -98.8 ..    13.4 deg
  ankle_angle_r        -69.1 ..    15.1 deg
  hip_adduction_r      -21.6 ..    31.3 deg
  subtalar_angle_r      -3.3 ..    17.1 deg
  hip_flexion_l        -29.8 ..    20.6 deg
  knee_angle_l        -114.0 ..    13.8 deg
  ankle_angle_l        -72.9 ..     9.8 deg
  hip_adduction_l      -16.1 ..    22.7 deg
  subtalar_angle_l      -3.6 ..    22.9 deg
  pelvis_tilt           -1.9 ..     0.3 deg
  pelvis_list           -0.6 ..    -0.2 deg
  pelvis_rotation        2.2 ..     2.6 deg
saved spinal_run.npz
saved spinal_run.png
fitted baseline loaded: e2_pf=0.222 f1_df=0.098 f1_kf=0.148 post_kneext=0.011 post_hipext=0.068 desc_f=1.400 e2_adapt=1.700
start pose (normal.mot): applied 20 coordinates as given; IMU-metric torso lean -0.0 deg (+ = back)
standing solve: nnls x in [0.00, 0.70], >0.1: 14 muscles
  top: add_long_l=0.70, tib_ant_r=0.61, tib_ant_l=0.46, ext_dig_r=0.37, glut_min1_l=0.33, pect_l=0.32, glut_min2_l=0.31, ext_dig_l=0.25
Fmax range: 5..3396 N | L range sample: [0.229942 0.326094]
t=  1.00 max|qacc|=       8.5 max|qvel|=   1.15 ncon=  0 com_z=0.930 com_x=-0.137
t=  1.50 max|qacc|=      20.9 max|qvel|=   0.94 ncon=  0 com_z=0.931 com_x=-0.146
t=  2.00 max|qacc|=       8.7 max|qvel|=   0.55 ncon=  0 com_z=0.931 com_x=-0.133
t=  2.50 max|qacc|=      17.8 max|qvel|=   0.17 ncon=  0 com_z=0.932 com_x=-0.148
t=  3.00 max|qacc|=       9.8 max|qvel|=   0.47 ncon=  0 com_z=0.932 com_x=-0.138
t=  3.50 max|qacc|=      16.7 max|qvel|=   0.92 ncon=  0 com_z=0.931 com_x=-0.143
t=  4.00 max|qacc|=      25.6 max|qvel|=   5.20 ncon=  0 com_z=0.934 com_x=-0.132
t=  4.50 max|qacc|=      41.9 max|qvel|=   1.33 ncon=  0 com_z=0.932 com_x=-0.148
t=  5.00 max|qacc|=     539.9 max|qvel|=   9.53 ncon=  0 com_z=0.924 com_x=-0.092
t=  5.50 max|qacc|=      27.5 max|qvel|=   7.31 ncon=  0 com_z=0.945 com_x=-0.155
t=  6.00 max|qacc|=      90.9 max|qvel|=   2.05 ncon=  0 com_z=0.930 com_x=-0.060
t=  6.50 max|qacc|=     253.7 max|qvel|=   2.12 ncon=  0 com_z=0.940 com_x=-0.140
t=  7.00 max|qacc|=      52.2 max|qvel|=   2.87 ncon=  0 com_z=0.950 com_x=-0.109
t=  7.50 max|qacc|=     119.7 max|qvel|=   2.24 ncon=  0 com_z=0.946 com_x=-0.037
t=  8.00 max|qacc|=      66.2 max|qvel|=   3.01 ncon=  0 com_z=0.952 com_x=-0.180
t=  8.50 max|qacc|=      24.5 max|qvel|=   7.14 ncon=  0 com_z=0.934 com_x=-0.081
t=  9.00 max|qacc|=     862.3 max|qvel|=   7.74 ncon=  0 com_z=0.928 com_x=-0.063
t=  9.50 max|qacc|=      26.0 max|qvel|=   7.15 ncon=  0 com_z=0.952 com_x=-0.169
t= 10.00 max|qacc|=      54.2 max|qvel|=   3.54 ncon=  0 com_z=0.932 com_x=-0.058
t= 10.50 max|qacc|=      48.7 max|qvel|=   4.21 ncon=  0 com_z=0.930 com_x=-0.117
t= 11.00 max|qacc|=      62.7 max|qvel|=   2.17 ncon=  0 com_z=0.956 com_x=-0.132
t= 11.50 max|qacc|=      71.6 max|qvel|=   3.22 ncon=  0 com_z=0.950 com_x=-0.035
t= 12.00 max|qacc|=      52.1 max|qvel|=   2.25 ncon=  0 com_z=0.946 com_x=-0.164
t= 12.50 max|qacc|=      25.4 max|qvel|=   7.65 ncon=  0 com_z=0.940 com_x=-0.103
t= 13.00 max|qacc|=      46.3 max|qvel|=   8.91 ncon=  0 com_z=0.940 com_x=-0.041
t= 13.06 precursor: max|qacc|=1.24e+03 max|qvel|=1.65e+51 (dof 12), ncon=0, max ctrl=0.64
t= 13.06 precursor: max|qacc|=2.36e+05 max|qvel|=333 (dof 14), ncon=0, max ctrl=0.00
t= 13.07 precursor: max|qacc|=1.83e+05 max|qvel|=656 (dof 12), ncon=0, max ctrl=0.64
t= 13.07 precursor: max|qacc|=2.75e+05 max|qvel|=541 (dof 55), ncon=0, max ctrl=0.64
t= 13.07 precursor: max|qacc|=1.72e+05 max|qvel|=334 (dof 55), ncon=0, max ctrl=0.64
t= 13.07 precursor: max|qacc|=1.62e+05 max|qvel|=361 (dof 57), ncon=0, max ctrl=0.64

!! qacc/qvel non-finite at t=13.074, dofs: [ 0  1  2  3  4  5  6  7  8  9 10 11]
   dof 0: joint pelvis_tx
   dof 1: joint pelvis_ty
   dof 2: joint pelvis_tz
   dof 3: joint pelvis_tilt
   dof 4: joint pelvis_list
   dof 5: joint pelvis_rotation
   dof 6: joint hip_flexion_r
   dof 7: joint hip_adduction_r
   dof 8: joint hip_rotation_r
   dof 9: joint knee_r_translation1
   dof 10: joint knee_r_translation2
   dof 11: joint knee_angle_r
   ncon=0

== summary ==
pelvis/COM height: start 0.94 m, min 0.00 m, final 0.00 m  (FELL at t=13.1 s)
COM x: min -0.18 max 0.00 final 0.00 m
COM y: min -0.024 max +0.006 m
RG_F_r bursts during walk window: 6
RG_r: cycles in window 6, period 1.35 s (0.74 Hz), E-duty 0.30
RG_l: cycles in window 6, period 1.35 s (0.74 Hz), E-duty 0.11
peak ctrl: [0.25 0.49 0.49 0.65 0.22 0.2  0.4  0.27 0.22 0.05 0.25 0.49 0.49 0.57
 0.22 0.2  0.32 0.27 0.22 0.05] (('vas_lat_r', 'med_gas_r', 'soleus_r', 'tib_ant_r', 'psoas_r', 'semimem_r', 'glut_max2_r', 'rect_fem_r', 'sar_r', 'grac_r', 'vas_lat_l', 'med_gas_l', 'soleus_l', 'tib_ant_l', 'psoas_l', 'semimem_l', 'glut_max2_l', 'rect_fem_l', 'sar_l', 'grac_l'))
  hip_flexion_r        -59.6 .. 17624814850201202223235524584431799011067159379968.0 deg
  knee_angle_r       -69746168842979951513076629530260916051727712518144.0 ..    13.2 deg
  ankle_angle_r       -188.1 .. 189320250342618158782729304159277992116534311387136.0 deg
  hip_adduction_r    -16544140931687300497800322113521295341885539221504.0 ..    18.1 deg
  subtalar_angle_r   -10599787216848889366908181824118035818382543028224.0 ..    17.1 deg
  hip_flexion_l        -35.4 .. 7534446857545383823064688263376563821204696203264.0 deg
  knee_angle_l         -95.0 .. 2621697599628957969798755431447177875356089581568.0 deg
  ankle_angle_l      -25211583138363281538590681518647317710615085056.0 ..     9.8 deg
  hip_adduction_l       -8.9 .. 13466798058888954564036597064599016718733980729344.0 deg
  subtalar_angle_l     -61.8 .. 3349790476872918009487745127977003100852990246912.0 deg
  pelvis_tilt           -1.9 .. 4031829632749967131091916921031771690043395014656.0 deg
  pelvis_list        -12343190828846476967159565103083076261628205858816.0 ..     0.1 deg
  pelvis_rotation    -5903740041464988348933719390775579522649009684480.0 ..     2.6 deg
saved spinal_run.npz
saved spinal_run.png
fitted baseline loaded: e2_pf=0.222 f1_df=0.098 f1_kf=0.148 post_kneext=0.011 post_hipext=0.068 desc_f=1.400 e2_adapt=1.700
start pose (normal.mot): applied 20 coordinates as given; IMU-metric torso lean -0.0 deg (+ = back)
standing solve: nnls x in [0.00, 0.70], >0.1: 14 muscles
  top: add_long_l=0.70, tib_ant_r=0.61, tib_ant_l=0.46, ext_dig_r=0.37, glut_min1_l=0.33, pect_l=0.32, glut_min2_l=0.31, ext_dig_l=0.25
Fmax range: 5..3396 N | L range sample: [0.229942 0.326094]
t=  1.00 max|qacc|=       8.6 max|qvel|=   1.75 ncon=  0 com_z=0.929 com_x=-0.133
t=  1.50 max|qacc|=      20.3 max|qvel|=   0.69 ncon=  0 com_z=0.930 com_x=-0.143
t=  2.00 max|qacc|=      13.2 max|qvel|=   0.37 ncon=  0 com_z=0.931 com_x=-0.134
t=  2.50 max|qacc|=      17.4 max|qvel|=   0.18 ncon=  0 com_z=0.931 com_x=-0.143
t=  3.00 max|qacc|=      10.1 max|qvel|=   0.45 ncon=  0 com_z=0.931 com_x=-0.138
t=  3.50 max|qacc|=      19.5 max|qvel|=   0.80 ncon=  0 com_z=0.931 com_x=-0.143
t=  4.00 max|qacc|=      27.7 max|qvel|=   0.69 ncon=  0 com_z=0.931 com_x=-0.144
t=  4.50 max|qacc|=     240.9 max|qvel|=   1.57 ncon=  0 com_z=0.928 com_x=-0.132
t=  5.00 max|qacc|=      69.5 max|qvel|=   2.79 ncon=  0 com_z=0.951 com_x=-0.106
t=  5.50 max|qacc|=     429.9 max|qvel|=   3.20 ncon=  0 com_z=0.936 com_x=-0.147
t=  6.00 max|qacc|=      55.3 max|qvel|=   3.12 ncon=  0 com_z=0.925 com_x=-0.087
t=  6.50 max|qacc|=     105.0 max|qvel|=  12.28 ncon=  0 com_z=0.934 com_x=-0.138
t=  7.00 max|qacc|=     193.5 max|qvel|=   1.42 ncon=  0 com_z=0.928 com_x=-0.114
t=  7.50 max|qacc|=      28.0 max|qvel|=   7.63 ncon=  0 com_z=0.924 com_x=-0.091
t=  8.00 max|qacc|=     392.9 max|qvel|=   4.88 ncon=  0 com_z=0.942 com_x=-0.163
t=  8.50 max|qacc|=     165.1 max|qvel|=   1.84 ncon=  0 com_z=0.926 com_x=-0.095
t=  9.00 max|qacc|=      23.1 max|qvel|=   7.12 ncon=  0 com_z=0.934 com_x=-0.098
t=  9.50 max|qacc|=      72.1 max|qvel|=   1.69 ncon=  0 com_z=0.936 com_x=-0.159
t= 10.00 max|qacc|=      35.7 max|qvel|=   1.44 ncon=  0 com_z=0.926 com_x=-0.084
t= 10.50 max|qacc|=      53.7 max|qvel|=   4.68 ncon=  0 com_z=0.948 com_x=-0.104
t= 11.00 max|qacc|=     424.8 max|qvel|=   2.38 ncon=  0 com_z=0.934 com_x=-0.147
t= 11.50 max|qacc|=      22.9 max|qvel|=   1.16 ncon=  0 com_z=0.925 com_x=-0.085
t= 12.00 max|qacc|=      97.3 max|qvel|=   2.14 ncon=  0 com_z=0.954 com_x=-0.111
t= 12.50 max|qacc|=     251.3 max|qvel|=   2.13 ncon=  0 com_z=0.931 com_x=-0.134
t= 13.00 max|qacc|=      35.2 max|qvel|=   0.76 ncon=  0 com_z=0.925 com_x=-0.087
t= 13.50 max|qacc|=      98.9 max|qvel|=   9.91 ncon=  0 com_z=0.946 com_x=-0.127
t= 14.00 max|qacc|=      46.8 max|qvel|=   1.52 ncon=  0 com_z=0.928 com_x=-0.118
t= 14.50 max|qacc|=      63.3 max|qvel|=   2.98 ncon=  0 com_z=0.924 com_x=-0.093
t= 15.00 max|qacc|=      89.7 max|qvel|=  12.29 ncon=  0 com_z=0.939 com_x=-0.148
t= 15.50 max|qacc|=      28.2 max|qvel|=   1.44 ncon=  0 com_z=0.927 com_x=-0.102
t= 16.00 max|qacc|=      34.1 max|qvel|=   4.23 ncon=  0 com_z=0.935 com_x=-0.085
t= 16.50 max|qacc|=      18.6 max|qvel|=   3.49 ncon=  0 com_z=0.939 com_x=-0.168
t= 17.00 max|qacc|=      15.8 max|qvel|=   0.99 ncon=  0 com_z=0.927 com_x=-0.093
t= 17.50 max|qacc|=      19.9 max|qvel|=   0.98 ncon=  0 com_z=0.943 com_x=-0.160
t= 18.00 max|qacc|=      14.3 max|qvel|=   1.39 ncon=  0 com_z=0.929 com_x=-0.142
t= 18.50 max|qacc|=      20.9 max|qvel|=   0.92 ncon=  0 com_z=0.928 com_x=-0.125
t= 19.00 max|qacc|=       8.2 max|qvel|=   0.41 ncon=  0 com_z=0.937 com_x=-0.159
t= 19.50 max|qacc|=      17.6 max|qvel|=   0.32 ncon=  0 com_z=0.927 com_x=-0.124
t= 20.00 max|qacc|=       8.7 max|qvel|=   0.41 ncon=  0 com_z=0.933 com_x=-0.147
t= 20.50 max|qacc|=       9.1 max|qvel|=   0.45 ncon=  0 com_z=0.931 com_x=-0.141
t= 21.00 max|qacc|=       3.5 max|qvel|=   0.26 ncon=  0 com_z=0.929 com_x=-0.133
t= 21.50 max|qacc|=      20.5 max|qvel|=   0.18 ncon=  0 com_z=0.932 com_x=-0.147
t= 22.00 max|qacc|=      10.2 max|qvel|=   0.18 ncon=  0 com_z=0.929 com_x=-0.135
t= 22.50 max|qacc|=      17.7 max|qvel|=   0.24 ncon=  0 com_z=0.931 com_x=-0.142
t= 23.00 max|qacc|=       8.3 max|qvel|=   0.26 ncon=  0 com_z=0.931 com_x=-0.140
t= 23.50 max|qacc|=       8.4 max|qvel|=   0.12 ncon=  0 com_z=0.930 com_x=-0.137
t= 24.00 max|qacc|=      11.1 max|qvel|=   0.12 ncon=  0 com_z=0.931 com_x=-0.142
t= 24.50 max|qacc|=      19.5 max|qvel|=   0.19 ncon=  0 com_z=0.930 com_x=-0.138
t= 25.00 max|qacc|=       7.5 max|qvel|=   0.13 ncon=  0 com_z=0.931 com_x=-0.141
t= 25.50 max|qacc|=      13.3 max|qvel|=   0.10 ncon=  0 com_z=0.931 com_x=-0.140
t= 26.00 max|qacc|=       7.9 max|qvel|=   0.14 ncon=  0 com_z=0.930 com_x=-0.138
t= 26.50 max|qacc|=       5.6 max|qvel|=   0.08 ncon=  0 com_z=0.931 com_x=-0.140
t= 27.00 max|qacc|=      19.6 max|qvel|=   0.10 ncon=  0 com_z=0.930 com_x=-0.139
t= 27.50 max|qacc|=      14.2 max|qvel|=   0.19 ncon=  0 com_z=0.930 com_x=-0.140
t= 28.00 max|qacc|=      16.8 max|qvel|=   0.07 ncon=  0 com_z=0.931 com_x=-0.140
t= 28.50 max|qacc|=       8.7 max|qvel|=   0.13 ncon=  0 com_z=0.930 com_x=-0.139
t= 29.00 max|qacc|=       8.4 max|qvel|=   0.12 ncon=  0 com_z=0.931 com_x=-0.140
t= 29.50 max|qacc|=       7.2 max|qvel|=   0.10 ncon=  0 com_z=0.930 com_x=-0.139
t= 30.00 max|qacc|=      20.5 max|qvel|=   0.16 ncon=  0 com_z=0.930 com_x=-0.140
t= 30.50 max|qacc|=       5.6 max|qvel|=   0.15 ncon=  0 com_z=0.930 com_x=-0.140

== summary ==
pelvis/COM height: start 0.94 m, min 0.92 m, final 0.93 m  (stayed up)
COM x: min -0.18 max -0.07 final -0.14 m
COM y: min -0.023 max +0.000 m
RG_F_r bursts during walk window: 7
RG_r: cycles in window 7, period 1.42 s (0.71 Hz), E-duty 0.15
RG_l: cycles in window 7, period 1.42 s (0.71 Hz), E-duty 0.04
peak ctrl: [0.22 0.48 0.48 0.64 0.26 0.22 0.38 0.24 0.26 0.05 0.22 0.48 0.48 0.56
 0.26 0.22 0.29 0.24 0.26 0.05] (('vas_lat_r', 'med_gas_r', 'soleus_r', 'tib_ant_r', 'psoas_r', 'semimem_r', 'glut_max2_r', 'rect_fem_r', 'sar_r', 'grac_r', 'vas_lat_l', 'med_gas_l', 'soleus_l', 'tib_ant_l', 'psoas_l', 'semimem_l', 'glut_max2_l', 'rect_fem_l', 'sar_l', 'grac_l'))
  hip_flexion_r        -25.6 ..    40.7 deg
  knee_angle_r         -92.2 ..    13.3 deg
  ankle_angle_r        -64.1 ..    20.3 deg
  hip_adduction_r       -3.2 ..    18.3 deg
  subtalar_angle_r      -3.1 ..    16.8 deg
  hip_flexion_l        -24.7 ..    27.3 deg
  knee_angle_l        -100.9 ..    13.4 deg
  ankle_angle_l        -68.2 ..     9.8 deg
  hip_adduction_l       -8.6 ..    17.5 deg
  subtalar_angle_l      -3.4 ..    23.1 deg
  pelvis_tilt           -1.9 ..    -0.3 deg
  pelvis_list           -0.5 ..    -0.3 deg
  pelvis_rotation        2.3 ..     2.5 deg
saved spinal_run.npz
saved spinal_run.png
fitted baseline loaded: e2_pf=0.222 f1_df=0.098 f1_kf=0.148 post_kneext=0.011 post_hipext=0.068 desc_f=1.400 e2_adapt=1.700
start pose (normal.mot): applied 20 coordinates as given; IMU-metric torso lean -0.0 deg (+ = back)
standing solve: nnls x in [0.00, 0.70], >0.1: 14 muscles
  top: add_long_l=0.70, tib_ant_r=0.61, tib_ant_l=0.46, ext_dig_r=0.37, glut_min1_l=0.33, pect_l=0.32, glut_min2_l=0.31, ext_dig_l=0.25
Fmax range: 5..3396 N | L range sample: [0.229942 0.326094]
t=  1.00 max|qacc|=       5.3 max|qvel|=   1.10 ncon=  0 com_z=0.933 com_x=-0.146
t=  1.50 max|qacc|=      21.9 max|qvel|=   1.42 ncon=  0 com_z=0.933 com_x=-0.152
t=  2.00 max|qacc|=       8.1 max|qvel|=   0.82 ncon=  0 com_z=0.932 com_x=-0.137
t=  2.50 max|qacc|=      17.0 max|qvel|=   0.19 ncon=  0 com_z=0.936 com_x=-0.155
t=  3.00 max|qacc|=      10.6 max|qvel|=   0.39 ncon=  0 com_z=0.933 com_x=-0.141
t=  3.50 max|qacc|=      14.1 max|qvel|=   1.14 ncon=  0 com_z=0.933 com_x=-0.150
t=  4.00 max|qacc|=     111.0 max|qvel|=   0.74 ncon=  0 com_z=0.932 com_x=-0.147
t=  4.50 max|qacc|=      38.0 max|qvel|=   1.75 ncon=  0 com_z=0.943 com_x=-0.130
t=  5.00 max|qacc|=     207.0 max|qvel|=   1.26 ncon=  0 com_z=0.931 com_x=-0.152
t=  5.50 max|qacc|=      45.6 max|qvel|=   2.09 ncon=  0 com_z=0.929 com_x=-0.124
t=  6.00 max|qacc|=      25.0 max|qvel|=   5.09 ncon=  0 com_z=0.936 com_x=-0.108
t=  6.50 max|qacc|=     227.9 max|qvel|=   2.35 ncon=  0 com_z=0.941 com_x=-0.142
t=  7.00 max|qacc|=      18.8 max|qvel|=   6.38 ncon=  0 com_z=0.924 com_x=-0.105
t=  7.50 max|qacc|=      50.9 max|qvel|=   7.80 ncon=  0 com_z=0.928 com_x=-0.116
t=  8.00 max|qacc|=     166.2 max|qvel|=   1.07 ncon=  0 com_z=0.935 com_x=-0.147
t=  8.50 max|qacc|=      33.2 max|qvel|=   5.20 ncon=  0 com_z=0.936 com_x=-0.086
t=  9.00 max|qacc|=     383.4 max|qvel|=   4.62 ncon=  0 com_z=0.930 com_x=-0.132
t=  9.50 max|qacc|=     255.0 max|qvel|=   2.65 ncon=  0 com_z=0.934 com_x=-0.141
t= 10.00 max|qacc|=      41.0 max|qvel|=   1.93 ncon=  0 com_z=0.945 com_x=-0.081
t= 10.50 max|qacc|=     220.9 max|qvel|=   3.77 ncon=  0 com_z=0.934 com_x=-0.144
t= 11.00 max|qacc|=      37.6 max|qvel|=   1.75 ncon=  0 com_z=0.928 com_x=-0.129
t= 11.50 max|qacc|=      31.4 max|qvel|=   4.45 ncon=  0 com_z=0.942 com_x=-0.088
t= 12.00 max|qacc|=     282.0 max|qvel|=   1.59 ncon=  0 com_z=0.940 com_x=-0.151
t= 12.50 max|qacc|=      46.0 max|qvel|=   5.62 ncon=  0 com_z=0.923 com_x=-0.112
t= 13.00 max|qacc|=      62.1 max|qvel|=   6.06 ncon=  0 com_z=0.931 com_x=-0.101
t= 13.50 max|qacc|=      35.8 max|qvel|=   1.66 ncon=  0 com_z=0.942 com_x=-0.155
t= 14.00 max|qacc|=      27.2 max|qvel|=   6.16 ncon=  0 com_z=0.929 com_x=-0.090
t= 14.50 max|qacc|=     319.5 max|qvel|=   8.94 ncon=  0 com_z=0.927 com_x=-0.122
t= 15.00 max|qacc|=     178.1 max|qvel|=   2.11 ncon=  0 com_z=0.939 com_x=-0.150
t= 15.50 max|qacc|=      40.1 max|qvel|=   3.18 ncon=  0 com_z=0.940 com_x=-0.080
t= 16.00 max|qacc|=      30.5 max|qvel|=   2.20 ncon=  0 com_z=0.939 com_x=-0.157
t= 16.50 max|qacc|=      24.6 max|qvel|=   1.70 ncon=  0 com_z=0.929 com_x=-0.124
t= 17.00 max|qacc|=       9.8 max|qvel|=   1.13 ncon=  0 com_z=0.933 com_x=-0.139
t= 17.50 max|qacc|=      15.4 max|qvel|=   1.98 ncon=  0 com_z=0.946 com_x=-0.164
t= 18.00 max|qacc|=      13.4 max|qvel|=   0.72 ncon=  0 com_z=0.928 com_x=-0.129
t= 18.50 max|qacc|=      13.7 max|qvel|=   0.81 ncon=  0 com_z=0.938 com_x=-0.159
t= 19.00 max|qacc|=      18.4 max|qvel|=   0.74 ncon=  0 com_z=0.932 com_x=-0.146
t= 19.50 max|qacc|=      14.2 max|qvel|=   0.66 ncon=  0 com_z=0.931 com_x=-0.142
t= 20.00 max|qacc|=       8.9 max|qvel|=   0.34 ncon=  0 com_z=0.937 com_x=-0.154
t= 20.50 max|qacc|=      14.7 max|qvel|=   0.31 ncon=  0 com_z=0.930 com_x=-0.139
t= 21.00 max|qacc|=      11.4 max|qvel|=   0.60 ncon=  0 com_z=0.935 com_x=-0.152
t= 21.50 max|qacc|=      18.9 max|qvel|=   0.44 ncon=  0 com_z=0.932 com_x=-0.146
t= 22.00 max|qacc|=      11.7 max|qvel|=   0.30 ncon=  0 com_z=0.933 com_x=-0.146
t= 22.50 max|qacc|=       9.9 max|qvel|=   0.18 ncon=  0 com_z=0.934 com_x=-0.149
t= 23.00 max|qacc|=       9.3 max|qvel|=   0.14 ncon=  0 com_z=0.932 com_x=-0.144
t= 23.50 max|qacc|=       6.5 max|qvel|=   0.14 ncon=  0 com_z=0.934 com_x=-0.149
t= 24.00 max|qacc|=      21.1 max|qvel|=   0.18 ncon=  0 com_z=0.932 com_x=-0.147
t= 24.50 max|qacc|=       5.9 max|qvel|=   0.16 ncon=  0 com_z=0.933 com_x=-0.147
t= 25.00 max|qacc|=      14.7 max|qvel|=   0.11 ncon=  0 com_z=0.933 com_x=-0.148
t= 25.50 max|qacc|=       8.5 max|qvel|=   0.14 ncon=  0 com_z=0.933 com_x=-0.146
t= 26.00 max|qacc|=       4.5 max|qvel|=   0.08 ncon=  0 com_z=0.933 com_x=-0.147
t= 26.50 max|qacc|=      21.9 max|qvel|=   0.14 ncon=  0 com_z=0.932 com_x=-0.147
t= 27.00 max|qacc|=       9.8 max|qvel|=   0.18 ncon=  0 com_z=0.933 com_x=-0.147
t= 27.50 max|qacc|=      19.3 max|qvel|=   0.07 ncon=  0 com_z=0.933 com_x=-0.147
t= 28.00 max|qacc|=       7.8 max|qvel|=   0.15 ncon=  0 com_z=0.933 com_x=-0.146
t= 28.50 max|qacc|=       6.8 max|qvel|=   0.10 ncon=  0 com_z=0.933 com_x=-0.147
t= 29.00 max|qacc|=      19.7 max|qvel|=   0.10 ncon=  0 com_z=0.933 com_x=-0.147
t= 29.50 max|qacc|=      14.7 max|qvel|=   0.20 ncon=  0 com_z=0.933 com_x=-0.147
t= 30.00 max|qacc|=      19.2 max|qvel|=   0.08 ncon=  0 com_z=0.933 com_x=-0.147
t= 30.50 max|qacc|=       8.2 max|qvel|=   0.15 ncon=  0 com_z=0.933 com_x=-0.146

== summary ==
pelvis/COM height: start 0.94 m, min 0.92 m, final 0.93 m  (stayed up)
COM x: min -0.17 max -0.08 final -0.15 m
COM y: min -0.024 max +0.002 m
RG_F_r bursts during walk window: 8
RG_r: cycles in window 8, period 1.37 s (0.73 Hz), E-duty 0.18
RG_l: cycles in window 8, period 1.37 s (0.73 Hz), E-duty 0.04
peak ctrl: [0.22 0.39 0.4  0.69 0.14 0.17 0.44 0.24 0.14 0.04 0.22 0.39 0.4  0.61
 0.14 0.17 0.38 0.24 0.14 0.04] (('vas_lat_r', 'med_gas_r', 'soleus_r', 'tib_ant_r', 'psoas_r', 'semimem_r', 'glut_max2_r', 'rect_fem_r', 'sar_r', 'grac_r', 'vas_lat_l', 'med_gas_l', 'soleus_l', 'tib_ant_l', 'psoas_l', 'semimem_l', 'glut_max2_l', 'rect_fem_l', 'sar_l', 'grac_l'))
  hip_flexion_r        -36.8 ..    43.2 deg
  knee_angle_r         -79.2 ..    13.9 deg
  ankle_angle_r        -61.1 ..    33.8 deg
  hip_adduction_r       -8.6 ..    21.5 deg
  subtalar_angle_r      -2.1 ..    17.9 deg
  hip_flexion_l        -22.9 ..    24.9 deg
  knee_angle_l         -85.0 ..    13.2 deg
  ankle_angle_l        -65.8 ..    23.3 deg
  hip_adduction_l      -10.4 ..    21.8 deg
  subtalar_angle_l      -2.6 ..    23.3 deg
  pelvis_tilt           -1.9 ..    -0.1 deg
  pelvis_list           -0.5 ..    -0.3 deg
  pelvis_rotation        2.3 ..     2.6 deg
saved spinal_run.npz
saved spinal_run.png
fitted baseline loaded: e2_pf=0.222 f1_df=0.098 f1_kf=0.148 post_kneext=0.011 post_hipext=0.068 desc_f=1.400 e2_adapt=1.700
start pose (normal.mot): applied 20 coordinates as given; IMU-metric torso lean -0.0 deg (+ = back)
standing solve: nnls x in [0.00, 0.70], >0.1: 14 muscles
  top: add_long_l=0.70, tib_ant_r=0.61, tib_ant_l=0.46, ext_dig_r=0.37, glut_min1_l=0.33, pect_l=0.32, glut_min2_l=0.31, ext_dig_l=0.25
Fmax range: 5..3396 N | L range sample: [0.229942 0.326094]
t=  1.00 max|qacc|=      10.9 max|qvel|=   1.13 ncon=  0 com_z=0.934 com_x=-0.148
t=  1.50 max|qacc|=      22.0 max|qvel|=   1.44 ncon=  0 com_z=0.933 com_x=-0.151
t=  2.00 max|qacc|=       8.4 max|qvel|=   0.81 ncon=  0 com_z=0.932 com_x=-0.137
t=  2.50 max|qacc|=      13.9 max|qvel|=   0.19 ncon=  0 com_z=0.936 com_x=-0.155
t=  3.00 max|qacc|=      10.9 max|qvel|=   0.36 ncon=  0 com_z=0.933 com_x=-0.141
t=  3.50 max|qacc|=      13.0 max|qvel|=   1.20 ncon=  0 com_z=0.934 com_x=-0.151
t=  4.00 max|qacc|=      48.6 max|qvel|=   0.64 ncon=  0 com_z=0.932 com_x=-0.150
t=  4.50 max|qacc|=      39.8 max|qvel|=   6.46 ncon=  0 com_z=0.927 com_x=-0.138
t=  5.00 max|qacc|=      27.4 max|qvel|=   4.74 ncon=  0 com_z=0.935 com_x=-0.150
t=  5.50 max|qacc|=     237.5 max|qvel|=   0.88 ncon=  0 com_z=0.936 com_x=-0.140
t=  6.00 max|qacc|=      30.3 max|qvel|=   1.48 ncon=  0 com_z=0.926 com_x=-0.129
t=  6.50 max|qacc|=      29.0 max|qvel|=   4.96 ncon=  0 com_z=0.940 com_x=-0.103
t=  7.00 max|qacc|=      86.6 max|qvel|=   2.38 ncon=  0 com_z=0.934 com_x=-0.143
t=  7.50 max|qacc|=     205.4 max|qvel|=   1.49 ncon=  0 com_z=0.926 com_x=-0.124
t=  8.00 max|qacc|=      44.9 max|qvel|=   3.66 ncon=  0 com_z=0.942 com_x=-0.098
t=  8.50 max|qacc|=     358.5 max|qvel|=   3.46 ncon=  0 com_z=0.929 com_x=-0.141
t=  9.00 max|qacc|=     306.8 max|qvel|=   2.57 ncon=  0 com_z=0.931 com_x=-0.133
t=  9.50 max|qacc|=      29.9 max|qvel|=   6.57 ncon=  0 com_z=0.923 com_x=-0.109
t= 10.00 max|qacc|=      55.9 max|qvel|=   5.54 ncon=  0 com_z=0.931 com_x=-0.130
t= 10.50 max|qacc|=     223.5 max|qvel|=   1.04 ncon=  0 com_z=0.933 com_x=-0.138
t= 11.00 max|qacc|=     130.2 max|qvel|=   0.53 ncon=  0 com_z=0.925 com_x=-0.119
t= 11.50 max|qacc|=      38.9 max|qvel|=   3.21 ncon=  0 com_z=0.945 com_x=-0.108
t= 12.00 max|qacc|=     495.3 max|qvel|=   2.24 ncon=  0 com_z=0.930 com_x=-0.137
t= 12.50 max|qacc|=     235.4 max|qvel|=   1.19 ncon=  0 com_z=0.928 com_x=-0.130
t= 13.00 max|qacc|=      34.0 max|qvel|=   5.17 ncon=  0 com_z=0.936 com_x=-0.099
t= 13.50 max|qacc|=     375.6 max|qvel|=   6.80 ncon=  0 com_z=0.928 com_x=-0.138
t= 14.00 max|qacc|=     182.8 max|qvel|=   0.75 ncon=  0 com_z=0.932 com_x=-0.137
t= 14.50 max|qacc|=      60.2 max|qvel|=   4.00 ncon=  0 com_z=0.924 com_x=-0.112
t= 15.00 max|qacc|=      14.5 max|qvel|=   5.38 ncon=  0 com_z=0.935 com_x=-0.125
t= 15.50 max|qacc|=     126.8 max|qvel|=   1.08 ncon=  0 com_z=0.932 com_x=-0.138
t= 16.00 max|qacc|=     152.4 max|qvel|=   0.95 ncon=  0 com_z=0.926 com_x=-0.121
t= 16.50 max|qacc|=       8.4 max|qvel|=   1.49 ncon=  0 com_z=0.929 com_x=-0.133
t= 17.00 max|qacc|=       7.1 max|qvel|=   0.80 ncon=  0 com_z=0.938 com_x=-0.154
t= 17.50 max|qacc|=       4.7 max|qvel|=   0.42 ncon=  0 com_z=0.932 com_x=-0.141
t= 18.00 max|qacc|=      21.8 max|qvel|=   1.15 ncon=  0 com_z=0.935 com_x=-0.151
t= 18.50 max|qacc|=       7.9 max|qvel|=   0.38 ncon=  0 com_z=0.933 com_x=-0.148
t= 19.00 max|qacc|=      19.1 max|qvel|=   0.20 ncon=  0 com_z=0.933 com_x=-0.145
t= 19.50 max|qacc|=       7.6 max|qvel|=   0.15 ncon=  0 com_z=0.934 com_x=-0.149
t= 20.00 max|qacc|=       6.9 max|qvel|=   0.11 ncon=  0 com_z=0.932 com_x=-0.145
t= 20.50 max|qacc|=      19.4 max|qvel|=   0.18 ncon=  0 com_z=0.933 com_x=-0.149
t= 21.00 max|qacc|=      14.4 max|qvel|=   0.20 ncon=  0 com_z=0.933 com_x=-0.147
t= 21.50 max|qacc|=      19.0 max|qvel|=   0.13 ncon=  0 com_z=0.933 com_x=-0.147
t= 22.00 max|qacc|=       8.2 max|qvel|=   0.15 ncon=  0 com_z=0.933 com_x=-0.148
t= 22.50 max|qacc|=       8.2 max|qvel|=   0.12 ncon=  0 com_z=0.933 com_x=-0.146
t= 23.00 max|qacc|=      14.7 max|qvel|=   0.10 ncon=  0 com_z=0.933 com_x=-0.148
t= 23.50 max|qacc|=      17.2 max|qvel|=   0.21 ncon=  0 com_z=0.933 com_x=-0.147
t= 24.00 max|qacc|=      15.8 max|qvel|=   0.11 ncon=  0 com_z=0.933 com_x=-0.147
t= 24.50 max|qacc|=       9.1 max|qvel|=   0.14 ncon=  0 com_z=0.933 com_x=-0.147
t= 25.00 max|qacc|=       8.7 max|qvel|=   0.13 ncon=  0 com_z=0.933 com_x=-0.146
t= 25.50 max|qacc|=       9.2 max|qvel|=   0.09 ncon=  0 com_z=0.933 com_x=-0.147
t= 26.00 max|qacc|=      20.7 max|qvel|=   0.19 ncon=  0 com_z=0.933 com_x=-0.148
t= 26.50 max|qacc|=       9.8 max|qvel|=   0.11 ncon=  0 com_z=0.933 com_x=-0.147
t= 27.00 max|qacc|=      11.1 max|qvel|=   0.12 ncon=  0 com_z=0.933 com_x=-0.147
t= 27.50 max|qacc|=       8.5 max|qvel|=   0.14 ncon=  0 com_z=0.933 com_x=-0.147
t= 28.00 max|qacc|=       4.5 max|qvel|=   0.09 ncon=  0 com_z=0.933 com_x=-0.147
t= 28.50 max|qacc|=      21.8 max|qvel|=   0.16 ncon=  0 com_z=0.933 com_x=-0.147
t= 29.00 max|qacc|=       6.7 max|qvel|=   0.16 ncon=  0 com_z=0.933 com_x=-0.148
t= 29.50 max|qacc|=      18.1 max|qvel|=   0.09 ncon=  0 com_z=0.933 com_x=-0.147
t= 30.00 max|qacc|=       7.9 max|qvel|=   0.15 ncon=  0 com_z=0.933 com_x=-0.147
t= 30.50 max|qacc|=       5.9 max|qvel|=   0.09 ncon=  0 com_z=0.933 com_x=-0.147

== summary ==
pelvis/COM height: start 0.94 m, min 0.92 m, final 0.93 m  (stayed up)
COM x: min -0.16 max -0.09 final -0.15 m
COM y: min -0.024 max -0.000 m
RG_F_r bursts during walk window: 6
RG_r: cycles in window 7, period 1.67 s (0.60 Hz), E-duty 0.08
RG_l: cycles in window 7, period 1.67 s (0.60 Hz), E-duty 0.03
peak ctrl: [0.24 0.44 0.44 0.69 0.15 0.2  0.45 0.26 0.15 0.05 0.24 0.44 0.44 0.61
 0.15 0.2  0.39 0.26 0.15 0.05] (('vas_lat_r', 'med_gas_r', 'soleus_r', 'tib_ant_r', 'psoas_r', 'semimem_r', 'glut_max2_r', 'rect_fem_r', 'sar_r', 'grac_r', 'vas_lat_l', 'med_gas_l', 'soleus_l', 'tib_ant_l', 'psoas_l', 'semimem_l', 'glut_max2_l', 'rect_fem_l', 'sar_l', 'grac_l'))
  hip_flexion_r        -19.9 ..    30.9 deg
  knee_angle_r         -82.5 ..    11.6 deg
  ankle_angle_r        -64.2 ..    35.3 deg
  hip_adduction_r       -4.7 ..    16.9 deg
  subtalar_angle_r      -2.4 ..    17.6 deg
  hip_flexion_l        -25.5 ..    23.0 deg
  knee_angle_l         -88.4 ..    12.4 deg
  ankle_angle_l        -68.0 ..    27.2 deg
  hip_adduction_l      -10.3 ..    17.9 deg
  subtalar_angle_l      -2.7 ..    23.5 deg
  pelvis_tilt           -1.9 ..    -0.0 deg
  pelvis_list           -0.5 ..    -0.3 deg
  pelvis_rotation        2.3 ..     2.5 deg
saved spinal_run.npz
saved spinal_run.png
fitted baseline loaded: e2_pf=0.222 f1_df=0.098 f1_kf=0.148 post_kneext=0.011 post_hipext=0.068 desc_f=1.400 e2_adapt=1.700
start pose (normal.mot): applied 20 coordinates as given; IMU-metric torso lean -0.0 deg (+ = back)
standing solve: nnls x in [0.00, 0.70], >0.1: 14 muscles
  top: add_long_l=0.70, tib_ant_r=0.61, tib_ant_l=0.46, ext_dig_r=0.37, glut_min1_l=0.33, pect_l=0.32, glut_min2_l=0.31, ext_dig_l=0.25
Fmax range: 5..3396 N | L range sample: [0.229942 0.326094]
t=  1.00 max|qacc|=       7.9 max|qvel|=   1.81 ncon=  0 com_z=0.928 com_x=-0.126
t=  1.50 max|qacc|=      19.4 max|qvel|=   0.53 ncon=  0 com_z=0.928 com_x=-0.133
t=  2.00 max|qacc|=       8.3 max|qvel|=   0.33 ncon=  0 com_z=0.931 com_x=-0.129
t=  2.50 max|qacc|=      16.8 max|qvel|=   0.17 ncon=  0 com_z=0.928 com_x=-0.134
t=  3.00 max|qacc|=       9.7 max|qvel|=   0.40 ncon=  0 com_z=0.930 com_x=-0.133
t=  3.50 max|qacc|=      37.5 max|qvel|=   0.91 ncon=  0 com_z=0.930 com_x=-0.138
t=  4.00 max|qacc|=      23.5 max|qvel|=   8.09 ncon=  0 com_z=0.929 com_x=-0.138
t=  4.50 max|qacc|=      44.7 max|qvel|=   4.83 ncon=  0 com_z=0.932 com_x=-0.130
t=  5.00 max|qacc|=     659.2 max|qvel|=   7.58 ncon=  0 com_z=0.926 com_x=-0.098
t=  5.50 max|qacc|=      27.5 max|qvel|=   7.85 ncon=  0 com_z=0.943 com_x=-0.162
t=  6.00 max|qacc|=      51.8 max|qvel|=   3.18 ncon=  0 com_z=0.935 com_x=-0.055
t=  6.50 max|qacc|=     321.6 max|qvel|=   2.38 ncon=  0 com_z=0.942 com_x=-0.144
t=  7.00 max|qacc|=      55.4 max|qvel|=   3.02 ncon=  0 com_z=0.949 com_x=-0.111
t=  7.50 max|qacc|=     102.2 max|qvel|=   2.15 ncon=  0 com_z=0.944 com_x=-0.041
t=  8.00 max|qacc|=     364.2 max|qvel|=   1.76 ncon=  0 com_z=0.954 com_x=-0.177
t=  8.50 max|qacc|=      30.1 max|qvel|=   6.03 ncon=  0 com_z=0.950 com_x=-0.073
t=  9.00 max|qacc|=      43.2 max|qvel|=   8.96 ncon=  0 com_z=0.927 com_x=-0.063
t=  9.50 max|qacc|=      73.8 max|qvel|=   6.82 ncon=  0 com_z=0.949 com_x=-0.178
t= 10.00 max|qacc|=      64.8 max|qvel|=   4.17 ncon=  0 com_z=0.940 com_x=-0.053
t= 10.50 max|qacc|=      52.6 max|qvel|=   3.24 ncon=  0 com_z=0.929 com_x=-0.115
t= 11.00 max|qacc|=      48.5 max|qvel|=   6.33 ncon=  0 com_z=0.943 com_x=-0.143
t= 11.50 max|qacc|=      29.2 max|qvel|=   4.18 ncon=  0 com_z=0.941 com_x=-0.043
t= 12.00 max|qacc|=     158.8 max|qvel|=   1.85 ncon=  0 com_z=0.946 com_x=-0.157
t= 12.50 max|qacc|=      59.6 max|qvel|=   2.69 ncon=  0 com_z=0.953 com_x=-0.095
t= 13.00 max|qacc|=     123.2 max|qvel|=   4.67 ncon=  0 com_z=0.940 com_x=-0.045
t= 13.50 max|qacc|=     154.2 max|qvel|=   2.18 ncon=  0 com_z=0.956 com_x=-0.182
t= 14.00 max|qacc|=      27.0 max|qvel|=   6.60 ncon=  0 com_z=0.945 com_x=-0.065
t= 14.50 max|qacc|=     554.6 max|qvel|=   6.72 ncon=  0 com_z=0.927 com_x=-0.080
t= 15.00 max|qacc|=      15.2 max|qvel|=   9.02 ncon=  0 com_z=0.944 com_x=-0.170
t= 15.50 max|qacc|=      79.7 max|qvel|=   5.07 ncon=  0 com_z=0.937 com_x=-0.050
t= 16.00 max|qacc|=      17.6 max|qvel|=   2.03 ncon=  0 com_z=0.941 com_x=-0.149
t= 16.50 max|qacc|=      20.2 max|qvel|=   2.35 ncon=  0 com_z=0.929 com_x=-0.115
t= 17.00 max|qacc|=      12.9 max|qvel|=   1.45 ncon=  0 com_z=0.927 com_x=-0.077
t= 17.50 max|qacc|=      10.4 max|qvel|=   0.68 ncon=  0 com_z=0.956 com_x=-0.173
t= 18.00 max|qacc|=      18.4 max|qvel|=   2.46 ncon=  0 com_z=0.928 com_x=-0.116
t= 18.50 max|qacc|=       9.1 max|qvel|=   1.47 ncon=  0 com_z=0.927 com_x=-0.119
t= 19.00 max|qacc|=      10.1 max|qvel|=   1.04 ncon=  0 com_z=0.940 com_x=-0.160
t= 19.50 max|qacc|=      19.1 max|qvel|=   0.23 ncon=  0 com_z=0.925 com_x=-0.107
t= 20.00 max|qacc|=       4.4 max|qvel|=   1.04 ncon=  0 com_z=0.934 com_x=-0.147
t= 20.50 max|qacc|=      10.4 max|qvel|=   1.00 ncon=  0 com_z=0.929 com_x=-0.135
t= 21.00 max|qacc|=      18.5 max|qvel|=   0.61 ncon=  0 com_z=0.927 com_x=-0.124
t= 21.50 max|qacc|=       6.7 max|qvel|=   0.14 ncon=  0 com_z=0.933 com_x=-0.145
t= 22.00 max|qacc|=      17.7 max|qvel|=   0.28 ncon=  0 com_z=0.927 com_x=-0.125
t= 22.50 max|qacc|=       7.9 max|qvel|=   0.36 ncon=  0 com_z=0.930 com_x=-0.136
t= 23.00 max|qacc|=       8.5 max|qvel|=   0.36 ncon=  0 com_z=0.930 com_x=-0.136
t= 23.50 max|qacc|=       3.7 max|qvel|=   0.13 ncon=  0 com_z=0.928 com_x=-0.128
t= 24.00 max|qacc|=      19.6 max|qvel|=   0.12 ncon=  0 com_z=0.930 com_x=-0.138
t= 24.50 max|qacc|=      13.1 max|qvel|=   0.19 ncon=  0 com_z=0.928 com_x=-0.131
t= 25.00 max|qacc|=      14.7 max|qvel|=   0.23 ncon=  0 com_z=0.929 com_x=-0.133
t= 25.50 max|qacc|=       9.4 max|qvel|=   0.15 ncon=  0 com_z=0.930 com_x=-0.135
t= 26.00 max|qacc|=       8.6 max|qvel|=   0.13 ncon=  0 com_z=0.929 com_x=-0.131
t= 26.50 max|qacc|=       4.2 max|qvel|=   0.07 ncon=  0 com_z=0.930 com_x=-0.135
t= 27.00 max|qacc|=      19.2 max|qvel|=   0.14 ncon=  0 com_z=0.929 com_x=-0.133
t= 27.50 max|qacc|=      13.7 max|qvel|=   0.18 ncon=  0 com_z=0.929 com_x=-0.133
t= 28.00 max|qacc|=      13.0 max|qvel|=   0.08 ncon=  0 com_z=0.929 com_x=-0.134
t= 28.50 max|qacc|=      10.0 max|qvel|=   0.11 ncon=  0 com_z=0.929 com_x=-0.132
t= 29.00 max|qacc|=       7.8 max|qvel|=   0.13 ncon=  0 com_z=0.929 com_x=-0.133
t= 29.50 max|qacc|=       5.5 max|qvel|=   0.10 ncon=  0 com_z=0.929 com_x=-0.133
t= 30.00 max|qacc|=      17.6 max|qvel|=   0.08 ncon=  0 com_z=0.929 com_x=-0.133
t= 30.50 max|qacc|=      14.6 max|qvel|=   0.18 ncon=  0 com_z=0.929 com_x=-0.134

== summary ==
pelvis/COM height: start 0.94 m, min 0.92 m, final 0.93 m  (stayed up)
COM x: min -0.18 max -0.04 final -0.13 m
COM y: min -0.024 max +0.002 m
RG_F_r bursts during walk window: 8
RG_r: cycles in window 8, period 1.34 s (0.74 Hz), E-duty 0.15
RG_l: cycles in window 8, period 1.34 s (0.74 Hz), E-duty 0.05
peak ctrl: [0.31 0.6  0.6  0.61 0.32 0.25 0.4  0.33 0.32 0.06 0.31 0.6  0.59 0.53
 0.32 0.25 0.39 0.33 0.32 0.06] (('vas_lat_r', 'med_gas_r', 'soleus_r', 'tib_ant_r', 'psoas_r', 'semimem_r', 'glut_max2_r', 'rect_fem_r', 'sar_r', 'grac_r', 'vas_lat_l', 'med_gas_l', 'soleus_l', 'tib_ant_l', 'psoas_l', 'semimem_l', 'glut_max2_l', 'rect_fem_l', 'sar_l', 'grac_l'))
  hip_flexion_r        -46.6 ..    46.3 deg
  knee_angle_r         -93.7 ..    12.6 deg
  ankle_angle_r        -69.5 ..    18.5 deg
  hip_adduction_r       -9.4 ..    18.2 deg
  subtalar_angle_r      -3.4 ..    16.5 deg
  hip_flexion_l        -40.8 ..    33.6 deg
  knee_angle_l        -102.2 ..    12.2 deg
  ankle_angle_l        -73.4 ..     9.8 deg
  hip_adduction_l       -8.0 ..    17.7 deg
  subtalar_angle_l      -3.6 ..    22.4 deg
  pelvis_tilt           -1.9 ..     0.1 deg
  pelvis_list           -0.5 ..    -0.3 deg
  pelvis_rotation        2.3 ..     2.6 deg
saved spinal_run.npz
saved spinal_run.png
fitted baseline loaded: e2_pf=0.222 f1_df=0.098 f1_kf=0.148 post_kneext=0.011 post_hipext=0.068 desc_f=1.400 e2_adapt=1.700
start pose (normal.mot): applied 20 coordinates as given; IMU-metric torso lean -0.0 deg (+ = back)
standing solve: nnls x in [0.00, 0.70], >0.1: 14 muscles
  top: add_long_l=0.70, tib_ant_r=0.61, tib_ant_l=0.46, ext_dig_r=0.37, glut_min1_l=0.33, pect_l=0.32, glut_min2_l=0.31, ext_dig_l=0.25
Fmax range: 5..3396 N | L range sample: [0.229942 0.326094]
t=  1.00 max|qacc|=       8.5 max|qvel|=   1.72 ncon=  0 com_z=0.928 com_x=-0.129
t=  1.50 max|qacc|=      19.4 max|qvel|=   0.62 ncon=  0 com_z=0.929 com_x=-0.136
t=  2.00 max|qacc|=       9.6 max|qvel|=   0.39 ncon=  0 com_z=0.931 com_x=-0.131
t=  2.50 max|qacc|=      17.3 max|qvel|=   0.18 ncon=  0 com_z=0.929 com_x=-0.139
t=  3.00 max|qacc|=       9.9 max|qvel|=   0.41 ncon=  0 com_z=0.931 com_x=-0.134
t=  3.50 max|qacc|=     309.9 max|qvel|=   0.68 ncon=  0 com_z=0.930 com_x=-0.139
t=  4.00 max|qacc|=      43.0 max|qvel|=   2.67 ncon=  0 com_z=0.955 com_x=-0.140
t=  4.50 max|qacc|=      19.0 max|qvel|=   3.43 ncon=  0 com_z=0.937 com_x=-0.102
t=  5.00 max|qacc|=      17.0 max|qvel|=   1.47 ncon=  0 com_z=0.937 com_x=-0.088
t=  5.50 max|qacc|=       3.6 max|qvel|=   1.64 ncon=  0 com_z=0.939 com_x=-0.101
t=  6.00 max|qacc|=     298.9 max|qvel|=   2.42 ncon=  0 com_z=0.944 com_x=-0.159
t=  6.50 max|qacc|=      40.4 max|qvel|=   3.84 ncon=  0 com_z=0.953 com_x=-0.088
t=  7.00 max|qacc|=      30.1 max|qvel|=   3.70 ncon=  0 com_z=0.946 com_x=-0.062
t=  7.50 max|qacc|=      18.2 max|qvel|=   2.27 ncon=  0 com_z=0.934 com_x=-0.098
t=  8.00 max|qacc|=      32.2 max|qvel|=   9.96 ncon=  0 com_z=0.926 com_x=-0.091
t=  8.50 max|qacc|=      24.4 max|qvel|=   7.61 ncon=  0 com_z=0.943 com_x=-0.152
t=  9.00 max|qacc|=      49.7 max|qvel|=   2.64 ncon=  0 com_z=0.930 com_x=-0.069
t=  9.50 max|qacc|=      20.3 max|qvel|=   2.54 ncon=  0 com_z=0.941 com_x=-0.081
t= 10.00 max|qacc|=      11.1 max|qvel|=   1.88 ncon=  0 com_z=0.941 com_x=-0.085
t= 10.50 max|qacc|=     304.8 max|qvel|=   3.82 ncon=  0 com_z=0.938 com_x=-0.151
t= 11.00 max|qacc|=      48.8 max|qvel|=   3.45 ncon=  0 com_z=0.954 com_x=-0.095
t= 11.50 max|qacc|=      30.9 max|qvel|=   3.91 ncon=  0 com_z=0.946 com_x=-0.059
t= 12.00 max|qacc|=      19.4 max|qvel|=   2.50 ncon=  0 com_z=0.934 com_x=-0.098
t= 12.50 max|qacc|=      92.7 max|qvel|=   6.69 ncon=  0 com_z=0.932 com_x=-0.083
t= 13.00 max|qacc|=       9.3 max|qvel|=   8.50 ncon=  0 com_z=0.941 com_x=-0.162
t= 13.50 max|qacc|=      60.7 max|qvel|=   4.70 ncon=  0 com_z=0.931 com_x=-0.073
t= 14.00 max|qacc|=      23.5 max|qvel|=   3.18 ncon=  0 com_z=0.945 com_x=-0.075
t= 14.50 max|qacc|=      20.8 max|qvel|=   1.69 ncon=  0 com_z=0.940 com_x=-0.088
t= 15.00 max|qacc|=      97.6 max|qvel|=   2.52 ncon=  0 com_z=0.933 com_x=-0.139
t= 15.50 max|qacc|=      54.1 max|qvel|=   1.75 ncon=  0 com_z=0.954 com_x=-0.106
t= 16.00 max|qacc|=      65.5 max|qvel|=   1.40 ncon=  0 com_z=0.926 com_x=-0.072
t= 16.50 max|qacc|=      17.0 max|qvel|=   1.79 ncon=  0 com_z=0.941 com_x=-0.164
t= 17.00 max|qacc|=       8.0 max|qvel|=   1.57 ncon=  0 com_z=0.927 com_x=-0.100
t= 17.50 max|qacc|=      18.7 max|qvel|=   1.08 ncon=  0 com_z=0.933 com_x=-0.135
t= 18.00 max|qacc|=      20.6 max|qvel|=   1.35 ncon=  0 com_z=0.935 com_x=-0.155
t= 18.50 max|qacc|=      10.4 max|qvel|=   0.50 ncon=  0 com_z=0.926 com_x=-0.113
t= 19.00 max|qacc|=      14.3 max|qvel|=   0.51 ncon=  0 com_z=0.936 com_x=-0.154
t= 19.50 max|qacc|=      13.0 max|qvel|=   0.73 ncon=  0 com_z=0.929 com_x=-0.130
t= 20.00 max|qacc|=       7.8 max|qvel|=   0.49 ncon=  0 com_z=0.929 com_x=-0.132
t= 20.50 max|qacc|=       6.0 max|qvel|=   0.37 ncon=  0 com_z=0.932 com_x=-0.145
t= 21.00 max|qacc|=      13.6 max|qvel|=   0.15 ncon=  0 com_z=0.927 com_x=-0.127
t= 21.50 max|qacc|=      17.6 max|qvel|=   0.35 ncon=  0 com_z=0.931 com_x=-0.142
t= 22.00 max|qacc|=       6.6 max|qvel|=   0.38 ncon=  0 com_z=0.929 com_x=-0.135
t= 22.50 max|qacc|=      14.5 max|qvel|=   0.25 ncon=  0 com_z=0.929 com_x=-0.134
t= 23.00 max|qacc|=       7.4 max|qvel|=   0.15 ncon=  0 com_z=0.931 com_x=-0.140
t= 23.50 max|qacc|=       7.8 max|qvel|=   0.10 ncon=  0 com_z=0.929 com_x=-0.132
t= 24.00 max|qacc|=      14.2 max|qvel|=   0.13 ncon=  0 com_z=0.930 com_x=-0.138
t= 24.50 max|qacc|=      17.5 max|qvel|=   0.19 ncon=  0 com_z=0.929 com_x=-0.137
t= 25.00 max|qacc|=       8.9 max|qvel|=   0.14 ncon=  0 com_z=0.929 com_x=-0.135
t= 25.50 max|qacc|=      11.7 max|qvel|=   0.10 ncon=  0 com_z=0.930 com_x=-0.137
t= 26.00 max|qacc|=       7.9 max|qvel|=   0.13 ncon=  0 com_z=0.929 com_x=-0.135
t= 26.50 max|qacc|=       6.0 max|qvel|=   0.09 ncon=  0 com_z=0.930 com_x=-0.136
t= 27.00 max|qacc|=      17.5 max|qvel|=   0.12 ncon=  0 com_z=0.929 com_x=-0.137
t= 27.50 max|qacc|=      15.0 max|qvel|=   0.19 ncon=  0 com_z=0.929 com_x=-0.136
t= 28.00 max|qacc|=      12.8 max|qvel|=   0.08 ncon=  0 com_z=0.930 com_x=-0.137
t= 28.50 max|qacc|=      10.0 max|qvel|=   0.11 ncon=  0 com_z=0.930 com_x=-0.136
t= 29.00 max|qacc|=       8.0 max|qvel|=   0.13 ncon=  0 com_z=0.930 com_x=-0.136
t= 29.50 max|qacc|=       4.5 max|qvel|=   0.08 ncon=  0 com_z=0.930 com_x=-0.136
t= 30.00 max|qacc|=      19.8 max|qvel|=   0.09 ncon=  0 com_z=0.929 com_x=-0.136
t= 30.50 max|qacc|=      13.4 max|qvel|=   0.18 ncon=  0 com_z=0.929 com_x=-0.137

== summary ==
pelvis/COM height: start 0.94 m, min 0.92 m, final 0.93 m  (stayed up)
COM x: min -0.17 max -0.06 final -0.14 m
COM y: min -0.024 max -0.000 m
RG_F_r bursts during walk window: 5
RG_r: cycles in window 5, period 2.27 s (0.44 Hz), E-duty 0.05
RG_l: cycles in window 5, period 2.27 s (0.44 Hz), E-duty 0.03
peak ctrl: [0.3  0.64 0.63 0.62 0.34 0.3  0.41 0.33 0.34 0.08 0.3  0.64 0.63 0.54
 0.34 0.3  0.41 0.33 0.34 0.08] (('vas_lat_r', 'med_gas_r', 'soleus_r', 'tib_ant_r', 'psoas_r', 'semimem_r', 'glut_max2_r', 'rect_fem_r', 'sar_r', 'grac_r', 'vas_lat_l', 'med_gas_l', 'soleus_l', 'tib_ant_l', 'psoas_l', 'semimem_l', 'glut_max2_l', 'rect_fem_l', 'sar_l', 'grac_l'))
  hip_flexion_r        -39.2 ..    36.9 deg
  knee_angle_r         -96.4 ..    12.0 deg
  ankle_angle_r        -68.6 ..    19.3 deg
  hip_adduction_r       -8.0 ..    17.7 deg
  subtalar_angle_r      -3.5 ..    16.7 deg
  hip_flexion_l        -35.4 ..    27.6 deg
  knee_angle_l        -106.6 ..    12.5 deg
  ankle_angle_l        -72.8 ..     9.8 deg
  hip_adduction_l       -7.9 ..    15.9 deg
  subtalar_angle_l      -3.5 ..    22.7 deg
  pelvis_tilt           -1.9 ..     0.1 deg
  pelvis_list           -0.5 ..    -0.3 deg
  pelvis_rotation        2.3 ..     2.5 deg
saved spinal_run.npz
saved spinal_run.png
fitted baseline loaded: e2_pf=0.222 f1_df=0.098 f1_kf=0.148 post_kneext=0.011 post_hipext=0.068 desc_f=1.400 e2_adapt=1.700
start pose (normal.mot): applied 20 coordinates as given; IMU-metric torso lean -0.0 deg (+ = back)
standing solve: nnls x in [0.00, 0.70], >0.1: 14 muscles
  top: add_long_l=0.70, tib_ant_r=0.61, tib_ant_l=0.46, ext_dig_r=0.37, glut_min1_l=0.33, pect_l=0.32, glut_min2_l=0.31, ext_dig_l=0.25
Fmax range: 5..3396 N | L range sample: [0.229942 0.326094]
t=  1.00 max|qacc|=       6.4 max|qvel|=   1.43 ncon=  0 com_z=0.928 com_x=-0.128
t=  1.50 max|qacc|=      19.3 max|qvel|=   0.63 ncon=  0 com_z=0.928 com_x=-0.134
t=  2.00 max|qacc|=      14.9 max|qvel|=   0.39 ncon=  0 com_z=0.931 com_x=-0.130
t=  2.50 max|qacc|=      13.1 max|qvel|=   0.17 ncon=  0 com_z=0.929 com_x=-0.137
t=  3.00 max|qacc|=      10.3 max|qvel|=   0.38 ncon=  0 com_z=0.930 com_x=-0.133
t=  3.50 max|qacc|=     203.1 max|qvel|=   0.72 ncon=  0 com_z=0.930 com_x=-0.138
t=  4.00 max|qacc|=     114.4 max|qvel|=   0.78 ncon=  0 com_z=0.930 com_x=-0.139
t=  4.50 max|qacc|=      49.6 max|qvel|=   2.72 ncon=  0 com_z=0.952 com_x=-0.110
t=  5.00 max|qacc|=      62.9 max|qvel|=   2.96 ncon=  0 com_z=0.930 com_x=-0.090
t=  5.50 max|qacc|=      78.9 max|qvel|=   1.65 ncon=  0 com_z=0.942 com_x=-0.151
t=  6.00 max|qacc|=      30.5 max|qvel|=   6.63 ncon=  0 com_z=0.936 com_x=-0.094
t=  6.50 max|qacc|=      35.8 max|qvel|=   3.49 ncon=  0 com_z=0.932 com_x=-0.062
t=  7.00 max|qacc|=     153.2 max|qvel|=   1.24 ncon=  0 com_z=0.939 com_x=-0.147
t=  7.50 max|qacc|=      45.5 max|qvel|=   6.79 ncon=  0 com_z=0.924 com_x=-0.098
t=  8.00 max|qacc|=      34.3 max|qvel|=   4.84 ncon=  0 com_z=0.937 com_x=-0.076
t=  8.50 max|qacc|=      52.5 max|qvel|=   1.75 ncon=  0 com_z=0.930 com_x=-0.123
t=  9.00 max|qacc|=      20.7 max|qvel|=   1.79 ncon=  0 com_z=0.926 com_x=-0.122
t=  9.50 max|qacc|=      32.3 max|qvel|=   4.78 ncon=  0 com_z=0.953 com_x=-0.071
t= 10.00 max|qacc|=     216.1 max|qvel|=   4.50 ncon=  0 com_z=0.926 com_x=-0.100
t= 10.50 max|qacc|=      25.1 max|qvel|=   1.07 ncon=  0 com_z=0.931 com_x=-0.141
t= 11.00 max|qacc|=      47.9 max|qvel|=   2.46 ncon=  0 com_z=0.959 com_x=-0.064
t= 11.50 max|qacc|=      63.4 max|qvel|=   4.97 ncon=  0 com_z=0.925 com_x=-0.085
t= 12.00 max|qacc|=     213.6 max|qvel|=   0.83 ncon=  0 com_z=0.936 com_x=-0.145
t= 12.50 max|qacc|=      34.2 max|qvel|=   6.43 ncon=  0 com_z=0.943 com_x=-0.072
t= 13.00 max|qacc|=      24.0 max|qvel|=   3.88 ncon=  0 com_z=0.928 com_x=-0.085
t= 13.50 max|qacc|=      86.6 max|qvel|=   1.10 ncon=  0 com_z=0.935 com_x=-0.137
t= 14.00 max|qacc|=      35.3 max|qvel|=   7.31 ncon=  0 com_z=0.924 com_x=-0.098
t= 14.50 max|qacc|=      40.7 max|qvel|=   5.13 ncon=  0 com_z=0.935 com_x=-0.082
t= 15.00 max|qacc|=      39.7 max|qvel|=   1.65 ncon=  0 com_z=0.930 com_x=-0.120
t= 15.50 max|qacc|=      25.9 max|qvel|=   1.82 ncon=  0 com_z=0.925 com_x=-0.122
t= 16.00 max|qacc|=      50.4 max|qvel|=   5.82 ncon=  0 com_z=0.941 com_x=-0.069
t= 16.50 max|qacc|=      21.7 max|qvel|=   0.98 ncon=  0 com_z=0.931 com_x=-0.125
t= 17.00 max|qacc|=      13.6 max|qvel|=   1.62 ncon=  0 com_z=0.929 com_x=-0.118
t= 17.50 max|qacc|=      20.6 max|qvel|=   0.54 ncon=  0 com_z=0.931 com_x=-0.135
t= 18.00 max|qacc|=      16.6 max|qvel|=   1.14 ncon=  0 com_z=0.931 com_x=-0.138
t= 18.50 max|qacc|=      11.4 max|qvel|=   0.37 ncon=  0 com_z=0.928 com_x=-0.131
t= 19.00 max|qacc|=      10.3 max|qvel|=   0.32 ncon=  0 com_z=0.931 com_x=-0.140
t= 19.50 max|qacc|=       8.7 max|qvel|=   0.31 ncon=  0 com_z=0.929 com_x=-0.132
t= 20.00 max|qacc|=       6.0 max|qvel|=   0.27 ncon=  0 com_z=0.929 com_x=-0.134
t= 20.50 max|qacc|=      17.4 max|qvel|=   0.21 ncon=  0 com_z=0.930 com_x=-0.137
t= 21.00 max|qacc|=      15.1 max|qvel|=   0.19 ncon=  0 com_z=0.928 com_x=-0.133
t= 21.50 max|qacc|=      11.6 max|qvel|=   0.17 ncon=  0 com_z=0.930 com_x=-0.137
t= 22.00 max|qacc|=      10.3 max|qvel|=   0.16 ncon=  0 com_z=0.930 com_x=-0.134
t= 22.50 max|qacc|=       8.0 max|qvel|=   0.13 ncon=  0 com_z=0.929 com_x=-0.134
t= 23.00 max|qacc|=       5.5 max|qvel|=   0.10 ncon=  0 com_z=0.930 com_x=-0.136
t= 23.50 max|qacc|=      18.1 max|qvel|=   0.10 ncon=  0 com_z=0.929 com_x=-0.134
t= 24.00 max|qacc|=      14.4 max|qvel|=   0.19 ncon=  0 com_z=0.929 com_x=-0.136
t= 24.50 max|qacc|=      12.7 max|qvel|=   0.08 ncon=  0 com_z=0.929 com_x=-0.135
t= 25.00 max|qacc|=      10.0 max|qvel|=   0.11 ncon=  0 com_z=0.929 com_x=-0.134
t= 25.50 max|qacc|=       8.0 max|qvel|=   0.13 ncon=  0 com_z=0.930 com_x=-0.135
t= 26.00 max|qacc|=       5.0 max|qvel|=   0.08 ncon=  0 com_z=0.929 com_x=-0.134
t= 26.50 max|qacc|=      19.0 max|qvel|=   0.08 ncon=  0 com_z=0.929 com_x=-0.135
t= 27.00 max|qacc|=      14.0 max|qvel|=   0.19 ncon=  0 com_z=0.929 com_x=-0.135
t= 27.50 max|qacc|=      13.8 max|qvel|=   0.08 ncon=  0 com_z=0.929 com_x=-0.135
t= 28.00 max|qacc|=       9.7 max|qvel|=   0.11 ncon=  0 com_z=0.930 com_x=-0.135
t= 28.50 max|qacc|=       8.1 max|qvel|=   0.13 ncon=  0 com_z=0.929 com_x=-0.134
t= 29.00 max|qacc|=       4.3 max|qvel|=   0.07 ncon=  0 com_z=0.929 com_x=-0.135
t= 29.50 max|qacc|=      19.7 max|qvel|=   0.09 ncon=  0 com_z=0.929 com_x=-0.135
t= 30.00 max|qacc|=      13.5 max|qvel|=   0.18 ncon=  0 com_z=0.929 com_x=-0.135
t= 30.50 max|qacc|=      14.9 max|qvel|=   0.08 ncon=  0 com_z=0.929 com_x=-0.135

== summary ==
pelvis/COM height: start 0.94 m, min 0.92 m, final 0.93 m  (stayed up)
COM x: min -0.17 max -0.05 final -0.13 m
COM y: min -0.024 max +0.001 m
RG_F_r bursts during walk window: 6
RG_r: cycles in window 6, period 1.62 s (0.62 Hz), E-duty 0.08
RG_l: cycles in window 6, period 1.62 s (0.62 Hz), E-duty 0.03
peak ctrl: [0.26 0.57 0.56 0.62 0.31 0.23 0.38 0.28 0.31 0.06 0.26 0.57 0.56 0.54
 0.31 0.23 0.33 0.28 0.31 0.06] (('vas_lat_r', 'med_gas_r', 'soleus_r', 'tib_ant_r', 'psoas_r', 'semimem_r', 'glut_max2_r', 'rect_fem_r', 'sar_r', 'grac_r', 'vas_lat_l', 'med_gas_l', 'soleus_l', 'tib_ant_l', 'psoas_l', 'semimem_l', 'glut_max2_l', 'rect_fem_l', 'sar_l', 'grac_l'))
  hip_flexion_r        -45.3 ..    33.8 deg
  knee_angle_r         -93.9 ..    12.6 deg
  ankle_angle_r        -67.2 ..    19.1 deg
  hip_adduction_r       -4.7 ..    16.5 deg
  subtalar_angle_r      -3.3 ..    16.3 deg
  hip_flexion_l        -44.6 ..    26.9 deg
  knee_angle_l        -105.1 ..    12.4 deg
  ankle_angle_l        -71.4 ..     9.8 deg
  hip_adduction_l       -9.3 ..    17.2 deg
  subtalar_angle_l      -3.4 ..    22.5 deg
  pelvis_tilt           -1.9 ..     0.1 deg
  pelvis_list           -0.5 ..    -0.3 deg
  pelvis_rotation        2.3 ..     2.5 deg
saved spinal_run.npz
saved spinal_run.png
fitted baseline loaded: e2_pf=0.222 f1_df=0.098 f1_kf=0.148 post_kneext=0.011 post_hipext=0.068 desc_f=1.400 e2_adapt=1.700
start pose (normal.mot): applied 20 coordinates as given; IMU-metric torso lean -0.0 deg (+ = back)
standing solve: nnls x in [0.00, 0.70], >0.1: 14 muscles
  top: add_long_l=0.70, tib_ant_r=0.61, tib_ant_l=0.46, ext_dig_r=0.37, glut_min1_l=0.33, pect_l=0.32, glut_min2_l=0.31, ext_dig_l=0.25
Fmax range: 5..3396 N | L range sample: [0.229942 0.326094]
t=  1.00 max|qacc|=     100.7 max|qvel|=   0.97 ncon=  0 com_z=0.932 com_x=-0.141
t=  1.50 max|qacc|=      21.1 max|qvel|=   1.13 ncon=  0 com_z=0.931 com_x=-0.146
t=  2.00 max|qacc|=      11.1 max|qvel|=   0.68 ncon=  0 com_z=0.931 com_x=-0.134
t=  2.50 max|qacc|=      18.5 max|qvel|=   0.16 ncon=  0 com_z=0.933 com_x=-0.150
t=  3.00 max|qacc|=      10.3 max|qvel|=   0.43 ncon=  0 com_z=0.932 com_x=-0.138
t=  3.50 max|qacc|=      99.1 max|qvel|=   0.65 ncon=  0 com_z=0.931 com_x=-0.144
t=  4.00 max|qacc|=      27.9 max|qvel|=   4.36 ncon=  0 com_z=0.937 com_x=-0.131
t=  4.50 max|qacc|=      35.2 max|qvel|=   1.74 ncon=  0 com_z=0.933 com_x=-0.151
t=  5.00 max|qacc|=       8.1 max|qvel|=   0.93 ncon=  0 com_z=0.937 com_x=-0.065
t=  5.50 max|qacc|=     103.3 max|qvel|=   3.83 ncon=  0 com_z=0.933 com_x=-0.099
t=  6.00 max|qacc|=      35.3 max|qvel|=   1.00 ncon=  0 com_z=0.944 com_x=-0.166
t=  6.50 max|qacc|=      33.5 max|qvel|=   3.35 ncon=  0 com_z=0.953 com_x=-0.056
t=  7.00 max|qacc|=      15.9 max|qvel|=   3.44 ncon=  0 com_z=0.936 com_x=-0.085
t=  7.50 max|qacc|=      41.8 max|qvel|=   8.15 ncon=  0 com_z=0.924 com_x=-0.103
t=  8.00 max|qacc|=      42.0 max|qvel|=   1.41 ncon=  0 com_z=0.941 com_x=-0.147
t=  8.50 max|qacc|=      21.5 max|qvel|=   4.66 ncon=  0 com_z=0.943 com_x=-0.074
t=  9.00 max|qacc|=      21.4 max|qvel|=   3.02 ncon=  0 com_z=0.944 com_x=-0.076
t=  9.50 max|qacc|=      28.1 max|qvel|=   8.36 ncon=  0 com_z=0.923 com_x=-0.106
t= 10.00 max|qacc|=      58.3 max|qvel|=   2.69 ncon=  0 com_z=0.944 com_x=-0.147
t= 10.50 max|qacc|=      18.4 max|qvel|=   4.25 ncon=  0 com_z=0.940 com_x=-0.071
t= 11.00 max|qacc|=      16.1 max|qvel|=   2.55 ncon=  0 com_z=0.945 com_x=-0.079
t= 11.50 max|qacc|=      51.1 max|qvel|=   7.24 ncon=  0 com_z=0.925 com_x=-0.113
t= 12.00 max|qacc|=      62.0 max|qvel|=   4.66 ncon=  0 com_z=0.941 com_x=-0.140
t= 12.50 max|qacc|=      31.3 max|qvel|=   3.61 ncon=  0 com_z=0.937 com_x=-0.075
t= 13.00 max|qacc|=      16.5 max|qvel|=   1.97 ncon=  0 com_z=0.946 com_x=-0.080
t= 13.50 max|qacc|=     337.7 max|qvel|=   4.59 ncon=  0 com_z=0.927 com_x=-0.118
t= 14.00 max|qacc|=      43.3 max|qvel|=   6.57 ncon=  0 com_z=0.939 com_x=-0.135
t= 14.50 max|qacc|=      59.5 max|qvel|=   3.60 ncon=  0 com_z=0.934 com_x=-0.075
t= 15.00 max|qacc|=      19.9 max|qvel|=   1.91 ncon=  0 com_z=0.944 com_x=-0.081
t= 15.50 max|qacc|=      76.3 max|qvel|=   1.82 ncon=  0 com_z=0.928 com_x=-0.137
t= 16.00 max|qacc|=       7.8 max|qvel|=   1.57 ncon=  0 com_z=0.932 com_x=-0.128
t= 16.50 max|qacc|=      10.8 max|qvel|=   1.19 ncon=  0 com_z=0.928 com_x=-0.099
t= 17.00 max|qacc|=      12.9 max|qvel|=   1.01 ncon=  0 com_z=0.945 com_x=-0.162
t= 17.50 max|qacc|=       7.1 max|qvel|=   1.44 ncon=  0 com_z=0.931 com_x=-0.134
t= 18.00 max|qacc|=      13.5 max|qvel|=   0.92 ncon=  0 com_z=0.933 com_x=-0.141
t= 18.50 max|qacc|=      18.5 max|qvel|=   0.63 ncon=  0 com_z=0.935 com_x=-0.152
t= 19.00 max|qacc|=      12.0 max|qvel|=   0.19 ncon=  0 com_z=0.930 com_x=-0.134
t= 19.50 max|qacc|=      10.0 max|qvel|=   0.28 ncon=  0 com_z=0.934 com_x=-0.148
t= 20.00 max|qacc|=       9.1 max|qvel|=   0.31 ncon=  0 com_z=0.931 com_x=-0.142
t= 20.50 max|qacc|=       3.6 max|qvel|=   0.31 ncon=  0 com_z=0.931 com_x=-0.140
t= 21.00 max|qacc|=      21.3 max|qvel|=   0.27 ncon=  0 com_z=0.932 com_x=-0.148
t= 21.50 max|qacc|=       8.7 max|qvel|=   0.22 ncon=  0 com_z=0.930 com_x=-0.139
t= 22.00 max|qacc|=      18.3 max|qvel|=   0.17 ncon=  0 com_z=0.933 com_x=-0.145
t= 22.50 max|qacc|=       8.1 max|qvel|=   0.25 ncon=  0 com_z=0.931 com_x=-0.142
t= 23.00 max|qacc|=       7.4 max|qvel|=   0.17 ncon=  0 com_z=0.931 com_x=-0.142
t= 23.50 max|qacc|=      16.6 max|qvel|=   0.14 ncon=  0 com_z=0.931 com_x=-0.144
t= 24.00 max|qacc|=      16.1 max|qvel|=   0.20 ncon=  0 com_z=0.931 com_x=-0.142
t= 24.50 max|qacc|=      15.1 max|qvel|=   0.09 ncon=  0 com_z=0.932 com_x=-0.144
t= 25.00 max|qacc|=       9.3 max|qvel|=   0.13 ncon=  0 com_z=0.931 com_x=-0.142
t= 25.50 max|qacc|=       8.5 max|qvel|=   0.13 ncon=  0 com_z=0.932 com_x=-0.142
t= 26.00 max|qacc|=       6.7 max|qvel|=   0.11 ncon=  0 com_z=0.931 com_x=-0.143
t= 26.50 max|qacc|=      20.9 max|qvel|=   0.17 ncon=  0 com_z=0.931 com_x=-0.143
t= 27.00 max|qacc|=       5.1 max|qvel|=   0.15 ncon=  0 com_z=0.931 com_x=-0.143
t= 27.50 max|qacc|=      16.9 max|qvel|=   0.09 ncon=  0 com_z=0.931 com_x=-0.143
t= 28.00 max|qacc|=       7.7 max|qvel|=   0.14 ncon=  0 com_z=0.932 com_x=-0.142
t= 28.50 max|qacc|=       6.3 max|qvel|=   0.09 ncon=  0 com_z=0.931 com_x=-0.143
t= 29.00 max|qacc|=      19.2 max|qvel|=   0.09 ncon=  0 com_z=0.931 com_x=-0.143
t= 29.50 max|qacc|=      14.7 max|qvel|=   0.20 ncon=  0 com_z=0.931 com_x=-0.143
t= 30.00 max|qacc|=      17.6 max|qvel|=   0.08 ncon=  0 com_z=0.931 com_x=-0.143
t= 30.50 max|qacc|=       8.6 max|qvel|=   0.14 ncon=  0 com_z=0.932 com_x=-0.142

== summary ==
pelvis/COM height: start 0.94 m, min 0.92 m, final 0.93 m  (stayed up)
COM x: min -0.17 max -0.06 final -0.14 m
COM y: min -0.023 max +0.013 m
RG_F_r bursts during walk window: 5
RG_r: cycles in window 6, period 1.95 s (0.51 Hz), E-duty 0.06
RG_l: cycles in window 6, period 1.95 s (0.51 Hz), E-duty 0.03
peak ctrl: [0.25 0.51 0.51 0.66 0.23 0.21 0.42 0.27 0.23 0.05 0.25 0.51 0.51 0.58
 0.23 0.21 0.34 0.27 0.23 0.05] (('vas_lat_r', 'med_gas_r', 'soleus_r', 'tib_ant_r', 'psoas_r', 'semimem_r', 'glut_max2_r', 'rect_fem_r', 'sar_r', 'grac_r', 'vas_lat_l', 'med_gas_l', 'soleus_l', 'tib_ant_l', 'psoas_l', 'semimem_l', 'glut_max2_l', 'rect_fem_l', 'sar_l', 'grac_l'))
  hip_flexion_r        -38.9 ..    36.9 deg
  knee_angle_r         -81.4 ..    12.5 deg
  ankle_angle_r        -65.6 ..    24.7 deg
  hip_adduction_r      -19.2 ..    27.4 deg
  subtalar_angle_r      -3.1 ..    17.7 deg
  hip_flexion_l        -40.5 ..    26.7 deg
  knee_angle_l         -87.1 ..    12.5 deg
  ankle_angle_l        -69.2 ..    12.9 deg
  hip_adduction_l      -18.4 ..    28.1 deg
  subtalar_angle_l      -3.3 ..    23.4 deg
  pelvis_tilt           -1.9 ..    -0.1 deg
  pelvis_list           -0.6 ..    -0.3 deg
  pelvis_rotation        2.3 ..     2.5 deg
saved spinal_run.npz
saved spinal_run.png
WARNING: Inertia matrix is too close to singular at DOF 1. Check model. Time = 12.4620.

WARNING: Nan, Inf or huge value in QPOS at DOF 0. The simulation is unstable. Time = 12.4640.

WARNING: Inertia matrix is too close to singular at DOF 59. Check model. Time = 0.0100.

Traceback (most recent call last):
  File "C:\Users\Ben Bolen\.conda\envs\myo\lib\site-packages\optuna\study\_optimize.py", line 218, in _run_trial
    updated_state, values, warning_message = _tell_with_warning(
  File "C:\Users\Ben Bolen\.conda\envs\myo\lib\site-packages\optuna\study\_tell.py", line 104, in _tell_with_warning
    frozen_trial = _get_frozen_trial(study, trial)
  File "C:\Users\Ben Bolen\.conda\envs\myo\lib\site-packages\optuna\study\_tell.py", line 39, in _get_frozen_trial
    return study._storage.get_trial(trial_id)
  File "C:\Users\Ben Bolen\.conda\envs\myo\lib\site-packages\optuna\storages\_cached_storage.py", line 223, in get_trial
    return self._backend.get_trial(trial_id)
  File "C:\Users\Ben Bolen\.conda\envs\myo\lib\site-packages\optuna\storages\_rdb\storage.py", line 843, in get_trial
    trial_model = models.TrialModel.find_or_raise_by_id(trial_id, session)
  File "C:\Users\Ben Bolen\.conda\envs\myo\lib\site-packages\optuna\storages\_rdb\models.py", line 316, in find_or_raise_by_id
    raise KeyError(NOT_FOUND_MSG)
KeyError: 'Record does not exist.'

During handling of the above exception, another exception occurred:

Traceback (most recent call last):
  File "C:\Users\Ben Bolen\.conda\envs\myo\lib\site-packages\optuna\study\_optimize.py", line 226, in _run_trial
    frozen_trial = study._storage.get_trial(trial._trial_id)
  File "C:\Users\Ben Bolen\.conda\envs\myo\lib\site-packages\optuna\storages\_cached_storage.py", line 223, in get_trial
    return self._backend.get_trial(trial_id)
  File "C:\Users\Ben Bolen\.conda\envs\myo\lib\site-packages\optuna\storages\_rdb\storage.py", line 843, in get_trial
    trial_model = models.TrialModel.find_or_raise_by_id(trial_id, session)
  File "C:\Users\Ben Bolen\.conda\envs\myo\lib\site-packages\optuna\storages\_rdb\models.py", line 316, in find_or_raise_by_id
    raise KeyError(NOT_FOUND_MSG)
KeyError: 'Record does not exist.'

During handling of the above exception, another exception occurred:

Traceback (most recent call last):
  File "D:\Github\Bipedal_Robot\Code\MuJoCo_SNS\spinal\_curriculum.py", line 148, in <module>
    print(f"saved curriculum_stage{stage}.json")
  File "D:\Github\Bipedal_Robot\Code\MuJoCo_SNS\spinal\_curriculum.py", line 136, in main
    "toe_rge", "ib_rge", "ia_in",
  File "C:\Users\Ben Bolen\.conda\envs\myo\lib\site-packages\optuna\study\study.py", line 502, in optimize
    _optimize(
  File "C:\Users\Ben Bolen\.conda\envs\myo\lib\site-packages\optuna\study\_optimize.py", line 68, in _optimize
    _optimize_sequential(
  File "C:\Users\Ben Bolen\.conda\envs\myo\lib\site-packages\optuna\study\_optimize.py", line 165, in _optimize_sequential
    frozen_trial_id = _run_trial(study, func, catch)
  File "C:\Users\Ben Bolen\.conda\envs\myo\lib\site-packages\optuna\study\_optimize.py", line 232, in _run_trial
    if updated_state == TrialState.COMPLETE:
UnboundLocalError: local variable 'updated_state' referenced before assignment
