=== s3g start Mon 09/21/2026 20:36:03.44 === 
seeded {"drive": 2.9547988692242444, "rg_nap_h": 0.8046845425042831, "desc_e": 1.3817209140736906, "desc_f": 1.0976251470362905, "rg_to_pf": 2.2746399638099444, "heel_rge": 0.1337566424560636, "toe_rge": 0.032480356309670194, "ib_e_central": 0.30753765603381444, "ia_f_central": 0.190404414735701, "ii_f_central": 0.3284497489099609, "ii_e_central": 0.06880639782827928, "c1_gain": 0.6082963726544685, "v3_gain": 0.07597732040968169, "ib_rge": 0.7872253953154708, "ia_in": 0.7506742321041953, "ia_f_contra_f": 0.43525498266297596, "v3_to_ibexc": 0.650491711215303, "ankle_post_walk_trim": 0.22969539625593877, "contact_onset": 0.7006193654708361, "pelvis_ty": 0.9017365224647894, "f1_anklepf_inh": 0.6773671927140152, "pf_gain": 0.3608077886570494, "contra_swing": 0.7507187491079121, "contra_kinh": 0.8164849217157146, "pm_gain": 0.34634564377747434, "pm_T": 1.4301936180700383, "pm_ws": 0.4}
fitted baseline loaded: e2_pf=0.222 f1_df=0.098 f1_kf=0.148 post_kneext=0.011 post_hipext=0.068 desc_f=1.400 e2_adapt=1.700
start pose (normal): applied 20 coordinates as given; pelvis ty 0.902 m (env override=0.9017365224647894); IMU-metric torso lean -0.0 deg (+ = back)
standing solve: nnls x in [0.00, 1.00], >0.1: 19 muscles
  top: add_long_l=1.00, tib_ant_r=0.63, pect_l=0.57, glut_min1_l=0.56, glut_min2_l=0.51, ext_dig_r=0.40, glut_med1_r=0.36, tib_ant_l=0.35
Fmax range: 5..3396 N | L range sample: [0.229942 0.326094]
fitted baseline loaded: e2_pf=0.222 f1_df=0.098 f1_kf=0.148 post_kneext=0.011 post_hipext=0.068 desc_f=1.400 e2_adapt=1.700
start pose (normal): applied 20 coordinates as given; pelvis ty 0.925 m (env override=0.9246723801847451); IMU-metric torso lean -0.0 deg (+ = back)
standing solve: nnls x in [0.00, 0.61], >0.1: 13 muscles
  top: tib_ant_r=0.61, add_long_l=0.56, tib_ant_l=0.49, ext_dig_r=0.37, ext_dig_l=0.27, glut_min1_l=0.27, pect_l=0.26, glut_min2_l=0.25
Fmax range: 5..3396 N | L range sample: [0.229942 0.326094]
fitted baseline loaded: e2_pf=0.222 f1_df=0.098 f1_kf=0.148 post_kneext=0.011 post_hipext=0.068 desc_f=1.400 e2_adapt=1.700
start pose (normal): applied 20 coordinates as given; pelvis ty 0.927 m (env override=0.9270709587719712); IMU-metric torso lean -0.0 deg (+ = back)
standing solve: nnls x in [0.00, 0.61], >0.1: 14 muscles
  top: tib_ant_r=0.61, tib_ant_l=0.51, add_long_l=0.50, ext_dig_r=0.38, ext_dig_l=0.30, glut_min1_l=0.28, glut_min2_l=0.26, pect_l=0.24
Fmax range: 5..3396 N | L range sample: [0.229942 0.326094]
fitted baseline loaded: e2_pf=0.222 f1_df=0.098 f1_kf=0.148 post_kneext=0.011 post_hipext=0.068 desc_f=1.400 e2_adapt=1.700
start pose (normal): applied 20 coordinates as given; pelvis ty 0.894 m (env override=0.8942530295532659); IMU-metric torso lean -0.0 deg (+ = back)
standing solve: nnls x in [0.00, 1.00], >0.1: 23 muscles
  top: add_long_l=1.00, glut_min1_l=0.74, pect_l=0.70, glut_min2_l=0.69, tib_ant_r=0.65, glut_med1_r=0.46, ext_dig_r=0.45, glut_min3_l=0.39
Fmax range: 5..3396 N | L range sample: [0.229942 0.326094]
fitted baseline loaded: e2_pf=0.222 f1_df=0.098 f1_kf=0.148 post_kneext=0.011 post_hipext=0.068 desc_f=1.400 e2_adapt=1.700
start pose (normal): applied 20 coordinates as given; pelvis ty 0.918 m (env override=0.9184581306976862); IMU-metric torso lean -0.0 deg (+ = back)
standing solve: nnls x in [0.00, 0.77], >0.1: 17 muscles
  top: add_long_l=0.77, tib_ant_r=0.61, tib_ant_l=0.45, ext_dig_r=0.38, glut_min1_l=0.38, pect_l=0.36, glut_min2_l=0.36, ext_dig_l=0.25
Fmax range: 5..3396 N | L range sample: [0.229942 0.326094]
fitted baseline loaded: e2_pf=0.222 f1_df=0.098 f1_kf=0.148 post_kneext=0.011 post_hipext=0.068 desc_f=1.400 e2_adapt=1.700
start pose (normal): applied 20 coordinates as given; pelvis ty 0.899 m (env override=0.8990249866189725); IMU-metric torso lean -0.0 deg (+ = back)
standing solve: nnls x in [0.00, 1.00], >0.1: 19 muscles
  top: add_long_l=1.00, tib_ant_r=0.64, pect_l=0.60, glut_min1_l=0.58, glut_min2_l=0.53, ext_dig_r=0.41, glut_med1_r=0.39, glut_max2_r=0.34
Fmax range: 5..3396 N | L range sample: [0.229942 0.326094]
fitted baseline loaded: e2_pf=0.222 f1_df=0.098 f1_kf=0.148 post_kneext=0.011 post_hipext=0.068 desc_f=1.400 e2_adapt=1.700
start pose (normal): applied 20 coordinates as given; pelvis ty 0.909 m (env override=0.9094407403871435); IMU-metric torso lean -0.0 deg (+ = back)
standing solve: nnls x in [0.00, 1.00], >0.1: 17 muscles
  top: add_long_l=1.00, tib_ant_r=0.62, glut_min1_l=0.47, pect_l=0.47, glut_min2_l=0.43, tib_ant_l=0.40, ext_dig_r=0.39, glut_med1_r=0.28
Fmax range: 5..3396 N | L range sample: [0.229942 0.326094]
fitted baseline loaded: e2_pf=0.222 f1_df=0.098 f1_kf=0.148 post_kneext=0.011 post_hipext=0.068 desc_f=1.400 e2_adapt=1.700
start pose (normal): applied 20 coordinates as given; pelvis ty 0.921 m (env override=0.9210908150932969); IMU-metric torso lean -0.0 deg (+ = back)
standing solve: nnls x in [0.00, 0.73], >0.1: 18 muscles
  top: add_long_l=0.73, tib_ant_r=0.62, tib_ant_l=0.48, glut_min1_l=0.42, ext_dig_r=0.40, glut_min2_l=0.40, pect_l=0.35, ext_dig_l=0.29
Fmax range: 5..3396 N | L range sample: [0.229942 0.326094]
fitted baseline loaded: e2_pf=0.222 f1_df=0.098 f1_kf=0.148 post_kneext=0.011 post_hipext=0.068 desc_f=1.400 e2_adapt=1.700
start pose (normal): applied 20 coordinates as given; pelvis ty 0.903 m (env override=0.9028326253982303); IMU-metric torso lean -0.0 deg (+ = back)
standing solve: nnls x in [0.00, 1.00], >0.1: 21 muscles
  top: add_long_l=1.00, tib_ant_r=0.64, glut_min1_l=0.61, pect_l=0.58, glut_min2_l=0.57, ext_dig_r=0.42, glut_med1_r=0.37, tib_ant_l=0.36
Fmax range: 5..3396 N | L range sample: [0.229942 0.326094]
fitted baseline loaded: e2_pf=0.222 f1_df=0.098 f1_kf=0.148 post_kneext=0.011 post_hipext=0.068 desc_f=1.400 e2_adapt=1.700
start pose (normal): applied 20 coordinates as given; pelvis ty 0.917 m (env override=0.917286405431774); IMU-metric torso lean -0.0 deg (+ = back)
standing solve: nnls x in [0.00, 0.79], >0.1: 14 muscles
  top: add_long_l=0.79, tib_ant_r=0.61, tib_ant_l=0.45, ext_dig_r=0.38, glut_min1_l=0.37, pect_l=0.36, glut_min2_l=0.34, ext_dig_l=0.24
Fmax range: 5..3396 N | L range sample: [0.229942 0.326094]
fitted baseline loaded: e2_pf=0.222 f1_df=0.098 f1_kf=0.148 post_kneext=0.011 post_hipext=0.068 desc_f=1.400 e2_adapt=1.700
start pose (normal): applied 20 coordinates as given; pelvis ty 0.888 m (env override=0.8881099118899772); IMU-metric torso lean -0.0 deg (+ = back)
standing solve: nnls x in [0.00, 1.00], >0.1: 22 muscles
  top: add_long_l=1.00, tfl_l=0.84, glut_min1_l=0.73, glut_min2_l=0.70, tib_ant_r=0.67, glut_med1_r=0.65, pect_l=0.58, glut_max2_r=0.55
Fmax range: 5..3396 N | L range sample: [0.229942 0.326094]
fitted baseline loaded: e2_pf=0.222 f1_df=0.098 f1_kf=0.148 post_kneext=0.011 post_hipext=0.068 desc_f=1.400 e2_adapt=1.700
start pose (normal): applied 20 coordinates as given; pelvis ty 0.908 m (env override=0.9075873799918314); IMU-metric torso lean -0.0 deg (+ = back)
standing solve: nnls x in [0.00, 1.00], >0.1: 18 muscles
  top: add_long_l=1.00, tib_ant_r=0.62, pect_l=0.49, glut_min1_l=0.49, glut_min2_l=0.45, ext_dig_r=0.39, tib_ant_l=0.39, glut_med1_r=0.30
Fmax range: 5..3396 N | L range sample: [0.229942 0.326094]
fitted baseline loaded: e2_pf=0.222 f1_df=0.098 f1_kf=0.148 post_kneext=0.011 post_hipext=0.068 desc_f=1.400 e2_adapt=1.700
start pose (normal): applied 20 coordinates as given; pelvis ty 0.916 m (env override=0.9160334806472953); IMU-metric torso lean -0.0 deg (+ = back)
standing solve: nnls x in [0.00, 0.83], >0.1: 15 muscles
  top: add_long_l=0.83, tib_ant_r=0.61, tib_ant_l=0.44, glut_min1_l=0.39, pect_l=0.38, ext_dig_r=0.38, glut_min2_l=0.36, ext_dig_l=0.23
Fmax range: 5..3396 N | L range sample: [0.229942 0.326094]
fitted baseline loaded: e2_pf=0.222 f1_df=0.098 f1_kf=0.148 post_kneext=0.011 post_hipext=0.068 desc_f=1.400 e2_adapt=1.700
start pose (normal): applied 20 coordinates as given; pelvis ty 0.919 m (env override=0.9185481661947803); IMU-metric torso lean -0.0 deg (+ = back)
standing solve: nnls x in [0.00, 0.75], >0.1: 14 muscles
  top: add_long_l=0.75, tib_ant_r=0.61, tib_ant_l=0.45, ext_dig_r=0.38, glut_min1_l=0.36, pect_l=0.35, glut_min2_l=0.33, ext_dig_l=0.24
Fmax range: 5..3396 N | L range sample: [0.229942 0.326094]
fitted baseline loaded: e2_pf=0.222 f1_df=0.098 f1_kf=0.148 post_kneext=0.011 post_hipext=0.068 desc_f=1.400 e2_adapt=1.700
start pose (normal): applied 20 coordinates as given; pelvis ty 0.920 m (env override=0.9204005798120273); IMU-metric torso lean -0.0 deg (+ = back)
=== s3g start Mon 09/21/2026 20:57:55.85 === 
seeded {"drive": 2.9547988692242444, "rg_nap_h": 0.8046845425042831, "desc_e": 1.3817209140736906, "desc_f": 1.0976251470362905, "rg_to_pf": 2.2746399638099444, "heel_rge": 0.1337566424560636, "toe_rge": 0.032480356309670194, "ib_e_central": 0.30753765603381444, "ia_f_central": 0.190404414735701, "ii_f_central": 0.3284497489099609, "ii_e_central": 0.06880639782827928, "c1_gain": 0.6082963726544685, "v3_gain": 0.07597732040968169, "ib_rge": 0.7872253953154708, "ia_in": 0.7506742321041953, "ia_f_contra_f": 0.43525498266297596, "v3_to_ibexc": 0.650491711215303, "ankle_post_walk_trim": 0.22969539625593877, "contact_onset": 0.7006193654708361, "pelvis_ty": 0.9017365224647894, "f1_anklepf_inh": 0.6773671927140152, "pf_gain": 0.3608077886570494, "contra_swing": 0.7507187491079121, "contra_kinh": 0.8164849217157146, "pm_gain": 0.34634564377747434, "pm_T": 1.4301936180700383, "pm_ws": 0.4, "ky_scale": 0.05}
fitted baseline loaded: e2_pf=0.222 f1_df=0.098 f1_kf=0.148 post_kneext=0.011 post_hipext=0.068 desc_f=1.400 e2_adapt=1.700
start pose (normal): applied 20 coordinates as given; pelvis ty 0.902 m (env override=0.9017365224647894); IMU-metric torso lean -0.0 deg (+ = back)
standing solve: nnls x in [0.00, 1.00], >0.1: 19 muscles
  top: add_long_l=1.00, tib_ant_r=0.63, pect_l=0.57, glut_min1_l=0.56, glut_min2_l=0.51, ext_dig_r=0.40, glut_med1_r=0.36, tib_ant_l=0.35
Fmax range: 5..3396 N | L range sample: [0.229942 0.326094]
fitted baseline loaded: e2_pf=0.222 f1_df=0.098 f1_kf=0.148 post_kneext=0.011 post_hipext=0.068 desc_f=1.400 e2_adapt=1.700
start pose (normal): applied 20 coordinates as given; pelvis ty 0.925 m (env override=0.9246723801847451); IMU-metric torso lean -0.0 deg (+ = back)
standing solve: nnls x in [0.00, 0.61], >0.1: 13 muscles
  top: tib_ant_r=0.61, add_long_l=0.56, tib_ant_l=0.49, ext_dig_r=0.37, ext_dig_l=0.27, glut_min1_l=0.27, pect_l=0.26, glut_min2_l=0.25
Fmax range: 5..3396 N | L range sample: [0.229942 0.326094]
fitted baseline loaded: e2_pf=0.222 f1_df=0.098 f1_kf=0.148 post_kneext=0.011 post_hipext=0.068 desc_f=1.400 e2_adapt=1.700
start pose (normal): applied 20 coordinates as given; pelvis ty 0.900 m (env override=0.9004629511251615); IMU-metric torso lean -0.0 deg (+ = back)
standing solve: nnls x in [0.00, 1.00], >0.1: 22 muscles
  top: add_long_l=1.00, glut_min1_l=0.69, glut_min2_l=0.65, tib_ant_r=0.64, pect_l=0.64, ext_dig_r=0.44, glut_med1_r=0.42, glut_min3_l=0.38
Fmax range: 5..3396 N | L range sample: [0.229942 0.326094]
fitted baseline loaded: e2_pf=0.222 f1_df=0.098 f1_kf=0.148 post_kneext=0.011 post_hipext=0.068 desc_f=1.400 e2_adapt=1.700
start pose (normal): applied 20 coordinates as given; pelvis ty 0.929 m (env override=0.9286060129683412); IMU-metric torso lean -0.0 deg (+ = back)
standing solve: nnls x in [0.00, 0.60], >0.1: 12 muscles
  top: tib_ant_r=0.60, tib_ant_l=0.51, add_long_l=0.42, ext_dig_r=0.37, ext_dig_l=0.29, glut_min1_l=0.19, pect_l=0.19, per_tert_r=0.18
Fmax range: 5..3396 N | L range sample: [0.229942 0.326094]
fitted baseline loaded: e2_pf=0.222 f1_df=0.098 f1_kf=0.148 post_kneext=0.011 post_hipext=0.068 desc_f=1.400 e2_adapt=1.700
start pose (normal): applied 20 coordinates as given; pelvis ty 0.927 m (env override=0.9272096522899658); IMU-metric torso lean -0.0 deg (+ = back)
standing solve: nnls x in [0.00, 0.60], >0.1: 13 muscles
  top: tib_ant_r=0.60, tib_ant_l=0.50, add_long_l=0.48, ext_dig_r=0.37, ext_dig_l=0.28, glut_min1_l=0.24, glut_min2_l=0.22, pect_l=0.22
Fmax range: 5..3396 N | L range sample: [0.229942 0.326094]
fitted baseline loaded: e2_pf=0.222 f1_df=0.098 f1_kf=0.148 post_kneext=0.011 post_hipext=0.068 desc_f=1.400 e2_adapt=1.700
start pose (normal): applied 20 coordinates as given; pelvis ty 0.902 m (env override=0.9018521502846539); IMU-metric torso lean -0.0 deg (+ = back)
standing solve: nnls x in [0.00, 1.00], >0.1: 21 muscles
  top: add_long_l=1.00, tib_ant_r=0.64, glut_min1_l=0.63, pect_l=0.60, glut_min2_l=0.59, ext_dig_r=0.42, glut_med1_r=0.38, tib_ant_l=0.36
Fmax range: 5..3396 N | L range sample: [0.229942 0.326094]
fitted baseline loaded: e2_pf=0.222 f1_df=0.098 f1_kf=0.148 post_kneext=0.011 post_hipext=0.068 desc_f=1.400 e2_adapt=1.700
start pose (normal): applied 20 coordinates as given; pelvis ty 0.880 m (env override=0.8804841974828328); IMU-metric torso lean -0.0 deg (+ = back)
standing solve: nnls x in [0.00, 1.00], >0.1: 23 muscles
  top: tfl_l=1.00, glut_min2_l=0.82, glut_min1_l=0.78, tib_ant_r=0.69, glut_med1_r=0.69, glut_max2_r=0.63, tib_ant_l=0.60, glut_min3_l=0.49
Fmax range: 5..3396 N | L range sample: [0.229942 0.326094]
fitted baseline loaded: e2_pf=0.222 f1_df=0.098 f1_kf=0.148 post_kneext=0.011 post_hipext=0.068 desc_f=1.400 e2_adapt=1.700
start pose (normal): applied 20 coordinates as given; pelvis ty 0.896 m (env override=0.896497202700736); IMU-metric torso lean -0.0 deg (+ = back)
standing solve: nnls x in [0.00, 1.00], >0.1: 20 muscles
  top: add_long_l=1.00, tib_ant_r=0.64, pect_l=0.63, glut_min1_l=0.62, glut_min2_l=0.57, glut_med1_r=0.42, ext_dig_r=0.42, glut_max2_r=0.34
Fmax range: 5..3396 N | L range sample: [0.229942 0.326094]
fitted baseline loaded: e2_pf=0.222 f1_df=0.098 f1_kf=0.148 post_kneext=0.011 post_hipext=0.068 desc_f=1.400 e2_adapt=1.700
start pose (normal): applied 20 coordinates as given; pelvis ty 0.899 m (env override=0.8990029227116534); IMU-metric torso lean -0.0 deg (+ = back)
standing solve: nnls x in [0.00, 1.00], >0.1: 19 muscles
  top: add_long_l=1.00, tib_ant_r=0.64, pect_l=0.60, glut_min1_l=0.58, glut_min2_l=0.53, ext_dig_r=0.40, glut_med1_r=0.39, glut_max2_r=0.34
Fmax range: 5..3396 N | L range sample: [0.229942 0.326094]
fitted baseline loaded: e2_pf=0.222 f1_df=0.098 f1_kf=0.148 post_kneext=0.011 post_hipext=0.068 desc_f=1.400 e2_adapt=1.700
start pose (normal): applied 20 coordinates as given; pelvis ty 0.898 m (env override=0.8981993411046704); IMU-metric torso lean -0.0 deg (+ = back)
standing solve: nnls x in [0.00, 1.00], >0.1: 19 muscles
  top: add_long_l=1.00, tib_ant_r=0.64, pect_l=0.60, glut_min1_l=0.59, glut_min2_l=0.53, ext_dig_r=0.41, glut_med1_r=0.40, glut_max2_r=0.34
Fmax range: 5..3396 N | L range sample: [0.229942 0.326094]
fitted baseline loaded: e2_pf=0.222 f1_df=0.098 f1_kf=0.148 post_kneext=0.011 post_hipext=0.068 desc_f=1.400 e2_adapt=1.700
start pose (normal): applied 20 coordinates as given; pelvis ty 0.913 m (env override=0.9125420545483517); IMU-metric torso lean -0.0 deg (+ = back)
standing solve: nnls x in [0.00, 1.00], >0.1: 21 muscles
  top: add_long_l=1.00, tib_ant_r=0.63, glut_min1_l=0.55, glut_min2_l=0.53, pect_l=0.48, tib_ant_l=0.43, ext_dig_r=0.42, glut_min3_l=0.33
Fmax range: 5..3396 N | L range sample: [0.229942 0.326094]
fitted baseline loaded: e2_pf=0.222 f1_df=0.098 f1_kf=0.148 post_kneext=0.011 post_hipext=0.068 desc_f=1.400 e2_adapt=1.700
start pose (normal): applied 20 coordinates as given; pelvis ty 0.908 m (env override=0.9076804435262213); IMU-metric torso lean -0.0 deg (+ = back)
standing solve: nnls x in [0.00, 1.00], >0.1: 18 muscles
  top: add_long_l=1.00, tib_ant_r=0.63, glut_min1_l=0.51, pect_l=0.50, glut_min2_l=0.47, ext_dig_r=0.40, tib_ant_l=0.39, glut_med1_r=0.31
Fmax range: 5..3396 N | L range sample: [0.229942 0.326094]
fitted baseline loaded: e2_pf=0.222 f1_df=0.098 f1_kf=0.148 post_kneext=0.011 post_hipext=0.068 desc_f=1.400 e2_adapt=1.700
start pose (normal): applied 20 coordinates as given; pelvis ty 0.911 m (env override=0.9105688248192113); IMU-metric torso lean -0.0 deg (+ = back)
standing solve: nnls x in [0.00, 1.00], >0.1: 17 muscles
  top: add_long_l=1.00, tib_ant_r=0.62, glut_min1_l=0.47, pect_l=0.46, glut_min2_l=0.43, tib_ant_l=0.41, ext_dig_r=0.39, glut_med1_r=0.27
Fmax range: 5..3396 N | L range sample: [0.229942 0.326094]
fitted baseline loaded: e2_pf=0.222 f1_df=0.098 f1_kf=0.148 post_kneext=0.011 post_hipext=0.068 desc_f=1.400 e2_adapt=1.700
start pose (normal): applied 20 coordinates as given; pelvis ty 0.885 m (env override=0.8850901972308957); IMU-metric torso lean -0.0 deg (+ = back)
standing solve: nnls x in [0.00, 1.00], >0.1: 24 muscles
  top: tfl_l=1.00, glut_min2_l=0.81, glut_min1_l=0.77, glut_med1_r=0.69, tib_ant_r=0.68, tib_ant_l=0.59, glut_max2_r=0.58, glut_min3_l=0.51
Fmax range: 5..3396 N | L range sample: [0.229942 0.326094]
fitted baseline loaded: e2_pf=0.222 f1_df=0.098 f1_kf=0.148 post_kneext=0.011 post_hipext=0.068 desc_f=1.400 e2_adapt=1.700
start pose (normal): applied 20 coordinates as given; pelvis ty 0.900 m (env override=0.9003316544694343); IMU-metric torso lean -0.0 deg (+ = back)
standing solve: nnls x in [0.00, 1.00], >0.1: 20 muscles
  top: add_long_l=1.00, tib_ant_r=0.64, glut_min1_l=0.63, pect_l=0.61, glut_min2_l=0.58, ext_dig_r=0.42, glut_med1_r=0.39, tib_ant_l=0.35
Fmax range: 5..3396 N | L range sample: [0.229942 0.326094]
fitted baseline loaded: e2_pf=0.222 f1_df=0.098 f1_kf=0.148 post_kneext=0.011 post_hipext=0.068 desc_f=1.400 e2_adapt=1.700
start pose (normal): applied 20 coordinates as given; pelvis ty 0.885 m (env override=0.8850993128468273); IMU-metric torso lean -0.0 deg (+ = back)
standing solve: nnls x in [0.00, 1.00], >0.1: 23 muscles
  top: tfl_l=1.00, glut_min2_l=0.76, glut_min1_l=0.73, glut_med1_r=0.68, tib_ant_r=0.67, glut_max2_r=0.61, tib_ant_l=0.58, glut_min3_l=0.46
Fmax range: 5..3396 N | L range sample: [0.229942 0.326094]
fitted baseline loaded: e2_pf=0.222 f1_df=0.098 f1_kf=0.148 post_kneext=0.011 post_hipext=0.068 desc_f=1.400 e2_adapt=1.700
start pose (normal): applied 20 coordinates as given; pelvis ty 0.899 m (env override=0.8985189917096693); IMU-metric torso lean -0.0 deg (+ = back)
standing solve: nnls x in [0.00, 1.00], >0.1: 19 muscles
  top: add_long_l=1.00, tib_ant_r=0.64, pect_l=0.60, glut_min1_l=0.59, glut_min2_l=0.54, ext_dig_r=0.41, glut_med1_r=0.40, glut_max2_r=0.34
Fmax range: 5..3396 N | L range sample: [0.229942 0.326094]
fitted baseline loaded: e2_pf=0.222 f1_df=0.098 f1_kf=0.148 post_kneext=0.011 post_hipext=0.068 desc_f=1.400 e2_adapt=1.700
start pose (normal): applied 20 coordinates as given; pelvis ty 0.916 m (env override=0.9159980238345098); IMU-metric torso lean -0.0 deg (+ = back)
standing solve: nnls x in [0.00, 0.83], >0.1: 15 muscles
  top: add_long_l=0.83, tib_ant_r=0.61, tib_ant_l=0.44, glut_min1_l=0.39, pect_l=0.38, ext_dig_r=0.38, glut_min2_l=0.36, ext_dig_l=0.23
Fmax range: 5..3396 N | L range sample: [0.229942 0.326094]
fitted baseline loaded: e2_pf=0.222 f1_df=0.098 f1_kf=0.148 post_kneext=0.011 post_hipext=0.068 desc_f=1.400 e2_adapt=1.700
start pose (normal): applied 20 coordinates as given; pelvis ty 0.903 m (env override=0.9026912596060613); IMU-metric torso lean -0.0 deg (+ = back)
standing solve: nnls x in [0.00, 1.00], >0.1: 19 muscles
  top: add_long_l=1.00, tib_ant_r=0.63, pect_l=0.56, glut_min1_l=0.56, glut_min2_l=0.51, ext_dig_r=0.40, glut_med1_r=0.36, tib_ant_l=0.36
Fmax range: 5..3396 N | L range sample: [0.229942 0.326094]
fitted baseline loaded: e2_pf=0.222 f1_df=0.098 f1_kf=0.148 post_kneext=0.011 post_hipext=0.068 desc_f=1.400 e2_adapt=1.700
start pose (normal): applied 20 coordinates as given; pelvis ty 0.885 m (env override=0.8847516422307886); IMU-metric torso lean -0.0 deg (+ = back)
standing solve: nnls x in [0.00, 1.00], >0.1: 23 muscles
  top: tfl_l=1.00, glut_min2_l=0.77, glut_min1_l=0.74, glut_med1_r=0.68, tib_ant_r=0.67, glut_max2_r=0.61, tib_ant_l=0.59, glut_min3_l=0.46
Fmax range: 5..3396 N | L range sample: [0.229942 0.326094]
fitted baseline loaded: e2_pf=0.222 f1_df=0.098 f1_kf=0.148 post_kneext=0.011 post_hipext=0.068 desc_f=1.400 e2_adapt=1.700
start pose (normal): applied 20 coordinates as given; pelvis ty 0.908 m (env override=0.9075007658164775); IMU-metric torso lean -0.0 deg (+ = back)
standing solve: nnls x in [0.00, 1.00], >0.1: 18 muscles
  top: add_long_l=1.00, tib_ant_r=0.62, pect_l=0.50, glut_min1_l=0.50, glut_min2_l=0.45, ext_dig_r=0.39, tib_ant_l=0.39, glut_med1_r=0.30
Fmax range: 5..3396 N | L range sample: [0.229942 0.326094]
fitted baseline loaded: e2_pf=0.222 f1_df=0.098 f1_kf=0.148 post_kneext=0.011 post_hipext=0.068 desc_f=1.400 e2_adapt=1.700
start pose (normal): applied 20 coordinates as given; pelvis ty 0.920 m (env override=0.9201699996059456); IMU-metric torso lean -0.0 deg (+ = back)
standing solve: nnls x in [0.00, 0.70], >0.1: 14 muscles
  top: add_long_l=0.70, tib_ant_r=0.61, tib_ant_l=0.46, ext_dig_r=0.37, glut_min1_l=0.33, pect_l=0.32, glut_min2_l=0.30, ext_dig_l=0.25
Fmax range: 5..3396 N | L range sample: [0.229942 0.326094]
fitted baseline loaded: e2_pf=0.222 f1_df=0.098 f1_kf=0.148 post_kneext=0.011 post_hipext=0.068 desc_f=1.400 e2_adapt=1.700
start pose (normal): applied 20 coordinates as given; pelvis ty 0.908 m (env override=0.907688778604145); IMU-metric torso lean -0.0 deg (+ = back)
standing solve: nnls x in [0.00, 1.00], >0.1: 18 muscles
  top: add_long_l=1.00, tib_ant_r=0.62, pect_l=0.49, glut_min1_l=0.49, glut_min2_l=0.45, ext_dig_r=0.39, tib_ant_l=0.39, glut_med1_r=0.30
Fmax range: 5..3396 N | L range sample: [0.229942 0.326094]
fitted baseline loaded: e2_pf=0.222 f1_df=0.098 f1_kf=0.148 post_kneext=0.011 post_hipext=0.068 desc_f=1.400 e2_adapt=1.700
start pose (normal): applied 20 coordinates as given; pelvis ty 0.924 m (env override=0.9237726071168468); IMU-metric torso lean -0.0 deg (+ = back)
standing solve: nnls x in [0.00, 0.61], >0.1: 12 muscles
  top: tib_ant_r=0.61, add_long_l=0.58, tib_ant_l=0.48, ext_dig_r=0.37, glut_min1_l=0.27, pect_l=0.26, ext_dig_l=0.26, glut_min2_l=0.25
Fmax range: 5..3396 N | L range sample: [0.229942 0.326094]
fitted baseline loaded: e2_pf=0.222 f1_df=0.098 f1_kf=0.148 post_kneext=0.011 post_hipext=0.068 desc_f=1.400 e2_adapt=1.700
start pose (normal): applied 20 coordinates as given; pelvis ty 0.885 m (env override=0.8848386346073344); IMU-metric torso lean -0.0 deg (+ = back)
standing solve: nnls x in [0.00, 1.00], >0.1: 23 muscles
  top: tfl_l=1.00, glut_min2_l=0.79, glut_min1_l=0.75, glut_med1_r=0.69, tib_ant_r=0.68, glut_max2_r=0.60, tib_ant_l=0.59, glut_min3_l=0.49
Fmax range: 5..3396 N | L range sample: [0.229942 0.326094]
fitted baseline loaded: e2_pf=0.222 f1_df=0.098 f1_kf=0.148 post_kneext=0.011 post_hipext=0.068 desc_f=1.400 e2_adapt=1.700
start pose (normal): applied 20 coordinates as given; pelvis ty 0.910 m (env override=0.9095693472374513); IMU-metric torso lean -0.0 deg (+ = back)
standing solve: nnls x in [0.00, 1.00], >0.1: 17 muscles
  top: add_long_l=1.00, tib_ant_r=0.62, glut_min1_l=0.47, pect_l=0.47, glut_min2_l=0.43, tib_ant_l=0.40, ext_dig_r=0.39, glut_med1_r=0.28
Fmax range: 5..3396 N | L range sample: [0.229942 0.326094]
fitted baseline loaded: e2_pf=0.222 f1_df=0.098 f1_kf=0.148 post_kneext=0.011 post_hipext=0.068 desc_f=1.400 e2_adapt=1.700
start pose (normal): applied 20 coordinates as given; pelvis ty 0.889 m (env override=0.8890579513828183); IMU-metric torso lean -0.0 deg (+ = back)
standing solve: nnls x in [0.00, 1.00], >0.1: 21 muscles
  top: add_long_l=1.00, tfl_l=0.77, glut_min1_l=0.70, glut_min2_l=0.67, tib_ant_r=0.66, glut_med1_r=0.64, pect_l=0.56, glut_max2_r=0.56
Fmax range: 5..3396 N | L range sample: [0.229942 0.326094]
fitted baseline loaded: e2_pf=0.222 f1_df=0.098 f1_kf=0.148 post_kneext=0.011 post_hipext=0.068 desc_f=1.400 e2_adapt=1.700
start pose (normal): applied 20 coordinates as given; pelvis ty 0.914 m (env override=0.9135976090413302); IMU-metric torso lean -0.0 deg (+ = back)
standing solve: nnls x in [0.00, 0.91], >0.1: 17 muscles
  top: add_long_l=0.91, tib_ant_r=0.62, tib_ant_l=0.43, glut_min1_l=0.42, pect_l=0.42, glut_min2_l=0.39, ext_dig_r=0.38, glut_med1_r=0.23
Fmax range: 5..3396 N | L range sample: [0.229942 0.326094]
fitted baseline loaded: e2_pf=0.222 f1_df=0.098 f1_kf=0.148 post_kneext=0.011 post_hipext=0.068 desc_f=1.400 e2_adapt=1.700
start pose (normal): applied 20 coordinates as given; pelvis ty 0.915 m (env override=0.91481872172342); IMU-metric torso lean -0.0 deg (+ = back)
standing solve: nnls x in [0.00, 0.87], >0.1: 17 muscles
  top: add_long_l=0.87, tib_ant_r=0.61, tib_ant_l=0.43, glut_min1_l=0.40, pect_l=0.40, ext_dig_r=0.38, glut_min2_l=0.37, ext_dig_l=0.23
Fmax range: 5..3396 N | L range sample: [0.229942 0.326094]
fitted baseline loaded: e2_pf=0.222 f1_df=0.098 f1_kf=0.148 post_kneext=0.011 post_hipext=0.068 desc_f=1.400 e2_adapt=1.700
start pose (normal): applied 20 coordinates as given; pelvis ty 0.905 m (env override=0.9048392552512771); IMU-metric torso lean -0.0 deg (+ = back)
standing solve: nnls x in [0.00, 1.00], >0.1: 18 muscles
  top: add_long_l=1.00, tib_ant_r=0.63, pect_l=0.53, glut_min1_l=0.52, glut_min2_l=0.48, ext_dig_r=0.39, tib_ant_l=0.37, glut_med1_r=0.33
Fmax range: 5..3396 N | L range sample: [0.229942 0.326094]
fitted baseline loaded: e2_pf=0.222 f1_df=0.098 f1_kf=0.148 post_kneext=0.011 post_hipext=0.068 desc_f=1.400 e2_adapt=1.700
start pose (normal): applied 20 coordinates as given; pelvis ty 0.900 m (env override=0.899558782383065); IMU-metric torso lean -0.0 deg (+ = back)
standing solve: nnls x in [0.00, 1.00], >0.1: 19 muscles
  top: add_long_l=1.00, tib_ant_r=0.64, pect_l=0.59, glut_min1_l=0.58, glut_min2_l=0.53, ext_dig_r=0.40, glut_med1_r=0.38, tib_ant_l=0.34
Fmax range: 5..3396 N | L range sample: [0.229942 0.326094]
fitted baseline loaded: e2_pf=0.222 f1_df=0.098 f1_kf=0.148 post_kneext=0.011 post_hipext=0.068 desc_f=1.400 e2_adapt=1.700
start pose (normal): applied 20 coordinates as given; pelvis ty 0.907 m (env override=0.9071824701388554); IMU-metric torso lean -0.0 deg (+ = back)
standing solve: nnls x in [0.00, 1.00], >0.1: 18 muscles
  top: add_long_l=1.00, tib_ant_r=0.62, glut_min1_l=0.51, pect_l=0.50, glut_min2_l=0.47, ext_dig_r=0.39, tib_ant_l=0.39, glut_med1_r=0.31
Fmax range: 5..3396 N | L range sample: [0.229942 0.326094]
fitted baseline loaded: e2_pf=0.222 f1_df=0.098 f1_kf=0.148 post_kneext=0.011 post_hipext=0.068 desc_f=1.400 e2_adapt=1.700
start pose (normal): applied 20 coordinates as given; pelvis ty 0.907 m (env override=0.9069185488945414); IMU-metric torso lean -0.0 deg (+ = back)
standing solve: nnls x in [0.00, 1.00], >0.1: 18 muscles
  top: add_long_l=1.00, tib_ant_r=0.63, glut_min1_l=0.51, pect_l=0.51, glut_min2_l=0.47, ext_dig_r=0.39, tib_ant_l=0.38, glut_med1_r=0.31
Fmax range: 5..3396 N | L range sample: [0.229942 0.326094]
fitted baseline loaded: e2_pf=0.222 f1_df=0.098 f1_kf=0.148 post_kneext=0.011 post_hipext=0.068 desc_f=1.400 e2_adapt=1.700
start pose (normal): applied 20 coordinates as given; pelvis ty 0.907 m (env override=0.9069207767584876); IMU-metric torso lean -0.0 deg (+ = back)
standing solve: nnls x in [0.00, 1.00], >0.1: 18 muscles
  top: add_long_l=1.00, tib_ant_r=0.63, glut_min1_l=0.51, pect_l=0.51, glut_min2_l=0.47, ext_dig_r=0.39, tib_ant_l=0.38, glut_med1_r=0.31
Fmax range: 5..3396 N | L range sample: [0.229942 0.326094]
fitted baseline loaded: e2_pf=0.222 f1_df=0.098 f1_kf=0.148 post_kneext=0.011 post_hipext=0.068 desc_f=1.400 e2_adapt=1.700
start pose (normal): applied 20 coordinates as given; pelvis ty 0.906 m (env override=0.9057705668199362); IMU-metric torso lean -0.0 deg (+ = back)
standing solve: nnls x in [0.00, 1.00], >0.1: 18 muscles
  top: add_long_l=1.00, tib_ant_r=0.63, pect_l=0.52, glut_min1_l=0.52, glut_min2_l=0.48, ext_dig_r=0.39, tib_ant_l=0.38, glut_med1_r=0.32
Fmax range: 5..3396 N | L range sample: [0.229942 0.326094]
fitted baseline loaded: e2_pf=0.222 f1_df=0.098 f1_kf=0.148 post_kneext=0.011 post_hipext=0.068 desc_f=1.400 e2_adapt=1.700
start pose (normal): applied 20 coordinates as given; pelvis ty 0.901 m (env override=0.901202481416542); IMU-metric torso lean -0.0 deg (+ = back)
standing solve: nnls x in [0.00, 1.00], >0.1: 19 muscles
  top: add_long_l=1.00, tib_ant_r=0.63, pect_l=0.58, glut_min1_l=0.57, glut_min2_l=0.53, ext_dig_r=0.41, glut_med1_r=0.37, tib_ant_l=0.35
Fmax range: 5..3396 N | L range sample: [0.229942 0.326094]
fitted baseline loaded: e2_pf=0.222 f1_df=0.098 f1_kf=0.148 post_kneext=0.011 post_hipext=0.068 desc_f=1.400 e2_adapt=1.700
start pose (normal): applied 20 coordinates as given; pelvis ty 0.914 m (env override=0.9139692480973849); IMU-metric torso lean -0.0 deg (+ = back)
standing solve: nnls x in [0.00, 0.90], >0.1: 17 muscles
  top: add_long_l=0.90, tib_ant_r=0.62, tib_ant_l=0.43, glut_min1_l=0.43, pect_l=0.41, glut_min2_l=0.39, ext_dig_r=0.38, glut_med1_r=0.23
Fmax range: 5..3396 N | L range sample: [0.229942 0.326094]
fitted baseline loaded: e2_pf=0.222 f1_df=0.098 f1_kf=0.148 post_kneext=0.011 post_hipext=0.068 desc_f=1.400 e2_adapt=1.700
start pose (normal): applied 20 coordinates as given; pelvis ty 0.912 m (env override=0.9120646080364081); IMU-metric torso lean -0.0 deg (+ = back)
standing solve: nnls x in [0.00, 0.95], >0.1: 17 muscles
  top: add_long_l=0.95, tib_ant_r=0.62, glut_min1_l=0.44, pect_l=0.44, tib_ant_l=0.42, glut_min2_l=0.40, ext_dig_r=0.38, glut_med1_r=0.25
Fmax range: 5..3396 N | L range sample: [0.229942 0.326094]
fitted baseline loaded: e2_pf=0.222 f1_df=0.098 f1_kf=0.148 post_kneext=0.011 post_hipext=0.068 desc_f=1.400 e2_adapt=1.700
start pose (normal): applied 20 coordinates as given; pelvis ty 0.902 m (env override=0.901702897075006); IMU-metric torso lean -0.0 deg (+ = back)
standing solve: nnls x in [0.00, 1.00], >0.1: 19 muscles
  top: add_long_l=1.00, tib_ant_r=0.63, pect_l=0.57, glut_min1_l=0.56, glut_min2_l=0.51, ext_dig_r=0.40, glut_med1_r=0.37, tib_ant_l=0.35
Fmax range: 5..3396 N | L range sample: [0.229942 0.326094]
fitted baseline loaded: e2_pf=0.222 f1_df=0.098 f1_kf=0.148 post_kneext=0.011 post_hipext=0.068 desc_f=1.400 e2_adapt=1.700
start pose (normal): applied 20 coordinates as given; pelvis ty 0.907 m (env override=0.9066145495179857); IMU-metric torso lean -0.0 deg (+ = back)
standing solve: nnls x in [0.00, 1.00], >0.1: 18 muscles
  top: add_long_l=1.00, tib_ant_r=0.63, glut_min1_l=0.51, pect_l=0.51, glut_min2_l=0.47, ext_dig_r=0.39, tib_ant_l=0.38, glut_med1_r=0.32
Fmax range: 5..3396 N | L range sample: [0.229942 0.326094]
== stage 3 best -182.397 (trial 0)
{
 "drive": 2.9547988692242444,
 "rg_nap_h": 0.8046845425042831,
 "desc_e": 1.3817209140736906,
 "desc_f": 1.0976251470362905,
 "rg_to_pf": 2.2746399638099444,
 "heel_rge": 0.1337566424560636,
 "toe_rge": 0.032480356309670194,
 "ib_e_central": 0.30753765603381444,
 "ia_f_central": 0.190404414735701,
 "ii_f_central": 0.3284497489099609,
 "ii_e_central": 0.06880639782827928,
 "c1_gain": 0.6082963726544685,
 "v3_gain": 0.07597732040968169,
 "ib_rge": 0.7872253953154708,
 "ia_in": 0.7506742321041953,
 "ia_f_contra_f": 0.43525498266297596,
 "v3_to_ibexc": 0.650491711215303,
 "ankle_post_walk_trim": 0.22969539625593877,
 "contact_onset": 0.7006193654708361,
 "pelvis_ty": 0.9017365224647894,
 "f1_anklepf_inh": 0.6773671927140152,
 "pf_gain": 0.3608077886570494,
 "contra_swing": 0.7507187491079121,
 "contra_kinh": 0.8164849217157146,
 "pm_gain": 0.34634564377747434,
 "pm_T": 1.4301936180700383,
 "pm_ws": 0.4,
 "ky_scale": 0.05
}
saved curriculum_stage3.json
=== s3g DONE Mon 09/21/2026 21:44:43.66 === 
