=== s3k start Tue 09/22/2026 13:58:12.93 === 
curriculum_stage3.json -> curr_s3i_ground t20 value -148.688; pf 0.35 cs 0.84
seeded {"drive": 2.4882992476247043, "rg_nap_h": 0.8975766863637906, "desc_e": 1.6628282763151707, "desc_f": 0.9395921287074662, "rg_to_pf": 2.53770398585586, "heel_rge": 0.3289546477015981, "toe_rge": 0.36983462080569446, "ib_e_central": 0.22470719687087012, "ia_f_central": 0.4427100920994606, "ii_f_central": 0.3175984628699015, "ii_e_central": 0.1293905463206522, "c1_gain": 0.552000062041245, "v3_gain": 0.1678391910956909, "ib_rge": 0.6598514333147222, "ia_in": 1.1944878451519545, "ia_f_contra_f": 0.7049876887050252, "v3_to_ibexc": 0.9877245968564526, "ankle_post_walk_trim": 0.4859434992702706, "contact_onset": 0.7172858087057259, "pelvis_ty": 0.9090615413683363, "f1_anklepf_inh": 0.7182580825562785, "pf_gain": 0.3510200422798271, "contra_swing": 0.8434305851938753, "contra_kinh": 1.612575904533001, "pm_gain": 0.49008051303507716, "pm_T": 1.9404126818697716, "pm_ws": 0.1647093126500937, "ky_scale": 0.20440041922420224, "pm_add": 0.10867186643366705, "pm_aff": 0.2746849031822465, "full_rules": 1.0, "no_cross": 1.0}
fitted baseline loaded: e2_pf=0.222 f1_df=0.098 f1_kf=0.148 post_kneext=0.011 post_hipext=0.068 desc_f=1.400 e2_adapt=1.700
start pose (normal): applied 20 coordinates as given; pelvis ty 0.909 m (env override=0.9090615413683363); IMU-metric torso lean -0.0 deg (+ = back)
standing solve: nnls x in [0.00, 1.00], >0.1: 18 muscles
  top: add_long_l=1.00, tib_ant_r=0.62, glut_min1_l=0.48, pect_l=0.48, glut_min2_l=0.44, tib_ant_l=0.40, ext_dig_r=0.39, glut_med1_r=0.29
Fmax range: 5..3396 N | L range sample: [0.229942 0.326094]
fitted baseline loaded: e2_pf=0.222 f1_df=0.098 f1_kf=0.148 post_kneext=0.011 post_hipext=0.068 desc_f=1.400 e2_adapt=1.700
start pose (normal): applied 20 coordinates as given; pelvis ty 0.925 m (env override=0.9246723801847451); IMU-metric torso lean -0.0 deg (+ = back)
standing solve: nnls x in [0.00, 0.61], >0.1: 13 muscles
  top: tib_ant_r=0.61, add_long_l=0.56, tib_ant_l=0.49, ext_dig_r=0.37, ext_dig_l=0.27, glut_min1_l=0.27, pect_l=0.26, glut_min2_l=0.25
Fmax range: 5..3396 N | L range sample: [0.229942 0.326094]
fitted baseline loaded: e2_pf=0.222 f1_df=0.098 f1_kf=0.148 post_kneext=0.011 post_hipext=0.068 desc_f=1.400 e2_adapt=1.700
start pose (normal): applied 20 coordinates as given; pelvis ty 0.930 m (env override=0.9297725337183125); IMU-metric torso lean -0.0 deg (+ = back)
standing solve: nnls x in [0.00, 0.60], >0.1: 12 muscles
  top: tib_ant_r=0.60, tib_ant_l=0.52, add_long_l=0.37, ext_dig_r=0.36, ext_dig_l=0.29, per_tert_r=0.19, pect_l=0.17, glut_min1_l=0.16
Fmax range: 5..3396 N | L range sample: [0.229942 0.326094]
fitted baseline loaded: e2_pf=0.222 f1_df=0.098 f1_kf=0.148 post_kneext=0.011 post_hipext=0.068 desc_f=1.400 e2_adapt=1.700
start pose (normal): applied 20 coordinates as given; pelvis ty 0.929 m (env override=0.9285063944287858); IMU-metric torso lean -0.0 deg (+ = back)
standing solve: nnls x in [0.00, 0.60], >0.1: 12 muscles
  top: tib_ant_r=0.60, tib_ant_l=0.51, add_long_l=0.42, ext_dig_r=0.36, ext_dig_l=0.28, glut_min1_l=0.19, pect_l=0.19, per_tert_r=0.19
Fmax range: 5..3396 N | L range sample: [0.229942 0.326094]
fitted baseline loaded: e2_pf=0.222 f1_df=0.098 f1_kf=0.148 post_kneext=0.011 post_hipext=0.068 desc_f=1.400 e2_adapt=1.700
start pose (normal): applied 20 coordinates as given; pelvis ty 0.881 m (env override=0.8811497032356552); IMU-metric torso lean -0.0 deg (+ = back)
standing solve: nnls x in [0.00, 1.00], >0.1: 23 muscles
  top: tfl_l=1.00, glut_min2_l=0.83, glut_min1_l=0.79, glut_med1_r=0.69, tib_ant_r=0.69, glut_max2_r=0.62, tib_ant_l=0.60, glut_min3_l=0.51
Fmax range: 5..3396 N | L range sample: [0.229942 0.326094]
fitted baseline loaded: e2_pf=0.222 f1_df=0.098 f1_kf=0.148 post_kneext=0.011 post_hipext=0.068 desc_f=1.400 e2_adapt=1.700
start pose (normal): applied 20 coordinates as given; pelvis ty 0.913 m (env override=0.9130009509930025); IMU-metric torso lean -0.0 deg (+ = back)
standing solve: nnls x in [0.00, 0.93], >0.1: 17 muscles
  top: add_long_l=0.93, tib_ant_r=0.62, glut_min1_l=0.44, pect_l=0.43, tib_ant_l=0.42, glut_min2_l=0.41, ext_dig_r=0.39, glut_med1_r=0.24
Fmax range: 5..3396 N | L range sample: [0.229942 0.326094]
fitted baseline loaded: e2_pf=0.222 f1_df=0.098 f1_kf=0.148 post_kneext=0.011 post_hipext=0.068 desc_f=1.400 e2_adapt=1.700
start pose (normal): applied 20 coordinates as given; pelvis ty 0.927 m (env override=0.9271068845066924); IMU-metric torso lean -0.0 deg (+ = back)
standing solve: nnls x in [0.00, 0.61], >0.1: 14 muscles
  top: tib_ant_r=0.61, tib_ant_l=0.51, add_long_l=0.50, ext_dig_r=0.38, ext_dig_l=0.30, glut_min1_l=0.27, glut_min2_l=0.26, pect_l=0.24
Fmax range: 5..3396 N | L range sample: [0.229942 0.326094]
fitted baseline loaded: e2_pf=0.222 f1_df=0.098 f1_kf=0.148 post_kneext=0.011 post_hipext=0.068 desc_f=1.400 e2_adapt=1.700
start pose (normal): applied 20 coordinates as given; pelvis ty 0.899 m (env override=0.8985573317391342); IMU-metric torso lean -0.0 deg (+ = back)
standing solve: nnls x in [0.00, 1.00], >0.1: 21 muscles
  top: add_long_l=1.00, glut_min1_l=0.68, tib_ant_r=0.64, pect_l=0.64, glut_min2_l=0.63, ext_dig_r=0.43, glut_med1_r=0.42, glut_min3_l=0.35
Fmax range: 5..3396 N | L range sample: [0.229942 0.326094]
fitted baseline loaded: e2_pf=0.222 f1_df=0.098 f1_kf=0.148 post_kneext=0.011 post_hipext=0.068 desc_f=1.400 e2_adapt=1.700
start pose (normal): applied 20 coordinates as given; pelvis ty 0.909 m (env override=0.9089137010485145); IMU-metric torso lean -0.0 deg (+ = back)
standing solve: nnls x in [0.00, 1.00], >0.1: 18 muscles
  top: add_long_l=1.00, tib_ant_r=0.62, glut_min1_l=0.49, pect_l=0.48, glut_min2_l=0.45, tib_ant_l=0.40, ext_dig_r=0.39, glut_med1_r=0.29
Fmax range: 5..3396 N | L range sample: [0.229942 0.326094]
fitted baseline loaded: e2_pf=0.222 f1_df=0.098 f1_kf=0.148 post_kneext=0.011 post_hipext=0.068 desc_f=1.400 e2_adapt=1.700
start pose (normal): applied 20 coordinates as given; pelvis ty 0.888 m (env override=0.888328324771978); IMU-metric torso lean -0.0 deg (+ = back)
standing solve: nnls x in [0.00, 1.00], >0.1: 21 muscles
  top: add_long_l=1.00, tfl_l=0.83, glut_min1_l=0.69, tib_ant_r=0.66, glut_min2_l=0.66, glut_med1_r=0.64, glut_max2_r=0.57, pect_l=0.56
Fmax range: 5..3396 N | L range sample: [0.229942 0.326094]
fitted baseline loaded: e2_pf=0.222 f1_df=0.098 f1_kf=0.148 post_kneext=0.011 post_hipext=0.068 desc_f=1.400 e2_adapt=1.700
start pose (normal): applied 20 coordinates as given; pelvis ty 0.883 m (env override=0.8834232801292616); IMU-metric torso lean -0.0 deg (+ = back)
standing solve: nnls x in [0.00, 1.00], >0.1: 23 muscles
  top: tfl_l=1.00, glut_min2_l=0.79, glut_min1_l=0.76, glut_med1_r=0.69, tib_ant_r=0.68, glut_max2_r=0.61, tib_ant_l=0.59, glut_min3_l=0.48
Fmax range: 5..3396 N | L range sample: [0.229942 0.326094]
fitted baseline loaded: e2_pf=0.222 f1_df=0.098 f1_kf=0.148 post_kneext=0.011 post_hipext=0.068 desc_f=1.400 e2_adapt=1.700
start pose (normal): applied 20 coordinates as given; pelvis ty 0.909 m (env override=0.9085194432139448); IMU-metric torso lean -0.0 deg (+ = back)
standing solve: nnls x in [0.00, 1.00], >0.1: 22 muscles
  top: add_long_l=1.00, tib_ant_r=0.63, glut_min1_l=0.59, glut_min2_l=0.55, pect_l=0.53, ext_dig_r=0.42, tib_ant_l=0.40, glut_med1_r=0.33
Fmax range: 5..3396 N | L range sample: [0.229942 0.326094]
fitted baseline loaded: e2_pf=0.222 f1_df=0.098 f1_kf=0.148 post_kneext=0.011 post_hipext=0.068 desc_f=1.400 e2_adapt=1.700
start pose (normal): applied 20 coordinates as given; pelvis ty 0.920 m (env override=0.9197396212637311); IMU-metric torso lean -0.0 deg (+ = back)
standing solve: nnls x in [0.00, 0.72], >0.1: 14 muscles
  top: add_long_l=0.72, tib_ant_r=0.61, tib_ant_l=0.46, ext_dig_r=0.38, glut_min1_l=0.34, pect_l=0.33, glut_min2_l=0.32, ext_dig_l=0.25
Fmax range: 5..3396 N | L range sample: [0.229942 0.326094]
fitted baseline loaded: e2_pf=0.222 f1_df=0.098 f1_kf=0.148 post_kneext=0.011 post_hipext=0.068 desc_f=1.400 e2_adapt=1.700
start pose (normal): applied 20 coordinates as given; pelvis ty 0.900 m (env override=0.8995587964603263); IMU-metric torso lean -0.0 deg (+ = back)
standing solve: nnls x in [0.00, 1.00], >0.1: 19 muscles
  top: add_long_l=1.00, tib_ant_r=0.64, pect_l=0.59, glut_min1_l=0.58, glut_min2_l=0.53, ext_dig_r=0.41, glut_med1_r=0.39, tib_ant_l=0.34
Fmax range: 5..3396 N | L range sample: [0.229942 0.326094]
fitted baseline loaded: e2_pf=0.222 f1_df=0.098 f1_kf=0.148 post_kneext=0.011 post_hipext=0.068 desc_f=1.400 e2_adapt=1.700
start pose (normal): applied 20 coordinates as given; pelvis ty 0.903 m (env override=0.90293327924521); IMU-metric torso lean -0.0 deg (+ = back)
standing solve: nnls x in [0.00, 1.00], >0.1: 19 muscles
  top: add_long_l=1.00, tib_ant_r=0.63, glut_min1_l=0.60, pect_l=0.58, glut_min2_l=0.56, ext_dig_r=0.41, glut_med1_r=0.37, tib_ant_l=0.36
Fmax range: 5..3396 N | L range sample: [0.229942 0.326094]
fitted baseline loaded: e2_pf=0.222 f1_df=0.098 f1_kf=0.148 post_kneext=0.011 post_hipext=0.068 desc_f=1.400 e2_adapt=1.700
start pose (normal): applied 20 coordinates as given; pelvis ty 0.903 m (env override=0.9032301928529413); IMU-metric torso lean -0.0 deg (+ = back)
standing solve: nnls x in [0.00, 1.00], >0.1: 19 muscles
  top: add_long_l=1.00, tib_ant_r=0.63, pect_l=0.55, glut_min1_l=0.54, glut_min2_l=0.49, ext_dig_r=0.40, tib_ant_l=0.36, glut_med1_r=0.35
Fmax range: 5..3396 N | L range sample: [0.229942 0.326094]
fitted baseline loaded: e2_pf=0.222 f1_df=0.098 f1_kf=0.148 post_kneext=0.011 post_hipext=0.068 desc_f=1.400 e2_adapt=1.700
start pose (normal): applied 20 coordinates as given; pelvis ty 0.898 m (env override=0.897906942392724); IMU-metric torso lean -0.0 deg (+ = back)
standing solve: nnls x in [0.00, 1.00], >0.1: 20 muscles
  top: add_long_l=1.00, tib_ant_r=0.64, pect_l=0.62, glut_min1_l=0.62, glut_min2_l=0.57, ext_dig_r=0.42, glut_med1_r=0.41, glut_max2_r=0.33
Fmax range: 5..3396 N | L range sample: [0.229942 0.326094]
fitted baseline loaded: e2_pf=0.222 f1_df=0.098 f1_kf=0.148 post_kneext=0.011 post_hipext=0.068 desc_f=1.400 e2_adapt=1.700
start pose (normal): applied 20 coordinates as given; pelvis ty 0.894 m (env override=0.8937664869929379); IMU-metric torso lean -0.0 deg (+ = back)
standing solve: nnls x in [0.00, 1.00], >0.1: 22 muscles
  top: add_long_l=1.00, glut_min1_l=0.72, pect_l=0.70, glut_min2_l=0.67, tib_ant_r=0.65, glut_med1_r=0.46, ext_dig_r=0.44, glut_min3_l=0.37
Fmax range: 5..3396 N | L range sample: [0.229942 0.326094]
fitted baseline loaded: e2_pf=0.222 f1_df=0.098 f1_kf=0.148 post_kneext=0.011 post_hipext=0.068 desc_f=1.400 e2_adapt=1.700
start pose (normal): applied 20 coordinates as given; pelvis ty 0.899 m (env override=0.8985936037212092); IMU-metric torso lean -0.0 deg (+ = back)
standing solve: nnls x in [0.00, 1.00], >0.1: 22 muscles
  top: add_long_l=1.00, glut_min1_l=0.70, glut_min2_l=0.66, pect_l=0.65, tib_ant_r=0.65, ext_dig_r=0.44, glut_med1_r=0.43, glut_min3_l=0.38
Fmax range: 5..3396 N | L range sample: [0.229942 0.326094]
fitted baseline loaded: e2_pf=0.222 f1_df=0.098 f1_kf=0.148 post_kneext=0.011 post_hipext=0.068 desc_f=1.400 e2_adapt=1.700
start pose (normal): applied 20 coordinates as given; pelvis ty 0.898 m (env override=0.8975296544206848); IMU-metric torso lean -0.0 deg (+ = back)
standing solve: nnls x in [0.00, 1.00], >0.1: 20 muscles
  top: add_long_l=1.00, tib_ant_r=0.64, pect_l=0.62, glut_min1_l=0.61, glut_min2_l=0.56, ext_dig_r=0.41, glut_med1_r=0.41, glut_max2_r=0.34
Fmax range: 5..3396 N | L range sample: [0.229942 0.326094]
fitted baseline loaded: e2_pf=0.222 f1_df=0.098 f1_kf=0.148 post_kneext=0.011 post_hipext=0.068 desc_f=1.400 e2_adapt=1.700
start pose (normal): applied 20 coordinates as given; pelvis ty 0.906 m (env override=0.905578408098818); IMU-metric torso lean -0.0 deg (+ = back)
standing solve: nnls x in [0.00, 1.00], >0.1: 18 muscles
  top: add_long_l=1.00, tib_ant_r=0.63, pect_l=0.52, glut_min1_l=0.52, glut_min2_l=0.48, ext_dig_r=0.39, tib_ant_l=0.38, glut_med1_r=0.33
Fmax range: 5..3396 N | L range sample: [0.229942 0.326094]
fitted baseline loaded: e2_pf=0.222 f1_df=0.098 f1_kf=0.148 post_kneext=0.011 post_hipext=0.068 desc_f=1.400 e2_adapt=1.700
start pose (normal): applied 20 coordinates as given; pelvis ty 0.916 m (env override=0.9156109256091276); IMU-metric torso lean -0.0 deg (+ = back)
standing solve: nnls x in [0.00, 0.85], >0.1: 17 muscles
  top: add_long_l=0.85, tib_ant_r=0.61, tib_ant_l=0.44, glut_min1_l=0.41, pect_l=0.39, ext_dig_r=0.38, glut_min2_l=0.38, ext_dig_l=0.23
Fmax range: 5..3396 N | L range sample: [0.229942 0.326094]
fitted baseline loaded: e2_pf=0.222 f1_df=0.098 f1_kf=0.148 post_kneext=0.011 post_hipext=0.068 desc_f=1.400 e2_adapt=1.700
start pose (normal): applied 20 coordinates as given; pelvis ty 0.904 m (env override=0.9040479901687106); IMU-metric torso lean -0.0 deg (+ = back)
standing solve: nnls x in [0.00, 1.00], >0.1: 18 muscles
  top: add_long_l=1.00, tib_ant_r=0.63, pect_l=0.54, glut_min1_l=0.54, glut_min2_l=0.49, ext_dig_r=0.40, tib_ant_l=0.37, glut_med1_r=0.34
Fmax range: 5..3396 N | L range sample: [0.229942 0.326094]
fitted baseline loaded: e2_pf=0.222 f1_df=0.098 f1_kf=0.148 post_kneext=0.011 post_hipext=0.068 desc_f=1.400 e2_adapt=1.700
start pose (normal): applied 20 coordinates as given; pelvis ty 0.909 m (env override=0.9089523841034152); IMU-metric torso lean -0.0 deg (+ = back)
standing solve: nnls x in [0.00, 1.00], >0.1: 18 muscles
  top: add_long_l=1.00, tib_ant_r=0.62, glut_min1_l=0.48, pect_l=0.48, glut_min2_l=0.45, tib_ant_l=0.40, ext_dig_r=0.39, glut_med1_r=0.29
Fmax range: 5..3396 N | L range sample: [0.229942 0.326094]
fitted baseline loaded: e2_pf=0.222 f1_df=0.098 f1_kf=0.148 post_kneext=0.011 post_hipext=0.068 desc_f=1.400 e2_adapt=1.700
start pose (normal): applied 20 coordinates as given; pelvis ty 0.909 m (env override=0.9090236563818898); IMU-metric torso lean -0.0 deg (+ = back)
standing solve: nnls x in [0.00, 1.00], >0.1: 18 muscles
  top: add_long_l=1.00, tib_ant_r=0.62, glut_min1_l=0.48, pect_l=0.48, glut_min2_l=0.44, tib_ant_l=0.40, ext_dig_r=0.39, glut_med1_r=0.29
Fmax range: 5..3396 N | L range sample: [0.229942 0.326094]
fitted baseline loaded: e2_pf=0.222 f1_df=0.098 f1_kf=0.148 post_kneext=0.011 post_hipext=0.068 desc_f=1.400 e2_adapt=1.700
start pose (normal): applied 20 coordinates as given; pelvis ty 0.913 m (env override=0.9130579387570141); IMU-metric torso lean -0.0 deg (+ = back)
standing solve: nnls x in [0.00, 0.93], >0.1: 17 muscles
  top: add_long_l=0.93, tib_ant_r=0.62, glut_min1_l=0.44, pect_l=0.43, tib_ant_l=0.42, glut_min2_l=0.41, ext_dig_r=0.39, glut_med1_r=0.24
Fmax range: 5..3396 N | L range sample: [0.229942 0.326094]
fitted baseline loaded: e2_pf=0.222 f1_df=0.098 f1_kf=0.148 post_kneext=0.011 post_hipext=0.068 desc_f=1.400 e2_adapt=1.700
start pose (normal): applied 20 coordinates as given; pelvis ty 0.909 m (env override=0.9091101758086954); IMU-metric torso lean -0.0 deg (+ = back)
standing solve: nnls x in [0.00, 1.00], >0.1: 18 muscles
  top: add_long_l=1.00, tib_ant_r=0.62, glut_min1_l=0.48, pect_l=0.48, glut_min2_l=0.44, tib_ant_l=0.40, ext_dig_r=0.39, glut_med1_r=0.29
Fmax range: 5..3396 N | L range sample: [0.229942 0.326094]
fitted baseline loaded: e2_pf=0.222 f1_df=0.098 f1_kf=0.148 post_kneext=0.011 post_hipext=0.068 desc_f=1.400 e2_adapt=1.700
start pose (normal): applied 20 coordinates as given; pelvis ty 0.907 m (env override=0.9069662607153082); IMU-metric torso lean -0.0 deg (+ = back)
standing solve: nnls x in [0.00, 1.00], >0.1: 18 muscles
  top: add_long_l=1.00, tib_ant_r=0.62, pect_l=0.50, glut_min1_l=0.50, glut_min2_l=0.46, ext_dig_r=0.39, tib_ant_l=0.38, glut_med1_r=0.31
Fmax range: 5..3396 N | L range sample: [0.229942 0.326094]
fitted baseline loaded: e2_pf=0.222 f1_df=0.098 f1_kf=0.148 post_kneext=0.011 post_hipext=0.068 desc_f=1.400 e2_adapt=1.700
start pose (normal): applied 20 coordinates as given; pelvis ty 0.915 m (env override=0.9154535294598111); IMU-metric torso lean -0.0 deg (+ = back)
standing solve: nnls x in [0.00, 0.85], >0.1: 17 muscles
  top: add_long_l=0.85, tib_ant_r=0.61, tib_ant_l=0.44, glut_min1_l=0.40, pect_l=0.39, ext_dig_r=0.38, glut_min2_l=0.37, ext_dig_l=0.23
Fmax range: 5..3396 N | L range sample: [0.229942 0.326094]
fitted baseline loaded: e2_pf=0.222 f1_df=0.098 f1_kf=0.148 post_kneext=0.011 post_hipext=0.068 desc_f=1.400 e2_adapt=1.700
start pose (normal): applied 20 coordinates as given; pelvis ty 0.910 m (env override=0.9101327717130805); IMU-metric torso lean -0.0 deg (+ = back)
standing solve: nnls x in [0.00, 1.00], >0.1: 17 muscles
  top: add_long_l=1.00, tib_ant_r=0.62, glut_min1_l=0.47, pect_l=0.46, glut_min2_l=0.43, tib_ant_l=0.40, ext_dig_r=0.39, glut_med1_r=0.27
Fmax range: 5..3396 N | L range sample: [0.229942 0.326094]
fitted baseline loaded: e2_pf=0.222 f1_df=0.098 f1_kf=0.148 post_kneext=0.011 post_hipext=0.068 desc_f=1.400 e2_adapt=1.700
start pose (normal): applied 20 coordinates as given; pelvis ty 0.914 m (env override=0.9141513674238433); IMU-metric torso lean -0.0 deg (+ = back)
standing solve: nnls x in [0.00, 0.89], >0.1: 17 muscles
  top: add_long_l=0.89, tib_ant_r=0.62, tib_ant_l=0.43, glut_min1_l=0.41, pect_l=0.41, ext_dig_r=0.38, glut_min2_l=0.38, glut_med1_r=0.22
Fmax range: 5..3396 N | L range sample: [0.229942 0.326094]
fitted baseline loaded: e2_pf=0.222 f1_df=0.098 f1_kf=0.148 post_kneext=0.011 post_hipext=0.068 desc_f=1.400 e2_adapt=1.700
start pose (normal): applied 20 coordinates as given; pelvis ty 0.909 m (env override=0.9090137773548818); IMU-metric torso lean -0.0 deg (+ = back)
standing solve: nnls x in [0.00, 1.00], >0.1: 18 muscles
  top: add_long_l=1.00, tib_ant_r=0.62, glut_min1_l=0.51, pect_l=0.49, glut_min2_l=0.47, tib_ant_l=0.40, ext_dig_r=0.40, glut_med1_r=0.29
Fmax range: 5..3396 N | L range sample: [0.229942 0.326094]
fitted baseline loaded: e2_pf=0.222 f1_df=0.098 f1_kf=0.148 post_kneext=0.011 post_hipext=0.068 desc_f=1.400 e2_adapt=1.700
start pose (normal): applied 20 coordinates as given; pelvis ty 0.914 m (env override=0.9137704594779548); IMU-metric torso lean -0.0 deg (+ = back)
standing solve: nnls x in [0.00, 0.91], >0.1: 17 muscles
  top: add_long_l=0.91, tib_ant_r=0.62, glut_min1_l=0.43, tib_ant_l=0.43, pect_l=0.42, glut_min2_l=0.40, ext_dig_r=0.38, glut_med1_r=0.23
Fmax range: 5..3396 N | L range sample: [0.229942 0.326094]
fitted baseline loaded: e2_pf=0.222 f1_df=0.098 f1_kf=0.148 post_kneext=0.011 post_hipext=0.068 desc_f=1.400 e2_adapt=1.700
start pose (normal): applied 20 coordinates as given; pelvis ty 0.911 m (env override=0.9114268799909713); IMU-metric torso lean -0.0 deg (+ = back)
standing solve: nnls x in [0.00, 0.97], >0.1: 17 muscles
  top: add_long_l=0.97, tib_ant_r=0.62, glut_min1_l=0.45, pect_l=0.45, glut_min2_l=0.42, tib_ant_l=0.41, ext_dig_r=0.39, glut_med1_r=0.26
Fmax range: 5..3396 N | L range sample: [0.229942 0.326094]
fitted baseline loaded: e2_pf=0.222 f1_df=0.098 f1_kf=0.148 post_kneext=0.011 post_hipext=0.068 desc_f=1.400 e2_adapt=1.700
start pose (normal): applied 20 coordinates as given; pelvis ty 0.922 m (env override=0.9215287157201333); IMU-metric torso lean -0.0 deg (+ = back)
standing solve: nnls x in [0.00, 0.65], >0.1: 13 muscles
  top: add_long_l=0.65, tib_ant_r=0.61, tib_ant_l=0.47, ext_dig_r=0.37, glut_min1_l=0.30, pect_l=0.30, glut_min2_l=0.28, ext_dig_l=0.25
Fmax range: 5..3396 N | L range sample: [0.229942 0.326094]
fitted baseline loaded: e2_pf=0.222 f1_df=0.098 f1_kf=0.148 post_kneext=0.011 post_hipext=0.068 desc_f=1.400 e2_adapt=1.700
start pose (normal): applied 20 coordinates as given; pelvis ty 0.890 m (env override=0.8903619796623349); IMU-metric torso lean -0.0 deg (+ = back)
standing solve: nnls x in [0.00, 1.00], >0.1: 20 muscles
  top: add_long_l=1.00, pect_l=0.68, tib_ant_r=0.66, glut_min1_l=0.64, glut_med1_r=0.63, glut_min2_l=0.58, glut_max2_r=0.56, ext_dig_r=0.43
Fmax range: 5..3396 N | L range sample: [0.229942 0.326094]
fitted baseline loaded: e2_pf=0.222 f1_df=0.098 f1_kf=0.148 post_kneext=0.011 post_hipext=0.068 desc_f=1.400 e2_adapt=1.700
start pose (normal): applied 20 coordinates as given; pelvis ty 0.920 m (env override=0.9196739943431589); IMU-metric torso lean -0.0 deg (+ = back)
standing solve: nnls x in [0.00, 0.72], >0.1: 14 muscles
  top: add_long_l=0.72, tib_ant_r=0.61, tib_ant_l=0.46, ext_dig_r=0.38, glut_min1_l=0.34, pect_l=0.33, glut_min2_l=0.32, ext_dig_l=0.25
Fmax range: 5..3396 N | L range sample: [0.229942 0.326094]
fitted baseline loaded: e2_pf=0.222 f1_df=0.098 f1_kf=0.148 post_kneext=0.011 post_hipext=0.068 desc_f=1.400 e2_adapt=1.700
start pose (normal): applied 20 coordinates as given; pelvis ty 0.919 m (env override=0.9187264988982503); IMU-metric torso lean -0.0 deg (+ = back)
standing solve: nnls x in [0.00, 0.75], >0.1: 14 muscles
  top: add_long_l=0.75, tib_ant_r=0.61, tib_ant_l=0.46, ext_dig_r=0.38, glut_min1_l=0.36, pect_l=0.35, glut_min2_l=0.34, ext_dig_l=0.25
Fmax range: 5..3396 N | L range sample: [0.229942 0.326094]
fitted baseline loaded: e2_pf=0.222 f1_df=0.098 f1_kf=0.148 post_kneext=0.011 post_hipext=0.068 desc_f=1.400 e2_adapt=1.700
start pose (normal): applied 20 coordinates as given; pelvis ty 0.912 m (env override=0.9120187792971404); IMU-metric torso lean -0.0 deg (+ = back)
standing solve: nnls x in [0.00, 0.96], >0.1: 17 muscles
  top: add_long_l=0.96, tib_ant_r=0.62, glut_min1_l=0.45, pect_l=0.44, tib_ant_l=0.42, glut_min2_l=0.41, ext_dig_r=0.39, glut_med1_r=0.25
Fmax range: 5..3396 N | L range sample: [0.229942 0.326094]
fitted baseline loaded: e2_pf=0.222 f1_df=0.098 f1_kf=0.148 post_kneext=0.011 post_hipext=0.068 desc_f=1.400 e2_adapt=1.700
start pose (normal): applied 20 coordinates as given; pelvis ty 0.928 m (env override=0.9284132489988299); IMU-metric torso lean -0.0 deg (+ = back)
standing solve: nnls x in [0.00, 0.60], >0.1: 12 muscles
  top: tib_ant_r=0.60, tib_ant_l=0.51, add_long_l=0.42, ext_dig_r=0.36, ext_dig_l=0.28, glut_min1_l=0.19, pect_l=0.19, per_tert_r=0.19
Fmax range: 5..3396 N | L range sample: [0.229942 0.326094]
== stage 3 best -159.453 (trial 34)
{
 "drive": 2.0773198435110425,
 "rg_nap_h": 0.8420833189531531,
 "desc_e": 1.6987967868158145,
 "desc_f": 0.9963926530754599,
 "rg_to_pf": 2.6005147390334713,
 "heel_rge": 0.37530421840765804,
 "toe_rge": 0.14572281192093522,
 "ib_e_central": 0.24354654619098992,
 "ia_f_central": 0.3985916558720821,
 "ii_f_central": 0.38389852925373125,
 "ii_e_central": 0.09300453229764793,
 "c1_gain": 0.4978970446353496,
 "v3_gain": 0.09483003906183418,
 "ib_rge": 0.6741474252269108,
 "ia_in": 0.8250460785281135,
 "ia_f_contra_f": 0.797446189481382,
 "v3_to_ibexc": 0.8784035043219222,
 "ankle_post_walk_trim": 0.3308631104719715,
 "contact_onset": 0.8138186179322883,
 "pelvis_ty": 0.9215287157201333,
 "f1_anklepf_inh": 0.9285368580077491,
 "pf_gain": 0.3086648568525935,
 "contra_swing": 1.0216288985895503,
 "contra_kinh": 1.4251105067452698,
 "pm_gain": 0.365012382984079,
 "pm_T": 1.7913470735158432,
 "pm_ws": 0.1173317000347924,
 "pm_add": 0.23542542543675268,
 "pm_aff": 0.3519347361673837,
 "full_rules": 1.0,
 "no_cross": 1.0,
 "ky_scale": 0.24695684826961126
}
saved curriculum_stage3.json
=== s3k DONE Tue 09/22/2026 15:35:06.79 === 
=== s3k start Tue 09/22/2026 15:44:21.05 === 
curriculum_stage3.json -> curr_s3i_ground t20 value -148.688; pf 0.35 cs 0.84
fitted baseline loaded: e2_pf=0.222 f1_df=0.098 f1_kf=0.148 post_kneext=0.011 post_hipext=0.068 desc_f=1.400 e2_adapt=1.700
start pose (normal): applied 20 coordinates as given; pelvis ty 0.920 m (env override=0.9202561419439426); IMU-metric torso lean -0.0 deg (+ = back)
standing solve: nnls x in [0.00, 0.71], >0.1: 15 muscles
  top: add_long_l=0.71, tib_ant_r=0.61, tib_ant_l=0.47, ext_dig_r=0.38, glut_min1_l=0.36, glut_min2_l=0.34, pect_l=0.33, ext_dig_l=0.26
Fmax range: 5..3396 N | L range sample: [0.229942 0.326094]
fitted baseline loaded: e2_pf=0.222 f1_df=0.098 f1_kf=0.148 post_kneext=0.011 post_hipext=0.068 desc_f=1.400 e2_adapt=1.700
start pose (normal): applied 20 coordinates as given; pelvis ty 0.924 m (env override=0.9236609441810129); IMU-metric torso lean -0.0 deg (+ = back)
standing solve: nnls x in [0.00, 0.61], >0.1: 12 muscles
  top: tib_ant_r=0.61, add_long_l=0.59, tib_ant_l=0.48, ext_dig_r=0.37, glut_min1_l=0.28, pect_l=0.27, ext_dig_l=0.26, glut_min2_l=0.26
Fmax range: 5..3396 N | L range sample: [0.229942 0.326094]
fitted baseline loaded: e2_pf=0.222 f1_df=0.098 f1_kf=0.148 post_kneext=0.011 post_hipext=0.068 desc_f=1.400 e2_adapt=1.700
start pose (normal): applied 20 coordinates as given; pelvis ty 0.909 m (env override=0.9093388796637834); IMU-metric torso lean -0.0 deg (+ = back)
standing solve: nnls x in [0.00, 1.00], >0.1: 17 muscles
  top: add_long_l=1.00, tib_ant_r=0.62, glut_min1_l=0.48, pect_l=0.47, glut_min2_l=0.44, tib_ant_l=0.40, ext_dig_r=0.39, glut_med1_r=0.28
Fmax range: 5..3396 N | L range sample: [0.229942 0.326094]
fitted baseline loaded: e2_pf=0.222 f1_df=0.098 f1_kf=0.148 post_kneext=0.011 post_hipext=0.068 desc_f=1.400 e2_adapt=1.700
start pose (normal): applied 20 coordinates as given; pelvis ty 0.918 m (env override=0.9175310596540052); IMU-metric torso lean -0.0 deg (+ = back)
standing solve: nnls x in [0.00, 0.78], >0.1: 14 muscles
  top: add_long_l=0.78, tib_ant_r=0.61, tib_ant_l=0.45, ext_dig_r=0.38, glut_min1_l=0.37, pect_l=0.36, glut_min2_l=0.34, ext_dig_l=0.24
Fmax range: 5..3396 N | L range sample: [0.229942 0.326094]
fitted baseline loaded: e2_pf=0.222 f1_df=0.098 f1_kf=0.148 post_kneext=0.011 post_hipext=0.068 desc_f=1.400 e2_adapt=1.700
start pose (normal): applied 20 coordinates as given; pelvis ty 0.923 m (env override=0.9230044367484648); IMU-metric torso lean -0.0 deg (+ = back)
standing solve: nnls x in [0.00, 0.61], >0.1: 12 muscles
  top: tib_ant_r=0.61, add_long_l=0.60, tib_ant_l=0.48, ext_dig_r=0.37, glut_min1_l=0.28, pect_l=0.28, glut_min2_l=0.26, ext_dig_l=0.26
Fmax range: 5..3396 N | L range sample: [0.229942 0.326094]
fitted baseline loaded: e2_pf=0.222 f1_df=0.098 f1_kf=0.148 post_kneext=0.011 post_hipext=0.068 desc_f=1.400 e2_adapt=1.700
start pose (normal): applied 20 coordinates as given; pelvis ty 0.912 m (env override=0.911757940064242); IMU-metric torso lean -0.0 deg (+ = back)
standing solve: nnls x in [0.00, 0.99], >0.1: 19 muscles
  top: add_long_l=0.99, tib_ant_r=0.62, glut_min1_l=0.49, pect_l=0.46, glut_min2_l=0.46, tib_ant_l=0.42, ext_dig_r=0.40, glut_med1_r=0.27
Fmax range: 5..3396 N | L range sample: [0.229942 0.326094]
fitted baseline loaded: e2_pf=0.222 f1_df=0.098 f1_kf=0.148 post_kneext=0.011 post_hipext=0.068 desc_f=1.400 e2_adapt=1.700
start pose (normal): applied 20 coordinates as given; pelvis ty 0.921 m (env override=0.9209050987961027); IMU-metric torso lean -0.0 deg (+ = back)
standing solve: nnls x in [0.00, 0.68], >0.1: 14 muscles
  top: add_long_l=0.68, tib_ant_r=0.61, tib_ant_l=0.47, ext_dig_r=0.38, glut_min1_l=0.33, pect_l=0.31, glut_min2_l=0.30, ext_dig_l=0.26
Fmax range: 5..3396 N | L range sample: [0.229942 0.326094]
fitted baseline loaded: e2_pf=0.222 f1_df=0.098 f1_kf=0.148 post_kneext=0.011 post_hipext=0.068 desc_f=1.400 e2_adapt=1.700
start pose (normal): applied 20 coordinates as given; pelvis ty 0.916 m (env override=0.9156468752098982); IMU-metric torso lean -0.0 deg (+ = back)
standing solve: nnls x in [0.00, 0.84], >0.1: 17 muscles
  top: add_long_l=0.84, tib_ant_r=0.61, tib_ant_l=0.44, glut_min1_l=0.40, pect_l=0.39, ext_dig_r=0.38, glut_min2_l=0.37, ext_dig_l=0.23
Fmax range: 5..3396 N | L range sample: [0.229942 0.326094]
fitted baseline loaded: e2_pf=0.222 f1_df=0.098 f1_kf=0.148 post_kneext=0.011 post_hipext=0.068 desc_f=1.400 e2_adapt=1.700
start pose (normal): applied 20 coordinates as given; pelvis ty 0.926 m (env override=0.92589181752534); IMU-metric torso lean -0.0 deg (+ = back)
standing solve: nnls x in [0.00, 0.60], >0.1: 13 muscles
  top: tib_ant_r=0.60, add_long_l=0.52, tib_ant_l=0.50, ext_dig_r=0.37, ext_dig_l=0.28, glut_min1_l=0.25, pect_l=0.24, glut_min2_l=0.24
Fmax range: 5..3396 N | L range sample: [0.229942 0.326094]
fitted baseline loaded: e2_pf=0.222 f1_df=0.098 f1_kf=0.148 post_kneext=0.011 post_hipext=0.068 desc_f=1.400 e2_adapt=1.700
start pose (normal): applied 20 coordinates as given; pelvis ty 0.917 m (env override=0.9171259125218183); IMU-metric torso lean -0.0 deg (+ = back)
standing solve: nnls x in [0.00, 0.80], >0.1: 15 muscles
  top: add_long_l=0.80, tib_ant_r=0.61, tib_ant_l=0.45, glut_min1_l=0.38, ext_dig_r=0.38, pect_l=0.37, glut_min2_l=0.35, ext_dig_l=0.24
Fmax range: 5..3396 N | L range sample: [0.229942 0.326094]
fitted baseline loaded: e2_pf=0.222 f1_df=0.098 f1_kf=0.148 post_kneext=0.011 post_hipext=0.068 desc_f=1.400 e2_adapt=1.700
start pose (normal): applied 20 coordinates as given; pelvis ty 0.915 m (env override=0.914949138085193); IMU-metric torso lean -0.0 deg (+ = back)
standing solve: nnls x in [0.00, 0.87], >0.1: 17 muscles
  top: add_long_l=0.87, tib_ant_r=0.61, tib_ant_l=0.43, glut_min1_l=0.41, pect_l=0.40, ext_dig_r=0.38, glut_min2_l=0.37, ext_dig_l=0.23
Fmax range: 5..3396 N | L range sample: [0.229942 0.326094]
fitted baseline loaded: e2_pf=0.222 f1_df=0.098 f1_kf=0.148 post_kneext=0.011 post_hipext=0.068 desc_f=1.400 e2_adapt=1.700
start pose (normal): applied 20 coordinates as given; pelvis ty 0.899 m (env override=0.8993033277589296); IMU-metric torso lean -0.0 deg (+ = back)
standing solve: nnls x in [0.00, 1.00], >0.1: 19 muscles
  top: add_long_l=1.00, tib_ant_r=0.64, pect_l=0.59, glut_min1_l=0.58, glut_min2_l=0.53, ext_dig_r=0.41, glut_med1_r=0.39, tib_ant_l=0.34
Fmax range: 5..3396 N | L range sample: [0.229942 0.326094]
fitted baseline loaded: e2_pf=0.222 f1_df=0.098 f1_kf=0.148 post_kneext=0.011 post_hipext=0.068 desc_f=1.400 e2_adapt=1.700
start pose (normal): applied 20 coordinates as given; pelvis ty 0.927 m (env override=0.9270030767811698); IMU-metric torso lean -0.0 deg (+ = back)
standing solve: nnls x in [0.00, 0.60], >0.1: 13 muscles
  top: tib_ant_r=0.60, tib_ant_l=0.50, add_long_l=0.48, ext_dig_r=0.37, ext_dig_l=0.28, glut_min1_l=0.23, pect_l=0.22, glut_min2_l=0.21
Fmax range: 5..3396 N | L range sample: [0.229942 0.326094]
fitted baseline loaded: e2_pf=0.222 f1_df=0.098 f1_kf=0.148 post_kneext=0.011 post_hipext=0.068 desc_f=1.400 e2_adapt=1.700
start pose (normal): applied 20 coordinates as given; pelvis ty 0.916 m (env override=0.9156109256091276); IMU-metric torso lean -0.0 deg (+ = back)
standing solve: nnls x in [0.00, 0.85], >0.1: 17 muscles
  top: add_long_l=0.85, tib_ant_r=0.61, tib_ant_l=0.44, glut_min1_l=0.40, pect_l=0.39, ext_dig_r=0.38, glut_min2_l=0.37, ext_dig_l=0.23
Fmax range: 5..3396 N | L range sample: [0.229942 0.326094]
fitted baseline loaded: e2_pf=0.222 f1_df=0.098 f1_kf=0.148 post_kneext=0.011 post_hipext=0.068 desc_f=1.400 e2_adapt=1.700
start pose (normal): applied 20 coordinates as given; pelvis ty 0.927 m (env override=0.9267462888559156); IMU-metric torso lean -0.0 deg (+ = back)
standing solve: nnls x in [0.00, 0.60], >0.1: 13 muscles
  top: tib_ant_r=0.60, tib_ant_l=0.50, add_long_l=0.50, ext_dig_r=0.37, ext_dig_l=0.28, glut_min1_l=0.25, glut_min2_l=0.24, pect_l=0.23
Fmax range: 5..3396 N | L range sample: [0.229942 0.326094]
fitted baseline loaded: e2_pf=0.222 f1_df=0.098 f1_kf=0.148 post_kneext=0.011 post_hipext=0.068 desc_f=1.400 e2_adapt=1.700
start pose (normal): applied 20 coordinates as given; pelvis ty 0.909 m (env override=0.9089523841034152); IMU-metric torso lean -0.0 deg (+ = back)
standing solve: nnls x in [0.00, 1.00], >0.1: 18 muscles
  top: add_long_l=1.00, tib_ant_r=0.62, glut_min1_l=0.48, pect_l=0.48, glut_min2_l=0.44, tib_ant_l=0.40, ext_dig_r=0.39, glut_med1_r=0.29
Fmax range: 5..3396 N | L range sample: [0.229942 0.326094]
fitted baseline loaded: e2_pf=0.222 f1_df=0.098 f1_kf=0.148 post_kneext=0.011 post_hipext=0.068 desc_f=1.400 e2_adapt=1.700
start pose (normal): applied 20 coordinates as given; pelvis ty 0.905 m (env override=0.9054661791680981); IMU-metric torso lean -0.0 deg (+ = back)
standing solve: nnls x in [0.00, 1.00], >0.1: 18 muscles
  top: add_long_l=1.00, tib_ant_r=0.63, pect_l=0.52, glut_min1_l=0.52, glut_min2_l=0.48, ext_dig_r=0.39, tib_ant_l=0.38, glut_med1_r=0.33
Fmax range: 5..3396 N | L range sample: [0.229942 0.326094]
fitted baseline loaded: e2_pf=0.222 f1_df=0.098 f1_kf=0.148 post_kneext=0.011 post_hipext=0.068 desc_f=1.400 e2_adapt=1.700
start pose (normal): applied 20 coordinates as given; pelvis ty 0.924 m (env override=0.92367031029109); IMU-metric torso lean -0.0 deg (+ = back)
standing solve: nnls x in [0.00, 0.61], >0.1: 13 muscles
  top: tib_ant_r=0.61, add_long_l=0.59, tib_ant_l=0.48, ext_dig_r=0.37, glut_min1_l=0.28, pect_l=0.27, ext_dig_l=0.27, glut_min2_l=0.26
Fmax range: 5..3396 N | L range sample: [0.229942 0.326094]
fitted baseline loaded: e2_pf=0.222 f1_df=0.098 f1_kf=0.148 post_kneext=0.011 post_hipext=0.068 desc_f=1.400 e2_adapt=1.700
start pose (normal): applied 20 coordinates as given; pelvis ty 0.888 m (env override=0.8879161458926071); IMU-metric torso lean -0.0 deg (+ = back)
standing solve: nnls x in [0.00, 1.00], >0.1: 21 muscles
  top: add_long_l=1.00, tfl_l=0.85, glut_min1_l=0.70, tib_ant_r=0.66, glut_min2_l=0.66, glut_med1_r=0.65, glut_max2_r=0.57, pect_l=0.56
Fmax range: 5..3396 N | L range sample: [0.229942 0.326094]
fitted baseline loaded: e2_pf=0.222 f1_df=0.098 f1_kf=0.148 post_kneext=0.011 post_hipext=0.068 desc_f=1.400 e2_adapt=1.700
start pose (normal): applied 20 coordinates as given; pelvis ty 0.918 m (env override=0.9176465293528261); IMU-metric torso lean -0.0 deg (+ = back)
standing solve: nnls x in [0.00, 0.78], >0.1: 14 muscles
  top: add_long_l=0.78, tib_ant_r=0.61, tib_ant_l=0.45, ext_dig_r=0.38, glut_min1_l=0.37, pect_l=0.36, glut_min2_l=0.34, ext_dig_l=0.24
Fmax range: 5..3396 N | L range sample: [0.229942 0.326094]
fitted baseline loaded: e2_pf=0.222 f1_df=0.098 f1_kf=0.148 post_kneext=0.011 post_hipext=0.068 desc_f=1.400 e2_adapt=1.700
start pose (normal): applied 20 coordinates as given; pelvis ty 0.918 m (env override=0.9184093360621696); IMU-metric torso lean -0.0 deg (+ = back)
standing solve: nnls x in [0.00, 0.76], >0.1: 14 muscles
  top: add_long_l=0.76, tib_ant_r=0.61, tib_ant_l=0.45, ext_dig_r=0.38, glut_min1_l=0.36, pect_l=0.35, glut_min2_l=0.33, ext_dig_l=0.24
Fmax range: 5..3396 N | L range sample: [0.229942 0.326094]
fitted baseline loaded: e2_pf=0.222 f1_df=0.098 f1_kf=0.148 post_kneext=0.011 post_hipext=0.068 desc_f=1.400 e2_adapt=1.700
start pose (normal): applied 20 coordinates as given; pelvis ty 0.914 m (env override=0.9141186819014467); IMU-metric torso lean -0.0 deg (+ = back)
standing solve: nnls x in [0.00, 0.89], >0.1: 17 muscles
  top: add_long_l=0.89, tib_ant_r=0.62, tib_ant_l=0.43, glut_min1_l=0.41, pect_l=0.41, glut_min2_l=0.38, ext_dig_r=0.38, glut_med1_r=0.22
Fmax range: 5..3396 N | L range sample: [0.229942 0.326094]
fitted baseline loaded: e2_pf=0.222 f1_df=0.098 f1_kf=0.148 post_kneext=0.011 post_hipext=0.068 desc_f=1.400 e2_adapt=1.700
start pose (normal): applied 20 coordinates as given; pelvis ty 0.928 m (env override=0.927520686886773); IMU-metric torso lean -0.0 deg (+ = back)
standing solve: nnls x in [0.00, 0.60], >0.1: 13 muscles
  top: tib_ant_r=0.60, tib_ant_l=0.50, add_long_l=0.46, ext_dig_r=0.37, ext_dig_l=0.28, glut_min1_l=0.22, pect_l=0.21, glut_min2_l=0.21
Fmax range: 5..3396 N | L range sample: [0.229942 0.326094]
fitted baseline loaded: e2_pf=0.222 f1_df=0.098 f1_kf=0.148 post_kneext=0.011 post_hipext=0.068 desc_f=1.400 e2_adapt=1.700
start pose (normal): applied 20 coordinates as given; pelvis ty 0.918 m (env override=0.9181161466275494); IMU-metric torso lean -0.0 deg (+ = back)
standing solve: nnls x in [0.00, 0.77], >0.1: 14 muscles
  top: add_long_l=0.77, tib_ant_r=0.61, tib_ant_l=0.45, ext_dig_r=0.38, glut_min1_l=0.37, pect_l=0.36, glut_min2_l=0.34, ext_dig_l=0.24
Fmax range: 5..3396 N | L range sample: [0.229942 0.326094]
fitted baseline loaded: e2_pf=0.222 f1_df=0.098 f1_kf=0.148 post_kneext=0.011 post_hipext=0.068 desc_f=1.400 e2_adapt=1.700
start pose (normal): applied 20 coordinates as given; pelvis ty 0.921 m (env override=0.9208595451068737); IMU-metric torso lean -0.0 deg (+ = back)
standing solve: nnls x in [0.00, 0.67], >0.1: 14 muscles
  top: add_long_l=0.67, tib_ant_r=0.61, tib_ant_l=0.47, ext_dig_r=0.37, glut_min1_l=0.32, pect_l=0.31, glut_min2_l=0.29, ext_dig_l=0.25
Fmax range: 5..3396 N | L range sample: [0.229942 0.326094]
fitted baseline loaded: e2_pf=0.222 f1_df=0.098 f1_kf=0.148 post_kneext=0.011 post_hipext=0.068 desc_f=1.400 e2_adapt=1.700
start pose (normal): applied 20 coordinates as given; pelvis ty 0.914 m (env override=0.9139901511317511); IMU-metric torso lean -0.0 deg (+ = back)
standing solve: nnls x in [0.00, 0.89], >0.1: 17 muscles
  top: add_long_l=0.89, tib_ant_r=0.62, tib_ant_l=0.43, glut_min1_l=0.42, pect_l=0.41, glut_min2_l=0.38, ext_dig_r=0.38, glut_med1_r=0.23
Fmax range: 5..3396 N | L range sample: [0.229942 0.326094]
fitted baseline loaded: e2_pf=0.222 f1_df=0.098 f1_kf=0.148 post_kneext=0.011 post_hipext=0.068 desc_f=1.400 e2_adapt=1.700
start pose (normal): applied 20 coordinates as given; pelvis ty 0.922 m (env override=0.9215287157201333); IMU-metric torso lean -0.0 deg (+ = back)
standing solve: nnls x in [0.00, 0.65], >0.1: 13 muscles
  top: add_long_l=0.65, tib_ant_r=0.61, tib_ant_l=0.47, ext_dig_r=0.37, glut_min1_l=0.30, pect_l=0.30, glut_min2_l=0.28, ext_dig_l=0.25
Fmax range: 5..3396 N | L range sample: [0.229942 0.326094]
fitted baseline loaded: e2_pf=0.222 f1_df=0.098 f1_kf=0.148 post_kneext=0.011 post_hipext=0.068 desc_f=1.400 e2_adapt=1.700
start pose (normal): applied 20 coordinates as given; pelvis ty 0.922 m (env override=0.9222079772505758); IMU-metric torso lean -0.0 deg (+ = back)
standing solve: nnls x in [0.00, 0.63], >0.1: 13 muscles
  top: add_long_l=0.63, tib_ant_r=0.61, tib_ant_l=0.47, ext_dig_r=0.37, glut_min1_l=0.30, pect_l=0.29, glut_min2_l=0.28, ext_dig_l=0.26
Fmax range: 5..3396 N | L range sample: [0.229942 0.326094]
fitted baseline loaded: e2_pf=0.222 f1_df=0.098 f1_kf=0.148 post_kneext=0.011 post_hipext=0.068 desc_f=1.400 e2_adapt=1.700
start pose (normal): applied 20 coordinates as given; pelvis ty 0.919 m (env override=0.9191075360449386); IMU-metric torso lean -0.0 deg (+ = back)
standing solve: nnls x in [0.00, 0.73], >0.1: 14 muscles
  top: add_long_l=0.73, tib_ant_r=0.61, tib_ant_l=0.46, ext_dig_r=0.37, glut_min1_l=0.34, pect_l=0.34, glut_min2_l=0.32, ext_dig_l=0.24
Fmax range: 5..3396 N | L range sample: [0.229942 0.326094]
fitted baseline loaded: e2_pf=0.222 f1_df=0.098 f1_kf=0.148 post_kneext=0.011 post_hipext=0.068 desc_f=1.400 e2_adapt=1.700
start pose (normal): applied 20 coordinates as given; pelvis ty 0.919 m (env override=0.9193479356806874); IMU-metric torso lean -0.0 deg (+ = back)
standing solve: nnls x in [0.00, 0.73], >0.1: 14 muscles
  top: add_long_l=0.73, tib_ant_r=0.61, tib_ant_l=0.46, ext_dig_r=0.38, glut_min1_l=0.35, pect_l=0.34, glut_min2_l=0.33, ext_dig_l=0.25
Fmax range: 5..3396 N | L range sample: [0.229942 0.326094]
fitted baseline loaded: e2_pf=0.222 f1_df=0.098 f1_kf=0.148 post_kneext=0.011 post_hipext=0.068 desc_f=1.400 e2_adapt=1.700
start pose (normal): applied 20 coordinates as given; pelvis ty 0.903 m (env override=0.9028845480181221); IMU-metric torso lean -0.0 deg (+ = back)
standing solve: nnls x in [0.00, 1.00], >0.1: 19 muscles
  top: add_long_l=1.00, tib_ant_r=0.63, pect_l=0.55, glut_min1_l=0.55, glut_min2_l=0.50, ext_dig_r=0.40, tib_ant_l=0.36, glut_med1_r=0.35
Fmax range: 5..3396 N | L range sample: [0.229942 0.326094]
fitted baseline loaded: e2_pf=0.222 f1_df=0.098 f1_kf=0.148 post_kneext=0.011 post_hipext=0.068 desc_f=1.400 e2_adapt=1.700
start pose (normal): applied 20 coordinates as given; pelvis ty 0.916 m (env override=0.9157349256353416); IMU-metric torso lean -0.0 deg (+ = back)
standing solve: nnls x in [0.00, 0.84], >0.1: 17 muscles
  top: add_long_l=0.84, tib_ant_r=0.61, tib_ant_l=0.44, glut_min1_l=0.39, pect_l=0.39, ext_dig_r=0.38, glut_min2_l=0.36, ext_dig_l=0.23
Fmax range: 5..3396 N | L range sample: [0.229942 0.326094]
fitted baseline loaded: e2_pf=0.222 f1_df=0.098 f1_kf=0.148 post_kneext=0.011 post_hipext=0.068 desc_f=1.400 e2_adapt=1.700
start pose (normal): applied 20 coordinates as given; pelvis ty 0.910 m (env override=0.910344529924569); IMU-metric torso lean -0.0 deg (+ = back)
standing solve: nnls x in [0.00, 1.00], >0.1: 17 muscles
  top: add_long_l=1.00, tib_ant_r=0.62, glut_min1_l=0.48, pect_l=0.47, glut_min2_l=0.44, tib_ant_l=0.41, ext_dig_r=0.39, glut_med1_r=0.28
Fmax range: 5..3396 N | L range sample: [0.229942 0.326094]
fitted baseline loaded: e2_pf=0.222 f1_df=0.098 f1_kf=0.148 post_kneext=0.011 post_hipext=0.068 desc_f=1.400 e2_adapt=1.700
start pose (normal): applied 20 coordinates as given; pelvis ty 0.900 m (env override=0.8999937716910823); IMU-metric torso lean -0.0 deg (+ = back)
standing solve: nnls x in [0.00, 1.00], >0.1: 19 muscles
  top: add_long_l=1.00, tib_ant_r=0.64, pect_l=0.59, glut_min1_l=0.57, glut_min2_l=0.52, ext_dig_r=0.40, glut_med1_r=0.38, tib_ant_l=0.34
Fmax range: 5..3396 N | L range sample: [0.229942 0.326094]
fitted baseline loaded: e2_pf=0.222 f1_df=0.098 f1_kf=0.148 post_kneext=0.011 post_hipext=0.068 desc_f=1.400 e2_adapt=1.700
start pose (normal): applied 20 coordinates as given; pelvis ty 0.907 m (env override=0.9068118924801918); IMU-metric torso lean -0.0 deg (+ = back)
standing solve: nnls x in [0.00, 1.00], >0.1: 18 muscles
  top: add_long_l=1.00, tib_ant_r=0.62, pect_l=0.50, glut_min1_l=0.50, glut_min2_l=0.46, ext_dig_r=0.39, tib_ant_l=0.38, glut_med1_r=0.31
Fmax range: 5..3396 N | L range sample: [0.229942 0.326094]
fitted baseline loaded: e2_pf=0.222 f1_df=0.098 f1_kf=0.148 post_kneext=0.011 post_hipext=0.068 desc_f=1.400 e2_adapt=1.700
start pose (normal): applied 20 coordinates as given; pelvis ty 0.917 m (env override=0.9170972679667613); IMU-metric torso lean -0.0 deg (+ = back)
standing solve: nnls x in [0.00, 0.82], >0.1: 17 muscles
  top: add_long_l=0.82, tib_ant_r=0.61, tib_ant_l=0.45, glut_min1_l=0.41, ext_dig_r=0.39, glut_min2_l=0.38, pect_l=0.38, ext_dig_l=0.25
Fmax range: 5..3396 N | L range sample: [0.229942 0.326094]
fitted baseline loaded: e2_pf=0.222 f1_df=0.098 f1_kf=0.148 post_kneext=0.011 post_hipext=0.068 desc_f=1.400 e2_adapt=1.700
start pose (normal): applied 20 coordinates as given; pelvis ty 0.917 m (env override=0.9170038346955143); IMU-metric torso lean -0.0 deg (+ = back)
standing solve: nnls x in [0.00, 0.80], >0.1: 15 muscles
  top: add_long_l=0.80, tib_ant_r=0.61, tib_ant_l=0.45, glut_min1_l=0.38, ext_dig_r=0.38, pect_l=0.37, glut_min2_l=0.35, ext_dig_l=0.24
Fmax range: 5..3396 N | L range sample: [0.229942 0.326094]
fitted baseline loaded: e2_pf=0.222 f1_df=0.098 f1_kf=0.148 post_kneext=0.011 post_hipext=0.068 desc_f=1.400 e2_adapt=1.700
start pose (normal): applied 20 coordinates as given; pelvis ty 0.923 m (env override=0.9226552517413155); IMU-metric torso lean -0.0 deg (+ = back)
standing solve: nnls x in [0.00, 0.62], >0.1: 13 muscles
  top: add_long_l=0.62, tib_ant_r=0.61, tib_ant_l=0.48, ext_dig_r=0.37, glut_min1_l=0.30, pect_l=0.29, glut_min2_l=0.28, ext_dig_l=0.26
Fmax range: 5..3396 N | L range sample: [0.229942 0.326094]
fitted baseline loaded: e2_pf=0.222 f1_df=0.098 f1_kf=0.148 post_kneext=0.011 post_hipext=0.068 desc_f=1.400 e2_adapt=1.700
start pose (normal): applied 20 coordinates as given; pelvis ty 0.916 m (env override=0.9159138419732359); IMU-metric torso lean -0.0 deg (+ = back)
standing solve: nnls x in [0.00, 0.84], >0.1: 16 muscles
  top: add_long_l=0.84, tib_ant_r=0.61, tib_ant_l=0.44, glut_min1_l=0.40, pect_l=0.39, ext_dig_r=0.38, glut_min2_l=0.37, ext_dig_l=0.23
Fmax range: 5..3396 N | L range sample: [0.229942 0.326094]
fitted baseline loaded: e2_pf=0.222 f1_df=0.098 f1_kf=0.148 post_kneext=0.011 post_hipext=0.068 desc_f=1.400 e2_adapt=1.700
start pose (normal): applied 20 coordinates as given; pelvis ty 0.917 m (env override=0.9166345293645755); IMU-metric torso lean -0.0 deg (+ = back)
standing solve: nnls x in [0.00, 0.82], >0.1: 16 muscles
  top: add_long_l=0.82, tib_ant_r=0.61, tib_ant_l=0.44, glut_min1_l=0.39, ext_dig_r=0.38, pect_l=0.38, glut_min2_l=0.36, ext_dig_l=0.24
Fmax range: 5..3396 N | L range sample: [0.229942 0.326094]
== stage 3 best -159.453 (trial 34)
{
 "drive": 2.0773198435110425,
 "rg_nap_h": 0.8420833189531531,
 "desc_e": 1.6987967868158145,
 "desc_f": 0.9963926530754599,
 "rg_to_pf": 2.6005147390334713,
 "heel_rge": 0.37530421840765804,
 "toe_rge": 0.14572281192093522,
 "ib_e_central": 0.24354654619098992,
 "ia_f_central": 0.3985916558720821,
 "ii_f_central": 0.38389852925373125,
 "ii_e_central": 0.09300453229764793,
 "c1_gain": 0.4978970446353496,
 "v3_gain": 0.09483003906183418,
 "ib_rge": 0.6741474252269108,
 "ia_in": 0.8250460785281135,
 "ia_f_contra_f": 0.797446189481382,
 "v3_to_ibexc": 0.8784035043219222,
 "ankle_post_walk_trim": 0.3308631104719715,
 "contact_onset": 0.8138186179322883,
 "pelvis_ty": 0.9215287157201333,
 "f1_anklepf_inh": 0.9285368580077491,
 "pf_gain": 0.3086648568525935,
 "contra_swing": 1.0216288985895503,
 "contra_kinh": 1.4251105067452698,
 "pm_gain": 0.365012382984079,
 "pm_T": 1.7913470735158432,
 "pm_ws": 0.1173317000347924,
 "pm_add": 0.23542542543675268,
 "pm_aff": 0.3519347361673837,
 "full_rules": 1.0,
 "no_cross": 1.0,
 "ky_scale": 0.24695684826961126
}
saved curriculum_stage3.json
=== s3k DONE Tue 09/22/2026 17:15:36.80 === 
