=== s3e start Mon 09/21/2026  3:02:15.19 === 
seeded {"drive": 3.373428822245911, "rg_nap_h": 0.8632601119532244, "desc_e": 1.6019069439220806, "desc_f": 1.8273473474211592, "rg_to_pf": 1.9385061846977925, "heel_rge": 0.3342378944880181, "toe_rge": 0.058502509277121376, "ib_e_central": 0.2944048897584659, "ia_f_central": 0.3989141965583044, "ii_f_central": 0.44622489631477386, "ii_e_central": 0.3629081881710786, "c1_gain": 0.6573782621539036, "v3_gain": 0.12046306959301052, "ib_rge": 0.840358513631796, "ia_in": 0.6139998449136519, "ia_f_contra_f": 0.9385037056917265, "v3_to_ibexc": 0.023328586432641407, "ankle_post_walk_trim": 0.45050633467563117, "contact_onset": 0.5929781560039806, "pelvis_ty": 0.8946395974063323, "f1_anklepf_inh": 0.10594555165342959, "pf_gain": 0.7027004054116289, "contra_swing": 0.9416514185402798, "contra_kinh": 0.5}
fitted baseline loaded: e2_pf=0.222 f1_df=0.098 f1_kf=0.148 post_kneext=0.011 post_hipext=0.068 desc_f=1.400 e2_adapt=1.700
start pose (normal.mot): applied 20 coordinates as given; pelvis ty 0.895 m (env override=0.8946395974063323); IMU-metric torso lean -0.0 deg (+ = back)
standing solve: nnls x in [0.00, 1.00], >0.1: 20 muscles
  top: add_long_l=1.00, pect_l=0.65, tib_ant_r=0.65, glut_min1_l=0.63, glut_min2_l=0.58, glut_med1_r=0.43, ext_dig_r=0.42, glut_max2_r=0.36
Fmax range: 5..3396 N | L range sample: [0.229942 0.326094]
fitted baseline loaded: e2_pf=0.222 f1_df=0.098 f1_kf=0.148 post_kneext=0.011 post_hipext=0.068 desc_f=1.400 e2_adapt=1.700
start pose (normal.mot): applied 20 coordinates as given; pelvis ty 0.925 m (env override=0.9246723801847451); IMU-metric torso lean -0.0 deg (+ = back)
standing solve: nnls x in [0.00, 0.61], >0.1: 13 muscles
  top: tib_ant_r=0.61, add_long_l=0.56, tib_ant_l=0.49, ext_dig_r=0.37, ext_dig_l=0.27, glut_min1_l=0.27, pect_l=0.26, glut_min2_l=0.25
Fmax range: 5..3396 N | L range sample: [0.229942 0.326094]
fitted baseline loaded: e2_pf=0.222 f1_df=0.098 f1_kf=0.148 post_kneext=0.011 post_hipext=0.068 desc_f=1.400 e2_adapt=1.700
start pose (normal.mot): applied 20 coordinates as given; pelvis ty 0.886 m (env override=0.8861399241796639); IMU-metric torso lean -0.0 deg (+ = back)
standing solve: nnls x in [0.00, 1.00], >0.1: 22 muscles
  top: tfl_l=1.00, glut_min2_l=0.79, glut_min1_l=0.75, glut_med1_r=0.68, tib_ant_r=0.67, tib_ant_l=0.58, glut_max2_r=0.57, glut_min3_l=0.49
Fmax range: 5..3396 N | L range sample: [0.229942 0.326094]
fitted baseline loaded: e2_pf=0.222 f1_df=0.098 f1_kf=0.148 post_kneext=0.011 post_hipext=0.068 desc_f=1.400 e2_adapt=1.700
start pose (normal.mot): applied 20 coordinates as given; pelvis ty 0.893 m (env override=0.8929510766130716); IMU-metric torso lean -0.0 deg (+ = back)
standing solve: nnls x in [0.00, 1.00], >0.1: 21 muscles
  top: add_long_l=1.00, pect_l=0.68, glut_min1_l=0.67, tib_ant_r=0.65, glut_min2_l=0.62, glut_med1_r=0.45, ext_dig_r=0.43, glut_max2_r=0.35
Fmax range: 5..3396 N | L range sample: [0.229942 0.326094]
fitted baseline loaded: e2_pf=0.222 f1_df=0.098 f1_kf=0.148 post_kneext=0.011 post_hipext=0.068 desc_f=1.400 e2_adapt=1.700
start pose (normal.mot): applied 20 coordinates as given; pelvis ty 0.902 m (env override=0.9020498590098869); IMU-metric torso lean -0.0 deg (+ = back)
standing solve: nnls x in [0.00, 1.00], >0.1: 19 muscles
  top: add_long_l=1.00, tib_ant_r=0.63, pect_l=0.56, glut_min1_l=0.55, glut_min2_l=0.51, ext_dig_r=0.40, glut_med1_r=0.36, tib_ant_l=0.35
Fmax range: 5..3396 N | L range sample: [0.229942 0.326094]
fitted baseline loaded: e2_pf=0.222 f1_df=0.098 f1_kf=0.148 post_kneext=0.011 post_hipext=0.068 desc_f=1.400 e2_adapt=1.700
start pose (normal.mot): applied 20 coordinates as given; pelvis ty 0.902 m (env override=0.9024279100320864); IMU-metric torso lean -0.0 deg (+ = back)
standing solve: nnls x in [0.00, 1.00], >0.1: 19 muscles
  top: add_long_l=1.00, tib_ant_r=0.63, pect_l=0.56, glut_min1_l=0.55, glut_min2_l=0.50, ext_dig_r=0.40, glut_med1_r=0.36, tib_ant_l=0.36
Fmax range: 5..3396 N | L range sample: [0.229942 0.326094]
fitted baseline loaded: e2_pf=0.222 f1_df=0.098 f1_kf=0.148 post_kneext=0.011 post_hipext=0.068 desc_f=1.400 e2_adapt=1.700
start pose (normal.mot): applied 20 coordinates as given; pelvis ty 0.913 m (env override=0.9130009509930025); IMU-metric torso lean -0.0 deg (+ = back)
standing solve: nnls x in [0.00, 0.93], >0.1: 17 muscles
  top: add_long_l=0.93, tib_ant_r=0.62, glut_min1_l=0.44, pect_l=0.43, tib_ant_l=0.42, glut_min2_l=0.41, ext_dig_r=0.39, glut_med1_r=0.24
Fmax range: 5..3396 N | L range sample: [0.229942 0.326094]
fitted baseline loaded: e2_pf=0.222 f1_df=0.098 f1_kf=0.148 post_kneext=0.011 post_hipext=0.068 desc_f=1.400 e2_adapt=1.700
start pose (normal.mot): applied 20 coordinates as given; pelvis ty 0.885 m (env override=0.8849726150133495); IMU-metric torso lean -0.0 deg (+ = back)
standing solve: nnls x in [0.00, 1.00], >0.1: 23 muscles
  top: tfl_l=1.00, glut_min2_l=0.78, glut_min1_l=0.75, glut_med1_r=0.68, tib_ant_r=0.68, glut_max2_r=0.60, tib_ant_l=0.59, glut_min3_l=0.48
Fmax range: 5..3396 N | L range sample: [0.229942 0.326094]
fitted baseline loaded: e2_pf=0.222 f1_df=0.098 f1_kf=0.148 post_kneext=0.011 post_hipext=0.068 desc_f=1.400 e2_adapt=1.700
start pose (normal.mot): applied 20 coordinates as given; pelvis ty 0.905 m (env override=0.9045246981478503); IMU-metric torso lean -0.0 deg (+ = back)
standing solve: nnls x in [0.00, 1.00], >0.1: 18 muscles
  top: add_long_l=1.00, tib_ant_r=0.63, pect_l=0.53, glut_min1_l=0.53, glut_min2_l=0.48, ext_dig_r=0.40, tib_ant_l=0.37, glut_med1_r=0.34
Fmax range: 5..3396 N | L range sample: [0.229942 0.326094]
fitted baseline loaded: e2_pf=0.222 f1_df=0.098 f1_kf=0.148 post_kneext=0.011 post_hipext=0.068 desc_f=1.400 e2_adapt=1.700
start pose (normal.mot): applied 20 coordinates as given; pelvis ty 0.896 m (env override=0.8961011098611259); IMU-metric torso lean -0.0 deg (+ = back)
standing solve: nnls x in [0.00, 1.00], >0.1: 19 muscles
  top: add_long_l=1.00, tib_ant_r=0.64, pect_l=0.63, glut_min1_l=0.62, glut_min2_l=0.56, glut_med1_r=0.42, ext_dig_r=0.41, glut_max2_r=0.35
Fmax range: 5..3396 N | L range sample: [0.229942 0.326094]
fitted baseline loaded: e2_pf=0.222 f1_df=0.098 f1_kf=0.148 post_kneext=0.011 post_hipext=0.068 desc_f=1.400 e2_adapt=1.700
start pose (normal.mot): applied 20 coordinates as given; pelvis ty 0.904 m (env override=0.904068613583299); IMU-metric torso lean -0.0 deg (+ = back)
standing solve: nnls x in [0.00, 1.00], >0.1: 18 muscles
  top: add_long_l=1.00, tib_ant_r=0.63, glut_min1_l=0.55, pect_l=0.55, glut_min2_l=0.51, ext_dig_r=0.40, tib_ant_l=0.37, glut_med1_r=0.35
Fmax range: 5..3396 N | L range sample: [0.229942 0.326094]
fitted baseline loaded: e2_pf=0.222 f1_df=0.098 f1_kf=0.148 post_kneext=0.011 post_hipext=0.068 desc_f=1.400 e2_adapt=1.700
start pose (normal.mot): applied 20 coordinates as given; pelvis ty 0.887 m (env override=0.886595409157496); IMU-metric torso lean -0.0 deg (+ = back)
standing solve: nnls x in [0.00, 1.00], >0.1: 22 muscles
  top: tfl_l=1.00, glut_min2_l=0.79, glut_min1_l=0.75, tib_ant_r=0.67, glut_med1_r=0.67, glut_max2_r=0.57, tib_ant_l=0.55, glut_min3_l=0.48
Fmax range: 5..3396 N | L range sample: [0.229942 0.326094]
fitted baseline loaded: e2_pf=0.222 f1_df=0.098 f1_kf=0.148 post_kneext=0.011 post_hipext=0.068 desc_f=1.400 e2_adapt=1.700
start pose (normal.mot): applied 20 coordinates as given; pelvis ty 0.900 m (env override=0.8998866611050014); IMU-metric torso lean -0.0 deg (+ = back)
standing solve: nnls x in [0.00, 1.00], >0.1: 19 muscles
  top: add_long_l=1.00, tib_ant_r=0.64, pect_l=0.59, glut_min1_l=0.58, glut_min2_l=0.53, ext_dig_r=0.40, glut_med1_r=0.38, tib_ant_l=0.34
Fmax range: 5..3396 N | L range sample: [0.229942 0.326094]
fitted baseline loaded: e2_pf=0.222 f1_df=0.098 f1_kf=0.148 post_kneext=0.011 post_hipext=0.068 desc_f=1.400 e2_adapt=1.700
start pose (normal.mot): applied 20 coordinates as given; pelvis ty 0.885 m (env override=0.8849654245744111); IMU-metric torso lean -0.0 deg (+ = back)
standing solve: nnls x in [0.00, 1.00], >0.1: 23 muscles
  top: tfl_l=1.00, glut_min2_l=0.79, glut_min1_l=0.75, glut_med1_r=0.69, tib_ant_r=0.68, glut_max2_r=0.60, tib_ant_l=0.59, glut_min3_l=0.49
Fmax range: 5..3396 N | L range sample: [0.229942 0.326094]
fitted baseline loaded: e2_pf=0.222 f1_df=0.098 f1_kf=0.148 post_kneext=0.011 post_hipext=0.068 desc_f=1.400 e2_adapt=1.700
start pose (normal.mot): applied 20 coordinates as given; pelvis ty 0.916 m (env override=0.9163383013458786); IMU-metric torso lean -0.0 deg (+ = back)
standing solve: nnls x in [0.00, 0.83], >0.1: 17 muscles
  top: add_long_l=0.83, tib_ant_r=0.61, tib_ant_l=0.44, glut_min1_l=0.41, pect_l=0.39, ext_dig_r=0.39, glut_min2_l=0.38, ext_dig_l=0.24
Fmax range: 5..3396 N | L range sample: [0.229942 0.326094]
fitted baseline loaded: e2_pf=0.222 f1_df=0.098 f1_kf=0.148 post_kneext=0.011 post_hipext=0.068 desc_f=1.400 e2_adapt=1.700
start pose (normal.mot): applied 20 coordinates as given; pelvis ty 0.908 m (env override=0.9081156302728265); IMU-metric torso lean -0.0 deg (+ = back)
standing solve: nnls x in [0.00, 1.00], >0.1: 18 muscles
  top: add_long_l=1.00, tib_ant_r=0.62, glut_min1_l=0.51, pect_l=0.50, glut_min2_l=0.47, ext_dig_r=0.40, tib_ant_l=0.39, glut_med1_r=0.30
Fmax range: 5..3396 N | L range sample: [0.229942 0.326094]
fitted baseline loaded: e2_pf=0.222 f1_df=0.098 f1_kf=0.148 post_kneext=0.011 post_hipext=0.068 desc_f=1.400 e2_adapt=1.700
start pose (normal.mot): applied 20 coordinates as given; pelvis ty 0.884 m (env override=0.8842448869878559); IMU-metric torso lean -0.0 deg (+ = back)
standing solve: nnls x in [0.00, 1.00], >0.1: 23 muscles
  top: tfl_l=1.00, glut_min2_l=0.81, glut_min1_l=0.78, glut_med1_r=0.69, tib_ant_r=0.68, glut_max2_r=0.60, tib_ant_l=0.59, glut_min3_l=0.51
Fmax range: 5..3396 N | L range sample: [0.229942 0.326094]
fitted baseline loaded: e2_pf=0.222 f1_df=0.098 f1_kf=0.148 post_kneext=0.011 post_hipext=0.068 desc_f=1.400 e2_adapt=1.700
start pose (normal.mot): applied 20 coordinates as given; pelvis ty 0.905 m (env override=0.9045976892138813); IMU-metric torso lean -0.0 deg (+ = back)
standing solve: nnls x in [0.00, 1.00], >0.1: 18 muscles
  top: add_long_l=1.00, tib_ant_r=0.63, glut_min1_l=0.55, pect_l=0.54, glut_min2_l=0.51, ext_dig_r=0.40, tib_ant_l=0.37, glut_med1_r=0.34
Fmax range: 5..3396 N | L range sample: [0.229942 0.326094]
fitted baseline loaded: e2_pf=0.222 f1_df=0.098 f1_kf=0.148 post_kneext=0.011 post_hipext=0.068 desc_f=1.400 e2_adapt=1.700
start pose (normal.mot): applied 20 coordinates as given; pelvis ty 0.908 m (env override=0.9077556715012909); IMU-metric torso lean -0.0 deg (+ = back)
standing solve: nnls x in [0.00, 1.00], >0.1: 18 muscles
  top: add_long_l=1.00, tib_ant_r=0.62, glut_min1_l=0.49, pect_l=0.49, glut_min2_l=0.45, ext_dig_r=0.39, tib_ant_l=0.39, glut_med1_r=0.30
Fmax range: 5..3396 N | L range sample: [0.229942 0.326094]
fitted baseline loaded: e2_pf=0.222 f1_df=0.098 f1_kf=0.148 post_kneext=0.011 post_hipext=0.068 desc_f=1.400 e2_adapt=1.700
start pose (normal.mot): applied 20 coordinates as given; pelvis ty 0.894 m (env override=0.8941401235370888); IMU-metric torso lean -0.0 deg (+ = back)
standing solve: nnls x in [0.00, 1.00], >0.1: 20 muscles
  top: add_long_l=1.00, pect_l=0.65, tib_ant_r=0.65, glut_min1_l=0.63, glut_min2_l=0.57, glut_med1_r=0.43, ext_dig_r=0.42, glut_max2_r=0.36
Fmax range: 5..3396 N | L range sample: [0.229942 0.326094]
fitted baseline loaded: e2_pf=0.222 f1_df=0.098 f1_kf=0.148 post_kneext=0.011 post_hipext=0.068 desc_f=1.400 e2_adapt=1.700
start pose (normal.mot): applied 20 coordinates as given; pelvis ty 0.888 m (env override=0.8876103729554242); IMU-metric torso lean -0.0 deg (+ = back)
standing solve: nnls x in [0.00, 1.00], >0.1: 23 muscles
  top: add_long_l=1.00, tfl_l=0.87, glut_min1_l=0.75, glut_min2_l=0.72, tib_ant_r=0.67, glut_med1_r=0.66, pect_l=0.59, glut_max2_r=0.55
Fmax range: 5..3396 N | L range sample: [0.229942 0.326094]
fitted baseline loaded: e2_pf=0.222 f1_df=0.098 f1_kf=0.148 post_kneext=0.011 post_hipext=0.068 desc_f=1.400 e2_adapt=1.700
start pose (normal.mot): applied 20 coordinates as given; pelvis ty 0.885 m (env override=0.8850744315309172); IMU-metric torso lean -0.0 deg (+ = back)
standing solve: nnls x in [0.00, 1.00], >0.1: 23 muscles
  top: tfl_l=1.00, glut_min2_l=0.79, glut_min1_l=0.75, glut_med1_r=0.68, tib_ant_r=0.68, glut_max2_r=0.59, tib_ant_l=0.59, glut_min3_l=0.49
Fmax range: 5..3396 N | L range sample: [0.229942 0.326094]
fitted baseline loaded: e2_pf=0.222 f1_df=0.098 f1_kf=0.148 post_kneext=0.011 post_hipext=0.068 desc_f=1.400 e2_adapt=1.700
start pose (normal.mot): applied 20 coordinates as given; pelvis ty 0.905 m (env override=0.9054149705683409); IMU-metric torso lean -0.0 deg (+ = back)
standing solve: nnls x in [0.00, 1.00], >0.1: 19 muscles
  top: add_long_l=1.00, tib_ant_r=0.63, glut_min1_l=0.55, pect_l=0.54, glut_min2_l=0.51, ext_dig_r=0.40, tib_ant_l=0.38, glut_med1_r=0.34
Fmax range: 5..3396 N | L range sample: [0.229942 0.326094]
fitted baseline loaded: e2_pf=0.222 f1_df=0.098 f1_kf=0.148 post_kneext=0.011 post_hipext=0.068 desc_f=1.400 e2_adapt=1.700
start pose (normal.mot): applied 20 coordinates as given; pelvis ty 0.895 m (env override=0.8954858908595059); IMU-metric torso lean -0.0 deg (+ = back)
standing solve: nnls x in [0.00, 1.00], >0.1: 20 muscles
  top: add_long_l=1.00, tib_ant_r=0.64, pect_l=0.64, glut_min1_l=0.62, glut_min2_l=0.57, glut_med1_r=0.42, ext_dig_r=0.42, glut_max2_r=0.35
Fmax range: 5..3396 N | L range sample: [0.229942 0.326094]
fitted baseline loaded: e2_pf=0.222 f1_df=0.098 f1_kf=0.148 post_kneext=0.011 post_hipext=0.068 desc_f=1.400 e2_adapt=1.700
start pose (normal.mot): applied 20 coordinates as given; pelvis ty 0.897 m (env override=0.8968148934645522); IMU-metric torso lean -0.0 deg (+ = back)
standing solve: nnls x in [0.00, 1.00], >0.1: 19 muscles
  top: add_long_l=1.00, tib_ant_r=0.64, pect_l=0.63, glut_min1_l=0.61, glut_min2_l=0.56, ext_dig_r=0.41, glut_med1_r=0.41, glut_max2_r=0.34
Fmax range: 5..3396 N | L range sample: [0.229942 0.326094]
fitted baseline loaded: e2_pf=0.222 f1_df=0.098 f1_kf=0.148 post_kneext=0.011 post_hipext=0.068 desc_f=1.400 e2_adapt=1.700
start pose (normal.mot): applied 20 coordinates as given; pelvis ty 0.890 m (env override=0.8897862934035762); IMU-metric torso lean -0.0 deg (+ = back)
standing solve: nnls x in [0.00, 1.00], >0.1: 21 muscles
  top: add_long_l=1.00, glut_min1_l=0.73, glut_min2_l=0.70, tib_ant_r=0.66, glut_med1_r=0.64, tfl_l=0.59, pect_l=0.57, glut_max2_r=0.54
Fmax range: 5..3396 N | L range sample: [0.229942 0.326094]
fitted baseline loaded: e2_pf=0.222 f1_df=0.098 f1_kf=0.148 post_kneext=0.011 post_hipext=0.068 desc_f=1.400 e2_adapt=1.700
start pose (normal.mot): applied 20 coordinates as given; pelvis ty 0.892 m (env override=0.8917340770526855); IMU-metric torso lean -0.0 deg (+ = back)
standing solve: nnls x in [0.00, 1.00], >0.1: 20 muscles
  top: add_long_l=1.00, pect_l=0.68, tib_ant_r=0.66, glut_min1_l=0.65, glut_min2_l=0.59, glut_med1_r=0.58, glut_max2_r=0.49, ext_dig_r=0.43
Fmax range: 5..3396 N | L range sample: [0.229942 0.326094]
fitted baseline loaded: e2_pf=0.222 f1_df=0.098 f1_kf=0.148 post_kneext=0.011 post_hipext=0.068 desc_f=1.400 e2_adapt=1.700
start pose (normal.mot): applied 20 coordinates as given; pelvis ty 0.892 m (env override=0.8915443961051186); IMU-metric torso lean -0.0 deg (+ = back)
standing solve: nnls x in [0.00, 1.00], >0.1: 20 muscles
  top: add_long_l=1.00, pect_l=0.68, tib_ant_r=0.66, glut_min1_l=0.65, glut_med1_r=0.62, glut_min2_l=0.59, glut_max2_r=0.54, ext_dig_r=0.43
Fmax range: 5..3396 N | L range sample: [0.229942 0.326094]
fitted baseline loaded: e2_pf=0.222 f1_df=0.098 f1_kf=0.148 post_kneext=0.011 post_hipext=0.068 desc_f=1.400 e2_adapt=1.700
start pose (normal.mot): applied 20 coordinates as given; pelvis ty 0.887 m (env override=0.8872574801668328); IMU-metric torso lean -0.0 deg (+ = back)
standing solve: nnls x in [0.00, 1.00], >0.1: 23 muscles
  top: add_long_l=1.00, tfl_l=0.88, glut_min1_l=0.75, glut_min2_l=0.71, tib_ant_r=0.67, glut_med1_r=0.67, pect_l=0.59, glut_max2_r=0.55
Fmax range: 5..3396 N | L range sample: [0.229942 0.326094]
fitted baseline loaded: e2_pf=0.222 f1_df=0.098 f1_kf=0.148 post_kneext=0.011 post_hipext=0.068 desc_f=1.400 e2_adapt=1.700
start pose (normal.mot): applied 20 coordinates as given; pelvis ty 0.902 m (env override=0.9024086878652087); IMU-metric torso lean -0.0 deg (+ = back)
standing solve: nnls x in [0.00, 1.00], >0.1: 18 muscles
  top: add_long_l=1.00, tib_ant_r=0.63, glut_min1_l=0.57, pect_l=0.57, glut_min2_l=0.52, ext_dig_r=0.40, glut_med1_r=0.36, tib_ant_l=0.36
Fmax range: 5..3396 N | L range sample: [0.229942 0.326094]
fitted baseline loaded: e2_pf=0.222 f1_df=0.098 f1_kf=0.148 post_kneext=0.011 post_hipext=0.068 desc_f=1.400 e2_adapt=1.700
start pose (normal.mot): applied 20 coordinates as given; pelvis ty 0.897 m (env override=0.8965936558522832); IMU-metric torso lean -0.0 deg (+ = back)
standing solve: nnls x in [0.00, 1.00], >0.1: 19 muscles
  top: add_long_l=1.00, tib_ant_r=0.64, pect_l=0.62, glut_min1_l=0.61, glut_min2_l=0.55, glut_med1_r=0.41, ext_dig_r=0.41, glut_max2_r=0.35
Fmax range: 5..3396 N | L range sample: [0.229942 0.326094]
fitted baseline loaded: e2_pf=0.222 f1_df=0.098 f1_kf=0.148 post_kneext=0.011 post_hipext=0.068 desc_f=1.400 e2_adapt=1.700
start pose (normal.mot): applied 20 coordinates as given; pelvis ty 0.898 m (env override=0.8981902745267217); IMU-metric torso lean -0.0 deg (+ = back)
standing solve: nnls x in [0.00, 1.00], >0.1: 19 muscles
  top: add_long_l=1.00, tib_ant_r=0.64, pect_l=0.61, glut_min1_l=0.59, glut_min2_l=0.54, ext_dig_r=0.41, glut_med1_r=0.40, glut_max2_r=0.34
Fmax range: 5..3396 N | L range sample: [0.229942 0.326094]
fitted baseline loaded: e2_pf=0.222 f1_df=0.098 f1_kf=0.148 post_kneext=0.011 post_hipext=0.068 desc_f=1.400 e2_adapt=1.700
start pose (normal.mot): applied 20 coordinates as given; pelvis ty 0.895 m (env override=0.8952826373021391); IMU-metric torso lean -0.0 deg (+ = back)
standing solve: nnls x in [0.00, 1.00], >0.1: 19 muscles
  top: add_long_l=1.00, tib_ant_r=0.64, pect_l=0.64, glut_min1_l=0.62, glut_min2_l=0.56, glut_med1_r=0.42, ext_dig_r=0.41, glut_max2_r=0.36
Fmax range: 5..3396 N | L range sample: [0.229942 0.326094]
fitted baseline loaded: e2_pf=0.222 f1_df=0.098 f1_kf=0.148 post_kneext=0.011 post_hipext=0.068 desc_f=1.400 e2_adapt=1.700
start pose (normal.mot): applied 20 coordinates as given; pelvis ty 0.900 m (env override=0.8996810683038692); IMU-metric torso lean -0.0 deg (+ = back)
standing solve: nnls x in [0.00, 1.00], >0.1: 19 muscles
  top: add_long_l=1.00, tib_ant_r=0.64, pect_l=0.60, glut_min1_l=0.59, glut_min2_l=0.54, ext_dig_r=0.41, glut_med1_r=0.39, tib_ant_l=0.34
Fmax range: 5..3396 N | L range sample: [0.229942 0.326094]
fitted baseline loaded: e2_pf=0.222 f1_df=0.098 f1_kf=0.148 post_kneext=0.011 post_hipext=0.068 desc_f=1.400 e2_adapt=1.700
start pose (normal.mot): applied 20 coordinates as given; pelvis ty 0.892 m (env override=0.8921033724696442); IMU-metric torso lean -0.0 deg (+ = back)
standing solve: nnls x in [0.00, 1.00], >0.1: 20 muscles
  top: add_long_l=1.00, pect_l=0.68, tib_ant_r=0.66, glut_min1_l=0.65, glut_min2_l=0.60, glut_med1_r=0.58, glut_max2_r=0.49, ext_dig_r=0.43
Fmax range: 5..3396 N | L range sample: [0.229942 0.326094]
fitted baseline loaded: e2_pf=0.222 f1_df=0.098 f1_kf=0.148 post_kneext=0.011 post_hipext=0.068 desc_f=1.400 e2_adapt=1.700
start pose (normal.mot): applied 20 coordinates as given; pelvis ty 0.894 m (env override=0.8941633127404105); IMU-metric torso lean -0.0 deg (+ = back)
standing solve: nnls x in [0.00, 1.00], >0.1: 19 muscles
  top: add_long_l=1.00, pect_l=0.65, tib_ant_r=0.65, glut_min1_l=0.63, glut_min2_l=0.57, glut_med1_r=0.43, ext_dig_r=0.42, glut_max2_r=0.36
Fmax range: 5..3396 N | L range sample: [0.229942 0.326094]
fitted baseline loaded: e2_pf=0.222 f1_df=0.098 f1_kf=0.148 post_kneext=0.011 post_hipext=0.068 desc_f=1.400 e2_adapt=1.700
start pose (normal.mot): applied 20 coordinates as given; pelvis ty 0.892 m (env override=0.8921900082170358); IMU-metric torso lean -0.0 deg (+ = back)
standing solve: nnls x in [0.00, 1.00], >0.1: 20 muscles
  top: add_long_l=1.00, pect_l=0.68, glut_min1_l=0.67, tib_ant_r=0.66, glut_min2_l=0.62, glut_med1_r=0.58, glut_max2_r=0.48, ext_dig_r=0.44
Fmax range: 5..3396 N | L range sample: [0.229942 0.326094]
fitted baseline loaded: e2_pf=0.222 f1_df=0.098 f1_kf=0.148 post_kneext=0.011 post_hipext=0.068 desc_f=1.400 e2_adapt=1.700
start pose (normal.mot): applied 20 coordinates as given; pelvis ty 0.900 m (env override=0.9004362228598728); IMU-metric torso lean -0.0 deg (+ = back)
standing solve: nnls x in [0.00, 1.00], >0.1: 19 muscles
  top: add_long_l=1.00, tib_ant_r=0.64, pect_l=0.59, glut_min1_l=0.58, glut_min2_l=0.53, ext_dig_r=0.41, glut_med1_r=0.38, tib_ant_l=0.34
Fmax range: 5..3396 N | L range sample: [0.229942 0.326094]
fitted baseline loaded: e2_pf=0.222 f1_df=0.098 f1_kf=0.148 post_kneext=0.011 post_hipext=0.068 desc_f=1.400 e2_adapt=1.700
start pose (normal.mot): applied 20 coordinates as given; pelvis ty 0.896 m (env override=0.895692672586183); IMU-metric torso lean -0.0 deg (+ = back)
standing solve: nnls x in [0.00, 1.00], >0.1: 19 muscles
  top: add_long_l=1.00, tib_ant_r=0.64, pect_l=0.63, glut_min1_l=0.61, glut_min2_l=0.56, glut_med1_r=0.42, ext_dig_r=0.41, glut_max2_r=0.36
Fmax range: 5..3396 N | L range sample: [0.229942 0.326094]
fitted baseline loaded: e2_pf=0.222 f1_df=0.098 f1_kf=0.148 post_kneext=0.011 post_hipext=0.068 desc_f=1.400 e2_adapt=1.700
start pose (normal.mot): applied 20 coordinates as given; pelvis ty 0.895 m (env override=0.8952987960685606); IMU-metric torso lean -0.0 deg (+ = back)
standing solve: nnls x in [0.00, 1.00], >0.1: 19 muscles
  top: add_long_l=1.00, tib_ant_r=0.64, pect_l=0.64, glut_min1_l=0.61, glut_min2_l=0.55, glut_med1_r=0.42, ext_dig_r=0.41, glut_max2_r=0.36
Fmax range: 5..3396 N | L range sample: [0.229942 0.326094]
== stage 3 best -191.807 (trial 0)
{
 "drive": 3.373428822245911,
 "rg_nap_h": 0.8632601119532244,
 "desc_e": 1.6019069439220806,
 "desc_f": 1.8273473474211592,
 "rg_to_pf": 1.9385061846977925,
 "heel_rge": 0.3342378944880181,
 "toe_rge": 0.058502509277121376,
 "ib_e_central": 0.2944048897584659,
 "ia_f_central": 0.3989141965583044,
 "ii_f_central": 0.44622489631477386,
 "ii_e_central": 0.3629081881710786,
 "c1_gain": 0.6573782621539036,
 "v3_gain": 0.12046306959301052,
 "ib_rge": 0.840358513631796,
 "ia_in": 0.6139998449136519,
 "ia_f_contra_f": 0.9385037056917265,
 "v3_to_ibexc": 0.023328586432641407,
 "ankle_post_walk_trim": 0.45050633467563117,
 "contact_onset": 0.5929781560039806,
 "pelvis_ty": 0.8946395974063323,
 "f1_anklepf_inh": 0.10594555165342959,
 "pf_gain": 0.7027004054116289,
 "contra_swing": 0.9416514185402798,
 "contra_kinh": 0.5
}
saved curriculum_stage3.json
=== s3e DONE Mon 09/21/2026  3:50:39.76 === 
