=== s3c chain start Sun 09/20/2026 21:35:03.57 === 
seeded {"drive": 3.6194487165649596, "rg_nap_h": 0.1770373790191373, "desc_e": 1.7791468583161563, "desc_f": 1.8683148677469954, "rg_to_pf": 2.9981691371437287, "heel_rge": 0.010833462853467965, "toe_rge": 0.050727369210509556, "ib_e_central": 0.05111082226531507, "ia_f_central": 0.03261989124276878, "ii_f_central": 0.03074161701671729, "ii_e_central": 0.005652941799319926, "c1_gain": 0.4202113638107243, "v3_gain": 0.007126523087341269, "ib_rge": 0.0009832572014333992, "ia_in": 0.04961081009523999, "ia_f_contra_f": 0.26581014840500344, "v3_to_ibexc": 0.10751631314688109, "ankle_post_walk_trim": 0.15818031975668925, "contact_onset": 0.05276725149805625, "pelvis_ty": 0.905, "f1_anklepf_inh": 0.3}
fitted baseline loaded: e2_pf=0.222 f1_df=0.098 f1_kf=0.148 post_kneext=0.011 post_hipext=0.068 desc_f=1.400 e2_adapt=1.700
start pose (normal.mot): applied 20 coordinates as given; pelvis ty 0.905 m (env override=0.905); IMU-metric torso lean -0.0 deg (+ = back)
standing solve: nnls x in [0.00, 1.00], >0.1: 18 muscles
  top: add_long_l=1.00, tib_ant_r=0.63, pect_l=0.53, glut_min1_l=0.53, glut_min2_l=0.48, ext_dig_r=0.40, tib_ant_l=0.37, glut_med1_r=0.33
Fmax range: 5..3396 N | L range sample: [0.229942 0.326094]
fitted baseline loaded: e2_pf=0.222 f1_df=0.098 f1_kf=0.148 post_kneext=0.011 post_hipext=0.068 desc_f=1.400 e2_adapt=1.700
start pose (normal.mot): applied 20 coordinates as given; pelvis ty 0.925 m (env override=0.9246723801847451); IMU-metric torso lean -0.0 deg (+ = back)
standing solve: nnls x in [0.00, 0.60], >0.1: 12 muscles
  top: tib_ant_r=0.60, add_long_l=0.55, tib_ant_l=0.49, ext_dig_r=0.37, ext_dig_l=0.27, glut_min1_l=0.26, pect_l=0.25, glut_min2_l=0.24
Fmax range: 5..3396 N | L range sample: [0.229942 0.326094]
fitted baseline loaded: e2_pf=0.222 f1_df=0.098 f1_kf=0.148 post_kneext=0.011 post_hipext=0.068 desc_f=1.400 e2_adapt=1.700
start pose (normal.mot): applied 20 coordinates as given; pelvis ty 0.900 m (env override=0.9001109207290385); IMU-metric torso lean -0.0 deg (+ = back)
standing solve: nnls x in [0.00, 1.00], >0.1: 19 muscles
  top: add_long_l=1.00, tib_ant_r=0.64, pect_l=0.59, glut_min1_l=0.57, glut_min2_l=0.53, ext_dig_r=0.40, glut_med1_r=0.38, tib_ant_l=0.34
Fmax range: 5..3396 N | L range sample: [0.229942 0.326094]
fitted baseline loaded: e2_pf=0.222 f1_df=0.098 f1_kf=0.148 post_kneext=0.011 post_hipext=0.068 desc_f=1.400 e2_adapt=1.700
start pose (normal.mot): applied 20 coordinates as given; pelvis ty 0.924 m (env override=0.923979454585606); IMU-metric torso lean -0.0 deg (+ = back)
standing solve: nnls x in [0.00, 0.61], >0.1: 12 muscles
  top: tib_ant_r=0.61, add_long_l=0.57, tib_ant_l=0.48, ext_dig_r=0.37, glut_min1_l=0.27, ext_dig_l=0.26, pect_l=0.26, glut_min2_l=0.25
Fmax range: 5..3396 N | L range sample: [0.229942 0.326094]
fitted baseline loaded: e2_pf=0.222 f1_df=0.098 f1_kf=0.148 post_kneext=0.011 post_hipext=0.068 desc_f=1.400 e2_adapt=1.700
start pose (normal.mot): applied 20 coordinates as given; pelvis ty 0.897 m (env override=0.8971916711864666); IMU-metric torso lean -0.0 deg (+ = back)
standing solve: nnls x in [0.00, 1.00], >0.1: 19 muscles
  top: add_long_l=1.00, tib_ant_r=0.64, pect_l=0.62, glut_min1_l=0.60, glut_min2_l=0.55, ext_dig_r=0.41, glut_med1_r=0.41, glut_max2_r=0.35
Fmax range: 5..3396 N | L range sample: [0.229942 0.326094]
fitted baseline loaded: e2_pf=0.222 f1_df=0.098 f1_kf=0.148 post_kneext=0.011 post_hipext=0.068 desc_f=1.400 e2_adapt=1.700
start pose (normal.mot): applied 20 coordinates as given; pelvis ty 0.927 m (env override=0.9272096522899658); IMU-metric torso lean -0.0 deg (+ = back)
standing solve: nnls x in [0.00, 0.60], >0.1: 12 muscles
  top: tib_ant_r=0.60, tib_ant_l=0.50, add_long_l=0.47, ext_dig_r=0.37, ext_dig_l=0.28, glut_min1_l=0.22, pect_l=0.21, glut_min2_l=0.20
Fmax range: 5..3396 N | L range sample: [0.229942 0.326094]
fitted baseline loaded: e2_pf=0.222 f1_df=0.098 f1_kf=0.148 post_kneext=0.011 post_hipext=0.068 desc_f=1.400 e2_adapt=1.700
start pose (normal.mot): applied 20 coordinates as given; pelvis ty 0.916 m (env override=0.9155899806686323); IMU-metric torso lean -0.0 deg (+ = back)
standing solve: nnls x in [0.00, 0.85], >0.1: 17 muscles
  top: add_long_l=0.85, tib_ant_r=0.61, tib_ant_l=0.44, glut_min1_l=0.40, pect_l=0.39, ext_dig_r=0.38, glut_min2_l=0.37, ext_dig_l=0.23
Fmax range: 5..3396 N | L range sample: [0.229942 0.326094]
fitted baseline loaded: e2_pf=0.222 f1_df=0.098 f1_kf=0.148 post_kneext=0.011 post_hipext=0.068 desc_f=1.400 e2_adapt=1.700
start pose (normal.mot): applied 20 coordinates as given; pelvis ty 0.919 m (env override=0.9193447793276628); IMU-metric torso lean -0.0 deg (+ = back)
standing solve: nnls x in [0.00, 0.73], >0.1: 14 muscles
  top: add_long_l=0.73, tib_ant_r=0.61, tib_ant_l=0.46, ext_dig_r=0.38, glut_min1_l=0.34, pect_l=0.33, glut_min2_l=0.32, ext_dig_l=0.25
Fmax range: 5..3396 N | L range sample: [0.229942 0.326094]
fitted baseline loaded: e2_pf=0.222 f1_df=0.098 f1_kf=0.148 post_kneext=0.011 post_hipext=0.068 desc_f=1.400 e2_adapt=1.700
start pose (normal.mot): applied 20 coordinates as given; pelvis ty 0.891 m (env override=0.8907772614784598); IMU-metric torso lean -0.0 deg (+ = back)
standing solve: nnls x in [0.00, 1.00], >0.1: 20 muscles
  top: add_long_l=1.00, pect_l=0.68, tib_ant_r=0.66, glut_min1_l=0.64, glut_med1_r=0.62, glut_min2_l=0.58, glut_max2_r=0.55, ext_dig_r=0.43
Fmax range: 5..3396 N | L range sample: [0.229942 0.326094]
fitted baseline loaded: e2_pf=0.222 f1_df=0.098 f1_kf=0.148 post_kneext=0.011 post_hipext=0.068 desc_f=1.400 e2_adapt=1.700
start pose (normal.mot): applied 20 coordinates as given; pelvis ty 0.909 m (env override=0.9088508405923715); IMU-metric torso lean -0.0 deg (+ = back)
standing solve: nnls x in [0.00, 1.00], >0.1: 18 muscles
  top: add_long_l=1.00, tib_ant_r=0.62, glut_min1_l=0.48, pect_l=0.48, glut_min2_l=0.45, tib_ant_l=0.40, ext_dig_r=0.39, glut_med1_r=0.29
Fmax range: 5..3396 N | L range sample: [0.229942 0.326094]
fitted baseline loaded: e2_pf=0.222 f1_df=0.098 f1_kf=0.148 post_kneext=0.011 post_hipext=0.068 desc_f=1.400 e2_adapt=1.700
start pose (normal.mot): applied 20 coordinates as given; pelvis ty 0.920 m (env override=0.9200028448730475); IMU-metric torso lean -0.0 deg (+ = back)
standing solve: nnls x in [0.00, 0.70], >0.1: 14 muscles
  top: add_long_l=0.70, tib_ant_r=0.61, tib_ant_l=0.46, ext_dig_r=0.37, glut_min1_l=0.33, pect_l=0.32, glut_min2_l=0.31, ext_dig_l=0.25
Fmax range: 5..3396 N | L range sample: [0.229942 0.326094]
fitted baseline loaded: e2_pf=0.222 f1_df=0.098 f1_kf=0.148 post_kneext=0.011 post_hipext=0.068 desc_f=1.400 e2_adapt=1.700
start pose (normal.mot): applied 20 coordinates as given; pelvis ty 0.906 m (env override=0.9061415110012787); IMU-metric torso lean -0.0 deg (+ = back)
standing solve: nnls x in [0.00, 1.00], >0.1: 18 muscles
  top: add_long_l=1.00, tib_ant_r=0.63, pect_l=0.52, glut_min1_l=0.52, glut_min2_l=0.47, ext_dig_r=0.39, tib_ant_l=0.38, glut_med1_r=0.32
Fmax range: 5..3396 N | L range sample: [0.229942 0.326094]
fitted baseline loaded: e2_pf=0.222 f1_df=0.098 f1_kf=0.148 post_kneext=0.011 post_hipext=0.068 desc_f=1.400 e2_adapt=1.700
start pose (normal.mot): applied 20 coordinates as given; pelvis ty 0.908 m (env override=0.9078075653496132); IMU-metric torso lean -0.0 deg (+ = back)
standing solve: nnls x in [0.00, 1.00], >0.1: 18 muscles
  top: add_long_l=1.00, tib_ant_r=0.62, glut_min1_l=0.50, pect_l=0.49, glut_min2_l=0.46, ext_dig_r=0.39, tib_ant_l=0.39, glut_med1_r=0.30
Fmax range: 5..3396 N | L range sample: [0.229942 0.326094]
fitted baseline loaded: e2_pf=0.222 f1_df=0.098 f1_kf=0.148 post_kneext=0.011 post_hipext=0.068 desc_f=1.400 e2_adapt=1.700
start pose (normal.mot): applied 20 coordinates as given; pelvis ty 0.889 m (env override=0.8893106722788515); IMU-metric torso lean -0.0 deg (+ = back)
standing solve: nnls x in [0.00, 1.00], >0.1: 21 muscles
  top: add_long_l=1.00, glut_min1_l=0.70, tfl_l=0.69, glut_min2_l=0.67, tib_ant_r=0.66, glut_med1_r=0.64, glut_max2_r=0.56, pect_l=0.56
Fmax range: 5..3396 N | L range sample: [0.229942 0.326094]
fitted baseline loaded: e2_pf=0.222 f1_df=0.098 f1_kf=0.148 post_kneext=0.011 post_hipext=0.068 desc_f=1.400 e2_adapt=1.700
start pose (normal.mot): applied 20 coordinates as given; pelvis ty 0.911 m (env override=0.9109946138978859); IMU-metric torso lean -0.0 deg (+ = back)
standing solve: nnls x in [0.00, 0.99], >0.1: 17 muscles
  top: add_long_l=0.99, tib_ant_r=0.62, glut_min1_l=0.46, pect_l=0.45, glut_min2_l=0.42, tib_ant_l=0.41, ext_dig_r=0.39, glut_med1_r=0.27
Fmax range: 5..3396 N | L range sample: [0.229942 0.326094]
fitted baseline loaded: e2_pf=0.222 f1_df=0.098 f1_kf=0.148 post_kneext=0.011 post_hipext=0.068 desc_f=1.400 e2_adapt=1.700
start pose (normal.mot): applied 20 coordinates as given; pelvis ty 0.926 m (env override=0.9255496068009265); IMU-metric torso lean -0.0 deg (+ = back)
standing solve: nnls x in [0.00, 0.60], >0.1: 12 muscles
  top: tib_ant_r=0.60, add_long_l=0.52, tib_ant_l=0.49, ext_dig_r=0.37, ext_dig_l=0.27, glut_min1_l=0.24, pect_l=0.24, glut_min2_l=0.23
Fmax range: 5..3396 N | L range sample: [0.229942 0.326094]
fitted baseline loaded: e2_pf=0.222 f1_df=0.098 f1_kf=0.148 post_kneext=0.011 post_hipext=0.068 desc_f=1.400 e2_adapt=1.700
start pose (normal.mot): applied 20 coordinates as given; pelvis ty 0.902 m (env override=0.9023065433695173); IMU-metric torso lean -0.0 deg (+ = back)
standing solve: nnls x in [0.00, 1.00], >0.1: 19 muscles
  top: add_long_l=1.00, tib_ant_r=0.63, pect_l=0.56, glut_min1_l=0.55, glut_min2_l=0.51, ext_dig_r=0.40, glut_med1_r=0.36, tib_ant_l=0.36
Fmax range: 5..3396 N | L range sample: [0.229942 0.326094]
fitted baseline loaded: e2_pf=0.222 f1_df=0.098 f1_kf=0.148 post_kneext=0.011 post_hipext=0.068 desc_f=1.400 e2_adapt=1.700
start pose (normal.mot): applied 20 coordinates as given; pelvis ty 0.914 m (env override=0.9141579794207753); IMU-metric torso lean -0.0 deg (+ = back)
standing solve: nnls x in [0.00, 0.89], >0.1: 17 muscles
  top: add_long_l=0.89, tib_ant_r=0.62, tib_ant_l=0.43, glut_min1_l=0.42, pect_l=0.41, glut_min2_l=0.39, ext_dig_r=0.38, glut_med1_r=0.23
Fmax range: 5..3396 N | L range sample: [0.229942 0.326094]
fitted baseline loaded: e2_pf=0.222 f1_df=0.098 f1_kf=0.148 post_kneext=0.011 post_hipext=0.068 desc_f=1.400 e2_adapt=1.700
start pose (normal.mot): applied 20 coordinates as given; pelvis ty 0.918 m (env override=0.917756959316739); IMU-metric torso lean -0.0 deg (+ = back)
standing solve: nnls x in [0.00, 0.78], >0.1: 14 muscles
  top: add_long_l=0.78, tib_ant_r=0.61, tib_ant_l=0.45, ext_dig_r=0.38, glut_min1_l=0.37, pect_l=0.36, glut_min2_l=0.34, ext_dig_l=0.24
Fmax range: 5..3396 N | L range sample: [0.229942 0.326094]
fitted baseline loaded: e2_pf=0.222 f1_df=0.098 f1_kf=0.148 post_kneext=0.011 post_hipext=0.068 desc_f=1.400 e2_adapt=1.700
start pose (normal.mot): applied 20 coordinates as given; pelvis ty 0.907 m (env override=0.9068651194676228); IMU-metric torso lean -0.0 deg (+ = back)
standing solve: nnls x in [0.00, 1.00], >0.1: 18 muscles
  top: add_long_l=1.00, tib_ant_r=0.63, glut_min1_l=0.51, pect_l=0.51, glut_min2_l=0.47, ext_dig_r=0.39, tib_ant_l=0.38, glut_med1_r=0.31
Fmax range: 5..3396 N | L range sample: [0.229942 0.326094]
fitted baseline loaded: e2_pf=0.222 f1_df=0.098 f1_kf=0.148 post_kneext=0.011 post_hipext=0.068 desc_f=1.400 e2_adapt=1.700
start pose (normal.mot): applied 20 coordinates as given; pelvis ty 0.926 m (env override=0.9257975764982507); IMU-metric torso lean -0.0 deg (+ = back)
standing solve: nnls x in [0.00, 0.60], >0.1: 12 muscles
  top: tib_ant_r=0.60, add_long_l=0.51, tib_ant_l=0.49, ext_dig_r=0.37, ext_dig_l=0.27, glut_min1_l=0.24, pect_l=0.23, glut_min2_l=0.22
Fmax range: 5..3396 N | L range sample: [0.229942 0.326094]
fitted baseline loaded: e2_pf=0.222 f1_df=0.098 f1_kf=0.148 post_kneext=0.011 post_hipext=0.068 desc_f=1.400 e2_adapt=1.700
start pose (normal.mot): applied 20 coordinates as given; pelvis ty 0.922 m (env override=0.9217776913952433); IMU-metric torso lean -0.0 deg (+ = back)
standing solve: nnls x in [0.00, 0.65], >0.1: 13 muscles
  top: add_long_l=0.65, tib_ant_r=0.61, tib_ant_l=0.47, ext_dig_r=0.37, glut_min1_l=0.31, pect_l=0.30, glut_min2_l=0.28, ext_dig_l=0.26
Fmax range: 5..3396 N | L range sample: [0.229942 0.326094]
fitted baseline loaded: e2_pf=0.222 f1_df=0.098 f1_kf=0.148 post_kneext=0.011 post_hipext=0.068 desc_f=1.400 e2_adapt=1.700
start pose (normal.mot): applied 20 coordinates as given; pelvis ty 0.901 m (env override=0.9014643399099473); IMU-metric torso lean -0.0 deg (+ = back)
standing solve: nnls x in [0.00, 1.00], >0.1: 19 muscles
  top: add_long_l=1.00, tib_ant_r=0.63, pect_l=0.57, glut_min1_l=0.56, glut_min2_l=0.52, ext_dig_r=0.40, glut_med1_r=0.37, tib_ant_l=0.35
Fmax range: 5..3396 N | L range sample: [0.229942 0.326094]
fitted baseline loaded: e2_pf=0.222 f1_df=0.098 f1_kf=0.148 post_kneext=0.011 post_hipext=0.068 desc_f=1.400 e2_adapt=1.700
start pose (normal.mot): applied 20 coordinates as given; pelvis ty 0.911 m (env override=0.9110264276318738); IMU-metric torso lean -0.0 deg (+ = back)
standing solve: nnls x in [0.00, 0.99], >0.1: 17 muscles
  top: add_long_l=0.99, tib_ant_r=0.62, glut_min1_l=0.46, pect_l=0.45, glut_min2_l=0.42, tib_ant_l=0.41, ext_dig_r=0.39, glut_med1_r=0.26
Fmax range: 5..3396 N | L range sample: [0.229942 0.326094]
fitted baseline loaded: e2_pf=0.222 f1_df=0.098 f1_kf=0.148 post_kneext=0.011 post_hipext=0.068 desc_f=1.400 e2_adapt=1.700
start pose (normal.mot): applied 20 coordinates as given; pelvis ty 0.915 m (env override=0.9149159722134628); IMU-metric torso lean -0.0 deg (+ = back)
standing solve: nnls x in [0.00, 0.87], >0.1: 17 muscles
  top: add_long_l=0.87, tib_ant_r=0.62, tib_ant_l=0.43, glut_min1_l=0.41, pect_l=0.40, ext_dig_r=0.38, glut_min2_l=0.38, ext_dig_l=0.23
Fmax range: 5..3396 N | L range sample: [0.229942 0.326094]
fitted baseline loaded: e2_pf=0.222 f1_df=0.098 f1_kf=0.148 post_kneext=0.011 post_hipext=0.068 desc_f=1.400 e2_adapt=1.700
start pose (normal.mot): applied 20 coordinates as given; pelvis ty 0.924 m (env override=0.9240775852241766); IMU-metric torso lean -0.0 deg (+ = back)
standing solve: nnls x in [0.00, 0.60], >0.1: 12 muscles
  top: tib_ant_r=0.60, add_long_l=0.57, tib_ant_l=0.48, ext_dig_r=0.37, glut_min1_l=0.27, ext_dig_l=0.27, pect_l=0.26, glut_min2_l=0.25
Fmax range: 5..3396 N | L range sample: [0.229942 0.326094]
fitted baseline loaded: e2_pf=0.222 f1_df=0.098 f1_kf=0.148 post_kneext=0.011 post_hipext=0.068 desc_f=1.400 e2_adapt=1.700
start pose (normal.mot): applied 20 coordinates as given; pelvis ty 0.924 m (env override=0.9235239042369963); IMU-metric torso lean -0.0 deg (+ = back)
standing solve: nnls x in [0.00, 0.61], >0.1: 12 muscles
  top: tib_ant_r=0.61, add_long_l=0.59, tib_ant_l=0.48, ext_dig_r=0.37, glut_min1_l=0.28, pect_l=0.27, ext_dig_l=0.26, glut_min2_l=0.26
Fmax range: 5..3396 N | L range sample: [0.229942 0.326094]
fitted baseline loaded: e2_pf=0.222 f1_df=0.098 f1_kf=0.148 post_kneext=0.011 post_hipext=0.068 desc_f=1.400 e2_adapt=1.700
start pose (normal.mot): applied 20 coordinates as given; pelvis ty 0.930 m (env override=0.9295931044256567); IMU-metric torso lean -0.0 deg (+ = back)
standing solve: nnls x in [0.00, 0.60], >0.1: 12 muscles
  top: tib_ant_r=0.60, tib_ant_l=0.52, add_long_l=0.38, ext_dig_r=0.36, ext_dig_l=0.29, per_tert_r=0.18, glut_min1_l=0.17, pect_l=0.17
Fmax range: 5..3396 N | L range sample: [0.229942 0.326094]
fitted baseline loaded: e2_pf=0.222 f1_df=0.098 f1_kf=0.148 post_kneext=0.011 post_hipext=0.068 desc_f=1.400 e2_adapt=1.700
start pose (normal.mot): applied 20 coordinates as given; pelvis ty 0.918 m (env override=0.9176901409758905); IMU-metric torso lean -0.0 deg (+ = back)
standing solve: nnls x in [0.00, 0.78], >0.1: 14 muscles
  top: add_long_l=0.78, tib_ant_r=0.61, tib_ant_l=0.45, ext_dig_r=0.38, glut_min1_l=0.37, pect_l=0.36, glut_min2_l=0.34, ext_dig_l=0.24
Fmax range: 5..3396 N | L range sample: [0.229942 0.326094]
fitted baseline loaded: e2_pf=0.222 f1_df=0.098 f1_kf=0.148 post_kneext=0.011 post_hipext=0.068 desc_f=1.400 e2_adapt=1.700
start pose (normal.mot): applied 20 coordinates as given; pelvis ty 0.927 m (env override=0.9269232001335839); IMU-metric torso lean -0.0 deg (+ = back)
standing solve: nnls x in [0.00, 0.60], >0.1: 13 muscles
  top: tib_ant_r=0.60, tib_ant_l=0.50, add_long_l=0.47, ext_dig_r=0.37, ext_dig_l=0.28, glut_min1_l=0.22, pect_l=0.22, glut_min2_l=0.20
Fmax range: 5..3396 N | L range sample: [0.229942 0.326094]
fitted baseline loaded: e2_pf=0.222 f1_df=0.098 f1_kf=0.148 post_kneext=0.011 post_hipext=0.068 desc_f=1.400 e2_adapt=1.700
start pose (normal.mot): applied 20 coordinates as given; pelvis ty 0.929 m (env override=0.9287123013339165); IMU-metric torso lean -0.0 deg (+ = back)
standing solve: nnls x in [0.00, 0.60], >0.1: 12 muscles
  top: tib_ant_r=0.60, tib_ant_l=0.51, add_long_l=0.41, ext_dig_r=0.36, ext_dig_l=0.29, glut_min1_l=0.19, pect_l=0.19, per_tert_r=0.19
Fmax range: 5..3396 N | L range sample: [0.229942 0.326094]
fitted baseline loaded: e2_pf=0.222 f1_df=0.098 f1_kf=0.148 post_kneext=0.011 post_hipext=0.068 desc_f=1.400 e2_adapt=1.700
start pose (normal.mot): applied 20 coordinates as given; pelvis ty 0.927 m (env override=0.9271759647452151); IMU-metric torso lean -0.0 deg (+ = back)
standing solve: nnls x in [0.00, 0.60], >0.1: 12 muscles
  top: tib_ant_r=0.60, tib_ant_l=0.50, add_long_l=0.47, ext_dig_r=0.37, ext_dig_l=0.28, glut_min1_l=0.22, pect_l=0.21, glut_min2_l=0.20
Fmax range: 5..3396 N | L range sample: [0.229942 0.326094]
fitted baseline loaded: e2_pf=0.222 f1_df=0.098 f1_kf=0.148 post_kneext=0.011 post_hipext=0.068 desc_f=1.400 e2_adapt=1.700
start pose (normal.mot): applied 20 coordinates as given; pelvis ty 0.920 m (env override=0.920103012987398); IMU-metric torso lean -0.0 deg (+ = back)
standing solve: nnls x in [0.00, 0.70], >0.1: 14 muscles
  top: add_long_l=0.70, tib_ant_r=0.61, tib_ant_l=0.46, ext_dig_r=0.37, glut_min1_l=0.33, pect_l=0.32, glut_min2_l=0.31, ext_dig_l=0.25
Fmax range: 5..3396 N | L range sample: [0.229942 0.326094]
fitted baseline loaded: e2_pf=0.222 f1_df=0.098 f1_kf=0.148 post_kneext=0.011 post_hipext=0.068 desc_f=1.400 e2_adapt=1.700
start pose (normal.mot): applied 20 coordinates as given; pelvis ty 0.925 m (env override=0.9251344354902142); IMU-metric torso lean -0.0 deg (+ = back)
standing solve: nnls x in [0.00, 0.60], >0.1: 12 muscles
  top: tib_ant_r=0.60, add_long_l=0.53, tib_ant_l=0.49, ext_dig_r=0.37, ext_dig_l=0.27, glut_min1_l=0.25, pect_l=0.24, glut_min2_l=0.23
Fmax range: 5..3396 N | L range sample: [0.229942 0.326094]
fitted baseline loaded: e2_pf=0.222 f1_df=0.098 f1_kf=0.148 post_kneext=0.011 post_hipext=0.068 desc_f=1.400 e2_adapt=1.700
start pose (normal.mot): applied 20 coordinates as given; pelvis ty 0.927 m (env override=0.9269644783012881); IMU-metric torso lean -0.0 deg (+ = back)
standing solve: nnls x in [0.00, 0.60], >0.1: 12 muscles
  top: tib_ant_r=0.60, tib_ant_l=0.50, add_long_l=0.47, ext_dig_r=0.37, ext_dig_l=0.28, glut_min1_l=0.22, pect_l=0.22, glut_min2_l=0.20
Fmax range: 5..3396 N | L range sample: [0.229942 0.326094]
fitted baseline loaded: e2_pf=0.222 f1_df=0.098 f1_kf=0.148 post_kneext=0.011 post_hipext=0.068 desc_f=1.400 e2_adapt=1.700
start pose (normal.mot): applied 20 coordinates as given; pelvis ty 0.922 m (env override=0.9220705380320724); IMU-metric torso lean -0.0 deg (+ = back)
standing solve: nnls x in [0.00, 0.64], >0.1: 13 muscles
  top: add_long_l=0.64, tib_ant_r=0.61, tib_ant_l=0.47, ext_dig_r=0.37, glut_min1_l=0.30, pect_l=0.29, glut_min2_l=0.28, ext_dig_l=0.26
Fmax range: 5..3396 N | L range sample: [0.229942 0.326094]
fitted baseline loaded: e2_pf=0.222 f1_df=0.098 f1_kf=0.148 post_kneext=0.011 post_hipext=0.068 desc_f=1.400 e2_adapt=1.700
start pose (normal.mot): applied 20 coordinates as given; pelvis ty 0.925 m (env override=0.9245435622843786); IMU-metric torso lean -0.0 deg (+ = back)
standing solve: nnls x in [0.00, 0.60], >0.1: 12 muscles
  top: tib_ant_r=0.60, add_long_l=0.55, tib_ant_l=0.49, ext_dig_r=0.37, ext_dig_l=0.27, glut_min1_l=0.26, pect_l=0.25, glut_min2_l=0.24
Fmax range: 5..3396 N | L range sample: [0.229942 0.326094]
fitted baseline loaded: e2_pf=0.222 f1_df=0.098 f1_kf=0.148 post_kneext=0.011 post_hipext=0.068 desc_f=1.400 e2_adapt=1.700
start pose (normal.mot): applied 20 coordinates as given; pelvis ty 0.917 m (env override=0.9173871527036144); IMU-metric torso lean -0.0 deg (+ = back)
standing solve: nnls x in [0.00, 0.79], >0.1: 14 muscles
  top: add_long_l=0.79, tib_ant_r=0.61, tib_ant_l=0.45, ext_dig_r=0.38, glut_min1_l=0.37, pect_l=0.36, glut_min2_l=0.34, ext_dig_l=0.24
Fmax range: 5..3396 N | L range sample: [0.229942 0.326094]
fitted baseline loaded: e2_pf=0.222 f1_df=0.098 f1_kf=0.148 post_kneext=0.011 post_hipext=0.068 desc_f=1.400 e2_adapt=1.700
start pose (normal.mot): applied 20 coordinates as given; pelvis ty 0.915 m (env override=0.9148671549828366); IMU-metric torso lean -0.0 deg (+ = back)
standing solve: nnls x in [0.00, 0.87], >0.1: 17 muscles
  top: add_long_l=0.87, tib_ant_r=0.62, tib_ant_l=0.43, glut_min1_l=0.41, pect_l=0.40, ext_dig_r=0.38, glut_min2_l=0.38, ext_dig_l=0.23
Fmax range: 5..3396 N | L range sample: [0.229942 0.326094]
fitted baseline loaded: e2_pf=0.222 f1_df=0.098 f1_kf=0.148 post_kneext=0.011 post_hipext=0.068 desc_f=1.400 e2_adapt=1.700
start pose (normal.mot): applied 20 coordinates as given; pelvis ty 0.909 m (env override=0.9087520215910455); IMU-metric torso lean -0.0 deg (+ = back)
standing solve: nnls x in [0.00, 1.00], >0.1: 18 muscles
  top: add_long_l=1.00, tib_ant_r=0.62, glut_min1_l=0.49, pect_l=0.48, glut_min2_l=0.45, tib_ant_l=0.40, ext_dig_r=0.39, glut_med1_r=0.29
Fmax range: 5..3396 N | L range sample: [0.229942 0.326094]
== stage 3 best -119.318 (trial 26)
{
 "drive": 3.213439503926277,
 "rg_nap_h": 0.8028932536496172,
 "desc_e": 0.9419873430807768,
 "desc_f": 2.1753638256553574,
 "rg_to_pf": 2.30510935517558,
 "heel_rge": 0.4076233127440201,
 "toe_rge": 0.3489327683792203,
 "ib_e_central": 0.020755777673709494,
 "ia_f_central": 0.3780419857647733,
 "ii_f_central": 0.3678036718010253,
 "ii_e_central": 0.2084405960609663,
 "c1_gain": 0.3362445479588232,
 "v3_gain": 0.2343279416101692,
 "ib_rge": 0.22034923302216675,
 "ia_in": 0.6994869968722031,
 "ia_f_contra_f": 0.4909779209852468,
 "v3_to_ibexc": 0.7850818660231372,
 "ankle_post_walk_trim": 0.11504140694863459,
 "contact_onset": 0.7464663523889783,
 "pelvis_ty": 0.9235239042369963,
 "f1_anklepf_inh": 1.0205991922119337
}
saved curriculum_stage3.json
=== s3c DONE Sun 09/20/2026 22:31:21.25 === 
=== s3c chain start Sun 09/20/2026 22:34:22.08 === 
fitted baseline loaded: e2_pf=0.222 f1_df=0.098 f1_kf=0.148 post_kneext=0.011 post_hipext=0.068 desc_f=1.400 e2_adapt=1.700
start pose (normal.mot): applied 20 coordinates as given; pelvis ty 0.904 m (env override=0.9044962033962803); IMU-metric torso lean -0.0 deg (+ = back)
standing solve: nnls x in [0.00, 1.00], >0.1: 18 muscles
  top: add_long_l=1.00, tib_ant_r=0.63, pect_l=0.54, glut_min1_l=0.53, glut_min2_l=0.49, ext_dig_r=0.40, tib_ant_l=0.37, glut_med1_r=0.34
Fmax range: 5..3396 N | L range sample: [0.229942 0.326094]
fitted baseline loaded: e2_pf=0.222 f1_df=0.098 f1_kf=0.148 post_kneext=0.011 post_hipext=0.068 desc_f=1.400 e2_adapt=1.700
start pose (normal.mot): applied 20 coordinates as given; pelvis ty 0.929 m (env override=0.9287022672471716); IMU-metric torso lean -0.0 deg (+ = back)
standing solve: nnls x in [0.00, 0.60], >0.1: 12 muscles
  top: tib_ant_r=0.60, tib_ant_l=0.51, add_long_l=0.41, ext_dig_r=0.36, ext_dig_l=0.29, glut_min1_l=0.19, pect_l=0.19, per_tert_r=0.19
Fmax range: 5..3396 N | L range sample: [0.229942 0.326094]
fitted baseline loaded: e2_pf=0.222 f1_df=0.098 f1_kf=0.148 post_kneext=0.011 post_hipext=0.068 desc_f=1.400 e2_adapt=1.700
start pose (normal.mot): applied 20 coordinates as given; pelvis ty 0.928 m (env override=0.928025043660474); IMU-metric torso lean -0.0 deg (+ = back)
standing solve: nnls x in [0.00, 0.60], >0.1: 12 muscles
  top: tib_ant_r=0.60, tib_ant_l=0.51, add_long_l=0.44, ext_dig_r=0.37, ext_dig_l=0.28, glut_min1_l=0.20, pect_l=0.20, glut_min2_l=0.19
Fmax range: 5..3396 N | L range sample: [0.229942 0.326094]
fitted baseline loaded: e2_pf=0.222 f1_df=0.098 f1_kf=0.148 post_kneext=0.011 post_hipext=0.068 desc_f=1.400 e2_adapt=1.700
start pose (normal.mot): applied 20 coordinates as given; pelvis ty 0.917 m (env override=0.917132964124556); IMU-metric torso lean -0.0 deg (+ = back)
standing solve: nnls x in [0.00, 0.80], >0.1: 14 muscles
  top: add_long_l=0.80, tib_ant_r=0.61, tib_ant_l=0.45, ext_dig_r=0.38, glut_min1_l=0.38, pect_l=0.37, glut_min2_l=0.35, ext_dig_l=0.24
Fmax range: 5..3396 N | L range sample: [0.229942 0.326094]
fitted baseline loaded: e2_pf=0.222 f1_df=0.098 f1_kf=0.148 post_kneext=0.011 post_hipext=0.068 desc_f=1.400 e2_adapt=1.700
start pose (normal.mot): applied 20 coordinates as given; pelvis ty 0.922 m (env override=0.9220237164544975); IMU-metric torso lean -0.0 deg (+ = back)
standing solve: nnls x in [0.00, 0.64], >0.1: 13 muscles
  top: add_long_l=0.64, tib_ant_r=0.61, tib_ant_l=0.47, ext_dig_r=0.37, glut_min1_l=0.30, pect_l=0.29, glut_min2_l=0.28, ext_dig_l=0.26
Fmax range: 5..3396 N | L range sample: [0.229942 0.326094]
fitted baseline loaded: e2_pf=0.222 f1_df=0.098 f1_kf=0.148 post_kneext=0.011 post_hipext=0.068 desc_f=1.400 e2_adapt=1.700
start pose (normal.mot): applied 20 coordinates as given; pelvis ty 0.916 m (env override=0.9164022765447668); IMU-metric torso lean -0.0 deg (+ = back)
standing solve: nnls x in [0.00, 0.82], >0.1: 15 muscles
  top: add_long_l=0.82, tib_ant_r=0.61, tib_ant_l=0.44, glut_min1_l=0.39, ext_dig_r=0.38, pect_l=0.38, glut_min2_l=0.36, ext_dig_l=0.23
Fmax range: 5..3396 N | L range sample: [0.229942 0.326094]
fitted baseline loaded: e2_pf=0.222 f1_df=0.098 f1_kf=0.148 post_kneext=0.011 post_hipext=0.068 desc_f=1.400 e2_adapt=1.700
start pose (normal.mot): applied 20 coordinates as given; pelvis ty 0.903 m (env override=0.903386836609535); IMU-metric torso lean -0.0 deg (+ = back)
standing solve: nnls x in [0.00, 1.00], >0.1: 19 muscles
  top: add_long_l=1.00, tib_ant_r=0.63, pect_l=0.55, glut_min1_l=0.54, glut_min2_l=0.50, ext_dig_r=0.40, tib_ant_l=0.36, glut_med1_r=0.35
Fmax range: 5..3396 N | L range sample: [0.229942 0.326094]
fitted baseline loaded: e2_pf=0.222 f1_df=0.098 f1_kf=0.148 post_kneext=0.011 post_hipext=0.068 desc_f=1.400 e2_adapt=1.700
start pose (normal.mot): applied 20 coordinates as given; pelvis ty 0.929 m (env override=0.9290996812038664); IMU-metric torso lean -0.0 deg (+ = back)
standing solve: nnls x in [0.00, 0.60], >0.1: 12 muscles
  top: tib_ant_r=0.60, tib_ant_l=0.51, add_long_l=0.40, ext_dig_r=0.36, ext_dig_l=0.29, per_tert_r=0.18, glut_min1_l=0.18, pect_l=0.18
Fmax range: 5..3396 N | L range sample: [0.229942 0.326094]
fitted baseline loaded: e2_pf=0.222 f1_df=0.098 f1_kf=0.148 post_kneext=0.011 post_hipext=0.068 desc_f=1.400 e2_adapt=1.700
start pose (normal.mot): applied 20 coordinates as given; pelvis ty 0.913 m (env override=0.9128713359662368); IMU-metric torso lean -0.0 deg (+ = back)
standing solve: nnls x in [0.00, 0.93], >0.1: 17 muscles
  top: add_long_l=0.93, tib_ant_r=0.62, glut_min1_l=0.43, pect_l=0.43, tib_ant_l=0.42, glut_min2_l=0.40, ext_dig_r=0.38, glut_med1_r=0.24
Fmax range: 5..3396 N | L range sample: [0.229942 0.326094]
fitted baseline loaded: e2_pf=0.222 f1_df=0.098 f1_kf=0.148 post_kneext=0.011 post_hipext=0.068 desc_f=1.400 e2_adapt=1.700
start pose (normal.mot): applied 20 coordinates as given; pelvis ty 0.906 m (env override=0.9057340188477558); IMU-metric torso lean -0.0 deg (+ = back)
standing solve: nnls x in [0.00, 1.00], >0.1: 18 muscles
  top: add_long_l=1.00, tib_ant_r=0.63, pect_l=0.52, glut_min1_l=0.52, glut_min2_l=0.48, ext_dig_r=0.39, tib_ant_l=0.38, glut_med1_r=0.33
Fmax range: 5..3396 N | L range sample: [0.229942 0.326094]
fitted baseline loaded: e2_pf=0.222 f1_df=0.098 f1_kf=0.148 post_kneext=0.011 post_hipext=0.068 desc_f=1.400 e2_adapt=1.700
start pose (normal.mot): applied 20 coordinates as given; pelvis ty 0.920 m (env override=0.9204049263643482); IMU-metric torso lean -0.0 deg (+ = back)
standing solve: nnls x in [0.00, 0.69], >0.1: 14 muscles
  top: add_long_l=0.69, tib_ant_r=0.61, tib_ant_l=0.46, ext_dig_r=0.37, glut_min1_l=0.33, pect_l=0.32, glut_min2_l=0.30, ext_dig_l=0.25
Fmax range: 5..3396 N | L range sample: [0.229942 0.326094]
fitted baseline loaded: e2_pf=0.222 f1_df=0.098 f1_kf=0.148 post_kneext=0.011 post_hipext=0.068 desc_f=1.400 e2_adapt=1.700
start pose (normal.mot): applied 20 coordinates as given; pelvis ty 0.921 m (env override=0.921493966803106); IMU-metric torso lean -0.0 deg (+ = back)
standing solve: nnls x in [0.00, 0.66], >0.1: 13 muscles
  top: add_long_l=0.66, tib_ant_r=0.61, tib_ant_l=0.47, ext_dig_r=0.37, glut_min1_l=0.31, pect_l=0.30, glut_min2_l=0.29, ext_dig_l=0.25
Fmax range: 5..3396 N | L range sample: [0.229942 0.326094]
fitted baseline loaded: e2_pf=0.222 f1_df=0.098 f1_kf=0.148 post_kneext=0.011 post_hipext=0.068 desc_f=1.400 e2_adapt=1.700
start pose (normal.mot): applied 20 coordinates as given; pelvis ty 0.916 m (env override=0.9163579728716044); IMU-metric torso lean -0.0 deg (+ = back)
standing solve: nnls x in [0.00, 0.82], >0.1: 15 muscles
  top: add_long_l=0.82, tib_ant_r=0.61, tib_ant_l=0.44, glut_min1_l=0.39, ext_dig_r=0.38, pect_l=0.38, glut_min2_l=0.36, ext_dig_l=0.23
Fmax range: 5..3396 N | L range sample: [0.229942 0.326094]
fitted baseline loaded: e2_pf=0.222 f1_df=0.098 f1_kf=0.148 post_kneext=0.011 post_hipext=0.068 desc_f=1.400 e2_adapt=1.700
start pose (normal.mot): applied 20 coordinates as given; pelvis ty 0.917 m (env override=0.9174017844379795); IMU-metric torso lean -0.0 deg (+ = back)
standing solve: nnls x in [0.00, 0.79], >0.1: 14 muscles
  top: add_long_l=0.79, tib_ant_r=0.61, tib_ant_l=0.45, ext_dig_r=0.38, glut_min1_l=0.37, pect_l=0.36, glut_min2_l=0.34, ext_dig_l=0.24
Fmax range: 5..3396 N | L range sample: [0.229942 0.326094]
fitted baseline loaded: e2_pf=0.222 f1_df=0.098 f1_kf=0.148 post_kneext=0.011 post_hipext=0.068 desc_f=1.400 e2_adapt=1.700
start pose (normal.mot): applied 20 coordinates as given; pelvis ty 0.921 m (env override=0.9206593587998373); IMU-metric torso lean -0.0 deg (+ = back)
standing solve: nnls x in [0.00, 0.68], >0.1: 14 muscles
  top: add_long_l=0.68, tib_ant_r=0.61, tib_ant_l=0.47, ext_dig_r=0.37, glut_min1_l=0.32, pect_l=0.31, glut_min2_l=0.30, ext_dig_l=0.25
Fmax range: 5..3396 N | L range sample: [0.229942 0.326094]
fitted baseline loaded: e2_pf=0.222 f1_df=0.098 f1_kf=0.148 post_kneext=0.011 post_hipext=0.068 desc_f=1.400 e2_adapt=1.700
start pose (normal.mot): applied 20 coordinates as given; pelvis ty 0.922 m (env override=0.9221937316220037); IMU-metric torso lean -0.0 deg (+ = back)
standing solve: nnls x in [0.00, 0.63], >0.1: 13 muscles
  top: add_long_l=0.63, tib_ant_r=0.61, tib_ant_l=0.47, ext_dig_r=0.37, glut_min1_l=0.30, pect_l=0.29, glut_min2_l=0.28, ext_dig_l=0.26
Fmax range: 5..3396 N | L range sample: [0.229942 0.326094]
fitted baseline loaded: e2_pf=0.222 f1_df=0.098 f1_kf=0.148 post_kneext=0.011 post_hipext=0.068 desc_f=1.400 e2_adapt=1.700
start pose (normal.mot): applied 20 coordinates as given; pelvis ty 0.930 m (env override=0.9297226235390906); IMU-metric torso lean -0.0 deg (+ = back)
standing solve: nnls x in [0.00, 0.60], >0.1: 12 muscles
  top: tib_ant_r=0.60, tib_ant_l=0.52, add_long_l=0.38, ext_dig_r=0.36, ext_dig_l=0.29, per_tert_r=0.18, glut_min1_l=0.17, pect_l=0.17
Fmax range: 5..3396 N | L range sample: [0.229942 0.326094]
fitted baseline loaded: e2_pf=0.222 f1_df=0.098 f1_kf=0.148 post_kneext=0.011 post_hipext=0.068 desc_f=1.400 e2_adapt=1.700
start pose (normal.mot): applied 20 coordinates as given; pelvis ty 0.918 m (env override=0.9178909119894558); IMU-metric torso lean -0.0 deg (+ = back)
standing solve: nnls x in [0.00, 0.77], >0.1: 14 muscles
  top: add_long_l=0.77, tib_ant_r=0.61, tib_ant_l=0.45, ext_dig_r=0.38, glut_min1_l=0.37, pect_l=0.36, glut_min2_l=0.34, ext_dig_l=0.24
Fmax range: 5..3396 N | L range sample: [0.229942 0.326094]
fitted baseline loaded: e2_pf=0.222 f1_df=0.098 f1_kf=0.148 post_kneext=0.011 post_hipext=0.068 desc_f=1.400 e2_adapt=1.700
start pose (normal.mot): applied 20 coordinates as given; pelvis ty 0.912 m (env override=0.9123285261097137); IMU-metric torso lean -0.0 deg (+ = back)
standing solve: nnls x in [0.00, 0.95], >0.1: 17 muscles
  top: add_long_l=0.95, tib_ant_r=0.62, glut_min1_l=0.44, pect_l=0.43, tib_ant_l=0.42, glut_min2_l=0.41, ext_dig_r=0.38, glut_med1_r=0.25
Fmax range: 5..3396 N | L range sample: [0.229942 0.326094]
fitted baseline loaded: e2_pf=0.222 f1_df=0.098 f1_kf=0.148 post_kneext=0.011 post_hipext=0.068 desc_f=1.400 e2_adapt=1.700
start pose (normal.mot): applied 20 coordinates as given; pelvis ty 0.919 m (env override=0.9191874713215183); IMU-metric torso lean -0.0 deg (+ = back)
standing solve: nnls x in [0.00, 0.73], >0.1: 14 muscles
  top: add_long_l=0.73, tib_ant_r=0.61, tib_ant_l=0.46, ext_dig_r=0.38, glut_min1_l=0.35, pect_l=0.34, glut_min2_l=0.32, ext_dig_l=0.25
Fmax range: 5..3396 N | L range sample: [0.229942 0.326094]
fitted baseline loaded: e2_pf=0.222 f1_df=0.098 f1_kf=0.148 post_kneext=0.011 post_hipext=0.068 desc_f=1.400 e2_adapt=1.700
start pose (normal.mot): applied 20 coordinates as given; pelvis ty 0.916 m (env override=0.9157154285034571); IMU-metric torso lean -0.0 deg (+ = back)
standing solve: nnls x in [0.00, 0.84], >0.1: 17 muscles
  top: add_long_l=0.84, tib_ant_r=0.61, tib_ant_l=0.44, glut_min1_l=0.40, pect_l=0.39, ext_dig_r=0.38, glut_min2_l=0.37, ext_dig_l=0.23
Fmax range: 5..3396 N | L range sample: [0.229942 0.326094]
fitted baseline loaded: e2_pf=0.222 f1_df=0.098 f1_kf=0.148 post_kneext=0.011 post_hipext=0.068 desc_f=1.400 e2_adapt=1.700
start pose (normal.mot): applied 20 coordinates as given; pelvis ty 0.921 m (env override=0.9211126678783064); IMU-metric torso lean -0.0 deg (+ = back)
standing solve: nnls x in [0.00, 0.67], >0.1: 14 muscles
  top: add_long_l=0.67, tib_ant_r=0.61, tib_ant_l=0.47, ext_dig_r=0.37, glut_min1_l=0.32, pect_l=0.31, glut_min2_l=0.29, ext_dig_l=0.25
Fmax range: 5..3396 N | L range sample: [0.229942 0.326094]
fitted baseline loaded: e2_pf=0.222 f1_df=0.098 f1_kf=0.148 post_kneext=0.011 post_hipext=0.068 desc_f=1.400 e2_adapt=1.700
start pose (normal.mot): applied 20 coordinates as given; pelvis ty 0.924 m (env override=0.9235730674854404); IMU-metric torso lean -0.0 deg (+ = back)
standing solve: nnls x in [0.00, 0.61], >0.1: 12 muscles
  top: tib_ant_r=0.61, add_long_l=0.59, tib_ant_l=0.48, ext_dig_r=0.37, glut_min1_l=0.28, pect_l=0.27, ext_dig_l=0.26, glut_min2_l=0.26
Fmax range: 5..3396 N | L range sample: [0.229942 0.326094]
fitted baseline loaded: e2_pf=0.222 f1_df=0.098 f1_kf=0.148 post_kneext=0.011 post_hipext=0.068 desc_f=1.400 e2_adapt=1.700
start pose (normal.mot): applied 20 coordinates as given; pelvis ty 0.929 m (env override=0.9290096418304685); IMU-metric torso lean -0.0 deg (+ = back)
standing solve: nnls x in [0.00, 0.60], >0.1: 12 muscles
  top: tib_ant_r=0.60, tib_ant_l=0.51, add_long_l=0.40, ext_dig_r=0.36, ext_dig_l=0.29, per_tert_r=0.18, glut_min1_l=0.18, pect_l=0.18
Fmax range: 5..3396 N | L range sample: [0.229942 0.326094]
fitted baseline loaded: e2_pf=0.222 f1_df=0.098 f1_kf=0.148 post_kneext=0.011 post_hipext=0.068 desc_f=1.400 e2_adapt=1.700
start pose (normal.mot): applied 20 coordinates as given; pelvis ty 0.916 m (env override=0.9164094887602355); IMU-metric torso lean -0.0 deg (+ = back)
standing solve: nnls x in [0.00, 0.82], >0.1: 15 muscles
  top: add_long_l=0.82, tib_ant_r=0.61, tib_ant_l=0.44, glut_min1_l=0.39, ext_dig_r=0.38, pect_l=0.38, glut_min2_l=0.36, ext_dig_l=0.23
Fmax range: 5..3396 N | L range sample: [0.229942 0.326094]
fitted baseline loaded: e2_pf=0.222 f1_df=0.098 f1_kf=0.148 post_kneext=0.011 post_hipext=0.068 desc_f=1.400 e2_adapt=1.700
start pose (normal.mot): applied 20 coordinates as given; pelvis ty 0.921 m (env override=0.9208037062339419); IMU-metric torso lean -0.0 deg (+ = back)
standing solve: nnls x in [0.00, 0.68], >0.1: 14 muscles
  top: add_long_l=0.68, tib_ant_r=0.61, tib_ant_l=0.47, ext_dig_r=0.37, glut_min1_l=0.32, pect_l=0.31, glut_min2_l=0.30, ext_dig_l=0.25
Fmax range: 5..3396 N | L range sample: [0.229942 0.326094]
fitted baseline loaded: e2_pf=0.222 f1_df=0.098 f1_kf=0.148 post_kneext=0.011 post_hipext=0.068 desc_f=1.400 e2_adapt=1.700
start pose (normal.mot): applied 20 coordinates as given; pelvis ty 0.922 m (env override=0.9221340462448343); IMU-metric torso lean -0.0 deg (+ = back)
standing solve: nnls x in [0.00, 0.63], >0.1: 13 muscles
  top: add_long_l=0.63, tib_ant_r=0.61, tib_ant_l=0.47, ext_dig_r=0.37, glut_min1_l=0.30, pect_l=0.29, glut_min2_l=0.28, ext_dig_l=0.26
Fmax range: 5..3396 N | L range sample: [0.229942 0.326094]
fitted baseline loaded: e2_pf=0.222 f1_df=0.098 f1_kf=0.148 post_kneext=0.011 post_hipext=0.068 desc_f=1.400 e2_adapt=1.700
start pose (normal.mot): applied 20 coordinates as given; pelvis ty 0.926 m (env override=0.9256797781400466); IMU-metric torso lean -0.0 deg (+ = back)
standing solve: nnls x in [0.00, 0.60], >0.1: 12 muscles
  top: tib_ant_r=0.60, add_long_l=0.52, tib_ant_l=0.49, ext_dig_r=0.37, ext_dig_l=0.27, glut_min1_l=0.24, pect_l=0.24, glut_min2_l=0.22
Fmax range: 5..3396 N | L range sample: [0.229942 0.326094]
fitted baseline loaded: e2_pf=0.222 f1_df=0.098 f1_kf=0.148 post_kneext=0.011 post_hipext=0.068 desc_f=1.400 e2_adapt=1.700
start pose (normal.mot): applied 20 coordinates as given; pelvis ty 0.928 m (env override=0.9283058012991728); IMU-metric torso lean -0.0 deg (+ = back)
standing solve: nnls x in [0.00, 0.60], >0.1: 12 muscles
  top: tib_ant_r=0.60, tib_ant_l=0.51, add_long_l=0.43, ext_dig_r=0.37, ext_dig_l=0.28, glut_min1_l=0.20, pect_l=0.19, per_tert_r=0.19
Fmax range: 5..3396 N | L range sample: [0.229942 0.326094]
fitted baseline loaded: e2_pf=0.222 f1_df=0.098 f1_kf=0.148 post_kneext=0.011 post_hipext=0.068 desc_f=1.400 e2_adapt=1.700
start pose (normal.mot): applied 20 coordinates as given; pelvis ty 0.920 m (env override=0.9197939345357318); IMU-metric torso lean -0.0 deg (+ = back)
standing solve: nnls x in [0.00, 0.71], >0.1: 14 muscles
  top: add_long_l=0.71, tib_ant_r=0.61, tib_ant_l=0.46, ext_dig_r=0.37, glut_min1_l=0.34, pect_l=0.33, glut_min2_l=0.31, ext_dig_l=0.25
Fmax range: 5..3396 N | L range sample: [0.229942 0.326094]
fitted baseline loaded: e2_pf=0.222 f1_df=0.098 f1_kf=0.148 post_kneext=0.011 post_hipext=0.068 desc_f=1.400 e2_adapt=1.700
start pose (normal.mot): applied 20 coordinates as given; pelvis ty 0.924 m (env override=0.9239473038397394); IMU-metric torso lean -0.0 deg (+ = back)
standing solve: nnls x in [0.00, 0.61], >0.1: 12 muscles
  top: tib_ant_r=0.61, add_long_l=0.57, tib_ant_l=0.48, ext_dig_r=0.37, glut_min1_l=0.27, ext_dig_l=0.26, pect_l=0.26, glut_min2_l=0.25
Fmax range: 5..3396 N | L range sample: [0.229942 0.326094]
fitted baseline loaded: e2_pf=0.222 f1_df=0.098 f1_kf=0.148 post_kneext=0.011 post_hipext=0.068 desc_f=1.400 e2_adapt=1.700
start pose (normal.mot): applied 20 coordinates as given; pelvis ty 0.919 m (env override=0.9185305105836816); IMU-metric torso lean -0.0 deg (+ = back)
standing solve: nnls x in [0.00, 0.75], >0.1: 14 muscles
  top: add_long_l=0.75, tib_ant_r=0.61, tib_ant_l=0.45, ext_dig_r=0.38, glut_min1_l=0.36, pect_l=0.35, glut_min2_l=0.33, ext_dig_l=0.24
Fmax range: 5..3396 N | L range sample: [0.229942 0.326094]
fitted baseline loaded: e2_pf=0.222 f1_df=0.098 f1_kf=0.148 post_kneext=0.011 post_hipext=0.068 desc_f=1.400 e2_adapt=1.700
start pose (normal.mot): applied 20 coordinates as given; pelvis ty 0.915 m (env override=0.9147688026822074); IMU-metric torso lean -0.0 deg (+ = back)
standing solve: nnls x in [0.00, 0.87], >0.1: 17 muscles
  top: add_long_l=0.87, tib_ant_r=0.62, tib_ant_l=0.43, glut_min1_l=0.41, pect_l=0.40, ext_dig_r=0.38, glut_min2_l=0.38, ext_dig_l=0.23
Fmax range: 5..3396 N | L range sample: [0.229942 0.326094]
fitted baseline loaded: e2_pf=0.222 f1_df=0.098 f1_kf=0.148 post_kneext=0.011 post_hipext=0.068 desc_f=1.400 e2_adapt=1.700
start pose (normal.mot): applied 20 coordinates as given; pelvis ty 0.911 m (env override=0.9107006639887034); IMU-metric torso lean -0.0 deg (+ = back)
standing solve: nnls x in [0.00, 1.00], >0.1: 17 muscles
  top: add_long_l=1.00, tib_ant_r=0.62, glut_min1_l=0.46, pect_l=0.46, glut_min2_l=0.43, tib_ant_l=0.41, ext_dig_r=0.39, glut_med1_r=0.27
Fmax range: 5..3396 N | L range sample: [0.229942 0.326094]
fitted baseline loaded: e2_pf=0.222 f1_df=0.098 f1_kf=0.148 post_kneext=0.011 post_hipext=0.068 desc_f=1.400 e2_adapt=1.700
start pose (normal.mot): applied 20 coordinates as given; pelvis ty 0.918 m (env override=0.9182438929965593); IMU-metric torso lean -0.0 deg (+ = back)
standing solve: nnls x in [0.00, 0.76], >0.1: 14 muscles
  top: add_long_l=0.76, tib_ant_r=0.61, tib_ant_l=0.45, ext_dig_r=0.38, glut_min1_l=0.36, pect_l=0.35, glut_min2_l=0.33, ext_dig_l=0.24
Fmax range: 5..3396 N | L range sample: [0.229942 0.326094]
fitted baseline loaded: e2_pf=0.222 f1_df=0.098 f1_kf=0.148 post_kneext=0.011 post_hipext=0.068 desc_f=1.400 e2_adapt=1.700
start pose (normal.mot): applied 20 coordinates as given; pelvis ty 0.913 m (env override=0.9134740240332334); IMU-metric torso lean -0.0 deg (+ = back)
standing solve: nnls x in [0.00, 0.91], >0.1: 17 muscles
  top: add_long_l=0.91, tib_ant_r=0.62, glut_min1_l=0.43, tib_ant_l=0.42, pect_l=0.42, glut_min2_l=0.39, ext_dig_r=0.38, glut_med1_r=0.23
Fmax range: 5..3396 N | L range sample: [0.229942 0.326094]
fitted baseline loaded: e2_pf=0.222 f1_df=0.098 f1_kf=0.148 post_kneext=0.011 post_hipext=0.068 desc_f=1.400 e2_adapt=1.700
start pose (normal.mot): applied 20 coordinates as given; pelvis ty 0.926 m (env override=0.9258102541070464); IMU-metric torso lean -0.0 deg (+ = back)
standing solve: nnls x in [0.00, 0.60], >0.1: 12 muscles
  top: tib_ant_r=0.60, add_long_l=0.51, tib_ant_l=0.49, ext_dig_r=0.37, ext_dig_l=0.27, glut_min1_l=0.24, pect_l=0.23, glut_min2_l=0.22
Fmax range: 5..3396 N | L range sample: [0.229942 0.326094]
fitted baseline loaded: e2_pf=0.222 f1_df=0.098 f1_kf=0.148 post_kneext=0.011 post_hipext=0.068 desc_f=1.400 e2_adapt=1.700
start pose (normal.mot): applied 20 coordinates as given; pelvis ty 0.916 m (env override=0.9162307412075877); IMU-metric torso lean -0.0 deg (+ = back)
standing solve: nnls x in [0.00, 0.83], >0.1: 16 muscles
  top: add_long_l=0.83, tib_ant_r=0.61, tib_ant_l=0.44, glut_min1_l=0.39, pect_l=0.38, ext_dig_r=0.38, glut_min2_l=0.36, ext_dig_l=0.23
Fmax range: 5..3396 N | L range sample: [0.229942 0.326094]
fitted baseline loaded: e2_pf=0.222 f1_df=0.098 f1_kf=0.148 post_kneext=0.011 post_hipext=0.068 desc_f=1.400 e2_adapt=1.700
start pose (normal.mot): applied 20 coordinates as given; pelvis ty 0.910 m (env override=0.9102824697595481); IMU-metric torso lean -0.0 deg (+ = back)
standing solve: nnls x in [0.00, 1.00], >0.1: 17 muscles
  top: add_long_l=1.00, tib_ant_r=0.62, glut_min1_l=0.47, pect_l=0.46, glut_min2_l=0.43, tib_ant_l=0.41, ext_dig_r=0.39, glut_med1_r=0.27
Fmax range: 5..3396 N | L range sample: [0.229942 0.326094]
fitted baseline loaded: e2_pf=0.222 f1_df=0.098 f1_kf=0.148 post_kneext=0.011 post_hipext=0.068 desc_f=1.400 e2_adapt=1.700
start pose (normal.mot): applied 20 coordinates as given; pelvis ty 0.927 m (env override=0.9271574748045979); IMU-metric torso lean -0.0 deg (+ = back)
standing solve: nnls x in [0.00, 0.60], >0.1: 12 muscles
  top: tib_ant_r=0.60, tib_ant_l=0.50, add_long_l=0.47, ext_dig_r=0.37, ext_dig_l=0.28, glut_min1_l=0.22, pect_l=0.21, glut_min2_l=0.20
Fmax range: 5..3396 N | L range sample: [0.229942 0.326094]
== stage 3 best -119.318 (trial 26)
{
 "drive": 3.213439503926277,
 "rg_nap_h": 0.8028932536496172,
 "desc_e": 0.9419873430807768,
 "desc_f": 2.1753638256553574,
 "rg_to_pf": 2.30510935517558,
 "heel_rge": 0.4076233127440201,
 "toe_rge": 0.3489327683792203,
 "ib_e_central": 0.020755777673709494,
 "ia_f_central": 0.3780419857647733,
 "ii_f_central": 0.3678036718010253,
 "ii_e_central": 0.2084405960609663,
 "c1_gain": 0.3362445479588232,
 "v3_gain": 0.2343279416101692,
 "ib_rge": 0.22034923302216675,
 "ia_in": 0.6994869968722031,
 "ia_f_contra_f": 0.4909779209852468,
 "v3_to_ibexc": 0.7850818660231372,
 "ankle_post_walk_trim": 0.11504140694863459,
 "contact_onset": 0.7464663523889783,
 "pelvis_ty": 0.9235239042369963,
 "f1_anklepf_inh": 1.0205991922119337
}
saved curriculum_stage3.json
=== s3c DONE Sun 09/20/2026 23:31:52.76 === 
