=== s3i start Mon 09/21/2026 22:55:06.73 === 
stage3.json = s3h t39 + pm_aff 0.8; pm_add 0.12 pm 0.34 ky 0.026
seeded {"drive": 3.1581586729506914, "rg_nap_h": 0.8952089965309074, "desc_e": 1.747817168711615, "desc_f": 1.117232277236243, "rg_to_pf": 2.3383691550425456, "heel_rge": 0.40609598542079073, "toe_rge": 0.3478020496584646, "ib_e_central": 0.4450946579198061, "ia_f_central": 0.3892792931738231, "ii_f_central": 0.4078454694008846, "ii_e_central": 0.21616796561212065, "c1_gain": 0.4225673300224633, "v3_gain": 0.10483503376521425, "ib_rge": 0.5449400173479805, "ia_in": 1.1656282744575108, "ia_f_contra_f": 0.5467752494589905, "v3_to_ibexc": 0.6306058968846326, "ankle_post_walk_trim": 0.7263337142650375, "contact_onset": 0.2655142054336266, "pelvis_ty": 0.9007506431340915, "f1_anklepf_inh": 1.124264159565744, "pf_gain": 0.385900916927999, "contra_swing": 0.3945577191249046, "contra_kinh": 1.9114074650269786, "pm_gain": 0.3396363133360527, "pm_T": 1.7370231729917445, "pm_ws": 0.4268405042884283, "ky_scale": 0.025820627983504492, "pm_add": 0.12317285672040601, "pm_aff": 0.8}
fitted baseline loaded: e2_pf=0.222 f1_df=0.098 f1_kf=0.148 post_kneext=0.011 post_hipext=0.068 desc_f=1.400 e2_adapt=1.700
start pose (normal): applied 20 coordinates as given; pelvis ty 0.901 m (env override=0.9007506431340915); IMU-metric torso lean -0.0 deg (+ = back)
standing solve: nnls x in [0.00, 1.00], >0.1: 19 muscles
  top: add_long_l=1.00, tib_ant_r=0.63, pect_l=0.58, glut_min1_l=0.57, glut_min2_l=0.52, ext_dig_r=0.40, glut_med1_r=0.37, tib_ant_l=0.35
Fmax range: 5..3396 N | L range sample: [0.229942 0.326094]
fitted baseline loaded: e2_pf=0.222 f1_df=0.098 f1_kf=0.148 post_kneext=0.011 post_hipext=0.068 desc_f=1.400 e2_adapt=1.700
start pose (normal): applied 20 coordinates as given; pelvis ty 0.925 m (env override=0.9246723801847451); IMU-metric torso lean -0.0 deg (+ = back)
standing solve: nnls x in [0.00, 0.61], >0.1: 13 muscles
  top: tib_ant_r=0.61, add_long_l=0.56, tib_ant_l=0.49, ext_dig_r=0.37, ext_dig_l=0.27, glut_min1_l=0.27, pect_l=0.26, glut_min2_l=0.25
Fmax range: 5..3396 N | L range sample: [0.229942 0.326094]
fitted baseline loaded: e2_pf=0.222 f1_df=0.098 f1_kf=0.148 post_kneext=0.011 post_hipext=0.068 desc_f=1.400 e2_adapt=1.700
start pose (normal): applied 20 coordinates as given; pelvis ty 0.930 m (env override=0.9297725337183125); IMU-metric torso lean -0.0 deg (+ = back)
standing solve: nnls x in [0.00, 0.60], >0.1: 12 muscles
  top: tib_ant_r=0.60, tib_ant_l=0.52, add_long_l=0.37, ext_dig_r=0.36, ext_dig_l=0.29, per_tert_r=0.19, pect_l=0.17, glut_min1_l=0.16
Fmax range: 5..3396 N | L range sample: [0.229942 0.326094]
fitted baseline loaded: e2_pf=0.222 f1_df=0.098 f1_kf=0.148 post_kneext=0.011 post_hipext=0.068 desc_f=1.400 e2_adapt=1.700
start pose (normal): applied 20 coordinates as given; pelvis ty 0.929 m (env override=0.9285063944287858); IMU-metric torso lean -0.0 deg (+ = back)
standing solve: nnls x in [0.00, 0.60], >0.1: 12 muscles
  top: tib_ant_r=0.60, tib_ant_l=0.51, add_long_l=0.42, ext_dig_r=0.36, ext_dig_l=0.28, glut_min1_l=0.19, pect_l=0.19, per_tert_r=0.19
Fmax range: 5..3396 N | L range sample: [0.229942 0.326094]
fitted baseline loaded: e2_pf=0.222 f1_df=0.098 f1_kf=0.148 post_kneext=0.011 post_hipext=0.068 desc_f=1.400 e2_adapt=1.700
start pose (normal): applied 20 coordinates as given; pelvis ty 0.881 m (env override=0.8811497032356552); IMU-metric torso lean -0.0 deg (+ = back)
standing solve: nnls x in [0.00, 1.00], >0.1: 23 muscles
  top: tfl_l=1.00, glut_min2_l=0.83, glut_min1_l=0.79, glut_med1_r=0.69, tib_ant_r=0.69, glut_max2_r=0.62, tib_ant_l=0.60, glut_min3_l=0.51
Fmax range: 5..3396 N | L range sample: [0.229942 0.326094]
fitted baseline loaded: e2_pf=0.222 f1_df=0.098 f1_kf=0.148 post_kneext=0.011 post_hipext=0.068 desc_f=1.400 e2_adapt=1.700
start pose (normal): applied 20 coordinates as given; pelvis ty 0.913 m (env override=0.9130009509930025); IMU-metric torso lean -0.0 deg (+ = back)
standing solve: nnls x in [0.00, 0.93], >0.1: 17 muscles
  top: add_long_l=0.93, tib_ant_r=0.62, glut_min1_l=0.44, pect_l=0.43, tib_ant_l=0.42, glut_min2_l=0.41, ext_dig_r=0.39, glut_med1_r=0.24
Fmax range: 5..3396 N | L range sample: [0.229942 0.326094]
fitted baseline loaded: e2_pf=0.222 f1_df=0.098 f1_kf=0.148 post_kneext=0.011 post_hipext=0.068 desc_f=1.400 e2_adapt=1.700
start pose (normal): applied 20 coordinates as given; pelvis ty 0.927 m (env override=0.9271068845066924); IMU-metric torso lean -0.0 deg (+ = back)
standing solve: nnls x in [0.00, 0.61], >0.1: 14 muscles
  top: tib_ant_r=0.61, tib_ant_l=0.51, add_long_l=0.50, ext_dig_r=0.38, ext_dig_l=0.30, glut_min1_l=0.27, glut_min2_l=0.26, pect_l=0.24
Fmax range: 5..3396 N | L range sample: [0.229942 0.326094]
fitted baseline loaded: e2_pf=0.222 f1_df=0.098 f1_kf=0.148 post_kneext=0.011 post_hipext=0.068 desc_f=1.400 e2_adapt=1.700
start pose (normal): applied 20 coordinates as given; pelvis ty 0.899 m (env override=0.8985573317391342); IMU-metric torso lean -0.0 deg (+ = back)
standing solve: nnls x in [0.00, 1.00], >0.1: 21 muscles
  top: add_long_l=1.00, glut_min1_l=0.68, tib_ant_r=0.64, pect_l=0.64, glut_min2_l=0.63, ext_dig_r=0.43, glut_med1_r=0.42, glut_min3_l=0.35
Fmax range: 5..3396 N | L range sample: [0.229942 0.326094]
fitted baseline loaded: e2_pf=0.222 f1_df=0.098 f1_kf=0.148 post_kneext=0.011 post_hipext=0.068 desc_f=1.400 e2_adapt=1.700
start pose (normal): applied 20 coordinates as given; pelvis ty 0.909 m (env override=0.9089137010485145); IMU-metric torso lean -0.0 deg (+ = back)
standing solve: nnls x in [0.00, 1.00], >0.1: 18 muscles
  top: add_long_l=1.00, tib_ant_r=0.62, glut_min1_l=0.49, pect_l=0.48, glut_min2_l=0.45, tib_ant_l=0.40, ext_dig_r=0.39, glut_med1_r=0.29
Fmax range: 5..3396 N | L range sample: [0.229942 0.326094]
fitted baseline loaded: e2_pf=0.222 f1_df=0.098 f1_kf=0.148 post_kneext=0.011 post_hipext=0.068 desc_f=1.400 e2_adapt=1.700
start pose (normal): applied 20 coordinates as given; pelvis ty 0.909 m (env override=0.909478440341206); IMU-metric torso lean -0.0 deg (+ = back)
standing solve: nnls x in [0.00, 1.00], >0.1: 18 muscles
  top: add_long_l=1.00, tib_ant_r=0.62, glut_min1_l=0.48, pect_l=0.48, glut_min2_l=0.45, tib_ant_l=0.40, ext_dig_r=0.39, glut_med1_r=0.29
Fmax range: 5..3396 N | L range sample: [0.229942 0.326094]
fitted baseline loaded: e2_pf=0.222 f1_df=0.098 f1_kf=0.148 post_kneext=0.011 post_hipext=0.068 desc_f=1.400 e2_adapt=1.700
start pose (normal): applied 20 coordinates as given; pelvis ty 0.896 m (env override=0.8956548506836404); IMU-metric torso lean -0.0 deg (+ = back)
standing solve: nnls x in [0.00, 1.00], >0.1: 19 muscles
  top: add_long_l=1.00, tib_ant_r=0.64, pect_l=0.63, glut_min1_l=0.61, glut_min2_l=0.55, glut_med1_r=0.42, ext_dig_r=0.41, glut_max2_r=0.36
Fmax range: 5..3396 N | L range sample: [0.229942 0.326094]
fitted baseline loaded: e2_pf=0.222 f1_df=0.098 f1_kf=0.148 post_kneext=0.011 post_hipext=0.068 desc_f=1.400 e2_adapt=1.700
start pose (normal): applied 20 coordinates as given; pelvis ty 0.897 m (env override=0.8968853496472204); IMU-metric torso lean -0.0 deg (+ = back)
standing solve: nnls x in [0.00, 1.00], >0.1: 19 muscles
  top: add_long_l=1.00, tib_ant_r=0.64, pect_l=0.62, glut_min1_l=0.60, glut_min2_l=0.55, ext_dig_r=0.41, glut_med1_r=0.41, glut_max2_r=0.35
Fmax range: 5..3396 N | L range sample: [0.229942 0.326094]
fitted baseline loaded: e2_pf=0.222 f1_df=0.098 f1_kf=0.148 post_kneext=0.011 post_hipext=0.068 desc_f=1.400 e2_adapt=1.700
start pose (normal): applied 20 coordinates as given; pelvis ty 0.913 m (env override=0.9132331660903021); IMU-metric torso lean -0.0 deg (+ = back)
standing solve: nnls x in [0.00, 0.92], >0.1: 17 muscles
  top: add_long_l=0.92, tib_ant_r=0.62, glut_min1_l=0.43, tib_ant_l=0.42, pect_l=0.42, glut_min2_l=0.40, ext_dig_r=0.38, glut_med1_r=0.24
Fmax range: 5..3396 N | L range sample: [0.229942 0.326094]
fitted baseline loaded: e2_pf=0.222 f1_df=0.098 f1_kf=0.148 post_kneext=0.011 post_hipext=0.068 desc_f=1.400 e2_adapt=1.700
start pose (normal): applied 20 coordinates as given; pelvis ty 0.889 m (env override=0.8886710276455909); IMU-metric torso lean -0.0 deg (+ = back)
standing solve: nnls x in [0.00, 1.00], >0.1: 21 muscles
  top: add_long_l=1.00, tfl_l=0.81, glut_min1_l=0.69, tib_ant_r=0.66, glut_min2_l=0.66, glut_med1_r=0.64, glut_max2_r=0.56, pect_l=0.56
Fmax range: 5..3396 N | L range sample: [0.229942 0.326094]
fitted baseline loaded: e2_pf=0.222 f1_df=0.098 f1_kf=0.148 post_kneext=0.011 post_hipext=0.068 desc_f=1.400 e2_adapt=1.700
start pose (normal): applied 20 coordinates as given; pelvis ty 0.915 m (env override=0.9151284050828943); IMU-metric torso lean -0.0 deg (+ = back)
standing solve: nnls x in [0.00, 0.87], >0.1: 17 muscles
  top: add_long_l=0.87, tib_ant_r=0.62, tib_ant_l=0.43, glut_min1_l=0.41, pect_l=0.40, ext_dig_r=0.38, glut_min2_l=0.38, ext_dig_l=0.23
Fmax range: 5..3396 N | L range sample: [0.229942 0.326094]
fitted baseline loaded: e2_pf=0.222 f1_df=0.098 f1_kf=0.148 post_kneext=0.011 post_hipext=0.068 desc_f=1.400 e2_adapt=1.700
start pose (normal): applied 20 coordinates as given; pelvis ty 0.907 m (env override=0.9073150897340734); IMU-metric torso lean -0.0 deg (+ = back)
standing solve: nnls x in [0.00, 1.00], >0.1: 18 muscles
  top: add_long_l=1.00, tib_ant_r=0.63, glut_min1_l=0.51, pect_l=0.50, glut_min2_l=0.47, ext_dig_r=0.39, tib_ant_l=0.39, glut_med1_r=0.31
Fmax range: 5..3396 N | L range sample: [0.229942 0.326094]
fitted baseline loaded: e2_pf=0.222 f1_df=0.098 f1_kf=0.148 post_kneext=0.011 post_hipext=0.068 desc_f=1.400 e2_adapt=1.700
start pose (normal): applied 20 coordinates as given; pelvis ty 0.906 m (env override=0.9057663416821696); IMU-metric torso lean -0.0 deg (+ = back)
standing solve: nnls x in [0.00, 1.00], >0.1: 18 muscles
  top: add_long_l=1.00, tib_ant_r=0.63, glut_min1_l=0.54, pect_l=0.53, glut_min2_l=0.50, ext_dig_r=0.40, tib_ant_l=0.38, glut_med1_r=0.33
Fmax range: 5..3396 N | L range sample: [0.229942 0.326094]
fitted baseline loaded: e2_pf=0.222 f1_df=0.098 f1_kf=0.148 post_kneext=0.011 post_hipext=0.068 desc_f=1.400 e2_adapt=1.700
start pose (normal): applied 20 coordinates as given; pelvis ty 0.904 m (env override=0.9036414929508945); IMU-metric torso lean -0.0 deg (+ = back)
standing solve: nnls x in [0.00, 1.00], >0.1: 19 muscles
  top: add_long_l=1.00, tib_ant_r=0.63, pect_l=0.54, glut_min1_l=0.54, glut_min2_l=0.49, ext_dig_r=0.40, tib_ant_l=0.36, glut_med1_r=0.35
Fmax range: 5..3396 N | L range sample: [0.229942 0.326094]
fitted baseline loaded: e2_pf=0.222 f1_df=0.098 f1_kf=0.148 post_kneext=0.011 post_hipext=0.068 desc_f=1.400 e2_adapt=1.700
start pose (normal): applied 20 coordinates as given; pelvis ty 0.918 m (env override=0.9179400172168407); IMU-metric torso lean -0.0 deg (+ = back)
standing solve: nnls x in [0.00, 0.78], >0.1: 15 muscles
  top: add_long_l=0.78, tib_ant_r=0.61, tib_ant_l=0.45, ext_dig_r=0.38, glut_min1_l=0.38, pect_l=0.36, glut_min2_l=0.35, ext_dig_l=0.25
Fmax range: 5..3396 N | L range sample: [0.229942 0.326094]
fitted baseline loaded: e2_pf=0.222 f1_df=0.098 f1_kf=0.148 post_kneext=0.011 post_hipext=0.068 desc_f=1.400 e2_adapt=1.700
start pose (normal): applied 20 coordinates as given; pelvis ty 0.899 m (env override=0.8992806852205298); IMU-metric torso lean -0.0 deg (+ = back)
standing solve: nnls x in [0.00, 1.00], >0.1: 19 muscles
  top: add_long_l=1.00, tib_ant_r=0.64, pect_l=0.60, glut_min1_l=0.59, glut_min2_l=0.54, ext_dig_r=0.41, glut_med1_r=0.39, tib_ant_l=0.34
Fmax range: 5..3396 N | L range sample: [0.229942 0.326094]
fitted baseline loaded: e2_pf=0.222 f1_df=0.098 f1_kf=0.148 post_kneext=0.011 post_hipext=0.068 desc_f=1.400 e2_adapt=1.700
start pose (normal): applied 20 coordinates as given; pelvis ty 0.909 m (env override=0.9090615413683363); IMU-metric torso lean -0.0 deg (+ = back)
standing solve: nnls x in [0.00, 1.00], >0.1: 18 muscles
  top: add_long_l=1.00, tib_ant_r=0.62, glut_min1_l=0.48, pect_l=0.48, glut_min2_l=0.44, tib_ant_l=0.40, ext_dig_r=0.39, glut_med1_r=0.29
Fmax range: 5..3396 N | L range sample: [0.229942 0.326094]
fitted baseline loaded: e2_pf=0.222 f1_df=0.098 f1_kf=0.148 post_kneext=0.011 post_hipext=0.068 desc_f=1.400 e2_adapt=1.700
start pose (normal): applied 20 coordinates as given; pelvis ty 0.919 m (env override=0.9189182399813944); IMU-metric torso lean -0.0 deg (+ = back)
standing solve: nnls x in [0.00, 0.75], >0.1: 14 muscles
  top: add_long_l=0.75, tib_ant_r=0.61, tib_ant_l=0.46, ext_dig_r=0.38, glut_min1_l=0.36, pect_l=0.35, glut_min2_l=0.34, ext_dig_l=0.25
Fmax range: 5..3396 N | L range sample: [0.229942 0.326094]
fitted baseline loaded: e2_pf=0.222 f1_df=0.098 f1_kf=0.148 post_kneext=0.011 post_hipext=0.068 desc_f=1.400 e2_adapt=1.700
start pose (normal): applied 20 coordinates as given; pelvis ty 0.908 m (env override=0.9081988143003316); IMU-metric torso lean -0.0 deg (+ = back)
standing solve: nnls x in [0.00, 1.00], >0.1: 18 muscles
  top: add_long_l=1.00, tib_ant_r=0.62, glut_min1_l=0.49, pect_l=0.49, glut_min2_l=0.45, tib_ant_l=0.39, ext_dig_r=0.39, glut_med1_r=0.30
Fmax range: 5..3396 N | L range sample: [0.229942 0.326094]
fitted baseline loaded: e2_pf=0.222 f1_df=0.098 f1_kf=0.148 post_kneext=0.011 post_hipext=0.068 desc_f=1.400 e2_adapt=1.700
start pose (normal): applied 20 coordinates as given; pelvis ty 0.913 m (env override=0.9127990006092678); IMU-metric torso lean -0.0 deg (+ = back)
standing solve: nnls x in [0.00, 0.93], >0.1: 17 muscles
  top: add_long_l=0.93, tib_ant_r=0.62, glut_min1_l=0.44, pect_l=0.43, tib_ant_l=0.42, glut_min2_l=0.40, ext_dig_r=0.38, glut_med1_r=0.24
Fmax range: 5..3396 N | L range sample: [0.229942 0.326094]
fitted baseline loaded: e2_pf=0.222 f1_df=0.098 f1_kf=0.148 post_kneext=0.011 post_hipext=0.068 desc_f=1.400 e2_adapt=1.700
start pose (normal): applied 20 coordinates as given; pelvis ty 0.899 m (env override=0.8993188290978484); IMU-metric torso lean -0.0 deg (+ = back)
standing solve: nnls x in [0.00, 1.00], >0.1: 19 muscles
  top: add_long_l=1.00, tib_ant_r=0.64, pect_l=0.60, glut_min1_l=0.59, glut_min2_l=0.54, ext_dig_r=0.41, glut_med1_r=0.39, tib_ant_l=0.34
Fmax range: 5..3396 N | L range sample: [0.229942 0.326094]
fitted baseline loaded: e2_pf=0.222 f1_df=0.098 f1_kf=0.148 post_kneext=0.011 post_hipext=0.068 desc_f=1.400 e2_adapt=1.700
start pose (normal): applied 20 coordinates as given; pelvis ty 0.916 m (env override=0.9162312940662473); IMU-metric torso lean -0.0 deg (+ = back)
standing solve: nnls x in [0.00, 0.83], >0.1: 16 muscles
  top: add_long_l=0.83, tib_ant_r=0.61, tib_ant_l=0.44, glut_min1_l=0.39, pect_l=0.38, ext_dig_r=0.38, glut_min2_l=0.36, ext_dig_l=0.23
Fmax range: 5..3396 N | L range sample: [0.229942 0.326094]
fitted baseline loaded: e2_pf=0.222 f1_df=0.098 f1_kf=0.148 post_kneext=0.011 post_hipext=0.068 desc_f=1.400 e2_adapt=1.700
start pose (normal): applied 20 coordinates as given; pelvis ty 0.907 m (env override=0.9066495738970822); IMU-metric torso lean -0.0 deg (+ = back)
standing solve: nnls x in [0.00, 1.00], >0.1: 18 muscles
  top: add_long_l=1.00, tib_ant_r=0.63, glut_min1_l=0.51, pect_l=0.51, glut_min2_l=0.47, ext_dig_r=0.39, tib_ant_l=0.38, glut_med1_r=0.32
Fmax range: 5..3396 N | L range sample: [0.229942 0.326094]
fitted baseline loaded: e2_pf=0.222 f1_df=0.098 f1_kf=0.148 post_kneext=0.011 post_hipext=0.068 desc_f=1.400 e2_adapt=1.700
start pose (normal): applied 20 coordinates as given; pelvis ty 0.917 m (env override=0.9172314967061644); IMU-metric torso lean -0.0 deg (+ = back)
standing solve: nnls x in [0.00, 0.80], >0.1: 15 muscles
  top: add_long_l=0.80, tib_ant_r=0.61, tib_ant_l=0.45, glut_min1_l=0.38, ext_dig_r=0.38, pect_l=0.37, glut_min2_l=0.35, ext_dig_l=0.24
Fmax range: 5..3396 N | L range sample: [0.229942 0.326094]
fitted baseline loaded: e2_pf=0.222 f1_df=0.098 f1_kf=0.148 post_kneext=0.011 post_hipext=0.068 desc_f=1.400 e2_adapt=1.700
start pose (normal): applied 20 coordinates as given; pelvis ty 0.908 m (env override=0.9078437605903676); IMU-metric torso lean -0.0 deg (+ = back)
standing solve: nnls x in [0.00, 1.00], >0.1: 18 muscles
  top: add_long_l=1.00, tib_ant_r=0.62, glut_min1_l=0.50, pect_l=0.49, glut_min2_l=0.46, ext_dig_r=0.39, tib_ant_l=0.39, glut_med1_r=0.30
Fmax range: 5..3396 N | L range sample: [0.229942 0.326094]
fitted baseline loaded: e2_pf=0.222 f1_df=0.098 f1_kf=0.148 post_kneext=0.011 post_hipext=0.068 desc_f=1.400 e2_adapt=1.700
start pose (normal): applied 20 coordinates as given; pelvis ty 0.915 m (env override=0.9145508026824012); IMU-metric torso lean -0.0 deg (+ = back)
standing solve: nnls x in [0.00, 0.88], >0.1: 17 muscles
  top: add_long_l=0.88, tib_ant_r=0.62, tib_ant_l=0.43, glut_min1_l=0.41, pect_l=0.40, ext_dig_r=0.38, glut_min2_l=0.38, ext_dig_l=0.23
Fmax range: 5..3396 N | L range sample: [0.229942 0.326094]
fitted baseline loaded: e2_pf=0.222 f1_df=0.098 f1_kf=0.148 post_kneext=0.011 post_hipext=0.068 desc_f=1.400 e2_adapt=1.700
start pose (normal): applied 20 coordinates as given; pelvis ty 0.928 m (env override=0.9275393670338961); IMU-metric torso lean -0.0 deg (+ = back)
standing solve: nnls x in [0.00, 0.60], >0.1: 13 muscles
  top: tib_ant_r=0.60, tib_ant_l=0.51, add_long_l=0.46, ext_dig_r=0.37, ext_dig_l=0.28, glut_min1_l=0.23, pect_l=0.21, glut_min2_l=0.21
Fmax range: 5..3396 N | L range sample: [0.229942 0.326094]
fitted baseline loaded: e2_pf=0.222 f1_df=0.098 f1_kf=0.148 post_kneext=0.011 post_hipext=0.068 desc_f=1.400 e2_adapt=1.700
start pose (normal): applied 20 coordinates as given; pelvis ty 0.913 m (env override=0.9130146520956292); IMU-metric torso lean -0.0 deg (+ = back)
standing solve: nnls x in [0.00, 0.94], >0.1: 17 muscles
  top: add_long_l=0.94, tib_ant_r=0.62, glut_min1_l=0.45, pect_l=0.43, tib_ant_l=0.42, glut_min2_l=0.42, ext_dig_r=0.39, glut_med1_r=0.25
Fmax range: 5..3396 N | L range sample: [0.229942 0.326094]
fitted baseline loaded: e2_pf=0.222 f1_df=0.098 f1_kf=0.148 post_kneext=0.011 post_hipext=0.068 desc_f=1.400 e2_adapt=1.700
start pose (normal): applied 20 coordinates as given; pelvis ty 0.923 m (env override=0.9226158419579992); IMU-metric torso lean -0.0 deg (+ = back)
standing solve: nnls x in [0.00, 0.62], >0.1: 13 muscles
  top: add_long_l=0.62, tib_ant_r=0.61, tib_ant_l=0.48, ext_dig_r=0.37, glut_min1_l=0.29, pect_l=0.28, glut_min2_l=0.27, ext_dig_l=0.26
Fmax range: 5..3396 N | L range sample: [0.229942 0.326094]
fitted baseline loaded: e2_pf=0.222 f1_df=0.098 f1_kf=0.148 post_kneext=0.011 post_hipext=0.068 desc_f=1.400 e2_adapt=1.700
start pose (normal): applied 20 coordinates as given; pelvis ty 0.915 m (env override=0.9153818494311761); IMU-metric torso lean -0.0 deg (+ = back)
standing solve: nnls x in [0.00, 0.85], >0.1: 17 muscles
  top: add_long_l=0.85, tib_ant_r=0.61, tib_ant_l=0.44, glut_min1_l=0.40, pect_l=0.39, ext_dig_r=0.38, glut_min2_l=0.37, ext_dig_l=0.23
Fmax range: 5..3396 N | L range sample: [0.229942 0.326094]
fitted baseline loaded: e2_pf=0.222 f1_df=0.098 f1_kf=0.148 post_kneext=0.011 post_hipext=0.068 desc_f=1.400 e2_adapt=1.700
start pose (normal): applied 20 coordinates as given; pelvis ty 0.915 m (env override=0.9147243694645208); IMU-metric torso lean -0.0 deg (+ = back)
standing solve: nnls x in [0.00, 0.87], >0.1: 17 muscles
  top: add_long_l=0.87, tib_ant_r=0.62, tib_ant_l=0.43, glut_min1_l=0.41, pect_l=0.40, ext_dig_r=0.38, glut_min2_l=0.38, ext_dig_l=0.23
Fmax range: 5..3396 N | L range sample: [0.229942 0.326094]
fitted baseline loaded: e2_pf=0.222 f1_df=0.098 f1_kf=0.148 post_kneext=0.011 post_hipext=0.068 desc_f=1.400 e2_adapt=1.700
start pose (normal): applied 20 coordinates as given; pelvis ty 0.908 m (env override=0.9083457052985556); IMU-metric torso lean -0.0 deg (+ = back)
standing solve: nnls x in [0.00, 1.00], >0.1: 18 muscles
  top: add_long_l=1.00, tib_ant_r=0.62, glut_min1_l=0.51, pect_l=0.50, glut_min2_l=0.47, ext_dig_r=0.40, tib_ant_l=0.39, glut_med1_r=0.30
Fmax range: 5..3396 N | L range sample: [0.229942 0.326094]
fitted baseline loaded: e2_pf=0.222 f1_df=0.098 f1_kf=0.148 post_kneext=0.011 post_hipext=0.068 desc_f=1.400 e2_adapt=1.700
start pose (normal): applied 20 coordinates as given; pelvis ty 0.910 m (env override=0.9098664416284493); IMU-metric torso lean -0.0 deg (+ = back)
standing solve: nnls x in [0.00, 1.00], >0.1: 17 muscles
  top: add_long_l=1.00, tib_ant_r=0.62, glut_min1_l=0.47, pect_l=0.47, glut_min2_l=0.44, tib_ant_l=0.40, ext_dig_r=0.39, glut_med1_r=0.28
Fmax range: 5..3396 N | L range sample: [0.229942 0.326094]
fitted baseline loaded: e2_pf=0.222 f1_df=0.098 f1_kf=0.148 post_kneext=0.011 post_hipext=0.068 desc_f=1.400 e2_adapt=1.700
start pose (normal): applied 20 coordinates as given; pelvis ty 0.907 m (env override=0.9070923522404457); IMU-metric torso lean -0.0 deg (+ = back)
standing solve: nnls x in [0.00, 1.00], >0.1: 18 muscles
  top: add_long_l=1.00, tib_ant_r=0.62, glut_min1_l=0.50, pect_l=0.50, glut_min2_l=0.46, ext_dig_r=0.39, tib_ant_l=0.39, glut_med1_r=0.31
Fmax range: 5..3396 N | L range sample: [0.229942 0.326094]
fitted baseline loaded: e2_pf=0.222 f1_df=0.098 f1_kf=0.148 post_kneext=0.011 post_hipext=0.068 desc_f=1.400 e2_adapt=1.700
start pose (normal): applied 20 coordinates as given; pelvis ty 0.903 m (env override=0.9025127306158742); IMU-metric torso lean -0.0 deg (+ = back)
standing solve: nnls x in [0.00, 1.00], >0.1: 19 muscles
  top: add_long_l=1.00, tib_ant_r=0.63, pect_l=0.56, glut_min1_l=0.56, glut_min2_l=0.51, ext_dig_r=0.40, glut_med1_r=0.36, tib_ant_l=0.36
Fmax range: 5..3396 N | L range sample: [0.229942 0.326094]
fitted baseline loaded: e2_pf=0.222 f1_df=0.098 f1_kf=0.148 post_kneext=0.011 post_hipext=0.068 desc_f=1.400 e2_adapt=1.700
start pose (normal): applied 20 coordinates as given; pelvis ty 0.900 m (env override=0.9000973018861541); IMU-metric torso lean -0.0 deg (+ = back)
standing solve: nnls x in [0.00, 1.00], >0.1: 19 muscles
  top: add_long_l=1.00, tib_ant_r=0.64, pect_l=0.59, glut_min1_l=0.57, glut_min2_l=0.52, ext_dig_r=0.40, glut_med1_r=0.38, tib_ant_l=0.34
Fmax range: 5..3396 N | L range sample: [0.229942 0.326094]
== stage 3 best -148.688 (trial 20)
{
 "drive": 2.4882992476247043,
 "rg_nap_h": 0.8975766863637906,
 "desc_e": 1.6628282763151707,
 "desc_f": 0.9395921287074662,
 "rg_to_pf": 2.53770398585586,
 "heel_rge": 0.3289546477015981,
 "toe_rge": 0.36983462080569446,
 "ib_e_central": 0.22470719687087012,
 "ia_f_central": 0.4427100920994606,
 "ii_f_central": 0.3175984628699015,
 "ii_e_central": 0.1293905463206522,
 "c1_gain": 0.552000062041245,
 "v3_gain": 0.1678391910956909,
 "ib_rge": 0.6598514333147222,
 "ia_in": 1.1944878451519545,
 "ia_f_contra_f": 0.7049876887050252,
 "v3_to_ibexc": 0.9877245968564526,
 "ankle_post_walk_trim": 0.4859434992702706,
 "contact_onset": 0.7172858087057259,
 "pelvis_ty": 0.9090615413683363,
 "f1_anklepf_inh": 0.7182580825562785,
 "pf_gain": 0.3510200422798271,
 "contra_swing": 0.8434305851938753,
 "contra_kinh": 1.612575904533001,
 "pm_gain": 0.49008051303507716,
 "pm_T": 1.9404126818697716,
 "pm_ws": 0.1647093126500937,
 "pm_add": 0.10867186643366705,
 "pm_aff": 0.2746849031822465,
 "ky_scale": 0.20440041922420224
}
saved curriculum_stage3.json
=== s3i DONE Mon 09/21/2026 23:42:06.35 === 
