=== s3h start Mon 09/21/2026 21:50:19.47 === 
seeded {"drive": 2.9547988692242444, "rg_nap_h": 0.8046845425042831, "desc_e": 1.3817209140736906, "desc_f": 1.0976251470362905, "rg_to_pf": 2.2746399638099444, "heel_rge": 0.1337566424560636, "toe_rge": 0.032480356309670194, "ib_e_central": 0.30753765603381444, "ia_f_central": 0.190404414735701, "ii_f_central": 0.3284497489099609, "ii_e_central": 0.06880639782827928, "c1_gain": 0.6082963726544685, "v3_gain": 0.07597732040968169, "ib_rge": 0.7872253953154708, "ia_in": 0.7506742321041953, "ia_f_contra_f": 0.43525498266297596, "v3_to_ibexc": 0.650491711215303, "ankle_post_walk_trim": 0.22969539625593877, "contact_onset": 0.7006193654708361, "pelvis_ty": 0.9017365224647894, "f1_anklepf_inh": 0.6773671927140152, "pf_gain": 0.3608077886570494, "contra_swing": 0.7507187491079121, "contra_kinh": 0.8164849217157146, "pm_gain": 0.34634564377747434, "pm_T": 1.4301936180700383, "pm_ws": 0.4, "ky_scale": 0.05, "pm_add": 0.4}
fitted baseline loaded: e2_pf=0.222 f1_df=0.098 f1_kf=0.148 post_kneext=0.011 post_hipext=0.068 desc_f=1.400 e2_adapt=1.700
start pose (normal): applied 20 coordinates as given; pelvis ty 0.902 m (env override=0.9017365224647894); IMU-metric torso lean -0.0 deg (+ = back)
standing solve: nnls x in [0.00, 1.00], >0.1: 19 muscles
  top: add_long_l=1.00, tib_ant_r=0.63, pect_l=0.57, glut_min1_l=0.56, glut_min2_l=0.51, ext_dig_r=0.40, glut_med1_r=0.36, tib_ant_l=0.35
Fmax range: 5..3396 N | L range sample: [0.229942 0.326094]
fitted baseline loaded: e2_pf=0.222 f1_df=0.098 f1_kf=0.148 post_kneext=0.011 post_hipext=0.068 desc_f=1.400 e2_adapt=1.700
start pose (normal): applied 20 coordinates as given; pelvis ty 0.925 m (env override=0.9246723801847451); IMU-metric torso lean -0.0 deg (+ = back)
standing solve: nnls x in [0.00, 0.61], >0.1: 13 muscles
  top: tib_ant_r=0.61, add_long_l=0.56, tib_ant_l=0.49, ext_dig_r=0.37, ext_dig_l=0.27, glut_min1_l=0.27, pect_l=0.26, glut_min2_l=0.25
Fmax range: 5..3396 N | L range sample: [0.229942 0.326094]
fitted baseline loaded: e2_pf=0.222 f1_df=0.098 f1_kf=0.148 post_kneext=0.011 post_hipext=0.068 desc_f=1.400 e2_adapt=1.700
start pose (normal): applied 20 coordinates as given; pelvis ty 0.917 m (env override=0.9168375724691471); IMU-metric torso lean -0.0 deg (+ = back)
standing solve: nnls x in [0.00, 0.86], >0.1: 20 muscles
  top: add_long_l=0.86, tib_ant_r=0.62, glut_min1_l=0.48, glut_min2_l=0.46, tib_ant_l=0.45, pect_l=0.41, ext_dig_r=0.41, glut_min3_l=0.29
Fmax range: 5..3396 N | L range sample: [0.229942 0.326094]
fitted baseline loaded: e2_pf=0.222 f1_df=0.098 f1_kf=0.148 post_kneext=0.011 post_hipext=0.068 desc_f=1.400 e2_adapt=1.700
start pose (normal): applied 20 coordinates as given; pelvis ty 0.889 m (env override=0.8889732200588388); IMU-metric torso lean -0.0 deg (+ = back)
standing solve: nnls x in [0.00, 1.00], >0.1: 25 muscles
  top: add_long_l=1.00, glut_min1_l=0.81, tfl_l=0.79, glut_min2_l=0.78, tib_ant_r=0.67, glut_med1_r=0.67, pect_l=0.61, glut_max2_r=0.50
Fmax range: 5..3396 N | L range sample: [0.229942 0.326094]
fitted baseline loaded: e2_pf=0.222 f1_df=0.098 f1_kf=0.148 post_kneext=0.011 post_hipext=0.068 desc_f=1.400 e2_adapt=1.700
start pose (normal): applied 20 coordinates as given; pelvis ty 0.903 m (env override=0.903189385380287); IMU-metric torso lean -0.0 deg (+ = back)
standing solve: nnls x in [0.00, 1.00], >0.1: 18 muscles
  top: add_long_l=1.00, tib_ant_r=0.63, pect_l=0.55, glut_min1_l=0.55, glut_min2_l=0.51, ext_dig_r=0.40, tib_ant_l=0.36, glut_med1_r=0.35
Fmax range: 5..3396 N | L range sample: [0.229942 0.326094]
fitted baseline loaded: e2_pf=0.222 f1_df=0.098 f1_kf=0.148 post_kneext=0.011 post_hipext=0.068 desc_f=1.400 e2_adapt=1.700
start pose (normal): applied 20 coordinates as given; pelvis ty 0.908 m (env override=0.9075895749542768); IMU-metric torso lean -0.0 deg (+ = back)
standing solve: nnls x in [0.00, 1.00], >0.1: 22 muscles
  top: add_long_l=1.00, tib_ant_r=0.63, glut_min1_l=0.60, glut_min2_l=0.57, pect_l=0.54, ext_dig_r=0.42, tib_ant_l=0.39, glut_med1_r=0.34
Fmax range: 5..3396 N | L range sample: [0.229942 0.326094]
fitted baseline loaded: e2_pf=0.222 f1_df=0.098 f1_kf=0.148 post_kneext=0.011 post_hipext=0.068 desc_f=1.400 e2_adapt=1.700
start pose (normal): applied 20 coordinates as given; pelvis ty 0.898 m (env override=0.897516848673476); IMU-metric torso lean -0.0 deg (+ = back)
standing solve: nnls x in [0.00, 1.00], >0.1: 20 muscles
  top: add_long_l=1.00, tib_ant_r=0.64, pect_l=0.62, glut_min1_l=0.61, glut_min2_l=0.56, ext_dig_r=0.41, glut_med1_r=0.41, glut_max2_r=0.34
Fmax range: 5..3396 N | L range sample: [0.229942 0.326094]
fitted baseline loaded: e2_pf=0.222 f1_df=0.098 f1_kf=0.148 post_kneext=0.011 post_hipext=0.068 desc_f=1.400 e2_adapt=1.700
start pose (normal): applied 20 coordinates as given; pelvis ty 0.911 m (env override=0.9114328505707343); IMU-metric torso lean -0.0 deg (+ = back)
standing solve: nnls x in [0.00, 1.00], >0.1: 19 muscles
  top: add_long_l=1.00, tib_ant_r=0.62, glut_min1_l=0.51, glut_min2_l=0.47, pect_l=0.47, tib_ant_l=0.41, ext_dig_r=0.40, glut_med1_r=0.27
Fmax range: 5..3396 N | L range sample: [0.229942 0.326094]
fitted baseline loaded: e2_pf=0.222 f1_df=0.098 f1_kf=0.148 post_kneext=0.011 post_hipext=0.068 desc_f=1.400 e2_adapt=1.700
start pose (normal): applied 20 coordinates as given; pelvis ty 0.918 m (env override=0.9184367514219529); IMU-metric torso lean -0.0 deg (+ = back)
standing solve: nnls x in [0.00, 0.77], >0.1: 16 muscles
  top: add_long_l=0.77, tib_ant_r=0.61, tib_ant_l=0.45, ext_dig_r=0.38, glut_min1_l=0.38, pect_l=0.36, glut_min2_l=0.35, ext_dig_l=0.25
Fmax range: 5..3396 N | L range sample: [0.229942 0.326094]
fitted baseline loaded: e2_pf=0.222 f1_df=0.098 f1_kf=0.148 post_kneext=0.011 post_hipext=0.068 desc_f=1.400 e2_adapt=1.700
start pose (normal): applied 20 coordinates as given; pelvis ty 0.911 m (env override=0.9113869339411277); IMU-metric torso lean -0.0 deg (+ = back)
standing solve: nnls x in [0.00, 1.00], >0.1: 18 muscles
  top: add_long_l=1.00, tib_ant_r=0.62, glut_min1_l=0.49, pect_l=0.46, glut_min2_l=0.45, tib_ant_l=0.41, ext_dig_r=0.40, glut_med1_r=0.27
Fmax range: 5..3396 N | L range sample: [0.229942 0.326094]
fitted baseline loaded: e2_pf=0.222 f1_df=0.098 f1_kf=0.148 post_kneext=0.011 post_hipext=0.068 desc_f=1.400 e2_adapt=1.700
start pose (normal): applied 20 coordinates as given; pelvis ty 0.881 m (env override=0.8806969668684272); IMU-metric torso lean -0.0 deg (+ = back)
standing solve: nnls x in [0.00, 1.00], >0.1: 24 muscles
  top: tfl_l=1.00, glut_min2_l=0.88, glut_min1_l=0.83, glut_med1_r=0.70, tib_ant_r=0.70, tib_ant_l=0.60, glut_max2_r=0.60, glut_min3_l=0.56
Fmax range: 5..3396 N | L range sample: [0.229942 0.326094]
fitted baseline loaded: e2_pf=0.222 f1_df=0.098 f1_kf=0.148 post_kneext=0.011 post_hipext=0.068 desc_f=1.400 e2_adapt=1.700
start pose (normal): applied 20 coordinates as given; pelvis ty 0.892 m (env override=0.8919450049701468); IMU-metric torso lean -0.0 deg (+ = back)
standing solve: nnls x in [0.00, 1.00], >0.1: 20 muscles
  top: add_long_l=1.00, pect_l=0.67, tib_ant_r=0.66, glut_min1_l=0.64, glut_min2_l=0.59, glut_med1_r=0.58, glut_max2_r=0.50, ext_dig_r=0.43
Fmax range: 5..3396 N | L range sample: [0.229942 0.326094]
fitted baseline loaded: e2_pf=0.222 f1_df=0.098 f1_kf=0.148 post_kneext=0.011 post_hipext=0.068 desc_f=1.400 e2_adapt=1.700
start pose (normal): applied 20 coordinates as given; pelvis ty 0.906 m (env override=0.9057949587701495); IMU-metric torso lean -0.0 deg (+ = back)
standing solve: nnls x in [0.00, 1.00], >0.1: 18 muscles
  top: add_long_l=1.00, tib_ant_r=0.63, pect_l=0.52, glut_min1_l=0.52, glut_min2_l=0.48, ext_dig_r=0.39, tib_ant_l=0.38, glut_med1_r=0.32
Fmax range: 5..3396 N | L range sample: [0.229942 0.326094]
fitted baseline loaded: e2_pf=0.222 f1_df=0.098 f1_kf=0.148 post_kneext=0.011 post_hipext=0.068 desc_f=1.400 e2_adapt=1.700
start pose (normal): applied 20 coordinates as given; pelvis ty 0.903 m (env override=0.9026522186762109); IMU-metric torso lean -0.0 deg (+ = back)
standing solve: nnls x in [0.00, 1.00], >0.1: 19 muscles
  top: add_long_l=1.00, tib_ant_r=0.63, pect_l=0.56, glut_min1_l=0.55, glut_min2_l=0.50, ext_dig_r=0.40, tib_ant_l=0.36, glut_med1_r=0.35
Fmax range: 5..3396 N | L range sample: [0.229942 0.326094]
fitted baseline loaded: e2_pf=0.222 f1_df=0.098 f1_kf=0.148 post_kneext=0.011 post_hipext=0.068 desc_f=1.400 e2_adapt=1.700
start pose (normal): applied 20 coordinates as given; pelvis ty 0.912 m (env override=0.9123631105422098); IMU-metric torso lean -0.0 deg (+ = back)
standing solve: nnls x in [0.00, 0.97], >0.1: 19 muscles
  top: add_long_l=0.97, tib_ant_r=0.62, glut_min1_l=0.48, pect_l=0.45, glut_min2_l=0.45, tib_ant_l=0.42, ext_dig_r=0.40, glut_med1_r=0.26
Fmax range: 5..3396 N | L range sample: [0.229942 0.326094]
fitted baseline loaded: e2_pf=0.222 f1_df=0.098 f1_kf=0.148 post_kneext=0.011 post_hipext=0.068 desc_f=1.400 e2_adapt=1.700
start pose (normal): applied 20 coordinates as given; pelvis ty 0.919 m (env override=0.9187001297796845); IMU-metric torso lean -0.0 deg (+ = back)
standing solve: nnls x in [0.00, 0.75], >0.1: 14 muscles
  top: add_long_l=0.75, tib_ant_r=0.61, tib_ant_l=0.46, ext_dig_r=0.38, glut_min1_l=0.36, pect_l=0.35, glut_min2_l=0.33, ext_dig_l=0.25
Fmax range: 5..3396 N | L range sample: [0.229942 0.326094]
fitted baseline loaded: e2_pf=0.222 f1_df=0.098 f1_kf=0.148 post_kneext=0.011 post_hipext=0.068 desc_f=1.400 e2_adapt=1.700
start pose (normal): applied 20 coordinates as given; pelvis ty 0.909 m (env override=0.9091967284494415); IMU-metric torso lean -0.0 deg (+ = back)
standing solve: nnls x in [0.00, 1.00], >0.1: 22 muscles
  top: add_long_l=1.00, tib_ant_r=0.63, glut_min1_l=0.57, glut_min2_l=0.54, pect_l=0.52, ext_dig_r=0.42, tib_ant_l=0.40, glut_med1_r=0.32
Fmax range: 5..3396 N | L range sample: [0.229942 0.326094]
fitted baseline loaded: e2_pf=0.222 f1_df=0.098 f1_kf=0.148 post_kneext=0.011 post_hipext=0.068 desc_f=1.400 e2_adapt=1.700
start pose (normal): applied 20 coordinates as given; pelvis ty 0.912 m (env override=0.9117948328632359); IMU-metric torso lean -0.0 deg (+ = back)
standing solve: nnls x in [0.00, 1.00], >0.1: 22 muscles
  top: add_long_l=1.00, tib_ant_r=0.63, glut_min1_l=0.56, glut_min2_l=0.53, pect_l=0.49, tib_ant_l=0.42, ext_dig_r=0.42, glut_min3_l=0.33
Fmax range: 5..3396 N | L range sample: [0.229942 0.326094]
fitted baseline loaded: e2_pf=0.222 f1_df=0.098 f1_kf=0.148 post_kneext=0.011 post_hipext=0.068 desc_f=1.400 e2_adapt=1.700
start pose (normal): applied 20 coordinates as given; pelvis ty 0.904 m (env override=0.9040491102991518); IMU-metric torso lean -0.0 deg (+ = back)
standing solve: nnls x in [0.00, 1.00], >0.1: 21 muscles
  top: add_long_l=1.00, tib_ant_r=0.64, glut_min1_l=0.62, glut_min2_l=0.59, pect_l=0.58, ext_dig_r=0.42, tib_ant_l=0.37, glut_med1_r=0.37
Fmax range: 5..3396 N | L range sample: [0.229942 0.326094]
fitted baseline loaded: e2_pf=0.222 f1_df=0.098 f1_kf=0.148 post_kneext=0.011 post_hipext=0.068 desc_f=1.400 e2_adapt=1.700
start pose (normal): applied 20 coordinates as given; pelvis ty 0.905 m (env override=0.9050258225856352); IMU-metric torso lean -0.0 deg (+ = back)
standing solve: nnls x in [0.00, 1.00], >0.1: 19 muscles
  top: add_long_l=1.00, tib_ant_r=0.63, glut_min1_l=0.57, pect_l=0.55, glut_min2_l=0.53, ext_dig_r=0.41, tib_ant_l=0.37, glut_med1_r=0.34
Fmax range: 5..3396 N | L range sample: [0.229942 0.326094]
fitted baseline loaded: e2_pf=0.222 f1_df=0.098 f1_kf=0.148 post_kneext=0.011 post_hipext=0.068 desc_f=1.400 e2_adapt=1.700
start pose (normal): applied 20 coordinates as given; pelvis ty 0.897 m (env override=0.8966458592104404); IMU-metric torso lean -0.0 deg (+ = back)
standing solve: nnls x in [0.00, 1.00], >0.1: 20 muscles
  top: add_long_l=1.00, tib_ant_r=0.64, pect_l=0.63, glut_min1_l=0.63, glut_min2_l=0.58, ext_dig_r=0.42, glut_med1_r=0.42, glut_max2_r=0.34
Fmax range: 5..3396 N | L range sample: [0.229942 0.326094]
fitted baseline loaded: e2_pf=0.222 f1_df=0.098 f1_kf=0.148 post_kneext=0.011 post_hipext=0.068 desc_f=1.400 e2_adapt=1.700
start pose (normal): applied 20 coordinates as given; pelvis ty 0.905 m (env override=0.9051260624393818); IMU-metric torso lean -0.0 deg (+ = back)
standing solve: nnls x in [0.00, 1.00], >0.1: 18 muscles
  top: add_long_l=1.00, tib_ant_r=0.63, pect_l=0.53, glut_min1_l=0.53, glut_min2_l=0.48, ext_dig_r=0.40, tib_ant_l=0.37, glut_med1_r=0.33
Fmax range: 5..3396 N | L range sample: [0.229942 0.326094]
fitted baseline loaded: e2_pf=0.222 f1_df=0.098 f1_kf=0.148 post_kneext=0.011 post_hipext=0.068 desc_f=1.400 e2_adapt=1.700
start pose (normal): applied 20 coordinates as given; pelvis ty 0.908 m (env override=0.9078278377161967); IMU-metric torso lean -0.0 deg (+ = back)
standing solve: nnls x in [0.00, 1.00], >0.1: 18 muscles
  top: add_long_l=1.00, tib_ant_r=0.62, glut_min1_l=0.50, pect_l=0.49, glut_min2_l=0.46, ext_dig_r=0.39, tib_ant_l=0.39, glut_med1_r=0.30
Fmax range: 5..3396 N | L range sample: [0.229942 0.326094]
fitted baseline loaded: e2_pf=0.222 f1_df=0.098 f1_kf=0.148 post_kneext=0.011 post_hipext=0.068 desc_f=1.400 e2_adapt=1.700
start pose (normal): applied 20 coordinates as given; pelvis ty 0.907 m (env override=0.9072720690787832); IMU-metric torso lean -0.0 deg (+ = back)
standing solve: nnls x in [0.00, 1.00], >0.1: 18 muscles
  top: add_long_l=1.00, tib_ant_r=0.63, glut_min1_l=0.51, pect_l=0.51, glut_min2_l=0.47, ext_dig_r=0.40, tib_ant_l=0.39, glut_med1_r=0.31
Fmax range: 5..3396 N | L range sample: [0.229942 0.326094]
fitted baseline loaded: e2_pf=0.222 f1_df=0.098 f1_kf=0.148 post_kneext=0.011 post_hipext=0.068 desc_f=1.400 e2_adapt=1.700
start pose (normal): applied 20 coordinates as given; pelvis ty 0.917 m (env override=0.9170762652598677); IMU-metric torso lean -0.0 deg (+ = back)
standing solve: nnls x in [0.00, 0.80], >0.1: 15 muscles
  top: add_long_l=0.80, tib_ant_r=0.61, tib_ant_l=0.45, glut_min1_l=0.38, ext_dig_r=0.38, pect_l=0.37, glut_min2_l=0.35, ext_dig_l=0.24
Fmax range: 5..3396 N | L range sample: [0.229942 0.326094]
fitted baseline loaded: e2_pf=0.222 f1_df=0.098 f1_kf=0.148 post_kneext=0.011 post_hipext=0.068 desc_f=1.400 e2_adapt=1.700
start pose (normal): applied 20 coordinates as given; pelvis ty 0.902 m (env override=0.9019120460224325); IMU-metric torso lean -0.0 deg (+ = back)
standing solve: nnls x in [0.00, 1.00], >0.1: 19 muscles
  top: add_long_l=1.00, tib_ant_r=0.63, pect_l=0.57, glut_min1_l=0.57, glut_min2_l=0.52, ext_dig_r=0.40, glut_med1_r=0.37, tib_ant_l=0.35
Fmax range: 5..3396 N | L range sample: [0.229942 0.326094]
fitted baseline loaded: e2_pf=0.222 f1_df=0.098 f1_kf=0.148 post_kneext=0.011 post_hipext=0.068 desc_f=1.400 e2_adapt=1.700
start pose (normal): applied 20 coordinates as given; pelvis ty 0.908 m (env override=0.9077540268993068); IMU-metric torso lean -0.0 deg (+ = back)
standing solve: nnls x in [0.00, 1.00], >0.1: 18 muscles
  top: add_long_l=1.00, tib_ant_r=0.62, glut_min1_l=0.50, pect_l=0.49, glut_min2_l=0.46, ext_dig_r=0.39, tib_ant_l=0.39, glut_med1_r=0.30
Fmax range: 5..3396 N | L range sample: [0.229942 0.326094]
fitted baseline loaded: e2_pf=0.222 f1_df=0.098 f1_kf=0.148 post_kneext=0.011 post_hipext=0.068 desc_f=1.400 e2_adapt=1.700
start pose (normal): applied 20 coordinates as given; pelvis ty 0.898 m (env override=0.8981975583626106); IMU-metric torso lean -0.0 deg (+ = back)
standing solve: nnls x in [0.00, 1.00], >0.1: 20 muscles
  top: add_long_l=1.00, tib_ant_r=0.64, pect_l=0.61, glut_min1_l=0.60, glut_min2_l=0.55, ext_dig_r=0.41, glut_med1_r=0.40, glut_max2_r=0.33
Fmax range: 5..3396 N | L range sample: [0.229942 0.326094]
fitted baseline loaded: e2_pf=0.222 f1_df=0.098 f1_kf=0.148 post_kneext=0.011 post_hipext=0.068 desc_f=1.400 e2_adapt=1.700
start pose (normal): applied 20 coordinates as given; pelvis ty 0.907 m (env override=0.9071389865246637); IMU-metric torso lean -0.0 deg (+ = back)
standing solve: nnls x in [0.00, 1.00], >0.1: 18 muscles
  top: add_long_l=1.00, tib_ant_r=0.63, glut_min1_l=0.53, pect_l=0.51, glut_min2_l=0.49, ext_dig_r=0.40, tib_ant_l=0.39, glut_med1_r=0.32
Fmax range: 5..3396 N | L range sample: [0.229942 0.326094]
fitted baseline loaded: e2_pf=0.222 f1_df=0.098 f1_kf=0.148 post_kneext=0.011 post_hipext=0.068 desc_f=1.400 e2_adapt=1.700
start pose (normal): applied 20 coordinates as given; pelvis ty 0.897 m (env override=0.8970332942041271); IMU-metric torso lean -0.0 deg (+ = back)
standing solve: nnls x in [0.00, 1.00], >0.1: 20 muscles
  top: add_long_l=1.00, tib_ant_r=0.64, pect_l=0.63, glut_min1_l=0.62, glut_min2_l=0.57, ext_dig_r=0.42, glut_med1_r=0.41, glut_max2_r=0.34
Fmax range: 5..3396 N | L range sample: [0.229942 0.326094]
fitted baseline loaded: e2_pf=0.222 f1_df=0.098 f1_kf=0.148 post_kneext=0.011 post_hipext=0.068 desc_f=1.400 e2_adapt=1.700
start pose (normal): applied 20 coordinates as given; pelvis ty 0.910 m (env override=0.9101440574562865); IMU-metric torso lean -0.0 deg (+ = back)
standing solve: nnls x in [0.00, 1.00], >0.1: 17 muscles
  top: add_long_l=1.00, tib_ant_r=0.62, glut_min1_l=0.47, pect_l=0.46, glut_min2_l=0.43, tib_ant_l=0.40, ext_dig_r=0.39, glut_med1_r=0.28
Fmax range: 5..3396 N | L range sample: [0.229942 0.326094]
fitted baseline loaded: e2_pf=0.222 f1_df=0.098 f1_kf=0.148 post_kneext=0.011 post_hipext=0.068 desc_f=1.400 e2_adapt=1.700
start pose (normal): applied 20 coordinates as given; pelvis ty 0.913 m (env override=0.9128863284158849); IMU-metric torso lean -0.0 deg (+ = back)
standing solve: nnls x in [0.00, 0.94], >0.1: 17 muscles
  top: add_long_l=0.94, tib_ant_r=0.62, glut_min1_l=0.45, pect_l=0.43, tib_ant_l=0.42, glut_min2_l=0.42, ext_dig_r=0.39, glut_med1_r=0.25
Fmax range: 5..3396 N | L range sample: [0.229942 0.326094]
fitted baseline loaded: e2_pf=0.222 f1_df=0.098 f1_kf=0.148 post_kneext=0.011 post_hipext=0.068 desc_f=1.400 e2_adapt=1.700
start pose (normal): applied 20 coordinates as given; pelvis ty 0.919 m (env override=0.918874996811629); IMU-metric torso lean -0.0 deg (+ = back)
standing solve: nnls x in [0.00, 0.75], >0.1: 14 muscles
  top: add_long_l=0.75, tib_ant_r=0.61, tib_ant_l=0.46, ext_dig_r=0.38, glut_min1_l=0.36, pect_l=0.35, glut_min2_l=0.33, ext_dig_l=0.25
Fmax range: 5..3396 N | L range sample: [0.229942 0.326094]
fitted baseline loaded: e2_pf=0.222 f1_df=0.098 f1_kf=0.148 post_kneext=0.011 post_hipext=0.068 desc_f=1.400 e2_adapt=1.700
start pose (normal): applied 20 coordinates as given; pelvis ty 0.917 m (env override=0.917353769566463); IMU-metric torso lean -0.0 deg (+ = back)
standing solve: nnls x in [0.00, 0.80], >0.1: 16 muscles
  top: add_long_l=0.80, tib_ant_r=0.61, tib_ant_l=0.45, glut_min1_l=0.39, ext_dig_r=0.38, pect_l=0.37, glut_min2_l=0.36, ext_dig_l=0.24
Fmax range: 5..3396 N | L range sample: [0.229942 0.326094]
fitted baseline loaded: e2_pf=0.222 f1_df=0.098 f1_kf=0.148 post_kneext=0.011 post_hipext=0.068 desc_f=1.400 e2_adapt=1.700
start pose (normal): applied 20 coordinates as given; pelvis ty 0.911 m (env override=0.9113218163784393); IMU-metric torso lean -0.0 deg (+ = back)
standing solve: nnls x in [0.00, 0.98], >0.1: 17 muscles
  top: add_long_l=0.98, tib_ant_r=0.62, glut_min1_l=0.46, pect_l=0.45, glut_min2_l=0.42, tib_ant_l=0.41, ext_dig_r=0.39, glut_med1_r=0.26
Fmax range: 5..3396 N | L range sample: [0.229942 0.326094]
fitted baseline loaded: e2_pf=0.222 f1_df=0.098 f1_kf=0.148 post_kneext=0.011 post_hipext=0.068 desc_f=1.400 e2_adapt=1.700
start pose (normal): applied 20 coordinates as given; pelvis ty 0.906 m (env override=0.9061513430763812); IMU-metric torso lean -0.0 deg (+ = back)
standing solve: nnls x in [0.00, 1.00], >0.1: 18 muscles
  top: add_long_l=1.00, tib_ant_r=0.63, glut_min1_l=0.52, pect_l=0.52, glut_min2_l=0.48, ext_dig_r=0.40, tib_ant_l=0.38, glut_med1_r=0.32
Fmax range: 5..3396 N | L range sample: [0.229942 0.326094]
fitted baseline loaded: e2_pf=0.222 f1_df=0.098 f1_kf=0.148 post_kneext=0.011 post_hipext=0.068 desc_f=1.400 e2_adapt=1.700
start pose (normal): applied 20 coordinates as given; pelvis ty 0.904 m (env override=0.9043661733839666); IMU-metric torso lean -0.0 deg (+ = back)
standing solve: nnls x in [0.00, 1.00], >0.1: 19 muscles
  top: add_long_l=1.00, tib_ant_r=0.63, glut_min1_l=0.56, pect_l=0.55, glut_min2_l=0.52, ext_dig_r=0.41, tib_ant_l=0.37, glut_med1_r=0.35
Fmax range: 5..3396 N | L range sample: [0.229942 0.326094]
fitted baseline loaded: e2_pf=0.222 f1_df=0.098 f1_kf=0.148 post_kneext=0.011 post_hipext=0.068 desc_f=1.400 e2_adapt=1.700
start pose (normal): applied 20 coordinates as given; pelvis ty 0.896 m (env override=0.8960261248636265); IMU-metric torso lean -0.0 deg (+ = back)
standing solve: nnls x in [0.00, 1.00], >0.1: 20 muscles
  top: add_long_l=1.00, tib_ant_r=0.64, pect_l=0.63, glut_min1_l=0.62, glut_min2_l=0.57, glut_med1_r=0.42, ext_dig_r=0.41, glut_max2_r=0.35
Fmax range: 5..3396 N | L range sample: [0.229942 0.326094]
fitted baseline loaded: e2_pf=0.222 f1_df=0.098 f1_kf=0.148 post_kneext=0.011 post_hipext=0.068 desc_f=1.400 e2_adapt=1.700
start pose (normal): applied 20 coordinates as given; pelvis ty 0.897 m (env override=0.8972346559376502); IMU-metric torso lean -0.0 deg (+ = back)
standing solve: nnls x in [0.00, 1.00], >0.1: 19 muscles
  top: add_long_l=1.00, tib_ant_r=0.64, pect_l=0.62, glut_min1_l=0.60, glut_min2_l=0.55, ext_dig_r=0.41, glut_med1_r=0.41, glut_max2_r=0.35
Fmax range: 5..3396 N | L range sample: [0.229942 0.326094]
fitted baseline loaded: e2_pf=0.222 f1_df=0.098 f1_kf=0.148 post_kneext=0.011 post_hipext=0.068 desc_f=1.400 e2_adapt=1.700
start pose (normal): applied 20 coordinates as given; pelvis ty 0.901 m (env override=0.9007506431340915); IMU-metric torso lean -0.0 deg (+ = back)
standing solve: nnls x in [0.00, 1.00], >0.1: 19 muscles
  top: add_long_l=1.00, tib_ant_r=0.63, pect_l=0.58, glut_min1_l=0.57, glut_min2_l=0.52, ext_dig_r=0.40, glut_med1_r=0.37, tib_ant_l=0.35
Fmax range: 5..3396 N | L range sample: [0.229942 0.326094]
== stage 3 best -184.147 (trial 39)
{
 "drive": 3.1581586729506914,
 "rg_nap_h": 0.8952089965309074,
 "desc_e": 1.747817168711615,
 "desc_f": 1.117232277236243,
 "rg_to_pf": 2.3383691550425456,
 "heel_rge": 0.40609598542079073,
 "toe_rge": 0.3478020496584646,
 "ib_e_central": 0.4450946579198061,
 "ia_f_central": 0.3892792931738231,
 "ii_f_central": 0.4078454694008846,
 "ii_e_central": 0.21616796561212065,
 "c1_gain": 0.4225673300224633,
 "v3_gain": 0.10483503376521425,
 "ib_rge": 0.5449400173479805,
 "ia_in": 1.1656282744575108,
 "ia_f_contra_f": 0.5467752494589905,
 "v3_to_ibexc": 0.6306058968846326,
 "ankle_post_walk_trim": 0.7263337142650375,
 "contact_onset": 0.2655142054336266,
 "pelvis_ty": 0.9007506431340915,
 "f1_anklepf_inh": 1.124264159565744,
 "pf_gain": 0.385900916927999,
 "contra_swing": 0.3945577191249046,
 "contra_kinh": 1.9114074650269786,
 "pm_gain": 0.3396363133360527,
 "pm_T": 1.7370231729917445,
 "pm_ws": 0.4268405042884283,
 "pm_add": 0.12317285672040601,
 "ky_scale": 0.025820627983504492
}
saved curriculum_stage3.json
=== s3h DONE Mon 09/21/2026 22:37:12.10 === 
