v11 curriculum final: drive 2.272, heel 0.91, toe 0.63, ib 0.68, ia_in 0.62, renshaw 0.5, trim 0.63
start pose (normal.mot): applied 20 coordinates as given; IMU-metric torso lean -0.0 deg (+ = back)
standing solve: nnls x in [0.00, 0.70], >0.1: 14 muscles
  top: add_long_l=0.70, tib_ant_r=0.61, tib_ant_l=0.46, ext_dig_r=0.37, glut_min1_l=0.33, pect_l=0.32, glut_min2_l=0.31, ext_dig_l=0.25
Fmax range: 5..3396 N | L range sample: [0.229942 0.326094]
t=  1.00 max|qacc|=      88.7 max|qvel|=   1.09 ncon=  7 com_z=0.916 com_x=-0.169
t=  1.50 max|qacc|=     442.4 max|qvel|=   0.64 ncon=  5 com_z=0.889 com_x=-0.152
t=  2.00 max|qacc|=      29.1 max|qvel|=   1.02 ncon=  5 com_z=0.910 com_x=-0.142
t=  2.50 max|qacc|=      21.9 max|qvel|=   1.03 ncon=  7 com_z=0.909 com_x=-0.160
t=  3.00 max|qacc|=     250.3 max|qvel|=   0.95 ncon=  5 com_z=0.924 com_x=-0.178
t=  3.50 max|qacc|=      54.5 max|qvel|=   0.81 ncon=  5 com_z=0.912 com_x=-0.164
t=  4.00 max|qacc|=     226.7 max|qvel|=   1.35 ncon=  5 com_z=0.906 com_x=-0.142
t=  4.50 max|qacc|=      37.8 max|qvel|=   7.91 ncon=  5 com_z=0.895 com_x=-0.147
t=  5.00 max|qacc|=      18.8 max|qvel|=   1.25 ncon=  3 com_z=0.928 com_x=-0.160
t=  5.50 max|qacc|=     288.8 max|qvel|=   2.30 ncon=  3 com_z=0.892 com_x=-0.139
t=  5.70 precursor: max|qacc|=2.24e+03 max|qvel|=30.7 (dof 14), ncon=2, max ctrl=0.70
t=  5.70 precursor: max|qacc|=1.49e+03 max|qvel|=33.5 (dof 14), ncon=2, max ctrl=0.70
t=  5.70 precursor: max|qacc|=731 max|qvel|=35 (dof 14), ncon=2, max ctrl=0.70
t=  5.70 precursor: max|qacc|=251 max|qvel|=35 (dof 14), ncon=2, max ctrl=0.70
t=  5.71 precursor: max|qacc|=663 max|qvel|=33.9 (dof 14), ncon=2, max ctrl=0.70
t=  5.71 precursor: max|qacc|=1.25e+03 max|qvel|=31.8 (dof 14), ncon=2, max ctrl=0.70
t=  6.00 max|qacc|=    2076.9 max|qvel|=   1.71 ncon=  2 com_z=0.911 com_x=-0.091
t=  6.50 max|qacc|=      43.6 max|qvel|=   2.15 ncon=  6 com_z=0.875 com_x=-0.108
t=  7.00 max|qacc|=     107.1 max|qvel|=   1.92 ncon=  5 com_z=0.935 com_x=-0.072
t=  7.50 max|qacc|=     303.0 max|qvel|=   0.91 ncon=  6 com_z=0.917 com_x=-0.058
t=  8.00 max|qacc|=     113.7 max|qvel|=   0.59 ncon=  3 com_z=0.920 com_x=-0.059
t=  8.50 max|qacc|=      54.1 max|qvel|=   0.64 ncon=  2 com_z=0.916 com_x=-0.067
t=  9.00 max|qacc|=      72.3 max|qvel|=   0.31 ncon=  4 com_z=0.919 com_x=-0.078
t=  9.50 max|qacc|=     361.0 max|qvel|=   0.25 ncon=  4 com_z=0.922 com_x=-0.082
t= 10.00 max|qacc|=     143.0 max|qvel|=   0.26 ncon=  4 com_z=0.923 com_x=-0.083
t= 10.50 max|qacc|=      25.6 max|qvel|=   0.44 ncon=  4 com_z=0.923 com_x=-0.086
t= 11.00 max|qacc|=      26.5 max|qvel|=   0.21 ncon=  3 com_z=0.923 com_x=-0.091
t= 11.50 max|qacc|=      66.3 max|qvel|=   0.82 ncon=  3 com_z=0.923 com_x=-0.095
t= 12.00 max|qacc|=      98.2 max|qvel|=   2.08 ncon=  3 com_z=0.929 com_x=-0.080
t= 12.50 max|qacc|=      42.6 max|qvel|=   5.46 ncon=  1 com_z=0.899 com_x=-0.090
t= 13.00 max|qacc|=     328.3 max|qvel|=   6.79 ncon=  4 com_z=0.906 com_x=-0.053
t= 13.50 max|qacc|=     101.3 max|qvel|=   2.16 ncon=  5 com_z=0.912 com_x=-0.080
t= 14.00 max|qacc|=     341.7 max|qvel|=   2.31 ncon=  5 com_z=0.925 com_x=-0.024
t= 14.50 max|qacc|=     803.9 max|qvel|=   0.79 ncon=  5 com_z=0.911 com_x=-0.045
t= 15.00 max|qacc|=      50.6 max|qvel|=   0.95 ncon=  2 com_z=0.924 com_x=-0.052
t= 15.50 max|qacc|=     142.1 max|qvel|=   0.66 ncon=  2 com_z=0.923 com_x=-0.062
t= 16.00 max|qacc|=      73.9 max|qvel|=   0.61 ncon=  4 com_z=0.927 com_x=-0.071
t= 16.50 max|qacc|=      30.2 max|qvel|=   1.05 ncon=  4 com_z=0.910 com_x=-0.075
t= 17.00 max|qacc|=      38.8 max|qvel|=   2.64 ncon=  3 com_z=0.902 com_x=-0.083
t= 17.50 max|qacc|=      34.4 max|qvel|=   0.89 ncon=  3 com_z=0.914 com_x=-0.101
t= 18.00 max|qacc|=      64.7 max|qvel|=   1.27 ncon=  3 com_z=0.921 com_x=-0.117
t= 18.50 max|qacc|=     267.9 max|qvel|=   5.83 ncon=  2 com_z=0.905 com_x=-0.115
t= 19.00 max|qacc|=       5.2 max|qvel|=   0.81 ncon=  3 com_z=0.895 com_x=-0.125
t= 19.50 max|qacc|=      57.7 max|qvel|=   3.42 ncon=  4 com_z=0.914 com_x=-0.125
t= 20.00 max|qacc|=     152.7 max|qvel|=   1.10 ncon=  3 com_z=0.925 com_x=-0.134
t= 20.50 max|qacc|=      14.7 max|qvel|=   1.70 ncon=  4 com_z=0.899 com_x=-0.129
t= 21.00 max|qacc|=       3.5 max|qvel|=   0.58 ncon=  3 com_z=0.904 com_x=-0.149
t= 21.50 max|qacc|=     241.2 max|qvel|=   1.56 ncon=  3 com_z=0.923 com_x=-0.146
t= 22.00 max|qacc|=      91.4 max|qvel|=   1.63 ncon=  4 com_z=0.914 com_x=-0.140
t= 22.50 max|qacc|=      63.7 max|qvel|=   0.72 ncon=  3 com_z=0.908 com_x=-0.136
t= 23.00 max|qacc|=      45.7 max|qvel|=   3.43 ncon=  4 com_z=0.916 com_x=-0.137
t= 23.50 max|qacc|=     129.0 max|qvel|=   3.07 ncon=  1 com_z=0.925 com_x=-0.144
t= 24.00 max|qacc|=      15.7 max|qvel|=   1.87 ncon=  4 com_z=0.899 com_x=-0.133
t= 24.50 max|qacc|=       6.7 max|qvel|=   0.61 ncon=  3 com_z=0.910 com_x=-0.148
t= 25.00 max|qacc|=      57.0 max|qvel|=   1.43 ncon=  2 com_z=0.921 com_x=-0.153
t= 25.50 max|qacc|=     212.4 max|qvel|=   1.17 ncon=  3 com_z=0.915 com_x=-0.145
t= 26.00 max|qacc|=       2.4 max|qvel|=   0.66 ncon=  3 com_z=0.896 com_x=-0.150
t= 26.50 max|qacc|=      66.2 max|qvel|=   3.91 ncon=  4 com_z=0.915 com_x=-0.144
t= 27.00 max|qacc|=      36.3 max|qvel|=   2.47 ncon=  3 com_z=0.926 com_x=-0.148
t= 27.50 max|qacc|=      13.3 max|qvel|=   2.25 ncon=  4 com_z=0.904 com_x=-0.137
t= 28.00 max|qacc|=       9.6 max|qvel|=   0.56 ncon=  3 com_z=0.910 com_x=-0.149
t= 28.50 max|qacc|=     123.2 max|qvel|=   1.49 ncon=  2 com_z=0.922 com_x=-0.154
t= 29.00 max|qacc|=      38.8 max|qvel|=   0.82 ncon=  3 com_z=0.916 com_x=-0.147
t= 29.50 max|qacc|=      29.4 max|qvel|=   0.67 ncon=  4 com_z=0.895 com_x=-0.149
t= 30.00 max|qacc|=      93.8 max|qvel|=   1.94 ncon=  3 com_z=0.914 com_x=-0.145
t= 30.50 max|qacc|=      95.2 max|qvel|=   1.22 ncon=  4 com_z=0.924 com_x=-0.149
t= 31.00 max|qacc|=      22.9 max|qvel|=   2.57 ncon=  4 com_z=0.906 com_x=-0.138
t= 31.50 max|qacc|=      11.4 max|qvel|=   0.55 ncon=  3 com_z=0.910 com_x=-0.148
t= 32.00 max|qacc|=     402.4 max|qvel|=   7.62 ncon=  2 com_z=0.922 com_x=-0.153
t= 32.50 max|qacc|=      20.7 max|qvel|=   0.65 ncon=  3 com_z=0.917 com_x=-0.147
t= 33.00 max|qacc|=       7.2 max|qvel|=   0.60 ncon=  4 com_z=0.895 com_x=-0.147
t= 33.50 max|qacc|=      24.2 max|qvel|=   0.81 ncon=  3 com_z=0.913 com_x=-0.146
t= 34.00 max|qacc|=     222.4 max|qvel|=   0.79 ncon=  3 com_z=0.923 com_x=-0.151
t= 34.50 max|qacc|=      16.0 max|qvel|=   2.71 ncon=  4 com_z=0.908 com_x=-0.140
t= 35.00 max|qacc|=       5.7 max|qvel|=   0.56 ncon=  3 com_z=0.909 com_x=-0.150
t= 35.50 max|qacc|=      35.9 max|qvel|=   3.91 ncon=  3 com_z=0.921 com_x=-0.152
t= 36.00 max|qacc|=      12.4 max|qvel|=   0.69 ncon=  3 com_z=0.919 com_x=-0.148
t= 36.50 max|qacc|=       9.7 max|qvel|=   0.55 ncon=  4 com_z=0.897 com_x=-0.142
t= 37.00 max|qacc|=      25.5 max|qvel|=   0.65 ncon=  3 com_z=0.911 com_x=-0.147
t= 37.50 max|qacc|=     320.0 max|qvel|=   3.52 ncon=  3 com_z=0.923 com_x=-0.153
t= 38.00 max|qacc|=      15.4 max|qvel|=   2.57 ncon=  4 com_z=0.909 com_x=-0.142
t= 38.50 max|qacc|=       5.6 max|qvel|=   0.57 ncon=  3 com_z=0.908 com_x=-0.147

== summary ==
pelvis/COM height: start 0.94 m, min 0.87 m, final 0.92 m  (stayed up)
COM x: min -0.18 max -0.02 final -0.15 m
COM y: min -0.105 max +0.107 m
RG_F_r bursts during walk window: 2
RG_r: cycles in window 16, period 2.18 s (0.46 Hz), E-duty 0.14
RG_l: cycles in window 16, period 2.18 s (0.46 Hz), E-duty 0.11
peak ctrl: [0.46 0.65 0.64 0.75 0.39 0.36 0.62 0.49 0.44 0.21 0.44 0.65 0.63 0.66
 0.41 0.36 0.57 0.45 0.45 0.17] (('vas_lat_r', 'med_gas_r', 'soleus_r', 'tib_ant_r', 'psoas_r', 'semimem_r', 'glut_max2_r', 'rect_fem_r', 'sar_r', 'grac_r', 'vas_lat_l', 'med_gas_l', 'soleus_l', 'tib_ant_l', 'psoas_l', 'semimem_l', 'glut_max2_l', 'rect_fem_l', 'sar_l', 'grac_l'))
  hip_flexion_r        -23.6 ..    58.3 deg
  knee_angle_r         -78.8 ..    12.7 deg
  ankle_angle_r        -89.9 ..    -0.8 deg
  hip_adduction_r      -20.5 ..    13.4 deg
  subtalar_angle_r      -3.5 ..    63.7 deg
  hip_flexion_l        -42.6 ..     8.4 deg
  knee_angle_l         -40.1 ..    13.0 deg
  ankle_angle_l        -62.5 ..     9.8 deg
  hip_adduction_l      -12.4 ..    31.3 deg
  subtalar_angle_l      -9.4 ..    16.0 deg
  pelvis_tilt           -2.0 ..    18.6 deg
  pelvis_list          -18.0 ..    13.7 deg
  pelvis_rotation        0.1 ..     6.8 deg
saved spinal_run.npz
saved spinal_run.png
saved curriculum_final.npz
