loaded best_walk_params.json (drive=1.11)
standing solve: nnls x in [0.00, 0.61], >0.1: 14 muscles
  top: tib_ant_r=0.61, tib_ant_l=0.60, ext_dig_r=0.40, ext_dig_l=0.40, ercspn_r=0.18, ercspn_l=0.18, per_tert_r=0.17, per_tert_l=0.17
Fmax range: 5..3396 N | L range sample: [0.229942 0.326094]
t=  1.00 max|qacc|=       4.5 max|qvel|=   0.33 ncon=  8 com_z=0.959 com_x=-0.129
t=  1.50 max|qacc|=      14.9 max|qvel|=   0.39 ncon=  8 com_z=0.963 com_x=-0.157
t=  2.00 max|qacc|=      25.6 max|qvel|=   0.31 ncon=  7 com_z=0.953 com_x=-0.227
t=  2.50 max|qacc|=      43.0 max|qvel|=   0.26 ncon=  6 com_z=0.929 com_x=-0.299
t=  3.00 max|qacc|=     187.3 max|qvel|=   0.46 ncon=  3 com_z=0.915 com_x=-0.329
t=  3.50 max|qacc|=      63.6 max|qvel|=   0.32 ncon=  2 com_z=0.911 com_x=-0.336
t=  4.00 max|qacc|=      18.7 max|qvel|=   0.36 ncon=  2 com_z=0.899 com_x=-0.342
t=  4.50 max|qacc|=      22.5 max|qvel|=   1.93 ncon=  3 com_z=0.885 com_x=-0.349
t=  5.00 max|qacc|=      67.4 max|qvel|=   3.20 ncon=  2 com_z=0.887 com_x=-0.347
t=  5.50 max|qacc|=     226.3 max|qvel|=   1.39 ncon=  2 com_z=0.876 com_x=-0.352
t=  6.00 max|qacc|=     148.5 max|qvel|=   0.59 ncon=  4 com_z=0.878 com_x=-0.349
t=  6.50 max|qacc|=     159.6 max|qvel|=   1.05 ncon=  3 com_z=0.883 com_x=-0.341
t=  7.00 max|qacc|=      35.3 max|qvel|=   0.35 ncon=  4 com_z=0.881 com_x=-0.339
t=  7.50 max|qacc|=      27.7 max|qvel|=   0.57 ncon=  6 com_z=0.882 com_x=-0.339
t=  8.00 max|qacc|=      89.0 max|qvel|=   1.02 ncon=  2 com_z=0.882 com_x=-0.341
t=  8.50 max|qacc|=     114.7 max|qvel|=   1.23 ncon=  4 com_z=0.880 com_x=-0.342
t=  9.00 max|qacc|=      37.6 max|qvel|=   1.11 ncon=  3 com_z=0.882 com_x=-0.338
t=  9.50 max|qacc|=      43.1 max|qvel|=   1.08 ncon=  4 com_z=0.882 com_x=-0.334
t= 10.00 max|qacc|=      16.3 max|qvel|=   0.75 ncon=  6 com_z=0.882 com_x=-0.334
t= 10.50 max|qacc|=     367.0 max|qvel|=   2.96 ncon=  2 com_z=0.882 com_x=-0.336
t= 11.00 max|qacc|=     115.5 max|qvel|=   0.73 ncon=  3 com_z=0.880 com_x=-0.337
t= 11.50 max|qacc|=      92.9 max|qvel|=   1.76 ncon=  3 com_z=0.881 com_x=-0.334
t= 12.00 max|qacc|=      20.3 max|qvel|=   1.71 ncon=  4 com_z=0.882 com_x=-0.329
t= 12.50 max|qacc|=     122.5 max|qvel|=   0.84 ncon=  4 com_z=0.882 com_x=-0.329
t= 13.00 max|qacc|=     332.0 max|qvel|=   1.75 ncon=  3 com_z=0.883 com_x=-0.330
t= 13.50 max|qacc|=     115.3 max|qvel|=   0.90 ncon=  3 com_z=0.881 com_x=-0.332
t= 14.00 max|qacc|=     212.9 max|qvel|=   0.69 ncon=  3 com_z=0.881 com_x=-0.330
t= 14.50 max|qacc|=     117.8 max|qvel|=   2.05 ncon=  4 com_z=0.882 com_x=-0.326
t= 15.00 max|qacc|=      30.0 max|qvel|=   0.70 ncon=  4 com_z=0.883 com_x=-0.323
t= 15.50 max|qacc|=      11.4 max|qvel|=   0.43 ncon=  4 com_z=0.882 com_x=-0.325
t= 16.00 max|qacc|=      71.3 max|qvel|=   0.42 ncon=  2 com_z=0.893 com_x=-0.319
t= 16.50 max|qacc|=      35.2 max|qvel|=   0.65 ncon=  2 com_z=0.904 com_x=-0.312
t= 17.00 max|qacc|=     263.1 max|qvel|=   0.28 ncon=  2 com_z=0.909 com_x=-0.309
t= 17.50 max|qacc|=     353.2 max|qvel|=   0.52 ncon=  2 com_z=0.913 com_x=-0.303
t= 18.00 max|qacc|=     268.6 max|qvel|=   0.56 ncon=  2 com_z=0.908 com_x=-0.306
t= 18.50 max|qacc|=     153.6 max|qvel|=   0.54 ncon=  2 com_z=0.907 com_x=-0.306
t= 19.00 max|qacc|=     251.5 max|qvel|=   0.52 ncon=  2 com_z=0.909 com_x=-0.301
t= 19.50 max|qacc|=     177.3 max|qvel|=   0.51 ncon=  2 com_z=0.908 com_x=-0.300
t= 20.00 max|qacc|=     118.4 max|qvel|=   0.50 ncon=  2 com_z=0.908 com_x=-0.298
t= 20.50 max|qacc|=     104.8 max|qvel|=   0.50 ncon=  2 com_z=0.908 com_x=-0.295
t= 21.00 max|qacc|=     121.2 max|qvel|=   0.50 ncon=  2 com_z=0.908 com_x=-0.293
t= 21.50 max|qacc|=     172.0 max|qvel|=   0.59 ncon=  2 com_z=0.908 com_x=-0.291
t= 22.00 max|qacc|=      85.5 max|qvel|=   0.46 ncon=  2 com_z=0.908 com_x=-0.289
t= 22.50 max|qacc|=     147.8 max|qvel|=   0.49 ncon=  2 com_z=0.908 com_x=-0.287
t= 23.00 max|qacc|=      73.5 max|qvel|=   0.50 ncon=  2 com_z=0.908 com_x=-0.285
t= 23.50 max|qacc|=      99.4 max|qvel|=   0.47 ncon=  2 com_z=0.908 com_x=-0.283
t= 24.00 max|qacc|=     364.3 max|qvel|=   0.48 ncon=  2 com_z=0.909 com_x=-0.281
t= 24.50 max|qacc|=      26.6 max|qvel|=   0.47 ncon=  2 com_z=0.909 com_x=-0.279
t= 25.00 max|qacc|=      71.8 max|qvel|=   0.46 ncon=  2 com_z=0.909 com_x=-0.277
t= 25.50 max|qacc|=     259.9 max|qvel|=   0.58 ncon=  2 com_z=0.909 com_x=-0.275
t= 26.00 max|qacc|=      62.7 max|qvel|=   0.45 ncon=  2 com_z=0.909 com_x=-0.273
t= 26.50 max|qacc|=      36.4 max|qvel|=   0.47 ncon=  2 com_z=0.909 com_x=-0.271

== summary ==
pelvis/COM height: start 0.96 m, min 0.88 m, final 0.91 m  (stayed up)
COM x: min -0.36 max -0.09 final -0.27 m
COM y: min -0.006 max +0.009 m
RG_F_r bursts during walk window: 0
RG_r: cycles in window 9, period 1.23 s (0.82 Hz), E-duty 0.08
RG_l: cycles in window 9, period 1.23 s (0.82 Hz), E-duty 0.05
peak ctrl: [0.32 0.53 0.59 0.78 0.45 0.47 0.52 0.33 0.46 0.06 0.35 0.54 0.59 0.77
 0.48 0.43 0.55 0.35 0.48 0.06] (('vas_lat_r', 'med_gas_r', 'soleus_r', 'tib_ant_r', 'psoas_r', 'semimem_r', 'glut_max2_r', 'rect_fem_r', 'sar_r', 'grac_r', 'vas_lat_l', 'med_gas_l', 'soleus_l', 'tib_ant_l', 'psoas_l', 'semimem_l', 'glut_max2_l', 'rect_fem_l', 'sar_l', 'grac_l'))
  hip_flexion_r         -8.1 ..    15.7 deg
  knee_angle_r          -0.0 ..    12.6 deg
  ankle_angle_r        -50.3 ..     0.0 deg
  hip_adduction_r       -0.0 ..     9.0 deg
  subtalar_angle_r       0.0 ..    15.8 deg
  hip_flexion_l         -8.2 ..    13.4 deg
  knee_angle_l          -0.0 ..    13.0 deg
  ankle_angle_l        -53.5 ..     0.0 deg
  hip_adduction_l        0.0 ..    10.4 deg
  subtalar_angle_l       0.0 ..    16.7 deg
  pelvis_tilt           -3.5 ..    28.1 deg
  pelvis_list           -1.2 ..     0.6 deg
  pelvis_rotation       -0.5 ..     0.5 deg
saved spinal_run.npz
saved spinal_run.png
