loaded best_walk_params.json (drive=1.11)
standing solve: nnls x in [0.00, 0.61], >0.1: 14 muscles
  top: tib_ant_r=0.61, tib_ant_l=0.60, ext_dig_r=0.40, ext_dig_l=0.40, ercspn_r=0.18, ercspn_l=0.18, per_tert_r=0.17, per_tert_l=0.17
Fmax range: 5..3396 N | L range sample: [0.229942 0.326094]
t=  1.00 max|qacc|=       4.6 max|qvel|=   0.33 ncon=  8 com_z=0.959 com_x=-0.129
t=  1.50 max|qacc|=       9.0 max|qvel|=   0.35 ncon=  8 com_z=0.963 com_x=-0.154
t=  2.00 max|qacc|=      74.0 max|qvel|=   0.30 ncon=  8 com_z=0.954 com_x=-0.218
t=  2.50 max|qacc|=      90.8 max|qvel|=   0.25 ncon=  6 com_z=0.933 com_x=-0.284
t=  3.00 max|qacc|=      26.9 max|qvel|=   0.32 ncon=  4 com_z=0.920 com_x=-0.313
t=  3.50 max|qacc|=     307.9 max|qvel|=   0.32 ncon=  2 com_z=0.913 com_x=-0.317
t=  4.00 max|qacc|=      43.5 max|qvel|=   0.35 ncon=  2 com_z=0.901 com_x=-0.319
t=  4.50 max|qacc|=      67.2 max|qvel|=   1.93 ncon=  3 com_z=0.887 com_x=-0.320
t=  5.00 max|qacc|=      43.9 max|qvel|=   2.97 ncon=  2 com_z=0.888 com_x=-0.313
t=  5.50 max|qacc|=     121.0 max|qvel|=   0.52 ncon=  2 com_z=0.877 com_x=-0.312
t=  6.00 max|qacc|=     259.3 max|qvel|=   1.26 ncon=  4 com_z=0.880 com_x=-0.306
t=  6.50 max|qacc|=      56.9 max|qvel|=   0.68 ncon=  5 com_z=0.885 com_x=-0.294
t=  7.00 max|qacc|=      27.9 max|qvel|=   0.32 ncon=  6 com_z=0.882 com_x=-0.289
t=  7.50 max|qacc|=      26.4 max|qvel|=   0.38 ncon=  6 com_z=0.884 com_x=-0.285
t=  8.00 max|qacc|=      60.0 max|qvel|=   1.41 ncon=  3 com_z=0.884 com_x=-0.284
t=  8.50 max|qacc|=     215.3 max|qvel|=   0.33 ncon=  4 com_z=0.881 com_x=-0.283
t=  9.00 max|qacc|=      51.1 max|qvel|=   1.73 ncon=  4 com_z=0.883 com_x=-0.276
t=  9.50 max|qacc|=      42.9 max|qvel|=   0.71 ncon=  4 com_z=0.883 com_x=-0.269
t= 10.00 max|qacc|=      30.7 max|qvel|=   0.55 ncon=  6 com_z=0.884 com_x=-0.267
t= 10.50 max|qacc|=      45.9 max|qvel|=   1.23 ncon=  3 com_z=0.884 com_x=-0.266
t= 11.00 max|qacc|=      63.3 max|qvel|=   1.22 ncon=  4 com_z=0.881 com_x=-0.265
t= 11.50 max|qacc|=     131.1 max|qvel|=   1.43 ncon=  3 com_z=0.883 com_x=-0.260
t= 12.00 max|qacc|=      38.7 max|qvel|=   1.64 ncon=  4 com_z=0.883 com_x=-0.254
t= 12.50 max|qacc|=      54.1 max|qvel|=   0.70 ncon=  6 com_z=0.884 com_x=-0.250
t= 13.00 max|qacc|=      88.6 max|qvel|=   1.55 ncon=  4 com_z=0.884 com_x=-0.250
t= 13.50 max|qacc|=     126.7 max|qvel|=   0.42 ncon=  4 com_z=0.881 com_x=-0.250
t= 14.00 max|qacc|=     107.6 max|qvel|=   1.79 ncon=  3 com_z=0.882 com_x=-0.246
t= 14.50 max|qacc|=      16.5 max|qvel|=   2.08 ncon=  4 com_z=0.883 com_x=-0.240
t= 15.00 max|qacc|=      20.3 max|qvel|=   0.62 ncon=  5 com_z=0.884 com_x=-0.236
t= 15.50 max|qacc|=      10.6 max|qvel|=   0.41 ncon=  4 com_z=0.883 com_x=-0.235
t= 16.00 max|qacc|=      42.5 max|qvel|=   0.41 ncon=  4 com_z=0.894 com_x=-0.228
t= 16.50 max|qacc|=      48.3 max|qvel|=   0.76 ncon=  2 com_z=0.905 com_x=-0.220
t= 17.00 max|qacc|=     180.2 max|qvel|=   0.29 ncon=  2 com_z=0.910 com_x=-0.214
t= 17.50 max|qacc|=     172.7 max|qvel|=   0.53 ncon=  2 com_z=0.914 com_x=-0.206
t= 18.00 max|qacc|=      42.0 max|qvel|=   0.55 ncon=  2 com_z=0.908 com_x=-0.208
t= 18.50 max|qacc|=     102.7 max|qvel|=   0.52 ncon=  2 com_z=0.907 com_x=-0.206
t= 19.00 max|qacc|=     101.5 max|qvel|=   0.50 ncon=  2 com_z=0.909 com_x=-0.200
t= 19.50 max|qacc|=     122.7 max|qvel|=   0.53 ncon=  2 com_z=0.908 com_x=-0.197
t= 20.00 max|qacc|=     452.8 max|qvel|=   0.57 ncon=  2 com_z=0.908 com_x=-0.194
t= 20.50 max|qacc|=     149.4 max|qvel|=   0.50 ncon=  2 com_z=0.909 com_x=-0.190
t= 21.00 max|qacc|=     110.6 max|qvel|=   0.64 ncon=  2 com_z=0.909 com_x=-0.187
t= 21.50 max|qacc|=     204.1 max|qvel|=   0.50 ncon=  2 com_z=0.908 com_x=-0.184
t= 22.00 max|qacc|=     187.8 max|qvel|=   0.50 ncon=  2 com_z=0.909 com_x=-0.181
t= 22.50 max|qacc|=     214.8 max|qvel|=   0.50 ncon=  2 com_z=0.909 com_x=-0.178
t= 23.00 max|qacc|=     146.8 max|qvel|=   0.51 ncon=  2 com_z=0.909 com_x=-0.175
t= 23.50 max|qacc|=     234.5 max|qvel|=   0.55 ncon=  2 com_z=0.909 com_x=-0.173
t= 24.00 max|qacc|=     115.0 max|qvel|=   0.46 ncon=  2 com_z=0.909 com_x=-0.171
t= 24.50 max|qacc|=      98.2 max|qvel|=   0.47 ncon=  2 com_z=0.909 com_x=-0.168
t= 25.00 max|qacc|=     289.7 max|qvel|=   0.50 ncon=  2 com_z=0.909 com_x=-0.166
t= 25.50 max|qacc|=     191.1 max|qvel|=   0.39 ncon=  2 com_z=0.909 com_x=-0.164
t= 26.00 max|qacc|=      31.5 max|qvel|=   0.44 ncon=  2 com_z=0.909 com_x=-0.162
t= 26.50 max|qacc|=       7.4 max|qvel|=   0.45 ncon=  2 com_z=0.909 com_x=-0.160

== summary ==
pelvis/COM height: start 0.96 m, min 0.88 m, final 0.91 m  (stayed up)
COM x: min -0.32 max -0.09 final -0.16 m
COM y: min -0.005 max +0.008 m
RG_F_r bursts during walk window: 0
RG_r: cycles in window 9, period 1.23 s (0.82 Hz), E-duty 0.08
RG_l: cycles in window 9, period 1.23 s (0.82 Hz), E-duty 0.05
peak ctrl: [0.32 0.53 0.59 0.78 0.45 0.47 0.53 0.33 0.46 0.06 0.34 0.54 0.59 0.77
 0.48 0.43 0.55 0.35 0.48 0.06] (('vas_lat_r', 'med_gas_r', 'soleus_r', 'tib_ant_r', 'psoas_r', 'semimem_r', 'glut_max2_r', 'rect_fem_r', 'sar_r', 'grac_r', 'vas_lat_l', 'med_gas_l', 'soleus_l', 'tib_ant_l', 'psoas_l', 'semimem_l', 'glut_max2_l', 'rect_fem_l', 'sar_l', 'grac_l'))
  hip_flexion_r         -7.9 ..    15.7 deg
  knee_angle_r          -0.0 ..    12.6 deg
  ankle_angle_r        -50.2 ..     0.0 deg
  hip_adduction_r       -0.1 ..     9.1 deg
  subtalar_angle_r       0.0 ..    15.7 deg
  hip_flexion_l         -8.2 ..    13.4 deg
  knee_angle_l          -0.0 ..    13.0 deg
  ankle_angle_l        -53.5 ..     0.0 deg
  hip_adduction_l        0.0 ..    10.3 deg
  subtalar_angle_l       0.0 ..    16.7 deg
  pelvis_tilt           -3.6 ..    27.6 deg
  pelvis_list           -1.1 ..     0.6 deg
  pelvis_rotation       -0.5 ..     0.6 deg
saved spinal_run.npz
saved spinal_run.png
