loaded fitted_walk_params.json (back-solve refit)
loaded best_walk_params_v7.json (drive=3.13, phase_reset 0.50/0.58)
start pose: pelvis_tilt -5 deg -> torso lean -5.0 deg (forward negative), knees -10/-10, ankles +5, hips L+25/R-15
standing solve: nnls x in [0.00, 0.77], >0.1: 21 muscles
  top: tfl_r=0.77, glut_min1_r=0.68, add_long_r=0.67, tib_ant_r=0.66, glut_min2_r=0.63, tib_ant_l=0.59, pect_r=0.44, ext_dig_r=0.43
Fmax range: 5..3396 N | L range sample: [0.229942 0.326094]
t=  1.00 max|qacc|=      32.8 max|qvel|=   4.79 ncon=  6 com_z=0.908 com_x=-0.109
t=  1.50 max|qacc|=      38.7 max|qvel|=   1.49 ncon=  6 com_z=0.909 com_x=-0.106
t=  2.00 max|qacc|=      14.6 max|qvel|=   1.63 ncon=  6 com_z=0.911 com_x=-0.100
t=  2.50 max|qacc|=      29.4 max|qvel|=   2.09 ncon=  6 com_z=0.907 com_x=-0.094
t=  3.00 max|qacc|=      12.8 max|qvel|=   0.92 ncon=  6 com_z=0.901 com_x=-0.096
t=  3.50 max|qacc|=      98.2 max|qvel|=   1.36 ncon=  3 com_z=0.896 com_x=-0.080
t=  4.00 max|qacc|=      65.7 max|qvel|=   0.81 ncon=  3 com_z=0.905 com_x=-0.085
t=  4.50 max|qacc|=     102.1 max|qvel|=   0.28 ncon=  3 com_z=0.907 com_x=-0.088
t=  5.00 max|qacc|=      22.7 max|qvel|=   1.14 ncon=  4 com_z=0.899 com_x=-0.094
t=  5.50 max|qacc|=      39.9 max|qvel|=   0.93 ncon=  4 com_z=0.901 com_x=-0.067
t=  6.00 max|qacc|=     251.2 max|qvel|=   2.47 ncon=  1 com_z=0.900 com_x=-0.048
t=  6.50 max|qacc|=      20.5 max|qvel|=   0.44 ncon=  1 com_z=0.906 com_x=-0.048
t=  7.00 max|qacc|=      64.9 max|qvel|=   5.56 ncon=  1 com_z=0.903 com_x=-0.054
t=  7.50 max|qacc|=      39.7 max|qvel|=   1.33 ncon=  2 com_z=0.902 com_x=-0.046
t=  8.00 max|qacc|=      45.3 max|qvel|=   0.63 ncon=  2 com_z=0.895 com_x=-0.050
t=  8.50 max|qacc|=      43.7 max|qvel|=   0.70 ncon=  1 com_z=0.898 com_x=-0.064
t=  9.00 max|qacc|=      41.0 max|qvel|=   0.88 ncon=  1 com_z=0.904 com_x=-0.061
t=  9.49 precursor: max|qacc|=2.2e+03 max|qvel|=30.6 (dof 14), ncon=0, max ctrl=0.91
t=  9.49 precursor: max|qacc|=1.4e+03 max|qvel|=33.1 (dof 14), ncon=0, max ctrl=0.91
t=  9.49 precursor: max|qacc|=638 max|qvel|=34.2 (dof 14), ncon=0, max ctrl=0.91
t=  9.50 precursor: max|qacc|=69.1 max|qvel|=34.2 (dof 14), ncon=0, max ctrl=0.91
t=  9.50 precursor: max|qacc|=675 max|qvel|=33 (dof 14), ncon=0, max ctrl=0.91
t=  9.50 precursor: max|qacc|=1.19e+03 max|qvel|=30.9 (dof 14), ncon=0, max ctrl=0.91
t=  9.50 max|qacc|=    1194.3 max|qvel|=  30.94 ncon=  0 com_z=0.905 com_x=-0.070
t= 10.00 max|qacc|=      35.3 max|qvel|=   1.09 ncon=  3 com_z=0.909 com_x=-0.094
t= 10.50 max|qacc|=      11.0 max|qvel|=   0.52 ncon=  3 com_z=0.906 com_x=-0.088
t= 11.00 max|qacc|=      28.3 max|qvel|=   1.34 ncon=  1 com_z=0.903 com_x=-0.103
t= 11.50 max|qacc|=      37.1 max|qvel|=   0.43 ncon=  1 com_z=0.916 com_x=-0.103
t= 12.00 max|qacc|=    1323.4 max|qvel|=   9.23 ncon=  3 com_z=0.907 com_x=-0.111
t= 12.50 max|qacc|=      10.1 max|qvel|=   1.71 ncon=  3 com_z=0.907 com_x=-0.100
t= 13.00 max|qacc|=      11.7 max|qvel|=   1.39 ncon=  3 com_z=0.909 com_x=-0.098
t= 13.50 max|qacc|=      37.9 max|qvel|=   1.43 ncon=  1 com_z=0.906 com_x=-0.097
t= 14.00 max|qacc|=      38.7 max|qvel|=   1.05 ncon=  1 com_z=0.918 com_x=-0.107
t= 14.50 max|qacc|=     345.3 max|qvel|=   9.68 ncon=  3 com_z=0.907 com_x=-0.112
t= 15.00 max|qacc|=      19.5 max|qvel|=   1.48 ncon=  2 com_z=0.907 com_x=-0.104
t= 15.50 max|qacc|=     109.1 max|qvel|=   3.52 ncon=  2 com_z=0.910 com_x=-0.100
t= 16.00 max|qacc|=     149.6 max|qvel|=   1.27 ncon=  4 com_z=0.905 com_x=-0.099
t= 16.50 max|qacc|=      35.6 max|qvel|=   1.59 ncon=  3 com_z=0.909 com_x=-0.105
t= 17.00 max|qacc|=      23.7 max|qvel|=   0.60 ncon=  3 com_z=0.904 com_x=-0.119
t= 17.50 max|qacc|=       9.0 max|qvel|=   0.60 ncon=  4 com_z=0.892 com_x=-0.129
t= 18.00 max|qacc|=      32.0 max|qvel|=   0.95 ncon=  4 com_z=0.884 com_x=-0.133
t= 18.50 max|qacc|=      34.1 max|qvel|=   1.31 ncon=  4 com_z=0.887 com_x=-0.135
t= 19.00 max|qacc|=      28.2 max|qvel|=   1.91 ncon=  3 com_z=0.892 com_x=-0.136
t= 19.50 max|qacc|=      39.2 max|qvel|=   1.30 ncon=  4 com_z=0.897 com_x=-0.137
t= 20.00 max|qacc|=      20.9 max|qvel|=   0.57 ncon=  4 com_z=0.899 com_x=-0.140
t= 20.50 max|qacc|=      46.4 max|qvel|=   1.72 ncon=  4 com_z=0.897 com_x=-0.141
t= 21.00 max|qacc|=      35.7 max|qvel|=   3.44 ncon=  4 com_z=0.899 com_x=-0.145
t= 21.50 max|qacc|=      26.2 max|qvel|=   1.64 ncon=  3 com_z=0.895 com_x=-0.147
t= 22.00 max|qacc|=      32.6 max|qvel|=   2.09 ncon=  3 com_z=0.895 com_x=-0.150
t= 22.50 max|qacc|=      39.1 max|qvel|=   1.23 ncon=  3 com_z=0.895 com_x=-0.152
t= 23.00 max|qacc|=      19.7 max|qvel|=   0.57 ncon=  4 com_z=0.895 com_x=-0.152
t= 23.50 max|qacc|=      19.4 max|qvel|=   0.76 ncon=  4 com_z=0.898 com_x=-0.155
t= 24.00 max|qacc|=      90.1 max|qvel|=   3.17 ncon=  4 com_z=0.897 com_x=-0.156
t= 24.50 max|qacc|=      31.6 max|qvel|=   2.01 ncon=  3 com_z=0.899 com_x=-0.157

== summary ==
pelvis/COM height: start 0.92 m, min 0.88 m, final 0.90 m  (stayed up)
COM x: min -0.16 max -0.05 final -0.16 m
COM y: min -0.088 max +0.063 m
RG_F_r bursts during walk window: 4
RG_r: cycles in window 5, period 2.44 s (0.41 Hz), E-duty 0.10
RG_l: cycles in window 5, period 2.44 s (0.41 Hz), E-duty 0.04
peak ctrl: [0.43 0.94 0.9  0.88 0.61 0.75 0.64 0.51 0.63 0.34 0.44 0.98 0.93 0.78
 0.61 0.78 0.6  0.56 0.64 0.37] (('vas_lat_r', 'med_gas_r', 'soleus_r', 'tib_ant_r', 'psoas_r', 'semimem_r', 'glut_max2_r', 'rect_fem_r', 'sar_r', 'grac_r', 'vas_lat_l', 'med_gas_l', 'soleus_l', 'tib_ant_l', 'psoas_l', 'semimem_l', 'glut_max2_l', 'rect_fem_l', 'sar_l', 'grac_l'))
  hip_flexion_r        -37.9 ..    47.7 deg
  knee_angle_r         -85.4 ..     1.4 deg
  ankle_angle_r        -67.6 ..     5.4 deg
  hip_adduction_r       -8.7 ..    16.7 deg
  subtalar_angle_r      -1.6 ..    35.3 deg
  hip_flexion_l          0.1 ..    44.3 deg
  knee_angle_l         -85.5 ..   -10.0 deg
  ankle_angle_l        -90.5 ..     5.0 deg
  hip_adduction_l       -4.4 ..    13.7 deg
  subtalar_angle_l      -1.4 ..    24.1 deg
  pelvis_tilt          -10.0 ..    18.8 deg
  pelvis_list          -11.2 ..     9.7 deg
  pelvis_rotation       -4.2 ..     1.9 deg
saved spinal_run.npz
saved spinal_run.png
