loaded fitted_walk_params.json (back-solve refit)
loaded best_walk_params_v10.json (drive=2.93, phase_reset 0.48/1.48)
start pose (normal.mot): applied 20 coordinates as given; IMU-metric torso lean -0.0 deg (+ = back)
standing solve: nnls x in [0.00, 0.70], >0.1: 14 muscles
  top: add_long_l=0.70, tib_ant_r=0.61, tib_ant_l=0.46, ext_dig_r=0.37, glut_min1_l=0.33, pect_l=0.32, glut_min2_l=0.31, ext_dig_l=0.25
Fmax range: 5..3396 N | L range sample: [0.229942 0.326094]
t=  1.00 max|qacc|=     146.4 max|qvel|=   1.73 ncon=  7 com_z=0.921 com_x=-0.158
t=  1.50 max|qacc|=      39.2 max|qvel|=   1.20 ncon=  5 com_z=0.914 com_x=-0.148
t=  2.00 max|qacc|=      95.2 max|qvel|=   1.20 ncon=  5 com_z=0.912 com_x=-0.144
t=  2.50 max|qacc|=      81.1 max|qvel|=   2.01 ncon=  5 com_z=0.918 com_x=-0.146
t=  3.00 max|qacc|=      85.5 max|qvel|=   0.77 ncon=  5 com_z=0.920 com_x=-0.144
t=  3.50 max|qacc|=      43.5 max|qvel|=   0.42 ncon=  6 com_z=0.912 com_x=-0.130
t=  4.00 max|qacc|=      25.5 max|qvel|=   0.37 ncon=  5 com_z=0.914 com_x=-0.139
t=  4.50 max|qacc|=      14.4 max|qvel|=   0.42 ncon=  4 com_z=0.916 com_x=-0.141
t=  5.00 max|qacc|=      29.0 max|qvel|=   2.58 ncon=  4 com_z=0.915 com_x=-0.164
t=  5.50 max|qacc|=      62.6 max|qvel|=   1.47 ncon=  2 com_z=0.908 com_x=-0.140
t=  5.78 precursor: max|qacc|=2.94e+03 max|qvel|=33 (dof 14), ncon=1, max ctrl=0.75
t=  5.78 precursor: max|qacc|=2.08e+03 max|qvel|=36.8 (dof 14), ncon=1, max ctrl=0.75
t=  5.78 precursor: max|qacc|=1.22e+03 max|qvel|=39.1 (dof 14), ncon=1, max ctrl=0.75
t=  5.78 precursor: max|qacc|=383 max|qvel|=39.8 (dof 14), ncon=1, max ctrl=0.75
t=  5.78 precursor: max|qacc|=389 max|qvel|=39.2 (dof 14), ncon=1, max ctrl=0.75
t=  5.79 precursor: max|qacc|=1.08e+03 max|qvel|=37.3 (dof 14), ncon=1, max ctrl=0.75
t=  5.79 precursor: max|qacc|=1.66e+03 max|qvel|=34.4 (dof 14), ncon=1, max ctrl=0.75
t=  5.79 precursor: max|qacc|=2.13e+03 max|qvel|=30.6 (dof 14), ncon=1, max ctrl=0.75
t=  6.00 max|qacc|=      48.5 max|qvel|=   2.25 ncon=  2 com_z=0.907 com_x=-0.098
t=  6.50 max|qacc|=      35.8 max|qvel|=   0.88 ncon=  2 com_z=0.909 com_x=-0.095
t=  7.00 max|qacc|=      44.2 max|qvel|=   1.89 ncon=  3 com_z=0.893 com_x=-0.107
t=  7.50 max|qacc|=     293.9 max|qvel|=   1.48 ncon=  2 com_z=0.923 com_x=-0.082
t=  7.96 precursor: max|qacc|=5.08e+03 max|qvel|=30.3 (dof 14), ncon=1, max ctrl=0.76
t=  7.97 precursor: max|qacc|=3.12e+03 max|qvel|=32.4 (dof 14), ncon=1, max ctrl=0.76
t=  7.97 precursor: max|qacc|=2.28e+03 max|qvel|=36.6 (dof 14), ncon=1, max ctrl=0.75
t=  7.97 precursor: max|qacc|=1.41e+03 max|qvel|=39.2 (dof 14), ncon=1, max ctrl=0.75
t=  7.98 precursor: max|qacc|=552 max|qvel|=40.3 (dof 14), ncon=1, max ctrl=0.75
t=  7.98 precursor: max|qacc|=252 max|qvel|=39.9 (dof 14), ncon=1, max ctrl=0.75
t=  7.98 precursor: max|qacc|=975 max|qvel|=38.2 (dof 14), ncon=1, max ctrl=0.75
t=  7.98 precursor: max|qacc|=1.59e+03 max|qvel|=35.4 (dof 14), ncon=1, max ctrl=0.75
t=  7.98 precursor: max|qacc|=2.09e+03 max|qvel|=31.7 (dof 14), ncon=1, max ctrl=0.75
t=  8.00 max|qacc|=    2008.7 max|qvel|=   5.66 ncon=  1 com_z=0.896 com_x=-0.064
t=  8.50 max|qacc|=      14.4 max|qvel|=   1.03 ncon=  3 com_z=0.918 com_x=-0.056
t=  9.00 max|qacc|=      83.8 max|qvel|=   7.15 ncon=  3 com_z=0.895 com_x=-0.066
t=  9.50 max|qacc|=     340.7 max|qvel|=   1.31 ncon=  2 com_z=0.923 com_x=-0.077
t= 10.00 max|qacc|=      64.3 max|qvel|=   1.50 ncon=  2 com_z=0.906 com_x=-0.059
t= 10.22 precursor: max|qacc|=3.01e+03 max|qvel|=35.1 (dof 14), ncon=1, max ctrl=0.66
t= 10.22 precursor: max|qacc|=2.11e+03 max|qvel|=39 (dof 14), ncon=1, max ctrl=0.67
t= 10.22 precursor: max|qacc|=1.2e+03 max|qvel|=41.2 (dof 14), ncon=1, max ctrl=0.67
t= 10.22 precursor: max|qacc|=314 max|qvel|=41.8 (dof 14), ncon=1, max ctrl=0.67
t= 10.23 precursor: max|qacc|=503 max|qvel|=41 (dof 14), ncon=1, max ctrl=0.68
t= 10.23 precursor: max|qacc|=1.23e+03 max|qvel|=38.8 (dof 14), ncon=1, max ctrl=0.68
t= 10.23 precursor: max|qacc|=1.83e+03 max|qvel|=35.6 (dof 14), ncon=1, max ctrl=0.68
t= 10.23 precursor: max|qacc|=2.31e+03 max|qvel|=31.5 (dof 14), ncon=1, max ctrl=0.69
t= 10.50 max|qacc|=     336.0 max|qvel|=   3.19 ncon=  4 com_z=0.909 com_x=-0.041
t= 11.00 max|qacc|=      48.9 max|qvel|=   0.65 ncon=  2 com_z=0.902 com_x=-0.047
t= 11.50 max|qacc|=      53.2 max|qvel|=   1.49 ncon=  2 com_z=0.904 com_x=-0.071
t= 12.00 max|qacc|=      42.6 max|qvel|=   0.96 ncon=  2 com_z=0.907 com_x=-0.044
t= 12.38 precursor: max|qacc|=4.22e+03 max|qvel|=30.3 (dof 14), ncon=1, max ctrl=0.68
t= 12.38 precursor: max|qacc|=3.29e+03 max|qvel|=36.3 (dof 14), ncon=1, max ctrl=0.68
t= 12.39 precursor: max|qacc|=2.3e+03 max|qvel|=40.5 (dof 14), ncon=1, max ctrl=0.68
t= 12.39 precursor: max|qacc|=1.32e+03 max|qvel|=42.9 (dof 14), ncon=1, max ctrl=0.68
t= 12.39 precursor: max|qacc|=372 max|qvel|=43.6 (dof 14), ncon=1, max ctrl=0.68
t= 12.39 precursor: max|qacc|=500 max|qvel|=42.8 (dof 14), ncon=1, max ctrl=0.67
t= 12.39 precursor: max|qacc|=1.27e+03 max|qvel|=40.6 (dof 14), ncon=1, max ctrl=0.67
t= 12.40 precursor: max|qacc|=1.91e+03 max|qvel|=37.2 (dof 14), ncon=1, max ctrl=0.67
t= 12.40 precursor: max|qacc|=2.42e+03 max|qvel|=33 (dof 14), ncon=1, max ctrl=0.67
t= 12.50 max|qacc|=    1305.5 max|qvel|=   5.44 ncon=  1 com_z=0.888 com_x=-0.037
t= 13.00 max|qacc|=      32.6 max|qvel|=   1.09 ncon=  2 com_z=0.918 com_x=-0.053
t= 13.50 max|qacc|=      30.1 max|qvel|=   7.58 ncon=  4 com_z=0.894 com_x=-0.066
t= 14.00 max|qacc|=      61.1 max|qvel|=   1.34 ncon=  2 com_z=0.924 com_x=-0.068
t= 14.50 max|qacc|=      63.2 max|qvel|=   2.65 ncon=  2 com_z=0.899 com_x=-0.059
t= 14.66 precursor: max|qacc|=2.8e+03 max|qvel|=34.5 (dof 14), ncon=1, max ctrl=0.75
t= 14.66 precursor: max|qacc|=1.94e+03 max|qvel|=38.1 (dof 14), ncon=1, max ctrl=0.75
t= 14.66 precursor: max|qacc|=1.07e+03 max|qvel|=40 (dof 14), ncon=1, max ctrl=0.75
t= 14.66 precursor: max|qacc|=230 max|qvel|=40.5 (dof 14), ncon=1, max ctrl=0.75
t= 14.67 precursor: max|qacc|=547 max|qvel|=39.6 (dof 14), ncon=1, max ctrl=0.75
t= 14.67 precursor: max|qacc|=1.23e+03 max|qvel|=37.4 (dof 14), ncon=1, max ctrl=0.75
t= 14.67 precursor: max|qacc|=1.81e+03 max|qvel|=34.2 (dof 14), ncon=1, max ctrl=0.75
t= 14.67 precursor: max|qacc|=2.26e+03 max|qvel|=30.2 (dof 14), ncon=1, max ctrl=0.75
t= 15.00 max|qacc|=     135.4 max|qvel|=   2.75 ncon=  3 com_z=0.913 com_x=-0.035
t= 15.50 max|qacc|=     109.3 max|qvel|=   8.41 ncon=  3 com_z=0.908 com_x=-0.046
t= 16.00 max|qacc|=      31.6 max|qvel|=   1.01 ncon=  2 com_z=0.924 com_x=-0.061
t= 16.50 max|qacc|=     370.1 max|qvel|=   2.98 ncon=  2 com_z=0.906 com_x=-0.053
t= 17.00 max|qacc|=      30.2 max|qvel|=   0.49 ncon=  2 com_z=0.908 com_x=-0.068
t= 17.50 max|qacc|=     153.8 max|qvel|=   0.27 ncon=  3 com_z=0.913 com_x=-0.077
t= 18.00 max|qacc|=      36.4 max|qvel|=   1.18 ncon=  3 com_z=0.915 com_x=-0.087
t= 18.50 max|qacc|=      16.4 max|qvel|=   1.06 ncon=  2 com_z=0.916 com_x=-0.092
t= 19.00 max|qacc|=      10.6 max|qvel|=   1.22 ncon=  3 com_z=0.911 com_x=-0.094
t= 19.50 max|qacc|=      25.3 max|qvel|=   0.84 ncon=  5 com_z=0.909 com_x=-0.097
t= 20.00 max|qacc|=      16.8 max|qvel|=   0.96 ncon=  5 com_z=0.913 com_x=-0.101
t= 20.50 max|qacc|=      61.3 max|qvel|=   0.59 ncon=  5 com_z=0.914 com_x=-0.104
t= 21.00 max|qacc|=      25.6 max|qvel|=   1.41 ncon=  4 com_z=0.915 com_x=-0.103
t= 21.50 max|qacc|=      42.1 max|qvel|=   0.45 ncon=  4 com_z=0.911 com_x=-0.103
t= 22.00 max|qacc|=       7.1 max|qvel|=   1.22 ncon=  5 com_z=0.914 com_x=-0.110
t= 22.50 max|qacc|=      23.1 max|qvel|=   1.00 ncon=  4 com_z=0.915 com_x=-0.110
t= 23.00 max|qacc|=      16.3 max|qvel|=   1.15 ncon=  4 com_z=0.914 com_x=-0.111
t= 23.50 max|qacc|=      35.4 max|qvel|=   1.38 ncon=  4 com_z=0.911 com_x=-0.110
t= 24.00 max|qacc|=      18.2 max|qvel|=   1.29 ncon=  4 com_z=0.913 com_x=-0.113
t= 24.50 max|qacc|=      56.0 max|qvel|=   1.17 ncon=  5 com_z=0.917 com_x=-0.115
t= 25.00 max|qacc|=      18.0 max|qvel|=   1.21 ncon=  4 com_z=0.915 com_x=-0.115
t= 25.50 max|qacc|=      29.5 max|qvel|=   1.25 ncon=  4 com_z=0.914 com_x=-0.112
t= 26.00 max|qacc|=      26.8 max|qvel|=   1.21 ncon=  5 com_z=0.913 com_x=-0.118
t= 26.50 max|qacc|=      96.6 max|qvel|=   1.14 ncon=  4 com_z=0.917 com_x=-0.119
t= 27.00 max|qacc|=      10.4 max|qvel|=   0.85 ncon=  4 com_z=0.915 com_x=-0.120
t= 27.50 max|qacc|=      11.9 max|qvel|=   1.77 ncon=  5 com_z=0.912 com_x=-0.118
t= 28.00 max|qacc|=       4.3 max|qvel|=   1.11 ncon=  4 com_z=0.913 com_x=-0.120
t= 28.50 max|qacc|=      45.0 max|qvel|=   1.15 ncon=  4 com_z=0.917 com_x=-0.122
t= 29.00 max|qacc|=      14.9 max|qvel|=   0.99 ncon=  5 com_z=0.916 com_x=-0.123
t= 29.50 max|qacc|=      14.2 max|qvel|=   1.36 ncon=  5 com_z=0.914 com_x=-0.118
t= 30.00 max|qacc|=       6.8 max|qvel|=   1.06 ncon=  4 com_z=0.913 com_x=-0.123
t= 30.50 max|qacc|=      40.1 max|qvel|=   1.14 ncon=  5 com_z=0.917 com_x=-0.123
t= 31.00 max|qacc|=      10.8 max|qvel|=   0.71 ncon=  5 com_z=0.915 com_x=-0.125
t= 31.50 max|qacc|=      15.8 max|qvel|=   1.74 ncon=  5 com_z=0.912 com_x=-0.122
t= 32.00 max|qacc|=      12.7 max|qvel|=   0.99 ncon=  4 com_z=0.913 com_x=-0.123
t= 32.50 max|qacc|=      34.5 max|qvel|=   0.86 ncon=  5 com_z=0.918 com_x=-0.125
t= 33.00 max|qacc|=      13.6 max|qvel|=   0.77 ncon=  5 com_z=0.916 com_x=-0.126
t= 33.50 max|qacc|=      26.9 max|qvel|=   1.29 ncon=  5 com_z=0.915 com_x=-0.121
t= 34.00 max|qacc|=      30.4 max|qvel|=   0.97 ncon=  4 com_z=0.913 com_x=-0.125
t= 34.50 max|qacc|=      46.7 max|qvel|=   0.92 ncon=  5 com_z=0.918 com_x=-0.125
t= 35.00 max|qacc|=      10.7 max|qvel|=   0.56 ncon=  5 com_z=0.916 com_x=-0.127
t= 35.50 max|qacc|=      25.5 max|qvel|=   1.60 ncon=  5 com_z=0.913 com_x=-0.123
t= 36.00 max|qacc|=       9.6 max|qvel|=   0.90 ncon=  4 com_z=0.913 com_x=-0.124
t= 36.50 max|qacc|=      32.1 max|qvel|=   0.63 ncon=  5 com_z=0.918 com_x=-0.125
t= 37.00 max|qacc|=      13.7 max|qvel|=   0.60 ncon=  5 com_z=0.916 com_x=-0.127
t= 37.50 max|qacc|=      27.4 max|qvel|=   1.37 ncon=  5 com_z=0.916 com_x=-0.122
t= 38.00 max|qacc|=      14.6 max|qvel|=   0.88 ncon=  4 com_z=0.913 com_x=-0.125
t= 38.50 max|qacc|=      43.1 max|qvel|=   0.83 ncon=  5 com_z=0.918 com_x=-0.125

== summary ==
pelvis/COM height: start 0.94 m, min 0.88 m, final 0.92 m  (stayed up)
COM x: min -0.16 max -0.03 final -0.13 m
COM y: min -0.100 max +0.092 m
RG_F_r bursts during walk window: 5
RG_r: cycles in window 5, period 2.18 s (0.46 Hz), E-duty 0.06
RG_l: cycles in window 5, period 2.18 s (0.46 Hz), E-duty 0.02
peak ctrl: [0.37 0.66 0.67 0.63 0.4  0.33 0.46 0.39 0.42 0.15 0.33 0.65 0.66 0.58
 0.4  0.35 0.45 0.32 0.44 0.11] (('vas_lat_r', 'med_gas_r', 'soleus_r', 'tib_ant_r', 'psoas_r', 'semimem_r', 'glut_max2_r', 'rect_fem_r', 'sar_r', 'grac_r', 'vas_lat_l', 'med_gas_l', 'soleus_l', 'tib_ant_l', 'psoas_l', 'semimem_l', 'glut_max2_l', 'rect_fem_l', 'sar_l', 'grac_l'))
  hip_flexion_r        -15.0 ..    53.6 deg
  knee_angle_r         -83.0 ..    11.1 deg
  ankle_angle_r        -78.3 ..    -1.6 deg
  hip_adduction_r       -1.0 ..    17.6 deg
  subtalar_angle_r      -1.1 ..    39.5 deg
  hip_flexion_l        -35.8 ..     1.5 deg
  knee_angle_l         -32.2 ..    12.1 deg
  ankle_angle_l        -64.5 ..     9.8 deg
  hip_adduction_l       -5.6 ..    23.3 deg
  subtalar_angle_l      -6.4 ..    14.4 deg
  pelvis_tilt           -2.5 ..    15.7 deg
  pelvis_list          -10.2 ..    14.1 deg
  pelvis_rotation        0.9 ..     4.9 deg
saved spinal_run.npz
saved spinal_run.png
