loaded best_walk_params.json (drive=1.11)
standing solve: nnls x in [0.00, 0.61], >0.1: 14 muscles
  top: tib_ant_r=0.61, tib_ant_l=0.60, ext_dig_r=0.40, ext_dig_l=0.40, ercspn_r=0.18, ercspn_l=0.18, per_tert_r=0.17, per_tert_l=0.17
Fmax range: 5..3396 N | L range sample: [0.229942 0.326094]
t=  1.00 max|qacc|=       5.0 max|qvel|=   0.31 ncon=  8 com_z=0.959 com_x=-0.128
t=  1.50 max|qacc|=       6.9 max|qvel|=   0.26 ncon=  8 com_z=0.963 com_x=-0.140
t=  2.00 max|qacc|=     514.9 max|qvel|=   0.76 ncon=  8 com_z=0.960 com_x=-0.178
t=  2.50 max|qacc|=      29.1 max|qvel|=   0.16 ncon=  8 com_z=0.950 com_x=-0.217
t=  3.00 max|qacc|=      15.3 max|qvel|=   0.25 ncon=  7 com_z=0.943 com_x=-0.233
t=  3.50 max|qacc|=      12.7 max|qvel|=   0.19 ncon=  6 com_z=0.935 com_x=-0.241
t=  4.00 max|qacc|=      36.8 max|qvel|=   0.30 ncon=  6 com_z=0.920 com_x=-0.249
t=  4.50 max|qacc|=      52.8 max|qvel|=   0.50 ncon=  6 com_z=0.903 com_x=-0.254
t=  5.00 max|qacc|=      51.5 max|qvel|=   1.21 ncon=  6 com_z=0.899 com_x=-0.244
t=  5.50 max|qacc|=      10.9 max|qvel|=   0.09 ncon=  6 com_z=0.888 com_x=-0.239
t=  6.00 max|qacc|=      68.3 max|qvel|=   0.15 ncon=  6 com_z=0.887 com_x=-0.229
t=  6.50 max|qacc|=      15.0 max|qvel|=   0.29 ncon=  6 com_z=0.893 com_x=-0.214
t=  7.00 max|qacc|=     110.0 max|qvel|=   0.45 ncon=  7 com_z=0.889 com_x=-0.208
t=  7.50 max|qacc|=      14.1 max|qvel|=   0.48 ncon=  7 com_z=0.889 com_x=-0.203
t=  8.00 max|qacc|=      13.2 max|qvel|=   0.23 ncon=  6 com_z=0.889 com_x=-0.199
t=  8.50 max|qacc|=      12.4 max|qvel|=   0.17 ncon=  4 com_z=0.885 com_x=-0.196
t=  9.00 max|qacc|=      24.8 max|qvel|=   0.21 ncon=  6 com_z=0.887 com_x=-0.189
t=  9.50 max|qacc|=      21.7 max|qvel|=   0.70 ncon=  6 com_z=0.886 com_x=-0.182
t= 10.00 max|qacc|=     102.9 max|qvel|=   0.31 ncon=  6 com_z=0.886 com_x=-0.178
t= 10.50 max|qacc|=      29.4 max|qvel|=   0.85 ncon=  5 com_z=0.886 com_x=-0.176
t= 11.00 max|qacc|=     103.8 max|qvel|=   0.67 ncon=  4 com_z=0.883 com_x=-0.175
t= 11.50 max|qacc|=      39.1 max|qvel|=   0.42 ncon=  4 com_z=0.884 com_x=-0.170
t= 12.00 max|qacc|=      61.3 max|qvel|=   1.61 ncon=  4 com_z=0.883 com_x=-0.164
t= 12.50 max|qacc|=       7.1 max|qvel|=   0.65 ncon=  6 com_z=0.884 com_x=-0.161
t= 13.00 max|qacc|=     105.1 max|qvel|=   1.47 ncon=  4 com_z=0.884 com_x=-0.161
t= 13.50 max|qacc|=      65.4 max|qvel|=   0.99 ncon=  4 com_z=0.881 com_x=-0.162
t= 14.00 max|qacc|=     128.6 max|qvel|=   1.61 ncon=  3 com_z=0.882 com_x=-0.158
t= 14.50 max|qacc|=      17.0 max|qvel|=   2.09 ncon=  4 com_z=0.882 com_x=-0.154
t= 15.00 max|qacc|=      17.2 max|qvel|=   0.67 ncon=  5 com_z=0.883 com_x=-0.151
t= 15.50 max|qacc|=      30.3 max|qvel|=   0.40 ncon=  4 com_z=0.882 com_x=-0.151
t= 16.00 max|qacc|=      18.6 max|qvel|=   0.43 ncon=  3 com_z=0.894 com_x=-0.145
t= 16.50 max|qacc|=      37.7 max|qvel|=   0.89 ncon=  2 com_z=0.905 com_x=-0.137
t= 17.00 max|qacc|=     256.9 max|qvel|=   0.32 ncon=  2 com_z=0.910 com_x=-0.132
t= 17.50 max|qacc|=     363.4 max|qvel|=   0.54 ncon=  2 com_z=0.914 com_x=-0.125
t= 18.00 max|qacc|=     297.7 max|qvel|=   0.52 ncon=  2 com_z=0.908 com_x=-0.128
t= 18.50 max|qacc|=     209.8 max|qvel|=   0.54 ncon=  2 com_z=0.907 com_x=-0.128
t= 19.00 max|qacc|=     249.1 max|qvel|=   0.52 ncon=  2 com_z=0.909 com_x=-0.123
t= 19.50 max|qacc|=     124.6 max|qvel|=   0.47 ncon=  2 com_z=0.908 com_x=-0.123
t= 20.00 max|qacc|=     110.8 max|qvel|=   0.50 ncon=  2 com_z=0.908 com_x=-0.122
t= 20.50 max|qacc|=      65.0 max|qvel|=   0.46 ncon=  2 com_z=0.908 com_x=-0.120
t= 21.00 max|qacc|=      68.7 max|qvel|=   0.46 ncon=  2 com_z=0.908 com_x=-0.120
t= 21.50 max|qacc|=     120.0 max|qvel|=   0.50 ncon=  2 com_z=0.908 com_x=-0.119
t= 22.00 max|qacc|=      26.9 max|qvel|=   0.48 ncon=  2 com_z=0.908 com_x=-0.118
t= 22.50 max|qacc|=      28.3 max|qvel|=   0.45 ncon=  2 com_z=0.908 com_x=-0.118
t= 23.00 max|qacc|=      53.8 max|qvel|=   0.48 ncon=  2 com_z=0.908 com_x=-0.118
t= 23.50 max|qacc|=     126.6 max|qvel|=   0.46 ncon=  2 com_z=0.908 com_x=-0.117
t= 24.00 max|qacc|=      14.0 max|qvel|=   0.48 ncon=  2 com_z=0.908 com_x=-0.117
t= 24.50 max|qacc|=      94.7 max|qvel|=   0.48 ncon=  2 com_z=0.908 com_x=-0.117
t= 25.00 max|qacc|=     114.3 max|qvel|=   0.44 ncon=  2 com_z=0.908 com_x=-0.117
t= 25.50 max|qacc|=      43.3 max|qvel|=   0.46 ncon=  2 com_z=0.908 com_x=-0.117
t= 26.00 max|qacc|=      65.2 max|qvel|=   0.56 ncon=  2 com_z=0.908 com_x=-0.117
t= 26.50 max|qacc|=     115.2 max|qvel|=   0.40 ncon=  2 com_z=0.908 com_x=-0.117

== summary ==
pelvis/COM height: start 0.96 m, min 0.88 m, final 0.91 m  (stayed up)
COM x: min -0.26 max -0.09 final -0.12 m
COM y: min -0.002 max +0.005 m
RG_F_r bursts during walk window: 0
RG_r: cycles in window 9, period 1.23 s (0.82 Hz), E-duty 0.08
RG_l: cycles in window 9, period 1.23 s (0.82 Hz), E-duty 0.05
peak ctrl: [0.32 0.53 0.59 0.78 0.45 0.47 0.53 0.33 0.46 0.06 0.34 0.54 0.59 0.77
 0.48 0.43 0.55 0.35 0.48 0.06] (('vas_lat_r', 'med_gas_r', 'soleus_r', 'tib_ant_r', 'psoas_r', 'semimem_r', 'glut_max2_r', 'rect_fem_r', 'sar_r', 'grac_r', 'vas_lat_l', 'med_gas_l', 'soleus_l', 'tib_ant_l', 'psoas_l', 'semimem_l', 'glut_max2_l', 'rect_fem_l', 'sar_l', 'grac_l'))
  hip_flexion_r         -7.6 ..    15.2 deg
  knee_angle_r          -0.0 ..    12.6 deg
  ankle_angle_r        -50.6 ..     0.0 deg
  hip_adduction_r       -0.0 ..     8.8 deg
  subtalar_angle_r       0.0 ..    15.7 deg
  hip_flexion_l         -7.9 ..    13.6 deg
  knee_angle_l          -0.0 ..    13.0 deg
  ankle_angle_l        -53.6 ..     0.0 deg
  hip_adduction_l        0.0 ..    10.0 deg
  subtalar_angle_l       0.0 ..    16.7 deg
  pelvis_tilt           -4.2 ..    26.5 deg
  pelvis_list           -0.7 ..     0.4 deg
  pelvis_rotation       -0.7 ..     0.8 deg
saved spinal_run.npz
saved spinal_run.png
