loaded fitted_walk_params.json (back-solve refit)
loaded best_walk_params_v10.json (drive=2.93, phase_reset 0.48/1.48)
start pose (normal.mot): applied 20 coordinates as given; IMU-metric torso lean -0.0 deg (+ = back)
standing solve: nnls x in [0.00, 0.70], >0.1: 14 muscles
  top: add_long_l=0.70, tib_ant_r=0.61, tib_ant_l=0.46, ext_dig_r=0.37, glut_min1_l=0.33, pect_l=0.32, glut_min2_l=0.31, ext_dig_l=0.25
Fmax range: 5..3396 N | L range sample: [0.229942 0.326094]
t=  1.00 max|qacc|=      12.9 max|qvel|=   0.82 ncon=  7 com_z=0.921 com_x=-0.158
t=  1.50 max|qacc|=     415.0 max|qvel|=   1.71 ncon=  5 com_z=0.919 com_x=-0.152
t=  2.00 max|qacc|=     495.7 max|qvel|=   0.99 ncon=  5 com_z=0.919 com_x=-0.149
t=  2.50 max|qacc|=      50.6 max|qvel|=   1.74 ncon=  5 com_z=0.923 com_x=-0.153
t=  3.00 max|qacc|=      66.5 max|qvel|=   0.85 ncon=  5 com_z=0.924 com_x=-0.154
t=  3.50 max|qacc|=      35.3 max|qvel|=   0.90 ncon=  4 com_z=0.914 com_x=-0.136
t=  4.00 max|qacc|=      47.9 max|qvel|=   0.38 ncon=  5 com_z=0.915 com_x=-0.144
t=  4.50 max|qacc|=      41.4 max|qvel|=   0.52 ncon=  3 com_z=0.915 com_x=-0.145
t=  5.00 max|qacc|=      40.4 max|qvel|=   0.45 ncon=  2 com_z=0.912 com_x=-0.137
t=  5.50 max|qacc|=      19.6 max|qvel|=   0.30 ncon=  3 com_z=0.912 com_x=-0.128
t=  6.00 max|qacc|=      49.1 max|qvel|=   0.38 ncon=  2 com_z=0.914 com_x=-0.118
t=  6.50 max|qacc|=     211.5 max|qvel|=   0.50 ncon=  2 com_z=0.916 com_x=-0.108
t=  7.00 max|qacc|=      14.0 max|qvel|=   0.35 ncon=  2 com_z=0.914 com_x=-0.102
t=  7.50 max|qacc|=       8.8 max|qvel|=   0.64 ncon=  2 com_z=0.914 com_x=-0.094
t=  8.00 max|qacc|=      66.1 max|qvel|=   0.59 ncon=  2 com_z=0.913 com_x=-0.091
t=  8.50 max|qacc|=     241.3 max|qvel|=   0.50 ncon=  2 com_z=0.913 com_x=-0.086
t=  9.00 max|qacc|=      29.1 max|qvel|=   0.54 ncon=  2 com_z=0.914 com_x=-0.084
t=  9.50 max|qacc|=     224.4 max|qvel|=   0.60 ncon=  2 com_z=0.915 com_x=-0.080
t= 10.00 max|qacc|=     293.4 max|qvel|=   0.27 ncon=  2 com_z=0.914 com_x=-0.078
t= 10.50 max|qacc|=     405.4 max|qvel|=   0.62 ncon=  2 com_z=0.916 com_x=-0.076
t= 11.00 max|qacc|=     180.4 max|qvel|=   0.30 ncon=  2 com_z=0.916 com_x=-0.075
t= 11.50 max|qacc|=     152.8 max|qvel|=   0.40 ncon=  2 com_z=0.917 com_x=-0.075
t= 12.00 max|qacc|=     175.4 max|qvel|=   0.26 ncon=  2 com_z=0.915 com_x=-0.075
t= 12.50 max|qacc|=      48.5 max|qvel|=   0.66 ncon=  2 com_z=0.916 com_x=-0.073
t= 13.00 max|qacc|=     244.5 max|qvel|=   0.38 ncon=  2 com_z=0.916 com_x=-0.074
t= 13.50 max|qacc|=     179.8 max|qvel|=   0.42 ncon=  2 com_z=0.917 com_x=-0.074
t= 14.00 max|qacc|=     207.7 max|qvel|=   0.19 ncon=  2 com_z=0.916 com_x=-0.075
t= 14.50 max|qacc|=      25.7 max|qvel|=   0.64 ncon=  2 com_z=0.918 com_x=-0.074
t= 15.00 max|qacc|=      35.1 max|qvel|=   0.44 ncon=  2 com_z=0.918 com_x=-0.073
t= 15.50 max|qacc|=      49.3 max|qvel|=   0.60 ncon=  2 com_z=0.920 com_x=-0.075
t= 16.00 max|qacc|=      12.8 max|qvel|=   0.44 ncon=  2 com_z=0.920 com_x=-0.078
t= 16.50 max|qacc|=      14.4 max|qvel|=   4.63 ncon=  2 com_z=0.918 com_x=-0.101
t= 17.00 max|qacc|=      14.4 max|qvel|=   2.18 ncon=  2 com_z=0.911 com_x=-0.091
t= 17.50 max|qacc|=      22.3 max|qvel|=   0.47 ncon=  3 com_z=0.919 com_x=-0.093
t= 18.00 max|qacc|=       6.9 max|qvel|=   0.36 ncon=  3 com_z=0.917 com_x=-0.102
t= 18.50 max|qacc|=      42.7 max|qvel|=   1.07 ncon=  3 com_z=0.917 com_x=-0.105
t= 19.00 max|qacc|=       6.6 max|qvel|=   1.50 ncon=  3 com_z=0.918 com_x=-0.108
t= 19.50 max|qacc|=     168.2 max|qvel|=   1.50 ncon=  2 com_z=0.921 com_x=-0.109
t= 20.00 max|qacc|=      13.1 max|qvel|=   1.13 ncon=  3 com_z=0.917 com_x=-0.114
t= 20.50 max|qacc|=      14.0 max|qvel|=   1.83 ncon=  3 com_z=0.916 com_x=-0.112
t= 21.00 max|qacc|=       7.8 max|qvel|=   1.15 ncon=  3 com_z=0.918 com_x=-0.113
t= 21.50 max|qacc|=      11.5 max|qvel|=   0.99 ncon=  3 com_z=0.921 com_x=-0.117
t= 22.00 max|qacc|=      10.0 max|qvel|=   0.72 ncon=  3 com_z=0.918 com_x=-0.121
t= 22.50 max|qacc|=      17.2 max|qvel|=   1.62 ncon=  3 com_z=0.916 com_x=-0.119

== summary ==
pelvis/COM height: start 0.94 m, min 0.91 m, final 0.92 m  (stayed up)
COM x: min -0.16 max -0.07 final -0.12 m
COM y: min -0.061 max +0.041 m
RG_F_r bursts during walk window: 0
peak ctrl: [0.34 0.58 0.58 0.62 0.33 0.28 0.39 0.36 0.35 0.16 0.21 0.52 0.53 0.56
 0.32 0.24 0.3  0.23 0.34 0.09] (('vas_lat_r', 'med_gas_r', 'soleus_r', 'tib_ant_r', 'psoas_r', 'semimem_r', 'glut_max2_r', 'rect_fem_r', 'sar_r', 'grac_r', 'vas_lat_l', 'med_gas_l', 'soleus_l', 'tib_ant_l', 'psoas_l', 'semimem_l', 'glut_max2_l', 'rect_fem_l', 'sar_l', 'grac_l'))
  hip_flexion_r         -7.1 ..    53.1 deg
  knee_angle_r         -67.7 ..    11.2 deg
  ankle_angle_r        -53.5 ..    -1.6 deg
  hip_adduction_r        1.1 ..    17.0 deg
  subtalar_angle_r      -0.1 ..    31.3 deg
  hip_flexion_l        -17.6 ..     1.1 deg
  knee_angle_l         -12.9 ..    11.6 deg
  ankle_angle_l        -59.8 ..     9.8 deg
  hip_adduction_l       -2.8 ..    19.4 deg
  subtalar_angle_l      -3.4 ..    13.7 deg
  pelvis_tilt           -2.3 ..    13.7 deg
  pelvis_list           -5.6 ..     6.6 deg
  pelvis_rotation        1.0 ..     4.7 deg
saved spinal_run.npz
saved spinal_run.png
