standing solve: nnls x in [0.00, 0.61], >0.1: 26 muscles
  top: tib_ant_r=0.61, tib_ant_l=0.60, ext_dig_r=0.40, ext_dig_l=0.40, glut_min1_l=0.19, glut_min1_r=0.19, glut_min3_l=0.18, glut_min3_r=0.18
Fmax range: 5..3396 N | L range sample: [0.229942 0.326094]
t=  1.00 max|qacc|=      18.0 max|qvel|=   1.02 ncon=  8 com_z=0.942 com_x=-0.147
t=  1.50 max|qacc|=      50.6 max|qvel|=   0.92 ncon= 12 com_z=0.851 com_x=-0.263
t=  2.00 max|qacc|=      63.1 max|qvel|=   0.69 ncon= 12 com_z=0.749 com_x=-0.309
t=  2.50 max|qacc|=       4.8 max|qvel|=   0.17 ncon= 12 com_z=0.717 com_x=-0.318
t=  3.00 max|qacc|=       0.5 max|qvel|=   0.20 ncon= 12 com_z=0.712 com_x=-0.333
t=  3.50 max|qacc|=      13.7 max|qvel|=   0.46 ncon=  8 com_z=0.716 com_x=-0.353
t=  4.00 max|qacc|=      27.3 max|qvel|=   0.58 ncon=  8 com_z=0.699 com_x=-0.353
t=  4.50 max|qacc|=      28.4 max|qvel|=   0.26 ncon=  8 com_z=0.709 com_x=-0.358
t=  5.00 max|qacc|=     144.6 max|qvel|=   1.21 ncon=  8 com_z=0.715 com_x=-0.360
t=  5.50 max|qacc|=     106.3 max|qvel|=   0.56 ncon=  7 com_z=0.693 com_x=-0.348
t=  6.00 max|qacc|=     175.8 max|qvel|=   0.68 ncon=  7 com_z=0.712 com_x=-0.340
t=  6.50 max|qacc|=     211.5 max|qvel|=   0.46 ncon=  7 com_z=0.698 com_x=-0.321
t=  7.00 max|qacc|=     109.7 max|qvel|=   0.51 ncon=  7 com_z=0.707 com_x=-0.310
t=  7.50 max|qacc|=     352.4 max|qvel|=   2.53 ncon=  6 com_z=0.703 com_x=-0.293
t=  8.00 max|qacc|=     112.7 max|qvel|=   0.86 ncon=  7 com_z=0.701 com_x=-0.275
t=  8.50 max|qacc|=     133.7 max|qvel|=   2.25 ncon=  6 com_z=0.705 com_x=-0.266
t=  9.00 max|qacc|=      56.2 max|qvel|=   0.82 ncon=  6 com_z=0.700 com_x=-0.251
t=  9.50 max|qacc|=      50.6 max|qvel|=   2.58 ncon=  5 com_z=0.703 com_x=-0.236
t= 10.00 max|qacc|=      75.4 max|qvel|=   0.43 ncon=  6 com_z=0.700 com_x=-0.226
t= 10.50 max|qacc|=      34.3 max|qvel|=   1.68 ncon=  5 com_z=0.706 com_x=-0.214
t= 11.00 max|qacc|=      35.0 max|qvel|=   0.28 ncon=  5 com_z=0.696 com_x=-0.203
t= 11.50 max|qacc|=      24.3 max|qvel|=   0.63 ncon=  5 com_z=0.707 com_x=-0.192
t= 12.00 max|qacc|=      60.2 max|qvel|=   0.23 ncon=  5 com_z=0.697 com_x=-0.186
t= 12.50 max|qacc|=      39.8 max|qvel|=   0.70 ncon=  4 com_z=0.706 com_x=-0.179
t= 13.00 max|qacc|=      78.8 max|qvel|=   1.07 ncon=  4 com_z=0.696 com_x=-0.171
t= 13.50 max|qacc|=      34.0 max|qvel|=   1.05 ncon=  5 com_z=0.703 com_x=-0.167
t= 14.00 max|qacc|=     440.8 max|qvel|=   6.01 ncon=  4 com_z=0.700 com_x=-0.164
t= 14.50 max|qacc|=     297.5 max|qvel|=   0.78 ncon=  4 com_z=0.698 com_x=-0.160
t= 15.00 max|qacc|=     347.6 max|qvel|=   2.43 ncon=  4 com_z=0.701 com_x=-0.156
t= 15.50 max|qacc|=     419.4 max|qvel|=   1.14 ncon=  3 com_z=0.696 com_x=-0.158
t= 16.00 max|qacc|=     593.1 max|qvel|=   2.18 ncon=  4 com_z=0.705 com_x=-0.159
t= 16.50 max|qacc|=      59.4 max|qvel|=   0.28 ncon=  5 com_z=0.712 com_x=-0.161
t= 17.00 max|qacc|=      93.6 max|qvel|=   0.28 ncon=  6 com_z=0.724 com_x=-0.164
t= 17.50 max|qacc|=      60.9 max|qvel|=   0.28 ncon=  6 com_z=0.726 com_x=-0.165
t= 18.00 max|qacc|=      79.8 max|qvel|=   0.31 ncon=  6 com_z=0.722 com_x=-0.161
t= 18.50 max|qacc|=      60.9 max|qvel|=   0.37 ncon=  4 com_z=0.724 com_x=-0.158
t= 19.00 max|qacc|=     114.0 max|qvel|=   0.20 ncon=  6 com_z=0.715 com_x=-0.152
t= 19.50 max|qacc|=      73.9 max|qvel|=   0.77 ncon=  4 com_z=0.710 com_x=-0.149
t= 20.00 max|qacc|=      18.0 max|qvel|=   0.50 ncon=  6 com_z=0.717 com_x=-0.148
t= 20.50 max|qacc|=      34.1 max|qvel|=   0.20 ncon=  5 com_z=0.713 com_x=-0.145

== summary ==
pelvis/COM height: start 0.96 m, min 0.69 m, final 0.71 m  (stayed up)
COM x: min -0.36 max -0.09 final -0.14 m
COM y: min -0.029 max +0.028 m
RG_F_r bursts during walk window: 5
RG_r: cycles in window 6, period 1.84 s (0.54 Hz), E-duty 0.22
RG_l: cycles in window 6, period 1.81 s (0.55 Hz), E-duty 0.32
peak ctrl: [0.57 0.9  0.67 0.91 0.64 1.   0.94 0.57 1.   0.87 0.63 0.8  0.73 0.89
 0.54 1.   0.98 0.63 0.9  0.76] (('vas_lat_r', 'med_gas_r', 'soleus_r', 'tib_ant_r', 'psoas_r', 'semimem_r', 'glut_max2_r', 'rect_fem_r', 'sar_r', 'grac_r', 'vas_lat_l', 'med_gas_l', 'soleus_l', 'tib_ant_l', 'psoas_l', 'semimem_l', 'glut_max2_l', 'rect_fem_l', 'sar_l', 'grac_l'))
  hip_flexion_r         -0.0 ..    60.1 deg
  knee_angle_r         -13.7 ..    22.6 deg
  ankle_angle_r        -54.7 ..     0.0 deg
  hip_adduction_r       -4.7 ..     7.9 deg
  subtalar_angle_r      -6.9 ..    13.8 deg
  hip_flexion_l         -0.0 ..    59.3 deg
  knee_angle_l         -14.2 ..    22.4 deg
  ankle_angle_l        -60.8 ..     0.0 deg
  hip_adduction_l       -4.3 ..     8.6 deg
  subtalar_angle_l      -6.7 ..    14.3 deg
  pelvis_tilt           -0.0 ..    65.0 deg
  pelvis_list           -6.5 ..     5.5 deg
  pelvis_rotation       -2.6 ..     3.2 deg
saved spinal_run.npz
saved spinal_run.png
