loaded fitted_walk_params.json (back-solve refit)
loaded best_walk_params_v7.json (drive=3.13, phase_reset 0.50/0.58)
start pose (normal.mot): applied 20 coordinates as given; IMU-metric torso lean -0.0 deg (+ = back)
standing solve: nnls x in [0.00, 0.59], >0.1: 19 muscles
  top: tib_ant_r=0.59, tib_ant_l=0.58, ext_dig_r=0.38, ext_dig_l=0.36, add_long_r=0.35, glut_min1_r=0.19, per_tert_r=0.18, per_tert_l=0.17
Fmax range: 5..3396 N | L range sample: [0.229942 0.326094]
t=  1.00 max|qacc|=      26.5 max|qvel|=   4.74 ncon=  7 com_z=0.928 com_x=-0.167
t=  1.50 max|qacc|=     190.9 max|qvel|=   0.84 ncon=  5 com_z=0.945 com_x=-0.146
t=  2.00 max|qacc|=     227.9 max|qvel|=   0.62 ncon=  5 com_z=0.941 com_x=-0.131
t=  2.50 max|qacc|=      15.9 max|qvel|=   1.70 ncon=  7 com_z=0.946 com_x=-0.128
t=  3.00 max|qacc|=       7.0 max|qvel|=   0.61 ncon=  7 com_z=0.949 com_x=-0.132
t=  3.50 max|qacc|=      25.0 max|qvel|=   2.16 ncon=  4 com_z=0.946 com_x=-0.125
t=  4.00 max|qacc|=       4.4 max|qvel|=   0.26 ncon=  4 com_z=0.951 com_x=-0.145
t=  4.50 max|qacc|=       7.7 max|qvel|=   0.24 ncon=  4 com_z=0.949 com_x=-0.148
t=  5.00 max|qacc|=      23.0 max|qvel|=   1.87 ncon=  6 com_z=0.937 com_x=-0.181
t=  5.50 max|qacc|=       4.5 max|qvel|=   0.26 ncon=  5 com_z=0.904 com_x=-0.169
t=  6.00 max|qacc|=      65.9 max|qvel|=   3.38 ncon=  3 com_z=0.932 com_x=-0.139
t=  6.50 max|qacc|=       9.3 max|qvel|=   0.57 ncon=  3 com_z=0.948 com_x=-0.143
t=  7.00 max|qacc|=      68.3 max|qvel|=   5.03 ncon=  3 com_z=0.939 com_x=-0.148
t=  7.50 max|qacc|=      24.0 max|qvel|=   1.26 ncon=  3 com_z=0.943 com_x=-0.151
t=  8.00 max|qacc|=      32.1 max|qvel|=   0.98 ncon=  4 com_z=0.915 com_x=-0.134
t=  8.50 max|qacc|=      46.0 max|qvel|=   1.41 ncon=  3 com_z=0.941 com_x=-0.115
t=  9.00 max|qacc|=      53.7 max|qvel|=   0.76 ncon=  2 com_z=0.943 com_x=-0.116
t=  9.50 max|qacc|=      22.4 max|qvel|=   5.21 ncon=  3 com_z=0.936 com_x=-0.121
t= 10.00 max|qacc|=      17.3 max|qvel|=   1.39 ncon=  2 com_z=0.938 com_x=-0.128
t= 10.50 max|qacc|=     173.2 max|qvel|=   1.27 ncon=  3 com_z=0.920 com_x=-0.106
t= 11.00 max|qacc|=      28.7 max|qvel|=   2.00 ncon=  3 com_z=0.945 com_x=-0.096
t= 11.50 max|qacc|=      30.1 max|qvel|=   0.59 ncon=  2 com_z=0.941 com_x=-0.102
t= 12.00 max|qacc|=     211.9 max|qvel|=   6.79 ncon=  6 com_z=0.939 com_x=-0.108
t= 12.50 max|qacc|=      27.3 max|qvel|=   1.27 ncon=  2 com_z=0.933 com_x=-0.117
t= 13.00 max|qacc|=      10.1 max|qvel|=   1.08 ncon=  3 com_z=0.923 com_x=-0.093
t= 13.50 max|qacc|=      19.4 max|qvel|=   2.58 ncon=  3 com_z=0.947 com_x=-0.085
t= 14.00 max|qacc|=      83.5 max|qvel|=   0.27 ncon=  2 com_z=0.940 com_x=-0.095
t= 14.50 max|qacc|=      24.7 max|qvel|=   5.39 ncon=  6 com_z=0.941 com_x=-0.103
t= 15.00 max|qacc|=      21.4 max|qvel|=   0.85 ncon=  3 com_z=0.926 com_x=-0.103
t= 15.50 max|qacc|=     144.7 max|qvel|=   4.68 ncon=  2 com_z=0.926 com_x=-0.086
t= 16.00 max|qacc|=      81.3 max|qvel|=   1.70 ncon=  1 com_z=0.942 com_x=-0.094
t= 16.50 max|qacc|=      30.0 max|qvel|=   1.39 ncon=  4 com_z=0.944 com_x=-0.089
t= 17.00 max|qacc|=       4.1 max|qvel|=   0.50 ncon=  3 com_z=0.949 com_x=-0.095
t= 17.50 max|qacc|=      20.7 max|qvel|=   0.43 ncon=  3 com_z=0.947 com_x=-0.098
t= 18.00 max|qacc|=       4.4 max|qvel|=   0.51 ncon=  4 com_z=0.943 com_x=-0.102
t= 18.50 max|qacc|=       9.2 max|qvel|=   0.69 ncon=  5 com_z=0.946 com_x=-0.106
t= 19.00 max|qacc|=      10.3 max|qvel|=   0.57 ncon=  4 com_z=0.947 com_x=-0.107
t= 19.50 max|qacc|=      12.7 max|qvel|=   0.89 ncon=  6 com_z=0.947 com_x=-0.108
t= 20.00 max|qacc|=      21.7 max|qvel|=   0.45 ncon=  5 com_z=0.947 com_x=-0.111
t= 20.50 max|qacc|=      71.1 max|qvel|=   1.90 ncon=  5 com_z=0.946 com_x=-0.108
t= 21.00 max|qacc|=      32.4 max|qvel|=   0.93 ncon=  6 com_z=0.949 com_x=-0.114
t= 21.50 max|qacc|=      22.9 max|qvel|=   1.18 ncon=  5 com_z=0.948 com_x=-0.115
t= 22.00 max|qacc|=      27.2 max|qvel|=   1.00 ncon=  6 com_z=0.947 com_x=-0.114
t= 22.50 max|qacc|=      17.2 max|qvel|=   0.40 ncon=  5 com_z=0.948 com_x=-0.116

== summary ==
pelvis/COM height: start 0.98 m, min 0.90 m, final 0.95 m  (stayed up)
COM x: min -0.18 max -0.08 final -0.11 m
COM y: min -0.109 max +0.065 m
RG_F_r bursts during walk window: 5
RG_r: cycles in window 4, period 2.47 s (0.41 Hz), E-duty 0.16
RG_l: cycles in window 4, period 2.47 s (0.41 Hz), E-duty 0.04
peak ctrl: [0.39 0.98 0.93 0.79 0.61 0.79 0.63 0.51 0.63 0.38 0.37 0.93 0.88 0.81
 0.63 0.77 0.63 0.49 0.64 0.35] (('vas_lat_r', 'med_gas_r', 'soleus_r', 'tib_ant_r', 'psoas_r', 'semimem_r', 'glut_max2_r', 'rect_fem_r', 'sar_r', 'grac_r', 'vas_lat_l', 'med_gas_l', 'soleus_l', 'tib_ant_l', 'psoas_l', 'semimem_l', 'glut_max2_l', 'rect_fem_l', 'sar_l', 'grac_l'))
  hip_flexion_r          6.3 ..    55.8 deg
  knee_angle_r         -84.5 ..     9.9 deg
  ankle_angle_r        -69.5 ..    -1.7 deg
  hip_adduction_r        0.1 ..    13.5 deg
  subtalar_angle_r      -1.7 ..    21.9 deg
  hip_flexion_l        -21.9 ..    17.9 deg
  knee_angle_l         -30.7 ..    12.8 deg
  ankle_angle_l        -61.8 ..     9.8 deg
  hip_adduction_l       -9.8 ..    19.6 deg
  subtalar_angle_l      -3.4 ..    15.9 deg
  pelvis_tilt           -1.9 ..    20.2 deg
  pelvis_list           -5.3 ..    14.4 deg
  pelvis_rotation        0.9 ..     5.3 deg
saved spinal_run.npz
saved spinal_run.png
