standing solve: nnls x in [0.00, 0.27], >0.1: 29 muscles
  top: tib_ant_r=0.27, tib_ant_l=0.27, ext_dig_l=0.19, ext_dig_r=0.19, glut_min1_l=0.19, glut_min1_r=0.19, glut_min3_l=0.19, glut_min3_r=0.19
Fmax range: 5..3396 N | L range sample: [0.229942 0.326094]
t=  1.00 max|qacc|=     497.5 max|qvel|=   3.81 ncon= 12 com_z=0.898 com_x=-0.105
t=  1.40 precursor: max|qacc|=3.08e+03 max|qvel|=33.7 (dof 5), ncon=4, max ctrl=0.50
t=  1.40 precursor: max|qacc|=2.29e+03 max|qvel|=38 (dof 5), ncon=5, max ctrl=0.51
t=  1.41 precursor: max|qacc|=2.48e+03 max|qvel|=42.7 (dof 5), ncon=5, max ctrl=0.51
t=  1.41 precursor: max|qacc|=2.59e+03 max|qvel|=47.7 (dof 5), ncon=4, max ctrl=0.51
t=  1.41 precursor: max|qacc|=2.62e+03 max|qvel|=52.7 (dof 5), ncon=4, max ctrl=0.51
t=  1.41 precursor: max|qacc|=2.52e+03 max|qvel|=57.6 (dof 5), ncon=3, max ctrl=0.51
t=  1.41 precursor: max|qacc|=2.27e+03 max|qvel|=62 (dof 5), ncon=3, max ctrl=0.51
t=  1.42 precursor: max|qacc|=1.85e+03 max|qvel|=65.5 (dof 5), ncon=4, max ctrl=0.51
t=  1.42 precursor: max|qacc|=1.21e+03 max|qvel|=67.6 (dof 5), ncon=4, max ctrl=0.51
t=  1.42 precursor: max|qacc|=1.1e+03 max|qvel|=68 (dof 5), ncon=3, max ctrl=0.51
t=  1.42 precursor: max|qacc|=1.29e+03 max|qvel|=66.6 (dof 5), ncon=4, max ctrl=0.51
t=  1.42 precursor: max|qacc|=1.59e+03 max|qvel|=63.5 (dof 5), ncon=3, max ctrl=0.51
t=  1.43 precursor: max|qacc|=2.15e+03 max|qvel|=59.4 (dof 5), ncon=3, max ctrl=0.51
t=  1.43 precursor: max|qacc|=2.43e+03 max|qvel|=54.6 (dof 5), ncon=4, max ctrl=0.51
t=  1.43 precursor: max|qacc|=2.53e+03 max|qvel|=49.6 (dof 5), ncon=4, max ctrl=0.51
t=  1.43 precursor: max|qacc|=2.43e+03 max|qvel|=44.9 (dof 5), ncon=3, max ctrl=0.51
t=  1.43 precursor: max|qacc|=2.21e+03 max|qvel|=40.6 (dof 5), ncon=3, max ctrl=0.51
t=  1.44 precursor: max|qacc|=1.93e+03 max|qvel|=36.8 (dof 5), ncon=2, max ctrl=0.51
t=  1.44 precursor: max|qacc|=1.62e+03 max|qvel|=33.6 (dof 5), ncon=2, max ctrl=0.51
t=  1.44 precursor: max|qacc|=1.51e+03 max|qvel|=31 (dof 5), ncon=3, max ctrl=0.51
t=  1.50 precursor: max|qacc|=938 max|qvel|=30.6 (dof 5), ncon=2, max ctrl=0.52
t=  1.50 max|qacc|=     937.7 max|qvel|=  30.60 ncon=  2 com_z=0.695 com_x=-0.174
t=  1.50 precursor: max|qacc|=1.89e+03 max|qvel|=32.1 (dof 5), ncon=2, max ctrl=0.52
t=  1.50 precursor: max|qacc|=1.73e+03 max|qvel|=33.7 (dof 5), ncon=2, max ctrl=0.52
t=  1.51 precursor: max|qacc|=1.58e+03 max|qvel|=35.1 (dof 5), ncon=2, max ctrl=0.52
t=  1.51 precursor: max|qacc|=1.44e+03 max|qvel|=36.5 (dof 5), ncon=2, max ctrl=0.52
t=  1.51 precursor: max|qacc|=1.12e+03 max|qvel|=37.8 (dof 5), ncon=4, max ctrl=0.51
t=  1.51 precursor: max|qacc|=1.85e+03 max|qvel|=39 (dof 5), ncon=2, max ctrl=0.51
t=  1.51 precursor: max|qacc|=1.61e+03 max|qvel|=40 (dof 5), ncon=2, max ctrl=0.51
t=  1.52 precursor: max|qacc|=676 max|qvel|=40.6 (dof 5), ncon=3, max ctrl=0.51
t=  1.52 precursor: max|qacc|=629 max|qvel|=40.8 (dof 5), ncon=3, max ctrl=0.51
t=  1.52 precursor: max|qacc|=1.52e+03 max|qvel|=40.4 (dof 5), ncon=3, max ctrl=0.51
t=  1.52 precursor: max|qacc|=1.31e+03 max|qvel|=39.5 (dof 5), ncon=3, max ctrl=0.51
t=  1.52 precursor: max|qacc|=1.12e+03 max|qvel|=38.2 (dof 5), ncon=3, max ctrl=0.51
t=  1.53 precursor: max|qacc|=1.11e+03 max|qvel|=36.5 (dof 5), ncon=2, max ctrl=0.51
t=  1.53 precursor: max|qacc|=1.16e+03 max|qvel|=34.6 (dof 5), ncon=2, max ctrl=0.51
t=  1.53 precursor: max|qacc|=1.19e+03 max|qvel|=32.5 (dof 5), ncon=3, max ctrl=0.51
t=  1.53 precursor: max|qacc|=3.27e+03 max|qvel|=30.4 (dof 5), ncon=3, max ctrl=0.51
t=  2.00 max|qacc|=     223.4 max|qvel|=   3.85 ncon=  6 com_z=0.739 com_x=+0.120
t=  2.46 precursor: max|qacc|=4.27e+03 max|qvel|=34.8 (dof 5), ncon=1, max ctrl=0.49
t=  2.46 precursor: max|qacc|=5.92e+03 max|qvel|=46.4 (dof 5), ncon=0, max ctrl=0.49
t=  2.46 precursor: max|qacc|=9.06e+03 max|qvel|=64.2 (dof 5), ncon=0, max ctrl=0.49
t=  2.46 precursor: max|qacc|=1.61e+04 max|qvel|=96 (dof 5), ncon=1, max ctrl=0.49
t=  2.47 precursor: max|qacc|=2.9e+04 max|qvel|=154 (dof 5), ncon=1, max ctrl=0.49
t=  2.47 precursor: max|qacc|=5.04e+04 max|qvel|=254 (dof 5), ncon=0, max ctrl=0.49
t=  2.47 precursor: max|qacc|=8.02e+04 max|qvel|=414 (dof 5), ncon=0, max ctrl=0.50
t=  2.47 precursor: max|qacc|=4.8e+04 max|qvel|=511 (dof 5), ncon=0, max ctrl=0.50
t=  2.47 precursor: max|qacc|=1.62e+05 max|qvel|=187 (dof 5), ncon=1, max ctrl=0.50
t=  2.48 precursor: max|qacc|=1.03e+05 max|qvel|=117 (dof 14), ncon=3, max ctrl=0.50
t=  2.48 precursor: max|qacc|=1.24e+04 max|qvel|=139 (dof 14), ncon=1, max ctrl=0.50
t=  2.48 precursor: max|qacc|=9.35e+03 max|qvel|=122 (dof 14), ncon=0, max ctrl=0.51
t=  2.48 precursor: max|qacc|=9.21e+03 max|qvel|=106 (dof 14), ncon=0, max ctrl=0.51
t=  2.48 precursor: max|qacc|=5.22e+03 max|qvel|=96 (dof 14), ncon=1, max ctrl=0.51
t=  2.49 precursor: max|qacc|=8.85e+03 max|qvel|=80.7 (dof 14), ncon=0, max ctrl=0.51
t=  2.49 precursor: max|qacc|=8.18e+03 max|qvel|=66.7 (dof 14), ncon=0, max ctrl=0.51
t=  2.49 precursor: max|qacc|=7.41e+03 max|qvel|=54 (dof 14), ncon=0, max ctrl=0.51
t=  2.49 precursor: max|qacc|=6.65e+03 max|qvel|=42.5 (dof 14), ncon=0, max ctrl=0.51
t=  2.49 precursor: max|qacc|=5.94e+03 max|qvel|=32.2 (dof 14), ncon=0, max ctrl=0.51
t=  2.50 max|qacc|=    4882.6 max|qvel|=  24.56 ncon=  0 com_z=0.643 com_x=+0.039
t=  2.52 precursor: max|qacc|=2.28e+03 max|qvel|=30.6 (dof 14), ncon=0, max ctrl=0.52
t=  2.53 precursor: max|qacc|=2.23e+03 max|qvel|=32.1 (dof 14), ncon=0, max ctrl=0.52
t=  2.53 precursor: max|qacc|=2.18e+03 max|qvel|=33.7 (dof 14), ncon=0, max ctrl=0.52
t=  2.53 precursor: max|qacc|=2.13e+03 max|qvel|=35.4 (dof 14), ncon=0, max ctrl=0.52
t=  2.53 precursor: max|qacc|=2.1e+03 max|qvel|=37.3 (dof 14), ncon=0, max ctrl=0.52
t=  2.53 precursor: max|qacc|=2.1e+03 max|qvel|=39.4 (dof 14), ncon=0, max ctrl=0.51
t=  2.54 precursor: max|qacc|=2.08e+03 max|qvel|=41.7 (dof 14), ncon=0, max ctrl=0.51
t=  2.54 precursor: max|qacc|=2e+03 max|qvel|=44.3 (dof 14), ncon=0, max ctrl=0.50
t=  2.54 precursor: max|qacc|=1.88e+03 max|qvel|=47.1 (dof 14), ncon=0, max ctrl=0.50
t=  2.54 precursor: max|qacc|=1.77e+03 max|qvel|=49.9 (dof 14), ncon=0, max ctrl=0.49
t=  2.54 precursor: max|qacc|=1.89e+03 max|qvel|=52.7 (dof 14), ncon=0, max ctrl=0.48
t=  2.55 precursor: max|qacc|=2.41e+03 max|qvel|=55.3 (dof 14), ncon=0, max ctrl=0.47
t=  2.55 precursor: max|qacc|=2.94e+03 max|qvel|=57.5 (dof 14), ncon=0, max ctrl=0.47
t=  2.55 precursor: max|qacc|=3.45e+03 max|qvel|=58.8 (dof 14), ncon=0, max ctrl=0.48
t=  2.55 precursor: max|qacc|=3.86e+03 max|qvel|=59.1 (dof 14), ncon=0, max ctrl=0.48
t=  2.55 precursor: max|qacc|=4.05e+03 max|qvel|=58.1 (dof 14), ncon=0, max ctrl=0.48
t=  2.56 precursor: max|qacc|=3.66e+03 max|qvel|=55.9 (dof 14), ncon=0, max ctrl=0.49
t=  2.56 precursor: max|qacc|=2.89e+03 max|qvel|=52.6 (dof 14), ncon=0, max ctrl=0.49
t=  2.56 precursor: max|qacc|=3.39e+03 max|qvel|=48.7 (dof 14), ncon=0, max ctrl=0.49
t=  2.56 precursor: max|qacc|=3.72e+03 max|qvel|=44.3 (dof 14), ncon=0, max ctrl=0.49
t=  2.56 precursor: max|qacc|=3.85e+03 max|qvel|=39.7 (dof 14), ncon=0, max ctrl=0.49
t=  2.57 precursor: max|qacc|=3.79e+03 max|qvel|=35.1 (dof 14), ncon=0, max ctrl=0.50
t=  2.57 precursor: max|qacc|=3.57e+03 max|qvel|=30.4 (dof 14), ncon=0, max ctrl=0.50
t=  2.68 precursor: max|qacc|=767 max|qvel|=31.2 (dof 5), ncon=0, max ctrl=0.49
t=  2.68 precursor: max|qacc|=704 max|qvel|=32.4 (dof 5), ncon=0, max ctrl=0.48
t=  2.68 precursor: max|qacc|=772 max|qvel|=33.1 (dof 5), ncon=0, max ctrl=0.47
t=  2.68 precursor: max|qacc|=833 max|qvel|=33.4 (dof 5), ncon=0, max ctrl=0.47
t=  2.68 precursor: max|qacc|=886 max|qvel|=33.3 (dof 5), ncon=0, max ctrl=0.47
t=  2.69 precursor: max|qacc|=927 max|qvel|=32.7 (dof 5), ncon=0, max ctrl=0.47
t=  2.69 precursor: max|qacc|=950 max|qvel|=32 (dof 5), ncon=0, max ctrl=0.47
t=  2.69 precursor: max|qacc|=954 max|qvel|=31 (dof 5), ncon=0, max ctrl=0.47
t=  2.72 precursor: max|qacc|=835 max|qvel|=30.5 (dof 5), ncon=0, max ctrl=0.50
t=  2.72 precursor: max|qacc|=932 max|qvel|=32 (dof 5), ncon=0, max ctrl=0.50
t=  2.72 precursor: max|qacc|=1.01e+03 max|qvel|=33.6 (dof 5), ncon=0, max ctrl=0.50
t=  2.73 precursor: max|qacc|=1.05e+03 max|qvel|=35.3 (dof 5), ncon=0, max ctrl=0.50
t=  2.73 precursor: max|qacc|=1.05e+03 max|qvel|=37 (dof 5), ncon=0, max ctrl=0.50
t=  2.73 precursor: max|qacc|=993 max|qvel|=38.6 (dof 5), ncon=0, max ctrl=0.49
t=  2.73 precursor: max|qacc|=872 max|qvel|=39.9 (dof 5), ncon=0, max ctrl=0.49
t=  2.73 precursor: max|qacc|=681 max|qvel|=40.8 (dof 5), ncon=0, max ctrl=0.49
t=  2.74 precursor: max|qacc|=533 max|qvel|=41.2 (dof 5), ncon=0, max ctrl=0.49
t=  2.74 precursor: max|qacc|=593 max|qvel|=41 (dof 5), ncon=0, max ctrl=0.49
t=  2.74 precursor: max|qacc|=638 max|qvel|=40.1 (dof 5), ncon=0, max ctrl=0.49
t=  2.74 precursor: max|qacc|=783 max|qvel|=38.8 (dof 3), ncon=0, max ctrl=0.49
t=  2.74 precursor: max|qacc|=1.08e+03 max|qvel|=37.1 (dof 3), ncon=0, max ctrl=0.49
t=  2.75 precursor: max|qacc|=1.32e+03 max|qvel|=34.9 (dof 3), ncon=0, max ctrl=0.49
t=  2.75 precursor: max|qacc|=1.49e+03 max|qvel|=32.4 (dof 3), ncon=0, max ctrl=0.49

!! qacc/qvel non-finite at t=2.828, dofs: [ 0  1  2  3  4  5  6  7  8  9 10 11]
   dof 0: joint pelvis_tx
   dof 1: joint pelvis_ty
   dof 2: joint pelvis_tz
   dof 3: joint pelvis_tilt
   dof 4: joint pelvis_list
   dof 5: joint pelvis_rotation
   dof 6: joint hip_flexion_r
   dof 7: joint hip_adduction_r
   dof 8: joint hip_rotation_r
   dof 9: joint knee_r_translation1
   dof 10: joint knee_r_translation2
   dof 11: joint knee_angle_r
   ncon=0

== summary ==
pelvis/COM height: start 0.96 m, min 0.00 m, final 0.00 m  (FELL at t=0.0 s)
COM x: min -0.17 max 0.12 final 0.00 m
RG_F_r bursts during walk window: 0
peak ctrl: [0.39 0.47 0.54 0.51 0.31 0.19 0.32 0.39 0.37 0.48 0.55 0.51 0.3  0.3
 0.42 0.36] (('vas_lat_r', 'med_gas_r', 'soleus_r', 'tib_ant_r', 'psoas_r', 'semimem_r', 'glut_max2_r', 'rect_fem_r', 'vas_lat_l', 'med_gas_l', 'soleus_l', 'tib_ant_l', 'psoas_l', 'semimem_l', 'glut_max2_l', 'rect_fem_l'))
knee_r range: -1..1 deg, ankle_r: -2..0 deg
saved spinal_run.npz
saved spinal_run.png
WARNING: Inertia matrix is too close to singular at DOF 66. Check model. Time = 2.2280.

