standing solve: nnls x in [0.00, 0.61], >0.1: 26 muscles
  top: tib_ant_r=0.61, tib_ant_l=0.60, ext_dig_r=0.40, ext_dig_l=0.40, glut_min1_l=0.19, glut_min1_r=0.19, glut_min3_l=0.18, glut_min3_r=0.18
Fmax range: 5..3396 N | L range sample: [0.229942 0.326094]
t=  1.00 max|qacc|=      79.6 max|qvel|=   2.22 ncon=  8 com_z=0.941 com_x=-0.126
t=  1.50 max|qacc|=     167.6 max|qvel|=   6.41 ncon=  9 com_z=0.746 com_x=-0.252
t=  2.00 max|qacc|=      37.4 max|qvel|=   1.49 ncon= 10 com_z=0.831 com_x=-0.002
t=  2.50 max|qacc|=      63.2 max|qvel|=   8.10 ncon= 11 com_z=0.648 com_x=-0.090
t=  3.00 max|qacc|=     184.8 max|qvel|=   1.83 ncon=  7 com_z=0.784 com_x=-0.298
t=  3.50 max|qacc|=      34.4 max|qvel|=   4.43 ncon=  9 com_z=0.687 com_x=-0.068
t=  4.00 max|qacc|=      38.9 max|qvel|=   5.56 ncon= 10 com_z=0.658 com_x=-0.098
t=  4.50 max|qacc|=      24.0 max|qvel|=   0.90 ncon=  9 com_z=0.718 com_x=-0.325
t=  5.00 max|qacc|=      91.4 max|qvel|=   3.64 ncon=  8 com_z=0.659 com_x=-0.115
t=  5.50 max|qacc|=      66.3 max|qvel|=   4.68 ncon=  9 com_z=0.636 com_x=-0.154
t=  6.00 max|qacc|=      31.7 max|qvel|=   3.05 ncon=  7 com_z=0.679 com_x=-0.318
t=  6.50 max|qacc|=      89.4 max|qvel|=   3.43 ncon=  7 com_z=0.658 com_x=-0.109
t=  7.00 max|qacc|=     329.1 max|qvel|=   3.88 ncon=  8 com_z=0.626 com_x=-0.184
t=  7.50 max|qacc|=      68.7 max|qvel|=   2.20 ncon=  7 com_z=0.649 com_x=-0.270
t=  8.00 max|qacc|=     218.2 max|qvel|=   1.01 ncon=  6 com_z=0.657 com_x=-0.084
t=  8.50 max|qacc|=      48.4 max|qvel|=   4.03 ncon=  6 com_z=0.630 com_x=-0.198
t=  9.00 max|qacc|=     224.3 max|qvel|=   3.75 ncon=  5 com_z=0.628 com_x=-0.199
t=  9.50 max|qacc|=     175.4 max|qvel|=   4.30 ncon=  6 com_z=0.651 com_x=-0.062
t= 10.00 max|qacc|=     156.2 max|qvel|=   3.44 ncon=  5 com_z=0.638 com_x=-0.191
t= 10.50 max|qacc|=     147.4 max|qvel|=   5.58 ncon=  6 com_z=0.620 com_x=-0.125
t= 11.00 max|qacc|=      52.5 max|qvel|=   1.40 ncon=  5 com_z=0.640 com_x=-0.051
t= 11.50 max|qacc|=     241.6 max|qvel|=   1.74 ncon=  5 com_z=0.640 com_x=-0.170
t= 12.00 max|qacc|=     172.3 max|qvel|=   2.11 ncon=  6 com_z=0.625 com_x=-0.058
t= 12.50 max|qacc|=     105.8 max|qvel|=   2.05 ncon=  5 com_z=0.631 com_x=-0.051
t= 13.00 max|qacc|=      95.3 max|qvel|=   1.62 ncon=  6 com_z=0.635 com_x=-0.131
t= 13.50 max|qacc|=     280.9 max|qvel|=   2.22 ncon=  6 com_z=0.636 com_x=-0.014
t= 14.00 max|qacc|=      86.4 max|qvel|=   1.55 ncon=  2 com_z=0.631 com_x=-0.062
t= 14.50 max|qacc|=     140.6 max|qvel|=   1.48 ncon=  5 com_z=0.625 com_x=-0.082
t= 15.00 max|qacc|=     114.0 max|qvel|=   0.78 ncon=  2 com_z=0.639 com_x=+0.007
t= 15.50 max|qacc|=      27.3 max|qvel|=   1.20 ncon=  3 com_z=0.634 com_x=-0.070
t= 16.00 max|qacc|=     247.6 max|qvel|=   2.25 ncon=  6 com_z=0.625 com_x=-0.036
t= 16.50 max|qacc|=      73.4 max|qvel|=   1.70 ncon=  6 com_z=0.632 com_x=+0.000
t= 17.00 max|qacc|=      17.0 max|qvel|=   0.46 ncon=  2 com_z=0.632 com_x=-0.067
t= 17.50 max|qacc|=      42.0 max|qvel|=   0.80 ncon=  2 com_z=0.626 com_x=-0.005
t= 18.00 max|qacc|=      78.7 max|qvel|=   1.13 ncon=  2 com_z=0.623 com_x=-0.016
t= 18.50 max|qacc|=      17.6 max|qvel|=   0.66 ncon=  2 com_z=0.628 com_x=-0.052
t= 19.00 max|qacc|=     421.7 max|qvel|=   0.47 ncon=  2 com_z=0.627 com_x=+0.005
t= 19.50 max|qacc|=     107.6 max|qvel|=   0.71 ncon=  3 com_z=0.624 com_x=-0.034
t= 20.00 max|qacc|=      66.5 max|qvel|=   0.76 ncon=  2 com_z=0.625 com_x=-0.034
t= 20.50 max|qacc|=      68.2 max|qvel|=   0.36 ncon=  4 com_z=0.627 com_x=-0.000
t= 21.00 max|qacc|=     348.3 max|qvel|=   0.43 ncon=  3 com_z=0.626 com_x=-0.043
t= 21.50 max|qacc|=      36.5 max|qvel|=   0.58 ncon=  3 com_z=0.624 com_x=-0.019

== summary ==
pelvis/COM height: start 0.96 m, min 0.62 m, final 0.63 m  (stayed up)
COM x: min -0.32 max 0.01 final -0.01 m
RG_F_r bursts during walk window: 11
peak ctrl: [0.5  0.64 0.67 0.82 0.52 0.44 0.64 0.5  0.5  0.64 0.66 0.81 0.52 0.46
 0.65 0.51] (('vas_lat_r', 'med_gas_r', 'soleus_r', 'tib_ant_r', 'psoas_r', 'semimem_r', 'glut_max2_r', 'rect_fem_r', 'vas_lat_l', 'med_gas_l', 'soleus_l', 'tib_ant_l', 'psoas_l', 'semimem_l', 'glut_max2_l', 'rect_fem_l'))
knee_r range: -0..0 deg, ankle_r: -2..0 deg
saved spinal_run.npz
saved spinal_run.png
