standing solve: nnls x in [0.00, 0.61], >0.1: 26 muscles
  top: tib_ant_r=0.61, tib_ant_l=0.60, ext_dig_r=0.40, ext_dig_l=0.40, glut_min1_l=0.19, glut_min1_r=0.19, glut_min3_l=0.18, glut_min3_r=0.18
Fmax range: 5..3396 N | L range sample: [0.229942 0.326094]
t=  1.00 max|qacc|=     145.9 max|qvel|=   1.11 ncon=  6 com_z=0.945 com_x=-0.142
t=  1.50 max|qacc|=     239.4 max|qvel|=   1.22 ncon= 12 com_z=0.865 com_x=-0.249
t=  2.00 max|qacc|=      75.9 max|qvel|=   0.83 ncon= 12 com_z=0.754 com_x=-0.301
t=  2.50 max|qacc|=      50.8 max|qvel|=   0.73 ncon= 12 com_z=0.716 com_x=-0.305
t=  3.00 max|qacc|=       0.9 max|qvel|=   0.14 ncon= 12 com_z=0.707 com_x=-0.314
t=  3.50 max|qacc|=      40.7 max|qvel|=   0.22 ncon= 12 com_z=0.710 com_x=-0.331
t=  4.00 max|qacc|=      43.7 max|qvel|=   0.56 ncon= 11 com_z=0.711 com_x=-0.352
t=  4.50 max|qacc|=      94.8 max|qvel|=   0.24 ncon=  9 com_z=0.718 com_x=-0.358
t=  5.00 max|qacc|=      48.5 max|qvel|=   0.40 ncon=  8 com_z=0.715 com_x=-0.358
t=  5.50 max|qacc|=      91.9 max|qvel|=   0.29 ncon=  8 com_z=0.714 com_x=-0.354
t=  6.00 max|qacc|=      58.1 max|qvel|=   0.52 ncon=  8 com_z=0.715 com_x=-0.348
t=  6.50 max|qacc|=      86.0 max|qvel|=   2.36 ncon=  7 com_z=0.713 com_x=-0.338
t=  7.00 max|qacc|=      59.1 max|qvel|=   2.65 ncon=  7 com_z=0.712 com_x=-0.327
t=  7.50 max|qacc|=      42.8 max|qvel|=   1.41 ncon=  7 com_z=0.712 com_x=-0.315
t=  8.00 max|qacc|=      36.9 max|qvel|=   2.39 ncon=  7 com_z=0.711 com_x=-0.300
t=  8.50 max|qacc|=      63.2 max|qvel|=   1.34 ncon=  7 com_z=0.710 com_x=-0.287
t=  9.00 max|qacc|=     136.2 max|qvel|=   5.63 ncon=  5 com_z=0.710 com_x=-0.267
t=  9.50 max|qacc|=     126.9 max|qvel|=   6.41 ncon=  7 com_z=0.708 com_x=-0.257
t= 10.00 max|qacc|=      86.7 max|qvel|=   9.03 ncon=  5 com_z=0.710 com_x=-0.242
t= 10.50 max|qacc|=     363.5 max|qvel|=   4.98 ncon=  5 com_z=0.708 com_x=-0.232
t= 11.00 max|qacc|=      52.3 max|qvel|=   3.26 ncon=  4 com_z=0.709 com_x=-0.220
t= 11.50 max|qacc|=      45.5 max|qvel|=   2.65 ncon=  5 com_z=0.708 com_x=-0.210
t= 12.00 max|qacc|=     276.5 max|qvel|=   1.26 ncon=  6 com_z=0.707 com_x=-0.200
t= 12.50 max|qacc|=     268.2 max|qvel|=   1.77 ncon=  5 com_z=0.708 com_x=-0.192
t= 13.00 max|qacc|=     179.0 max|qvel|=   1.00 ncon=  6 com_z=0.707 com_x=-0.185
t= 13.50 max|qacc|=     127.1 max|qvel|=   1.15 ncon=  5 com_z=0.708 com_x=-0.178
t= 14.00 max|qacc|=      67.7 max|qvel|=   0.69 ncon=  6 com_z=0.706 com_x=-0.174
t= 14.50 max|qacc|=     131.0 max|qvel|=   0.33 ncon=  6 com_z=0.707 com_x=-0.169
t= 15.00 max|qacc|=      29.1 max|qvel|=   0.57 ncon=  4 com_z=0.706 com_x=-0.167
t= 15.50 max|qacc|=      51.6 max|qvel|=   0.97 ncon=  4 com_z=0.707 com_x=-0.163
t= 16.00 max|qacc|=      28.4 max|qvel|=   1.66 ncon=  3 com_z=0.708 com_x=-0.161
t= 16.50 max|qacc|=     138.0 max|qvel|=   0.72 ncon=  2 com_z=0.712 com_x=-0.158
t= 17.00 max|qacc|=      69.9 max|qvel|=   0.51 ncon=  2 com_z=0.718 com_x=-0.156
t= 17.50 max|qacc|=      38.1 max|qvel|=   0.21 ncon=  2 com_z=0.725 com_x=-0.154
t= 18.00 max|qacc|=      38.5 max|qvel|=   0.35 ncon=  2 com_z=0.718 com_x=-0.150
t= 18.50 max|qacc|=      16.2 max|qvel|=   0.36 ncon=  4 com_z=0.715 com_x=-0.146
t= 19.00 max|qacc|=     273.1 max|qvel|=   0.29 ncon=  4 com_z=0.721 com_x=-0.146
t= 19.50 max|qacc|=      19.0 max|qvel|=   0.16 ncon=  4 com_z=0.718 com_x=-0.144
t= 20.00 max|qacc|=      16.9 max|qvel|=   0.41 ncon=  4 com_z=0.719 com_x=-0.142
t= 20.50 max|qacc|=     220.8 max|qvel|=   0.30 ncon=  4 com_z=0.720 com_x=-0.142
t= 21.00 max|qacc|=      49.7 max|qvel|=   0.27 ncon=  4 com_z=0.719 com_x=-0.141
t= 21.50 max|qacc|=     269.7 max|qvel|=   0.16 ncon=  5 com_z=0.720 com_x=-0.141

== summary ==
pelvis/COM height: start 0.96 m, min 0.71 m, final 0.72 m  (stayed up)
COM x: min -0.36 max -0.09 final -0.14 m
RG_F_r bursts during walk window: 11
peak ctrl: [0.48 0.52 0.55 0.78 0.32 0.39 0.65 0.48 0.49 0.53 0.56 0.77 0.33 0.41
 0.63 0.48] (('vas_lat_r', 'med_gas_r', 'soleus_r', 'tib_ant_r', 'psoas_r', 'semimem_r', 'glut_max2_r', 'rect_fem_r', 'vas_lat_l', 'med_gas_l', 'soleus_l', 'tib_ant_l', 'psoas_l', 'semimem_l', 'glut_max2_l', 'rect_fem_l'))
knee_r range: -0..22 deg, ankle_r: -61..0 deg
saved spinal_run.npz
(plot skipped: [Errno 22] Invalid argument: 'D:\\Github\\Bipedal_Robot\\Code\\MuJoCo_SNS\\spinal\\spinal_run.png')
