standing solve: nnls x in [0.00, 0.61], >0.1: 26 muscles
  top: tib_ant_r=0.61, tib_ant_l=0.60, ext_dig_r=0.40, ext_dig_l=0.40, glut_min1_l=0.19, glut_min1_r=0.19, glut_min3_l=0.18, glut_min3_r=0.18
Fmax range: 5..3396 N | L range sample: [0.229942 0.326094]
t=  1.00 max|qacc|=      77.9 max|qvel|=   2.14 ncon=  8 com_z=0.942 com_x=-0.126
t=  1.50 max|qacc|=     302.4 max|qvel|=   6.41 ncon=  8 com_z=0.746 com_x=-0.253
t=  2.00 max|qacc|=      64.0 max|qvel|=   1.52 ncon= 10 com_z=0.830 com_x=-0.001
t=  2.50 max|qacc|=     152.0 max|qvel|=   8.14 ncon= 12 com_z=0.647 com_x=-0.091
t=  3.00 max|qacc|=     186.7 max|qvel|=   1.88 ncon=  7 com_z=0.783 com_x=-0.297
t=  3.50 max|qacc|=      34.2 max|qvel|=   4.37 ncon=  9 com_z=0.688 com_x=-0.067
t=  4.00 max|qacc|=      44.5 max|qvel|=   5.55 ncon=  9 com_z=0.657 com_x=-0.098
t=  4.50 max|qacc|=      79.2 max|qvel|=   0.98 ncon=  9 com_z=0.717 com_x=-0.323
t=  5.00 max|qacc|=       9.5 max|qvel|=   3.60 ncon=  8 com_z=0.660 com_x=-0.112
t=  5.50 max|qacc|=      38.2 max|qvel|=   4.74 ncon=  9 com_z=0.636 com_x=-0.155
t=  6.00 max|qacc|=      86.6 max|qvel|=   2.59 ncon=  7 com_z=0.679 com_x=-0.317
t=  6.50 max|qacc|=     147.6 max|qvel|=   2.32 ncon=  7 com_z=0.659 com_x=-0.108
t=  7.00 max|qacc|=      38.2 max|qvel|=   3.84 ncon=  8 com_z=0.626 com_x=-0.186
t=  7.50 max|qacc|=      57.6 max|qvel|=   2.25 ncon=  7 com_z=0.648 com_x=-0.269
t=  8.00 max|qacc|=     326.3 max|qvel|=   0.91 ncon=  7 com_z=0.658 com_x=-0.084
t=  8.50 max|qacc|=      23.1 max|qvel|=   3.98 ncon=  6 com_z=0.631 com_x=-0.200
t=  9.00 max|qacc|=     230.9 max|qvel|=   3.44 ncon=  6 com_z=0.628 com_x=-0.198
t=  9.50 max|qacc|=     160.2 max|qvel|=   5.89 ncon=  6 com_z=0.651 com_x=-0.062
t= 10.00 max|qacc|=     127.4 max|qvel|=   4.54 ncon=  5 com_z=0.639 com_x=-0.193
t= 10.50 max|qacc|=     551.7 max|qvel|=   4.44 ncon=  5 com_z=0.620 com_x=-0.124
t= 11.00 max|qacc|=      25.7 max|qvel|=   1.45 ncon=  5 com_z=0.640 com_x=-0.052
t= 11.50 max|qacc|=     910.7 max|qvel|=   2.46 ncon=  5 com_z=0.640 com_x=-0.171
t= 12.00 max|qacc|=      75.3 max|qvel|=   2.12 ncon=  6 com_z=0.625 com_x=-0.058
t= 12.50 max|qacc|=      38.3 max|qvel|=   2.08 ncon=  5 com_z=0.630 com_x=-0.051
t= 13.00 max|qacc|=     368.2 max|qvel|=   2.91 ncon=  5 com_z=0.634 com_x=-0.131
t= 13.50 max|qacc|=     292.6 max|qvel|=   1.65 ncon=  5 com_z=0.636 com_x=-0.013
t= 14.00 max|qacc|=      91.7 max|qvel|=   1.76 ncon=  3 com_z=0.631 com_x=-0.063
t= 14.50 max|qacc|=     214.7 max|qvel|=   1.56 ncon=  5 com_z=0.625 com_x=-0.082
t= 15.00 max|qacc|=     173.0 max|qvel|=   0.84 ncon=  2 com_z=0.639 com_x=+0.007
t= 15.50 max|qacc|=      52.0 max|qvel|=   1.06 ncon=  3 com_z=0.635 com_x=-0.071
t= 16.00 max|qacc|=      95.6 max|qvel|=   3.24 ncon=  6 com_z=0.625 com_x=-0.036
t= 16.50 max|qacc|=      58.8 max|qvel|=   1.86 ncon=  6 com_z=0.631 com_x=+0.001
t= 17.00 max|qacc|=      25.3 max|qvel|=   0.52 ncon=  2 com_z=0.632 com_x=-0.068
t= 17.50 max|qacc|=      68.9 max|qvel|=   0.79 ncon=  2 com_z=0.627 com_x=-0.004
t= 18.00 max|qacc|=      97.6 max|qvel|=   1.19 ncon=  2 com_z=0.623 com_x=-0.016
t= 18.50 max|qacc|=     154.7 max|qvel|=   0.70 ncon=  2 com_z=0.628 com_x=-0.053
t= 19.00 max|qacc|=      54.8 max|qvel|=   0.34 ncon=  2 com_z=0.627 com_x=+0.006
t= 19.50 max|qacc|=      99.3 max|qvel|=   0.74 ncon=  3 com_z=0.624 com_x=-0.034
t= 20.00 max|qacc|=     149.4 max|qvel|=   0.82 ncon=  2 com_z=0.625 com_x=-0.034
t= 20.50 max|qacc|=      53.1 max|qvel|=   0.39 ncon=  4 com_z=0.627 com_x=+0.001
t= 21.00 max|qacc|=     317.1 max|qvel|=   0.72 ncon=  3 com_z=0.626 com_x=-0.044
t= 21.50 max|qacc|=      50.5 max|qvel|=   0.60 ncon=  3 com_z=0.624 com_x=-0.018

== summary ==
pelvis/COM height: start 0.96 m, min 0.62 m, final 0.63 m  (stayed up)
COM x: min -0.32 max 0.01 final -0.01 m
RG_F_r bursts during walk window: 11
peak ctrl: [0.49 0.64 0.67 0.82 0.52 0.44 0.64 0.51 0.5  0.65 0.66 0.81 0.52 0.46
 0.65 0.52] (('vas_lat_r', 'med_gas_r', 'soleus_r', 'tib_ant_r', 'psoas_r', 'semimem_r', 'glut_max2_r', 'rect_fem_r', 'vas_lat_l', 'med_gas_l', 'soleus_l', 'tib_ant_l', 'psoas_l', 'semimem_l', 'glut_max2_l', 'rect_fem_l'))
knee_r range: -0..0 deg, ankle_r: -2..0 deg
saved spinal_run.npz
saved spinal_run.png
