standing solve: nnls x in [0.00, 0.61], >0.1: 26 muscles
  top: tib_ant_r=0.61, tib_ant_l=0.60, ext_dig_r=0.40, ext_dig_l=0.40, glut_min1_l=0.19, glut_min1_r=0.19, glut_min3_l=0.18, glut_min3_r=0.18
Fmax range: 5..3396 N | L range sample: [0.229942 0.326094]
t=  1.00 max|qacc|=      68.5 max|qvel|=   1.98 ncon=  6 com_z=0.947 com_x=-0.129
t=  1.50 max|qacc|=      26.9 max|qvel|=   6.43 ncon=  8 com_z=0.737 com_x=-0.252
t=  2.00 max|qacc|=      20.4 max|qvel|=   0.93 ncon=  9 com_z=0.836 com_x=+0.001
t=  2.50 max|qacc|=     379.6 max|qvel|=   8.13 ncon= 11 com_z=0.647 com_x=-0.107
t=  3.00 max|qacc|=     223.3 max|qvel|=   2.43 ncon=  6 com_z=0.776 com_x=-0.285
t=  3.50 max|qacc|=     337.1 max|qvel|=   3.75 ncon=  8 com_z=0.708 com_x=-0.048
t=  4.00 max|qacc|=     117.2 max|qvel|=   5.76 ncon= 11 com_z=0.652 com_x=-0.103
t=  4.50 max|qacc|=      18.0 max|qvel|=   1.42 ncon=  9 com_z=0.716 com_x=-0.308
t=  5.00 max|qacc|=      60.0 max|qvel|=   3.34 ncon=  8 com_z=0.672 com_x=-0.088
t=  5.50 max|qacc|=      81.2 max|qvel|=   4.85 ncon=  8 com_z=0.637 com_x=-0.164
t=  6.00 max|qacc|=     215.4 max|qvel|=   4.00 ncon=  7 com_z=0.674 com_x=-0.304
t=  6.50 max|qacc|=      61.0 max|qvel|=   1.96 ncon=  7 com_z=0.665 com_x=-0.093
t=  7.00 max|qacc|=     460.5 max|qvel|=   3.74 ncon=  8 com_z=0.630 com_x=-0.196
t=  7.50 max|qacc|=      34.5 max|qvel|=   2.47 ncon=  7 com_z=0.643 com_x=-0.255
t=  8.00 max|qacc|=     195.8 max|qvel|=   0.49 ncon=  7 com_z=0.660 com_x=-0.080
t=  8.50 max|qacc|=     272.7 max|qvel|=   2.42 ncon=  7 com_z=0.636 com_x=-0.210
t=  9.00 max|qacc|=      78.4 max|qvel|=   2.87 ncon=  7 com_z=0.626 com_x=-0.187
t=  9.50 max|qacc|=    1623.9 max|qvel|=   5.67 ncon=  7 com_z=0.649 com_x=-0.072
t= 10.00 max|qacc|=     264.2 max|qvel|=   4.55 ncon=  5 com_z=0.642 com_x=-0.204
t= 10.50 max|qacc|=     561.7 max|qvel|=   7.33 ncon=  4 com_z=0.623 com_x=-0.118
t= 11.00 max|qacc|=      93.2 max|qvel|=   1.77 ncon=  7 com_z=0.638 com_x=-0.072
t= 11.50 max|qacc|=     178.5 max|qvel|=   3.81 ncon=  5 com_z=0.640 com_x=-0.180
t= 12.00 max|qacc|=     239.5 max|qvel|=   4.62 ncon=  6 com_z=0.629 com_x=-0.059
t= 12.50 max|qacc|=      24.4 max|qvel|=   2.12 ncon=  5 com_z=0.633 com_x=-0.074
t= 13.00 max|qacc|=     300.2 max|qvel|=   1.49 ncon=  4 com_z=0.632 com_x=-0.135
t= 13.50 max|qacc|=     106.2 max|qvel|=   3.49 ncon=  5 com_z=0.640 com_x=-0.021
t= 14.00 max|qacc|=      28.6 max|qvel|=   1.33 ncon=  2 com_z=0.637 com_x=-0.078
t= 14.50 max|qacc|=      53.6 max|qvel|=   1.67 ncon=  5 com_z=0.625 com_x=-0.081
t= 15.00 max|qacc|=     109.6 max|qvel|=   1.30 ncon=  3 com_z=0.643 com_x=-0.002
t= 15.50 max|qacc|=     140.5 max|qvel|=   1.76 ncon=  2 com_z=0.641 com_x=-0.083
t= 16.00 max|qacc|=     163.7 max|qvel|=   3.64 ncon=  6 com_z=0.628 com_x=-0.036
t= 16.50 max|qacc|=      65.0 max|qvel|=   1.16 ncon=  6 com_z=0.634 com_x=-0.010
t= 17.00 max|qacc|=      26.7 max|qvel|=   0.74 ncon=  2 com_z=0.637 com_x=-0.075
t= 17.50 max|qacc|=      24.1 max|qvel|=   0.68 ncon=  2 com_z=0.633 com_x=-0.007
t= 18.00 max|qacc|=      52.4 max|qvel|=   1.18 ncon=  2 com_z=0.628 com_x=-0.028
t= 18.50 max|qacc|=     101.2 max|qvel|=   0.84 ncon=  2 com_z=0.632 com_x=-0.056
t= 19.00 max|qacc|=      26.0 max|qvel|=   0.25 ncon=  3 com_z=0.633 com_x=-0.002
t= 19.50 max|qacc|=      46.5 max|qvel|=   0.58 ncon=  3 com_z=0.630 com_x=-0.047
t= 20.00 max|qacc|=      95.4 max|qvel|=   0.86 ncon=  3 com_z=0.631 com_x=-0.039
t= 20.50 max|qacc|=      96.0 max|qvel|=   1.33 ncon=  3 com_z=0.632 com_x=-0.013
t= 21.00 max|qacc|=      10.8 max|qvel|=   0.37 ncon=  4 com_z=0.632 com_x=-0.056
t= 21.50 max|qacc|=     140.8 max|qvel|=   0.53 ncon=  3 com_z=0.632 com_x=-0.027

== summary ==
pelvis/COM height: start 0.96 m, min 0.62 m, final 0.63 m  (stayed up)
COM x: min -0.31 max 0.01 final -0.03 m
RG_F_r bursts during walk window: 11
peak ctrl: [0.48 0.62 0.65 0.78 0.47 0.39 0.62 0.47 0.49 0.6  0.64 0.77 0.47 0.41
 0.63 0.48] (('vas_lat_r', 'med_gas_r', 'soleus_r', 'tib_ant_r', 'psoas_r', 'semimem_r', 'glut_max2_r', 'rect_fem_r', 'vas_lat_l', 'med_gas_l', 'soleus_l', 'tib_ant_l', 'psoas_l', 'semimem_l', 'glut_max2_l', 'rect_fem_l'))
knee_r range: -0..17 deg, ankle_r: -87..0 deg
saved spinal_run.npz
saved spinal_run.png
