standing solve: nnls x in [0.00, 0.61], >0.1: 26 muscles
  top: tib_ant_r=0.61, tib_ant_l=0.60, ext_dig_r=0.40, ext_dig_l=0.40, glut_min1_l=0.19, glut_min1_r=0.19, glut_min3_l=0.18, glut_min3_r=0.18
Fmax range: 5..3396 N | L range sample: [0.229942 0.326094]
t=  1.00 max|qacc|=      14.6 max|qvel|=   0.32 ncon=  8 com_z=0.946 com_x=-0.142
t=  1.50 max|qacc|=      15.2 max|qvel|=   0.24 ncon=  8 com_z=0.940 com_x=-0.179
t=  2.00 max|qacc|=      29.3 max|qvel|=   0.16 ncon=  8 com_z=0.944 com_x=-0.192
t=  2.50 max|qacc|=     223.2 max|qvel|=   0.29 ncon=  8 com_z=0.936 com_x=-0.222
t=  3.00 max|qacc|=      60.2 max|qvel|=   0.12 ncon=  8 com_z=0.929 com_x=-0.243
t=  3.50 max|qacc|=      97.5 max|qvel|=   0.37 ncon=  8 com_z=0.916 com_x=-0.260
t=  4.00 max|qacc|=      40.6 max|qvel|=   0.62 ncon=  8 com_z=0.871 com_x=-0.302
t=  4.50 max|qacc|=      22.7 max|qvel|=   0.25 ncon=  8 com_z=0.860 com_x=-0.309
t=  5.00 max|qacc|=      17.8 max|qvel|=   0.49 ncon=  8 com_z=0.869 com_x=-0.298
t=  5.50 max|qacc|=       6.3 max|qvel|=   0.21 ncon=  8 com_z=0.844 com_x=-0.313
t=  6.00 max|qacc|=      17.4 max|qvel|=   0.42 ncon=  7 com_z=0.861 com_x=-0.296
t=  6.50 max|qacc|=      12.1 max|qvel|=   0.40 ncon=  7 com_z=0.851 com_x=-0.293
t=  7.00 max|qacc|=       9.5 max|qvel|=   0.35 ncon=  7 com_z=0.856 com_x=-0.284
t=  7.50 max|qacc|=      50.4 max|qvel|=   0.59 ncon=  7 com_z=0.855 com_x=-0.278
t=  8.00 max|qacc|=      42.3 max|qvel|=   0.25 ncon=  7 com_z=0.848 com_x=-0.275
t=  8.50 max|qacc|=      23.8 max|qvel|=   0.71 ncon=  8 com_z=0.858 com_x=-0.261
t=  9.00 max|qacc|=      17.2 max|qvel|=   0.14 ncon=  7 com_z=0.846 com_x=-0.265
t=  9.50 max|qacc|=      28.8 max|qvel|=   0.59 ncon=  7 com_z=0.858 com_x=-0.250
t= 10.00 max|qacc|=      70.1 max|qvel|=   0.15 ncon=  7 com_z=0.842 com_x=-0.255
t= 10.50 max|qacc|=      14.0 max|qvel|=   0.32 ncon=  7 com_z=0.859 com_x=-0.240
t= 11.00 max|qacc|=      11.7 max|qvel|=   0.21 ncon=  7 com_z=0.843 com_x=-0.246
t= 11.50 max|qacc|=     127.3 max|qvel|=   0.43 ncon=  7 com_z=0.854 com_x=-0.233
t= 12.00 max|qacc|=       9.8 max|qvel|=   0.26 ncon=  7 com_z=0.845 com_x=-0.235
t= 12.50 max|qacc|=       8.4 max|qvel|=   0.63 ncon=  7 com_z=0.851 com_x=-0.229
t= 13.00 max|qacc|=      35.7 max|qvel|=   0.30 ncon=  6 com_z=0.847 com_x=-0.227
t= 13.50 max|qacc|=      34.4 max|qvel|=   0.72 ncon=  5 com_z=0.844 com_x=-0.225
t= 14.00 max|qacc|=     254.8 max|qvel|=   1.03 ncon=  7 com_z=0.853 com_x=-0.216
t= 14.50 max|qacc|=      41.2 max|qvel|=   0.54 ncon=  6 com_z=0.841 com_x=-0.223
t= 15.00 max|qacc|=     132.6 max|qvel|=   0.72 ncon=  7 com_z=0.854 com_x=-0.210
t= 15.50 max|qacc|=      28.4 max|qvel|=   0.32 ncon=  6 com_z=0.840 com_x=-0.217
t= 16.00 max|qacc|=     255.5 max|qvel|=   0.77 ncon=  4 com_z=0.863 com_x=-0.197
t= 16.50 max|qacc|=     211.4 max|qvel|=   0.60 ncon=  4 com_z=0.880 com_x=-0.178
t= 17.00 max|qacc|=      39.8 max|qvel|=   0.23 ncon=  2 com_z=0.907 com_x=-0.149
t= 17.50 max|qacc|=      27.1 max|qvel|=   0.08 ncon=  2 com_z=0.910 com_x=-0.142
t= 18.00 max|qacc|=     115.8 max|qvel|=   0.36 ncon=  2 com_z=0.906 com_x=-0.144
t= 18.50 max|qacc|=     286.0 max|qvel|=   0.27 ncon=  2 com_z=0.906 com_x=-0.140
t= 19.00 max|qacc|=      62.1 max|qvel|=   0.71 ncon=  2 com_z=0.894 com_x=-0.146
t= 19.50 max|qacc|=      59.6 max|qvel|=   0.66 ncon=  2 com_z=0.887 com_x=-0.150
t= 20.00 max|qacc|=     116.2 max|qvel|=   0.80 ncon=  2 com_z=0.893 com_x=-0.141
t= 20.50 max|qacc|=      62.9 max|qvel|=   0.45 ncon=  2 com_z=0.892 com_x=-0.140

== summary ==
pelvis/COM height: start 0.96 m, min 0.84 m, final 0.89 m  (stayed up)
COM x: min -0.31 max -0.09 final -0.14 m
COM y: min -0.022 max +0.022 m
RG_F_r bursts during walk window: 5
RG_r: cycles in window 6, period 1.84 s (0.54 Hz), E-duty 0.22
RG_l: cycles in window 6, period 1.84 s (0.54 Hz), E-duty 0.06
peak ctrl: [0.58 0.9  0.69 0.91 0.64 1.   0.94 0.57 1.   0.87 0.63 0.8  0.74 0.89
 0.54 1.   0.98 0.63 0.91 0.75] (('vas_lat_r', 'med_gas_r', 'soleus_r', 'tib_ant_r', 'psoas_r', 'semimem_r', 'glut_max2_r', 'rect_fem_r', 'sar_r', 'grac_r', 'vas_lat_l', 'med_gas_l', 'soleus_l', 'tib_ant_l', 'psoas_l', 'semimem_l', 'glut_max2_l', 'rect_fem_l', 'sar_l', 'grac_l'))
  hip_flexion_r         -0.0 ..    23.9 deg
  knee_angle_r          -0.0 ..    14.2 deg
  ankle_angle_r        -46.9 ..     0.0 deg
  hip_adduction_r       -1.4 ..    17.5 deg
  subtalar_angle_r       0.0 ..    21.7 deg
  hip_flexion_l         -0.0 ..    23.6 deg
  knee_angle_l          -0.0 ..    14.4 deg
  ankle_angle_l        -51.0 ..     0.0 deg
  hip_adduction_l       -0.9 ..    18.2 deg
  subtalar_angle_l       0.0 ..    20.7 deg
  pelvis_tilt           -0.0 ..    35.7 deg
  pelvis_list           -4.0 ..     3.8 deg
  pelvis_rotation       -1.6 ..     1.8 deg
saved spinal_run.npz
saved spinal_run.png
