loaded fitted_walk_params.json (back-solve refit)
loaded best_walk_params_v6.json (drive=2.80, phase_reset 0.39/0.04)
standing solve: nnls x in [0.00, 0.59], >0.1: 16 muscles
  top: tib_ant_r=0.59, tib_ant_l=0.58, ext_dig_r=0.37, ext_dig_l=0.37, per_tert_r=0.17, per_tert_l=0.17, ext_hal_r=0.16, ext_hal_l=0.15
Fmax range: 5..3396 N | L range sample: [0.229942 0.326094]
t=  1.00 max|qacc|=      31.1 max|qvel|=   0.59 ncon=  8 com_z=0.944 com_x=-0.137
t=  1.50 max|qacc|=      38.3 max|qvel|=   0.25 ncon=  8 com_z=0.951 com_x=-0.151
t=  2.00 max|qacc|=      32.1 max|qvel|=   0.55 ncon=  8 com_z=0.947 com_x=-0.169
t=  2.50 max|qacc|=       9.1 max|qvel|=   0.49 ncon=  8 com_z=0.945 com_x=-0.183
t=  3.00 max|qacc|=      32.2 max|qvel|=   0.70 ncon=  8 com_z=0.946 com_x=-0.190
t=  3.50 max|qacc|=       4.8 max|qvel|=   0.42 ncon=  8 com_z=0.940 com_x=-0.197
t=  4.00 max|qacc|=      57.2 max|qvel|=   1.30 ncon=  8 com_z=0.932 com_x=-0.202
t=  4.50 max|qacc|=      40.7 max|qvel|=   0.45 ncon=  8 com_z=0.927 com_x=-0.213
t=  5.00 max|qacc|=       4.1 max|qvel|=   0.46 ncon=  8 com_z=0.919 com_x=-0.230
t=  5.50 max|qacc|=       6.9 max|qvel|=   0.57 ncon=  8 com_z=0.913 com_x=-0.243
t=  6.00 max|qacc|=      20.3 max|qvel|=   0.87 ncon=  8 com_z=0.914 com_x=-0.239
t=  6.50 max|qacc|=       3.7 max|qvel|=   0.34 ncon=  8 com_z=0.914 com_x=-0.230
t=  7.00 max|qacc|=       7.5 max|qvel|=   0.53 ncon=  8 com_z=0.912 com_x=-0.228
t=  7.50 max|qacc|=      16.6 max|qvel|=   0.99 ncon=  8 com_z=0.912 com_x=-0.225
t=  8.00 max|qacc|=       7.1 max|qvel|=   0.29 ncon=  8 com_z=0.910 com_x=-0.220
t=  8.50 max|qacc|=       4.8 max|qvel|=   0.55 ncon=  8 com_z=0.909 com_x=-0.217
t=  9.00 max|qacc|=      20.1 max|qvel|=   1.18 ncon=  7 com_z=0.908 com_x=-0.212
t=  9.50 max|qacc|=       8.9 max|qvel|=   0.32 ncon=  8 com_z=0.907 com_x=-0.207
t= 10.00 max|qacc|=      17.6 max|qvel|=   0.53 ncon=  8 com_z=0.905 com_x=-0.203
t= 10.50 max|qacc|=      26.3 max|qvel|=   1.27 ncon=  7 com_z=0.905 com_x=-0.198
t= 11.00 max|qacc|=      11.4 max|qvel|=   0.36 ncon=  8 com_z=0.904 com_x=-0.192
t= 11.50 max|qacc|=       4.1 max|qvel|=   0.50 ncon=  7 com_z=0.902 com_x=-0.188
t= 12.00 max|qacc|=      27.6 max|qvel|=   1.36 ncon=  7 com_z=0.902 com_x=-0.182
t= 12.50 max|qacc|=      12.9 max|qvel|=   0.35 ncon=  7 com_z=0.901 com_x=-0.176
t= 13.00 max|qacc|=      58.1 max|qvel|=   0.49 ncon=  7 com_z=0.899 com_x=-0.173
t= 13.50 max|qacc|=      51.2 max|qvel|=   1.02 ncon=  6 com_z=0.899 com_x=-0.168
t= 14.00 max|qacc|=      25.0 max|qvel|=   0.73 ncon=  6 com_z=0.899 com_x=-0.163
t= 14.50 max|qacc|=      35.8 max|qvel|=   0.47 ncon=  7 com_z=0.897 com_x=-0.159
t= 15.00 max|qacc|=      59.5 max|qvel|=   0.90 ncon=  6 com_z=0.897 com_x=-0.155
t= 15.50 max|qacc|=      42.3 max|qvel|=   0.27 ncon=  6 com_z=0.899 com_x=-0.149
t= 16.00 max|qacc|=       4.0 max|qvel|=   0.28 ncon=  5 com_z=0.909 com_x=-0.129
t= 16.50 max|qacc|=     139.5 max|qvel|=   1.47 ncon=  2 com_z=0.926 com_x=-0.093
t= 17.00 max|qacc|=      15.1 max|qvel|=   0.83 ncon=  4 com_z=0.935 com_x=-0.075
t= 17.50 max|qacc|=       3.3 max|qvel|=   0.18 ncon=  6 com_z=0.933 com_x=-0.071
t= 18.00 max|qacc|=      68.1 max|qvel|=   0.85 ncon=  6 com_z=0.930 com_x=-0.075
t= 18.50 max|qacc|=      46.5 max|qvel|=   0.55 ncon=  6 com_z=0.931 com_x=-0.073
t= 19.00 max|qacc|=      30.9 max|qvel|=   0.33 ncon=  6 com_z=0.931 com_x=-0.072
t= 19.50 max|qacc|=       8.0 max|qvel|=   0.13 ncon=  6 com_z=0.931 com_x=-0.072
t= 20.00 max|qacc|=      17.6 max|qvel|=   0.23 ncon=  6 com_z=0.931 com_x=-0.072
t= 20.50 max|qacc|=      34.3 max|qvel|=   0.38 ncon=  6 com_z=0.932 com_x=-0.072
t= 21.00 max|qacc|=      15.3 max|qvel|=   0.15 ncon=  6 com_z=0.931 com_x=-0.072
t= 21.50 max|qacc|=      25.2 max|qvel|=   0.18 ncon=  6 com_z=0.931 com_x=-0.073
t= 22.00 max|qacc|=      25.6 max|qvel|=   0.47 ncon=  6 com_z=0.932 com_x=-0.072
t= 22.50 max|qacc|=      18.6 max|qvel|=   0.20 ncon=  6 com_z=0.931 com_x=-0.073
t= 23.00 max|qacc|=      10.7 max|qvel|=   0.13 ncon=  6 com_z=0.931 com_x=-0.073
t= 23.50 max|qacc|=      20.1 max|qvel|=   0.24 ncon=  6 com_z=0.931 com_x=-0.073
t= 24.00 max|qacc|=      30.4 max|qvel|=   0.52 ncon=  6 com_z=0.932 com_x=-0.073
t= 24.50 max|qacc|=       3.7 max|qvel|=   0.13 ncon=  6 com_z=0.931 com_x=-0.073
t= 25.00 max|qacc|=      20.9 max|qvel|=   0.26 ncon=  6 com_z=0.931 com_x=-0.073
t= 25.50 max|qacc|=      21.7 max|qvel|=   0.39 ncon=  6 com_z=0.931 com_x=-0.073
t= 26.00 max|qacc|=      67.9 max|qvel|=   0.16 ncon=  6 com_z=0.931 com_x=-0.073
t= 26.50 max|qacc|=      45.7 max|qvel|=   0.13 ncon=  6 com_z=0.931 com_x=-0.073
t= 27.00 max|qacc|=       9.9 max|qvel|=   0.34 ncon=  6 com_z=0.932 com_x=-0.073
t= 27.50 max|qacc|=      24.0 max|qvel|=   0.26 ncon=  6 com_z=0.932 com_x=-0.073
t= 28.00 max|qacc|=       3.9 max|qvel|=   0.11 ncon=  6 com_z=0.931 com_x=-0.074
t= 28.50 max|qacc|=       7.6 max|qvel|=   0.25 ncon=  6 com_z=0.932 com_x=-0.073
t= 29.00 max|qacc|=      31.6 max|qvel|=   0.74 ncon=  6 com_z=0.931 com_x=-0.073
t= 29.50 max|qacc|=       8.0 max|qvel|=   0.17 ncon=  6 com_z=0.931 com_x=-0.074
t= 30.00 max|qacc|=      22.6 max|qvel|=   0.14 ncon=  6 com_z=0.932 com_x=-0.074
t= 30.50 max|qacc|=      39.3 max|qvel|=   0.62 ncon=  6 com_z=0.932 com_x=-0.074
t= 31.00 max|qacc|=      15.2 max|qvel|=   0.20 ncon=  6 com_z=0.931 com_x=-0.074
t= 31.50 max|qacc|=      14.1 max|qvel|=   0.13 ncon=  6 com_z=0.931 com_x=-0.074
t= 32.00 max|qacc|=      23.7 max|qvel|=   0.27 ncon=  6 com_z=0.932 com_x=-0.074
t= 32.50 max|qacc|=      35.3 max|qvel|=   0.43 ncon=  6 com_z=0.931 com_x=-0.074
t= 33.00 max|qacc|=       3.4 max|qvel|=   0.18 ncon=  6 com_z=0.931 com_x=-0.074
t= 33.50 max|qacc|=      19.3 max|qvel|=   0.17 ncon=  6 com_z=0.932 com_x=-0.074
t= 34.00 max|qacc|=      83.9 max|qvel|=   0.31 ncon=  6 com_z=0.932 com_x=-0.074
t= 34.50 max|qacc|=       6.9 max|qvel|=   0.21 ncon=  5 com_z=0.931 com_x=-0.074
t= 35.00 max|qacc|=       8.3 max|qvel|=   0.19 ncon=  6 com_z=0.931 com_x=-0.074
t= 35.50 max|qacc|=      14.4 max|qvel|=   0.54 ncon=  6 com_z=0.932 com_x=-0.074
t= 36.00 max|qacc|=      62.6 max|qvel|=   0.26 ncon=  6 com_z=0.931 com_x=-0.074
t= 36.50 max|qacc|=      25.5 max|qvel|=   0.16 ncon=  6 com_z=0.932 com_x=-0.074
t= 37.00 max|qacc|=      19.2 max|qvel|=   0.24 ncon=  6 com_z=0.932 com_x=-0.074
t= 37.50 max|qacc|=      29.4 max|qvel|=   0.64 ncon=  5 com_z=0.932 com_x=-0.074
t= 38.00 max|qacc|=       9.4 max|qvel|=   0.16 ncon=  5 com_z=0.931 com_x=-0.074
t= 38.50 max|qacc|=      26.7 max|qvel|=   0.24 ncon=  6 com_z=0.932 com_x=-0.074

== summary ==
pelvis/COM height: start 0.96 m, min 0.90 m, final 0.93 m  (stayed up)
COM x: min -0.24 max -0.07 final -0.07 m
COM y: min -0.017 max +0.018 m
RG_F_r bursts during walk window: 13
RG_r: cycles in window 15, period 0.76 s (1.32 Hz), E-duty 0.15
RG_l: cycles in window 15, period 0.76 s (1.32 Hz), E-duty 0.07
peak ctrl: [0.35 0.7  0.63 0.68 0.37 0.58 0.64 0.44 0.38 0.18 0.35 0.7  0.63 0.64
 0.37 0.59 0.63 0.44 0.38 0.18] (('vas_lat_r', 'med_gas_r', 'soleus_r', 'tib_ant_r', 'psoas_r', 'semimem_r', 'glut_max2_r', 'rect_fem_r', 'sar_r', 'grac_r', 'vas_lat_l', 'med_gas_l', 'soleus_l', 'tib_ant_l', 'psoas_l', 'semimem_l', 'glut_max2_l', 'rect_fem_l', 'sar_l', 'grac_l'))
  hip_flexion_r         -0.9 ..    18.3 deg
  knee_angle_r          -0.3 ..    11.4 deg
  ankle_angle_r        -40.3 ..     0.0 deg
  hip_adduction_r       -3.6 ..     5.6 deg
  subtalar_angle_r      -1.0 ..    11.9 deg
  hip_flexion_l         -0.7 ..    16.4 deg
  knee_angle_l          -0.1 ..    11.5 deg
  ankle_angle_l        -44.9 ..     0.0 deg
  hip_adduction_l       -4.0 ..     6.6 deg
  subtalar_angle_l       0.0 ..    12.5 deg
  pelvis_tilt           -0.8 ..    30.5 deg
  pelvis_list           -3.5 ..     3.7 deg
  pelvis_rotation       -1.1 ..     1.2 deg
saved spinal_run.npz
saved spinal_run.png
