fitted baseline loaded: e2_pf=0.222 f1_df=0.098 f1_kf=0.148 post_kneext=0.011 post_hipext=0.068 desc_f=1.400 e2_adapt=1.700
seeded v7 winner into v8b (normal.mot start pose)
enqueued seed trial
start pose (normal.mot): applied 20 coordinates as given; IMU-metric torso lean -0.0 deg (+ = back)
standing solve: nnls x in [0.00, 0.59], >0.1: 19 muscles
  top: tib_ant_r=0.59, tib_ant_l=0.58, ext_dig_r=0.38, ext_dig_l=0.36, add_long_r=0.35, glut_min1_r=0.19, per_tert_r=0.18, per_tert_l=0.17
Fmax range: 5..3396 N | L range sample: [0.229942 0.326094]
csv: trial=0 run=eval kine_score=-72.719 duty=0.073 knee_min=-44.48 cadence=0.267 stayed_up=True
NEW GLOBAL BEST -72.719 (trial 0) - running full 22 s capture
start pose (normal.mot): applied 20 coordinates as given; IMU-metric torso lean -0.0 deg (+ = back)
standing solve: nnls x in [0.00, 0.59], >0.1: 19 muscles
  top: tib_ant_r=0.59, tib_ant_l=0.58, ext_dig_r=0.38, ext_dig_l=0.36, add_long_r=0.35, glut_min1_r=0.19, per_tert_r=0.18, per_tert_l=0.17
Fmax range: 5..3396 N | L range sample: [0.229942 0.326094]
t=  1.00 max|qacc|=      26.5 max|qvel|=   4.74 ncon=  7 com_z=0.928 com_x=-0.167
t=  1.50 max|qacc|=     190.9 max|qvel|=   0.84 ncon=  5 com_z=0.945 com_x=-0.146
t=  2.00 max|qacc|=     227.9 max|qvel|=   0.62 ncon=  5 com_z=0.941 com_x=-0.131
t=  2.50 max|qacc|=      15.9 max|qvel|=   1.70 ncon=  7 com_z=0.946 com_x=-0.128
t=  3.00 max|qacc|=       7.0 max|qvel|=   0.61 ncon=  7 com_z=0.949 com_x=-0.132
t=  3.50 max|qacc|=      12.1 max|qvel|=   2.29 ncon=  4 com_z=0.945 com_x=-0.135
t=  4.00 max|qacc|=       6.0 max|qvel|=   0.24 ncon=  4 com_z=0.945 com_x=-0.138
t=  4.50 max|qacc|=       6.6 max|qvel|=   1.15 ncon=  4 com_z=0.947 com_x=-0.147
t=  5.00 max|qacc|=      42.6 max|qvel|=   3.01 ncon=  6 com_z=0.932 com_x=-0.152
t=  5.50 max|qacc|=     409.2 max|qvel|=   2.52 ncon=  4 com_z=0.938 com_x=-0.119
t=  6.00 max|qacc|=      20.7 max|qvel|=   1.51 ncon=  5 com_z=0.947 com_x=-0.115
t=  6.50 max|qacc|=      34.0 max|qvel|=   0.72 ncon=  7 com_z=0.951 com_x=-0.128
t=  7.00 max|qacc|=     188.5 max|qvel|=   8.88 ncon=  4 com_z=0.951 com_x=-0.137
t=  7.50 max|qacc|=       4.0 max|qvel|=   1.57 ncon=  4 com_z=0.936 com_x=-0.145
t=  8.00 max|qacc|=      23.6 max|qvel|=   0.75 ncon=  6 com_z=0.936 com_x=-0.124
t=  8.50 max|qacc|=      22.5 max|qvel|=   1.41 ncon=  6 com_z=0.942 com_x=-0.131
t=  9.00 max|qacc|=       4.4 max|qvel|=   0.42 ncon=  5 com_z=0.951 com_x=-0.144
t=  9.50 max|qacc|=     646.1 max|qvel|=   3.23 ncon=  3 com_z=0.945 com_x=-0.147
t= 10.00 max|qacc|=      34.8 max|qvel|=   1.26 ncon=  4 com_z=0.945 com_x=-0.140
t= 10.50 max|qacc|=       7.5 max|qvel|=   0.36 ncon=  6 com_z=0.929 com_x=-0.128
t= 11.00 max|qacc|=     126.3 max|qvel|=   0.79 ncon=  5 com_z=0.938 com_x=-0.138
t= 11.50 max|qacc|=       4.3 max|qvel|=   0.54 ncon=  4 com_z=0.950 com_x=-0.145
t= 12.00 max|qacc|=     637.0 max|qvel|=   2.73 ncon=  3 com_z=0.943 com_x=-0.146
t= 12.50 max|qacc|=      21.9 max|qvel|=   0.85 ncon=  4 com_z=0.944 com_x=-0.138
t= 13.00 max|qacc|=       3.6 max|qvel|=   0.42 ncon=  5 com_z=0.925 com_x=-0.127
t= 13.50 max|qacc|=       7.8 max|qvel|=   0.82 ncon=  5 com_z=0.942 com_x=-0.131
t= 14.00 max|qacc|=      44.3 max|qvel|=   0.82 ncon=  4 com_z=0.951 com_x=-0.138
t= 14.50 max|qacc|=      39.0 max|qvel|=   2.17 ncon=  4 com_z=0.943 com_x=-0.150
t= 15.00 max|qacc|=      30.7 max|qvel|=   0.97 ncon=  4 com_z=0.937 com_x=-0.146
t= 15.50 max|qacc|=     126.1 max|qvel|=   4.09 ncon=  4 com_z=0.927 com_x=-0.126
t= 16.00 max|qacc|=       8.1 max|qvel|=   0.95 ncon=  3 com_z=0.950 com_x=-0.126
t= 16.50 max|qacc|=      22.1 max|qvel|=   1.09 ncon=  3 com_z=0.951 com_x=-0.125
t= 17.00 max|qacc|=      12.0 max|qvel|=   0.66 ncon=  3 com_z=0.950 com_x=-0.123
t= 17.50 max|qacc|=       7.9 max|qvel|=   0.35 ncon=  3 com_z=0.946 com_x=-0.122
t= 18.00 max|qacc|=      14.0 max|qvel|=   0.56 ncon=  3 com_z=0.943 com_x=-0.122
t= 18.50 max|qacc|=      23.9 max|qvel|=   0.70 ncon=  4 com_z=0.945 com_x=-0.121
t= 19.00 max|qacc|=      23.0 max|qvel|=   0.70 ncon=  4 com_z=0.947 com_x=-0.123
t= 19.50 max|qacc|=       4.1 max|qvel|=   0.99 ncon=  4 com_z=0.945 com_x=-0.124
t= 20.00 max|qacc|=      11.2 max|qvel|=   0.46 ncon=  4 com_z=0.946 com_x=-0.126
t= 20.50 max|qacc|=      79.2 max|qvel|=   1.84 ncon=  4 com_z=0.943 com_x=-0.124
t= 21.00 max|qacc|=      26.1 max|qvel|=   0.92 ncon=  3 com_z=0.949 com_x=-0.125
t= 21.50 max|qacc|=      28.6 max|qvel|=   0.91 ncon=  3 com_z=0.946 com_x=-0.125

== summary ==
pelvis/COM height: start 0.98 m, min 0.92 m, final 0.95 m  (stayed up)
COM x: min -0.18 max -0.11 final -0.13 m
COM y: min -0.082 max +0.042 m
RG_F_r bursts during walk window: 5
RG_r: cycles in window 4, period 2.46 s (0.41 Hz), E-duty 0.16
RG_l: cycles in window 4, period 2.46 s (0.41 Hz), E-duty 0.04
peak ctrl: [0.45 0.93 0.88 0.79 0.62 0.78 0.66 0.58 0.62 0.31 0.37 0.9  0.86 0.81
 0.64 0.76 0.62 0.5  0.64 0.37] (('vas_lat_r', 'med_gas_r', 'soleus_r', 'tib_ant_r', 'psoas_r', 'semimem_r', 'glut_max2_r', 'rect_fem_r', 'sar_r', 'grac_r', 'vas_lat_l', 'med_gas_l', 'soleus_l', 'tib_ant_l', 'psoas_l', 'semimem_l', 'glut_max2_l', 'rect_fem_l', 'sar_l', 'grac_l'))
  hip_flexion_r         11.4 ..    54.6 deg
  knee_angle_r         -48.3 ..    10.6 deg
  ankle_angle_r        -65.9 ..    31.2 deg
  hip_adduction_r       -6.2 ..     8.2 deg
  subtalar_angle_r       0.0 ..    48.7 deg
  hip_flexion_l        -16.6 ..    17.9 deg
  knee_angle_l          -8.2 ..    12.8 deg
  ankle_angle_l        -47.6 ..     9.8 deg
  hip_adduction_l       -9.0 ..    11.3 deg
  subtalar_angle_l      -3.2 ..    19.7 deg
  pelvis_tilt           -1.9 ..    19.9 deg
  pelvis_list           -4.1 ..    13.9 deg
  pelvis_rotation        1.3 ..     5.4 deg
saved spinal_run.npz
saved spinal_run.png
csv: trial=0 run=full22 kine_score=-73.011 duty=0.238 knee_min=-43.40 cadence=0.300 stayed_up=True
full22 capture: trial 0 kine_score -73.011 -> v8b_best_trial0.npz
start pose (normal.mot): applied 20 coordinates as given; IMU-metric torso lean -0.0 deg (+ = back)
standing solve: nnls x in [0.00, 0.59], >0.1: 14 muscles
  top: tib_ant_r=0.59, tib_ant_l=0.58, ext_dig_r=0.37, ext_dig_l=0.36, add_long_r=0.33, per_tert_r=0.18, glut_min1_r=0.17, per_tert_l=0.17
Fmax range: 5..3396 N | L range sample: [0.229942 0.326094]
csv: trial=1 run=eval kine_score=-25.000 duty=nan knee_min=nan cadence=0.000 stayed_up=True
NEW GLOBAL BEST -65.000 (trial 1) - running full 22 s capture
start pose (normal.mot): applied 20 coordinates as given; IMU-metric torso lean -0.0 deg (+ = back)
standing solve: nnls x in [0.00, 0.59], >0.1: 14 muscles
  top: tib_ant_r=0.59, tib_ant_l=0.58, ext_dig_r=0.37, ext_dig_l=0.36, add_long_r=0.33, per_tert_r=0.18, glut_min1_r=0.17, per_tert_l=0.17
Fmax range: 5..3396 N | L range sample: [0.229942 0.326094]
t=  1.00 max|qacc|=      28.0 max|qvel|=   4.67 ncon=  5 com_z=0.927 com_x=-0.169
t=  1.50 max|qacc|=      73.8 max|qvel|=   0.99 ncon=  5 com_z=0.946 com_x=-0.152
t=  2.00 max|qacc|=      28.6 max|qvel|=   1.66 ncon=  5 com_z=0.943 com_x=-0.131
t=  2.50 max|qacc|=      68.9 max|qvel|=   0.72 ncon=  6 com_z=0.949 com_x=-0.131
t=  3.00 max|qacc|=     252.2 max|qvel|=   1.34 ncon=  7 com_z=0.948 com_x=-0.132
t=  3.50 max|qacc|=      55.9 max|qvel|=   0.59 ncon=  5 com_z=0.946 com_x=-0.137
t=  4.00 max|qacc|=      23.8 max|qvel|=   0.72 ncon=  6 com_z=0.946 com_x=-0.134
t=  4.50 max|qacc|=      24.3 max|qvel|=   0.52 ncon=  6 com_z=0.943 com_x=-0.130
t=  5.00 max|qacc|=      55.9 max|qvel|=   0.26 ncon=  7 com_z=0.940 com_x=-0.131
t=  5.50 max|qacc|=      58.6 max|qvel|=   0.79 ncon=  4 com_z=0.941 com_x=-0.122
t=  6.00 max|qacc|=      23.1 max|qvel|=   0.68 ncon=  4 com_z=0.953 com_x=-0.138
t=  6.50 max|qacc|=      33.2 max|qvel|=   0.50 ncon=  3 com_z=0.951 com_x=-0.144
t=  7.00 max|qacc|=      14.2 max|qvel|=   2.14 ncon=  4 com_z=0.944 com_x=-0.174
t=  7.50 max|qacc|=      36.2 max|qvel|=   0.96 ncon=  3 com_z=0.928 com_x=-0.148
t=  8.00 max|qacc|=      31.8 max|qvel|=   1.50 ncon=  3 com_z=0.939 com_x=-0.123
t=  8.50 max|qacc|=     159.8 max|qvel|=   4.86 ncon=  3 com_z=0.957 com_x=-0.102
t=  9.00 max|qacc|=      30.0 max|qvel|=   0.97 ncon=  3 com_z=0.948 com_x=-0.130
t=  9.50 max|qacc|=      10.6 max|qvel|=   0.32 ncon=  3 com_z=0.946 com_x=-0.131
t= 10.00 max|qacc|=      53.2 max|qvel|=   4.53 ncon=  3 com_z=0.943 com_x=-0.142
t= 10.50 max|qacc|=      24.1 max|qvel|=   1.03 ncon=  2 com_z=0.931 com_x=-0.136
t= 11.00 max|qacc|=       4.4 max|qvel|=   0.97 ncon=  3 com_z=0.935 com_x=-0.112
t= 11.50 max|qacc|=     856.7 max|qvel|=   6.10 ncon=  3 com_z=0.961 com_x=-0.099
t= 12.00 max|qacc|=      86.6 max|qvel|=   1.17 ncon=  3 com_z=0.944 com_x=-0.114
t= 12.50 max|qacc|=     138.7 max|qvel|=   0.66 ncon=  3 com_z=0.946 com_x=-0.117
t= 13.00 max|qacc|=      81.1 max|qvel|=   4.03 ncon=  1 com_z=0.951 com_x=-0.119
t= 13.50 max|qacc|=      13.4 max|qvel|=   1.74 ncon=  3 com_z=0.933 com_x=-0.134
t= 14.00 max|qacc|=      30.1 max|qvel|=   0.63 ncon=  2 com_z=0.930 com_x=-0.102
t= 14.50 max|qacc|=      25.0 max|qvel|=   0.54 ncon=  2 com_z=0.960 com_x=-0.093
t= 15.00 max|qacc|=     324.5 max|qvel|=   6.81 ncon=  2 com_z=0.948 com_x=-0.110
t= 15.50 max|qacc|=      83.5 max|qvel|=   2.45 ncon=  5 com_z=0.947 com_x=-0.108
t= 16.00 max|qacc|=      34.2 max|qvel|=   1.58 ncon=  3 com_z=0.947 com_x=-0.116
t= 16.50 max|qacc|=     134.9 max|qvel|=   2.15 ncon=  2 com_z=0.940 com_x=-0.112
t= 17.00 max|qacc|=       4.8 max|qvel|=   0.44 ncon=  2 com_z=0.946 com_x=-0.111
t= 17.50 max|qacc|=      15.5 max|qvel|=   0.75 ncon=  3 com_z=0.951 com_x=-0.113
t= 18.00 max|qacc|=      13.4 max|qvel|=   0.56 ncon=  3 com_z=0.950 com_x=-0.118
t= 18.50 max|qacc|=       4.9 max|qvel|=   0.72 ncon=  3 com_z=0.948 com_x=-0.120
t= 19.00 max|qacc|=      26.4 max|qvel|=   0.68 ncon=  3 com_z=0.946 com_x=-0.117
t= 19.50 max|qacc|=      11.5 max|qvel|=   1.24 ncon=  4 com_z=0.946 com_x=-0.120
t= 20.00 max|qacc|=      30.0 max|qvel|=   0.55 ncon=  3 com_z=0.949 com_x=-0.121
t= 20.50 max|qacc|=      10.0 max|qvel|=   1.08 ncon=  4 com_z=0.948 com_x=-0.122
t= 21.00 max|qacc|=      22.5 max|qvel|=   0.66 ncon=  4 com_z=0.951 com_x=-0.124
t= 21.50 max|qacc|=      10.6 max|qvel|=   0.86 ncon=  5 com_z=0.947 com_x=-0.121

== summary ==
pelvis/COM height: start 0.98 m, min 0.92 m, final 0.95 m  (stayed up)
COM x: min -0.18 max -0.08 final -0.13 m
COM y: min -0.100 max +0.051 m
RG_F_r bursts during walk window: 4
RG_r: cycles in window 4, period 3.02 s (0.33 Hz), E-duty 0.10
RG_l: cycles in window 4, period 3.01 s (0.33 Hz), E-duty 0.03
peak ctrl: [0.36 0.81 0.77 0.8  0.55 0.73 0.5  0.45 0.54 0.28 0.42 0.93 0.88 0.82
 0.55 0.72 0.66 0.54 0.55 0.26] (('vas_lat_r', 'med_gas_r', 'soleus_r', 'tib_ant_r', 'psoas_r', 'semimem_r', 'glut_max2_r', 'rect_fem_r', 'sar_r', 'grac_r', 'vas_lat_l', 'med_gas_l', 'soleus_l', 'tib_ant_l', 'psoas_l', 'semimem_l', 'glut_max2_l', 'rect_fem_l', 'sar_l', 'grac_l'))
  hip_flexion_r          1.1 ..    55.6 deg
  knee_angle_r         -97.7 ..    10.1 deg
  ankle_angle_r        -64.8 ..    -1.7 deg
  hip_adduction_r       -4.2 ..    12.9 deg
  subtalar_angle_r      -0.4 ..    23.7 deg
  hip_flexion_l        -26.7 ..    19.6 deg
  knee_angle_l         -49.8 ..    12.5 deg
  ankle_angle_l        -57.9 ..     9.8 deg
  hip_adduction_l      -13.3 ..    18.5 deg
  subtalar_angle_l      -3.8 ..    35.3 deg
  pelvis_tilt           -1.9 ..    19.8 deg
  pelvis_list           -3.1 ..    16.4 deg
  pelvis_rotation        0.8 ..     4.8 deg
saved spinal_run.npz
saved spinal_run.png
csv: trial=1 run=full22 kine_score=nan duty=nan knee_min=nan cadence=0.000 stayed_up=True
full22 capture: trial 1 kine_score nan -> v8b_best_trial1.npz
start pose (normal.mot): applied 20 coordinates as given; IMU-metric torso lean -0.0 deg (+ = back)
standing solve: nnls x in [0.00, 0.60], >0.1: 29 muscles
  top: tib_ant_r=0.60, tib_ant_l=0.58, add_long_r=0.40, ext_dig_r=0.39, ext_dig_l=0.38, glut_min1_r=0.27, glut_min2_r=0.23, glut_min3_l=0.20
Fmax range: 5..3396 N | L range sample: [0.229942 0.326094]
csv: trial=2 run=eval kine_score=-77.161 duty=0.449 knee_min=-86.81 cadence=0.800 stayed_up=True
start pose (normal.mot): applied 20 coordinates as given; IMU-metric torso lean -0.0 deg (+ = back)
standing solve: nnls x in [0.00, 0.59], >0.1: 11 muscles
  top: tib_ant_r=0.59, tib_ant_l=0.58, ext_dig_r=0.36, ext_dig_l=0.35, add_long_r=0.29, per_tert_r=0.18, per_tert_l=0.17, ext_hal_r=0.13
Fmax range: 5..3396 N | L range sample: [0.229942 0.326094]
csv: trial=3 run=eval kine_score=-86.712 duty=0.154 knee_min=-81.09 cadence=0.533 stayed_up=True
start pose (normal.mot): applied 20 coordinates as given; IMU-metric torso lean -0.0 deg (+ = back)
standing solve: nnls x in [0.00, 0.59], >0.1: 19 muscles
  top: tib_ant_r=0.59, tib_ant_l=0.58, ext_dig_r=0.37, ext_dig_l=0.36, add_long_r=0.34, glut_min1_r=0.19, per_tert_r=0.18, per_tert_l=0.17
Fmax range: 5..3396 N | L range sample: [0.229942 0.326094]
csv: trial=4 run=eval kine_score=-75.770 duty=0.280 knee_min=-82.39 cadence=0.800 stayed_up=True
start pose (normal.mot): applied 20 coordinates as given; IMU-metric torso lean -0.0 deg (+ = back)
standing solve: nnls x in [0.00, 0.59], >0.1: 12 muscles
  top: tib_ant_r=0.59, tib_ant_l=0.58, ext_dig_r=0.36, ext_dig_l=0.35, add_long_r=0.28, per_tert_r=0.18, per_tert_l=0.17, ext_hal_r=0.13
Fmax range: 5..3396 N | L range sample: [0.229942 0.326094]
csv: trial=5 run=eval kine_score=-77.427 duty=0.200 knee_min=-81.48 cadence=0.400 stayed_up=True
start pose (normal.mot): applied 20 coordinates as given; IMU-metric torso lean -0.0 deg (+ = back)
standing solve: nnls x in [0.00, 0.59], >0.1: 19 muscles
  top: tib_ant_r=0.59, tib_ant_l=0.58, ext_dig_r=0.37, ext_dig_l=0.36, add_long_r=0.34, glut_min1_r=0.18, per_tert_r=0.18, per_tert_l=0.17
Fmax range: 5..3396 N | L range sample: [0.229942 0.326094]
csv: trial=6 run=eval kine_score=-86.342 duty=0.469 knee_min=-92.18 cadence=0.800 stayed_up=True
start pose (normal.mot): applied 20 coordinates as given; IMU-metric torso lean -0.0 deg (+ = back)
standing solve: nnls x in [0.00, 0.59], >0.1: 11 muscles
  top: tib_ant_r=0.59, tib_ant_l=0.58, ext_dig_r=0.36, ext_dig_l=0.34, add_long_r=0.28, per_tert_r=0.18, per_tert_l=0.17, ext_hal_r=0.13
Fmax range: 5..3396 N | L range sample: [0.229942 0.326094]
csv: trial=7 run=eval kine_score=-25.000 duty=nan knee_min=nan cadence=0.000 stayed_up=True
start pose (normal.mot): applied 20 coordinates as given; IMU-metric torso lean -0.0 deg (+ = back)
standing solve: nnls x in [0.00, 0.60], >0.1: 21 muscles
  top: tib_ant_r=0.60, tib_ant_l=0.58, ext_dig_r=0.38, ext_dig_l=0.37, add_long_r=0.37, glut_min1_r=0.23, glut_min2_r=0.20, ext_hal_r=0.18
Fmax range: 5..3396 N | L range sample: [0.229942 0.326094]
csv: trial=8 run=eval kine_score=-25.000 duty=nan knee_min=nan cadence=0.000 stayed_up=True
start pose (normal.mot): applied 20 coordinates as given; IMU-metric torso lean -0.0 deg (+ = back)
standing solve: nnls x in [0.00, 0.59], >0.1: 20 muscles
  top: tib_ant_r=0.59, tib_ant_l=0.58, ext_dig_r=0.38, ext_dig_l=0.37, add_long_r=0.35, glut_min1_r=0.20, per_tert_r=0.17, glut_min2_r=0.17
Fmax range: 5..3396 N | L range sample: [0.229942 0.326094]
csv: trial=9 run=eval kine_score=-83.308 duty=0.499 knee_min=-85.81 cadence=0.933 stayed_up=True
start pose (normal.mot): applied 20 coordinates as given; IMU-metric torso lean -0.0 deg (+ = back)
standing solve: nnls x in [0.00, 0.59], >0.1: 13 muscles
  top: tib_ant_r=0.59, tib_ant_l=0.58, ext_dig_r=0.37, ext_dig_l=0.36, add_long_r=0.32, per_tert_r=0.18, per_tert_l=0.17, glut_min1_r=0.16
Fmax range: 5..3396 N | L range sample: [0.229942 0.326094]
csv: trial=10 run=eval kine_score=-25.000 duty=nan knee_min=nan cadence=0.000 stayed_up=True
start pose (normal.mot): applied 20 coordinates as given; IMU-metric torso lean -0.0 deg (+ = back)
standing solve: nnls x in [0.00, 0.60], >0.1: 23 muscles
  top: tib_ant_r=0.60, tib_ant_l=0.58, add_long_r=0.40, ext_dig_r=0.39, ext_dig_l=0.38, glut_min1_r=0.26, glut_min2_r=0.23, glut_min3_l=0.20
Fmax range: 5..3396 N | L range sample: [0.229942 0.326094]
csv: trial=11 run=eval kine_score=-25.000 duty=nan knee_min=nan cadence=0.000 stayed_up=True
start pose (normal.mot): applied 20 coordinates as given; IMU-metric torso lean -0.0 deg (+ = back)
standing solve: nnls x in [0.00, 0.59], >0.1: 10 muscles
  top: tib_ant_r=0.59, tib_ant_l=0.58, ext_dig_r=0.36, ext_dig_l=0.35, add_long_r=0.29, per_tert_r=0.18, per_tert_l=0.17, ext_hal_r=0.13
Fmax range: 5..3396 N | L range sample: [0.229942 0.326094]
csv: trial=12 run=eval kine_score=-25.000 duty=nan knee_min=nan cadence=0.000 stayed_up=True
start pose (normal.mot): applied 20 coordinates as given; IMU-metric torso lean -0.0 deg (+ = back)
standing solve: nnls x in [0.00, 0.59], >0.1: 10 muscles
  top: tib_ant_r=0.59, tib_ant_l=0.57, ext_dig_r=0.35, ext_dig_l=0.34, add_long_r=0.28, per_tert_r=0.18, per_tert_l=0.17, ext_hal_r=0.12
Fmax range: 5..3396 N | L range sample: [0.229942 0.326094]
csv: trial=13 run=eval kine_score=-25.000 duty=nan knee_min=nan cadence=0.000 stayed_up=True
start pose (normal.mot): applied 20 coordinates as given; IMU-metric torso lean -0.0 deg (+ = back)
standing solve: nnls x in [0.00, 0.59], >0.1: 19 muscles
  top: tib_ant_r=0.59, tib_ant_l=0.58, ext_dig_r=0.37, ext_dig_l=0.36, add_long_r=0.34, glut_min1_r=0.19, per_tert_r=0.18, per_tert_l=0.17
Fmax range: 5..3396 N | L range sample: [0.229942 0.326094]
csv: trial=14 run=eval kine_score=-25.000 duty=nan knee_min=nan cadence=0.000 stayed_up=True
start pose (normal.mot): applied 20 coordinates as given; IMU-metric torso lean -0.0 deg (+ = back)
standing solve: nnls x in [0.00, 0.59], >0.1: 13 muscles
  top: tib_ant_r=0.59, tib_ant_l=0.58, ext_dig_r=0.37, ext_dig_l=0.36, add_long_r=0.32, per_tert_r=0.18, per_tert_l=0.17, glut_min1_r=0.16
Fmax range: 5..3396 N | L range sample: [0.229942 0.326094]
csv: trial=15 run=eval kine_score=-25.000 duty=nan knee_min=nan cadence=0.000 stayed_up=True
start pose (normal.mot): applied 20 coordinates as given; IMU-metric torso lean -0.0 deg (+ = back)
standing solve: nnls x in [0.00, 0.59], >0.1: 11 muscles
  top: tib_ant_r=0.59, tib_ant_l=0.58, ext_dig_r=0.36, ext_dig_l=0.34, add_long_r=0.28, per_tert_r=0.18, per_tert_l=0.17, ext_hal_r=0.13
Fmax range: 5..3396 N | L range sample: [0.229942 0.326094]
csv: trial=16 run=eval kine_score=-25.000 duty=nan knee_min=nan cadence=0.000 stayed_up=True
start pose (normal.mot): applied 20 coordinates as given; IMU-metric torso lean -0.0 deg (+ = back)
standing solve: nnls x in [0.00, 0.59], >0.1: 10 muscles
  top: tib_ant_r=0.59, tib_ant_l=0.58, ext_dig_r=0.35, ext_dig_l=0.34, add_long_r=0.28, per_tert_r=0.18, per_tert_l=0.17, ext_hal_r=0.12
Fmax range: 5..3396 N | L range sample: [0.229942 0.326094]
csv: trial=17 run=eval kine_score=-25.000 duty=nan knee_min=nan cadence=0.000 stayed_up=True
start pose (normal.mot): applied 20 coordinates as given; IMU-metric torso lean -0.0 deg (+ = back)
standing solve: nnls x in [0.00, 0.59], >0.1: 12 muscles
  top: tib_ant_r=0.59, tib_ant_l=0.58, ext_dig_r=0.36, ext_dig_l=0.35, add_long_r=0.31, per_tert_r=0.18, per_tert_l=0.17, glut_min1_r=0.14
Fmax range: 5..3396 N | L range sample: [0.229942 0.326094]
csv: trial=18 run=eval kine_score=-25.000 duty=nan knee_min=nan cadence=0.000 stayed_up=True
start pose (normal.mot): applied 20 coordinates as given; IMU-metric torso lean -0.0 deg (+ = back)
standing solve: nnls x in [0.00, 0.59], >0.1: 12 muscles
  top: tib_ant_r=0.59, tib_ant_l=0.58, ext_dig_r=0.36, ext_dig_l=0.35, add_long_r=0.30, per_tert_r=0.18, per_tert_l=0.17, glut_min1_r=0.13
Fmax range: 5..3396 N | L range sample: [0.229942 0.326094]
csv: trial=19 run=eval kine_score=-25.000 duty=nan knee_min=nan cadence=0.000 stayed_up=True
start pose (normal.mot): applied 20 coordinates as given; IMU-metric torso lean -0.0 deg (+ = back)
standing solve: nnls x in [0.00, 0.59], >0.1: 20 muscles
  top: tib_ant_r=0.59, tib_ant_l=0.58, ext_dig_r=0.38, ext_dig_l=0.36, add_long_r=0.35, glut_min1_r=0.20, per_tert_r=0.17, glut_min2_r=0.17
Fmax range: 5..3396 N | L range sample: [0.229942 0.326094]
csv: trial=20 run=eval kine_score=-25.000 duty=nan knee_min=nan cadence=0.000 stayed_up=True
start pose (normal.mot): applied 20 coordinates as given; IMU-metric torso lean -0.0 deg (+ = back)
standing solve: nnls x in [0.00, 0.59], >0.1: 11 muscles
  top: tib_ant_r=0.59, tib_ant_l=0.58, ext_dig_r=0.36, ext_dig_l=0.35, add_long_r=0.28, per_tert_r=0.18, per_tert_l=0.17, ext_hal_r=0.13
Fmax range: 5..3396 N | L range sample: [0.229942 0.326094]
csv: trial=21 run=eval kine_score=-25.000 duty=nan knee_min=nan cadence=0.000 stayed_up=True
start pose (normal.mot): applied 20 coordinates as given; IMU-metric torso lean -0.0 deg (+ = back)
standing solve: nnls x in [0.00, 0.59], >0.1: 10 muscles
  top: tib_ant_r=0.59, tib_ant_l=0.58, ext_dig_r=0.36, ext_dig_l=0.34, add_long_r=0.28, per_tert_r=0.18, per_tert_l=0.17, ext_hal_r=0.13
Fmax range: 5..3396 N | L range sample: [0.229942 0.326094]
csv: trial=22 run=eval kine_score=-25.000 duty=nan knee_min=nan cadence=0.000 stayed_up=True
start pose (normal.mot): applied 20 coordinates as given; IMU-metric torso lean -0.0 deg (+ = back)
standing solve: nnls x in [0.00, 0.59], >0.1: 14 muscles
  top: tib_ant_r=0.59, tib_ant_l=0.58, ext_dig_r=0.37, ext_dig_l=0.36, add_long_r=0.32, per_tert_r=0.18, per_tert_l=0.17, glut_min1_r=0.16
Fmax range: 5..3396 N | L range sample: [0.229942 0.326094]
csv: trial=23 run=eval kine_score=-25.000 duty=nan knee_min=nan cadence=0.000 stayed_up=True
start pose (normal.mot): applied 20 coordinates as given; IMU-metric torso lean -0.0 deg (+ = back)
standing solve: nnls x in [0.00, 0.59], >0.1: 12 muscles
  top: tib_ant_r=0.59, tib_ant_l=0.58, ext_dig_r=0.36, ext_dig_l=0.35, add_long_r=0.31, per_tert_r=0.18, per_tert_l=0.17, glut_min1_r=0.15
Fmax range: 5..3396 N | L range sample: [0.229942 0.326094]
csv: trial=24 run=eval kine_score=-25.000 duty=nan knee_min=nan cadence=0.000 stayed_up=True
start pose (normal.mot): applied 20 coordinates as given; IMU-metric torso lean -0.0 deg (+ = back)
standing solve: nnls x in [0.00, 0.59], >0.1: 13 muscles
  top: tib_ant_r=0.59, tib_ant_l=0.58, ext_dig_r=0.37, ext_dig_l=0.35, add_long_r=0.32, per_tert_r=0.18, per_tert_l=0.17, glut_min1_r=0.15
Fmax range: 5..3396 N | L range sample: [0.229942 0.326094]
csv: trial=25 run=eval kine_score=-25.000 duty=nan knee_min=nan cadence=0.000 stayed_up=True
start pose (normal.mot): applied 20 coordinates as given; IMU-metric torso lean -0.0 deg (+ = back)
standing solve: nnls x in [0.00, 0.59], >0.1: 10 muscles
  top: tib_ant_r=0.59, tib_ant_l=0.58, ext_dig_r=0.35, ext_dig_l=0.34, add_long_r=0.28, per_tert_r=0.18, per_tert_l=0.17, ext_hal_r=0.12
Fmax range: 5..3396 N | L range sample: [0.229942 0.326094]
csv: trial=26 run=eval kine_score=-25.000 duty=nan knee_min=nan cadence=0.000 stayed_up=True
start pose (normal.mot): applied 20 coordinates as given; IMU-metric torso lean -0.0 deg (+ = back)
standing solve: nnls x in [0.00, 0.59], >0.1: 12 muscles
  top: tib_ant_r=0.59, tib_ant_l=0.58, ext_dig_r=0.36, ext_dig_l=0.35, add_long_r=0.31, per_tert_r=0.18, per_tert_l=0.17, glut_min1_r=0.14
Fmax range: 5..3396 N | L range sample: [0.229942 0.326094]
csv: trial=27 run=eval kine_score=-25.000 duty=nan knee_min=nan cadence=0.000 stayed_up=True
start pose (normal.mot): applied 20 coordinates as given; IMU-metric torso lean -0.0 deg (+ = back)
standing solve: nnls x in [0.00, 0.59], >0.1: 11 muscles
  top: tib_ant_r=0.59, tib_ant_l=0.58, ext_dig_r=0.36, ext_dig_l=0.34, add_long_r=0.28, per_tert_r=0.18, per_tert_l=0.17, ext_hal_r=0.13
Fmax range: 5..3396 N | L range sample: [0.229942 0.326094]
csv: trial=28 run=eval kine_score=-25.000 duty=nan knee_min=nan cadence=0.000 stayed_up=True
start pose (normal.mot): applied 20 coordinates as given; IMU-metric torso lean -0.0 deg (+ = back)
standing solve: nnls x in [0.00, 0.59], >0.1: 10 muscles
  top: tib_ant_r=0.59, tib_ant_l=0.58, ext_dig_r=0.35, ext_dig_l=0.34, add_long_r=0.28, per_tert_r=0.18, per_tert_l=0.17, ext_hal_r=0.12
Fmax range: 5..3396 N | L range sample: [0.229942 0.326094]
csv: trial=29 run=eval kine_score=-25.000 duty=nan knee_min=nan cadence=0.000 stayed_up=True
start pose (normal.mot): applied 20 coordinates as given; IMU-metric torso lean -0.0 deg (+ = back)
standing solve: nnls x in [0.00, 0.59], >0.1: 12 muscles
  top: tib_ant_r=0.59, tib_ant_l=0.58, ext_dig_r=0.36, ext_dig_l=0.35, add_long_r=0.30, per_tert_r=0.18, per_tert_l=0.17, ext_hal_r=0.13
Fmax range: 5..3396 N | L range sample: [0.229942 0.326094]
csv: trial=30 run=eval kine_score=-25.000 duty=nan knee_min=nan cadence=0.000 stayed_up=True
start pose (normal.mot): applied 20 coordinates as given; IMU-metric torso lean -0.0 deg (+ = back)
standing solve: nnls x in [0.00, 0.59], >0.1: 13 muscles
  top: tib_ant_r=0.59, tib_ant_l=0.58, ext_dig_r=0.36, ext_dig_l=0.35, add_long_r=0.31, per_tert_r=0.18, per_tert_l=0.17, glut_min1_r=0.15
Fmax range: 5..3396 N | L range sample: [0.229942 0.326094]
csv: trial=31 run=eval kine_score=-25.000 duty=nan knee_min=nan cadence=0.000 stayed_up=True
start pose (normal.mot): applied 20 coordinates as given; IMU-metric torso lean -0.0 deg (+ = back)
standing solve: nnls x in [0.00, 0.59], >0.1: 12 muscles
  top: tib_ant_r=0.59, tib_ant_l=0.58, ext_dig_r=0.36, ext_dig_l=0.35, add_long_r=0.30, per_tert_r=0.18, per_tert_l=0.17, glut_min1_r=0.14
Fmax range: 5..3396 N | L range sample: [0.229942 0.326094]
csv: trial=32 run=eval kine_score=-25.000 duty=nan knee_min=nan cadence=0.000 stayed_up=True
start pose (normal.mot): applied 20 coordinates as given; IMU-metric torso lean -0.0 deg (+ = back)
standing solve: nnls x in [0.00, 0.59], >0.1: 13 muscles
  top: tib_ant_r=0.59, tib_ant_l=0.58, ext_dig_r=0.36, ext_dig_l=0.35, add_long_r=0.31, per_tert_r=0.18, per_tert_l=0.17, glut_min1_r=0.15
Fmax range: 5..3396 N | L range sample: [0.229942 0.326094]
csv: trial=33 run=eval kine_score=-25.000 duty=nan knee_min=nan cadence=0.000 stayed_up=True
start pose (normal.mot): applied 20 coordinates as given; IMU-metric torso lean -0.0 deg (+ = back)
standing solve: nnls x in [0.00, 0.59], >0.1: 12 muscles
  top: tib_ant_r=0.59, tib_ant_l=0.58, ext_dig_r=0.36, ext_dig_l=0.35, add_long_r=0.30, per_tert_r=0.18, per_tert_l=0.17, glut_min1_r=0.13
Fmax range: 5..3396 N | L range sample: [0.229942 0.326094]
csv: trial=34 run=eval kine_score=-25.000 duty=nan knee_min=nan cadence=0.000 stayed_up=True
start pose (normal.mot): applied 20 coordinates as given; IMU-metric torso lean -0.0 deg (+ = back)
standing solve: nnls x in [0.00, 0.59], >0.1: 12 muscles
  top: tib_ant_r=0.59, tib_ant_l=0.58, ext_dig_r=0.36, ext_dig_l=0.35, add_long_r=0.31, per_tert_r=0.18, per_tert_l=0.17, glut_min1_r=0.15
Fmax range: 5..3396 N | L range sample: [0.229942 0.326094]
csv: trial=35 run=eval kine_score=-25.000 duty=nan knee_min=nan cadence=0.000 stayed_up=True
start pose (normal.mot): applied 20 coordinates as given; IMU-metric torso lean -0.0 deg (+ = back)
standing solve: nnls x in [0.00, 0.59], >0.1: 11 muscles
  top: tib_ant_r=0.59, tib_ant_l=0.58, ext_dig_r=0.35, ext_dig_l=0.34, add_long_r=0.28, per_tert_r=0.18, per_tert_l=0.17, ext_hal_r=0.13
Fmax range: 5..3396 N | L range sample: [0.229942 0.326094]
csv: trial=36 run=eval kine_score=-25.000 duty=nan knee_min=nan cadence=0.000 stayed_up=True
start pose (normal.mot): applied 20 coordinates as given; IMU-metric torso lean -0.0 deg (+ = back)
standing solve: nnls x in [0.00, 0.59], >0.1: 12 muscles
  top: tib_ant_r=0.59, tib_ant_l=0.58, ext_dig_r=0.36, ext_dig_l=0.35, add_long_r=0.30, per_tert_r=0.18, per_tert_l=0.17, glut_min1_r=0.14
Fmax range: 5..3396 N | L range sample: [0.229942 0.326094]
csv: trial=37 run=eval kine_score=-25.000 duty=nan knee_min=nan cadence=0.000 stayed_up=True
start pose (normal.mot): applied 20 coordinates as given; IMU-metric torso lean -0.0 deg (+ = back)
standing solve: nnls x in [0.00, 0.59], >0.1: 11 muscles
  top: tib_ant_r=0.59, tib_ant_l=0.58, ext_dig_r=0.36, ext_dig_l=0.35, add_long_r=0.29, per_tert_r=0.18, per_tert_l=0.17, ext_hal_r=0.13
Fmax range: 5..3396 N | L range sample: [0.229942 0.326094]
csv: trial=38 run=eval kine_score=-25.000 duty=nan knee_min=nan cadence=0.000 stayed_up=True
start pose (normal.mot): applied 20 coordinates as given; IMU-metric torso lean -0.0 deg (+ = back)
standing solve: nnls x in [0.00, 0.59], >0.1: 12 muscles
  top: tib_ant_r=0.59, tib_ant_l=0.58, ext_dig_r=0.36, ext_dig_l=0.35, add_long_r=0.30, per_tert_r=0.18, per_tert_l=0.17, glut_min1_r=0.14
Fmax range: 5..3396 N | L range sample: [0.229942 0.326094]
csv: trial=39 run=eval kine_score=-25.000 duty=nan knee_min=nan cadence=0.000 stayed_up=True
start pose (normal.mot): applied 20 coordinates as given; IMU-metric torso lean -0.0 deg (+ = back)
standing solve: nnls x in [0.00, 0.60], >0.1: 21 muscles
  top: tib_ant_r=0.60, tib_ant_l=0.58, ext_dig_r=0.38, ext_dig_l=0.37, add_long_r=0.36, glut_min1_r=0.22, glut_min2_r=0.19, per_tert_r=0.17
Fmax range: 5..3396 N | L range sample: [0.229942 0.326094]
csv: trial=40 run=eval kine_score=-25.000 duty=nan knee_min=nan cadence=0.000 stayed_up=True
start pose (normal.mot): applied 20 coordinates as given; IMU-metric torso lean -0.0 deg (+ = back)
standing solve: nnls x in [0.00, 0.60], >0.1: 21 muscles
  top: tib_ant_r=0.60, tib_ant_l=0.58, ext_dig_r=0.38, ext_dig_l=0.37, add_long_r=0.37, glut_min1_r=0.23, glut_min2_r=0.20, ext_hal_r=0.18
Fmax range: 5..3396 N | L range sample: [0.229942 0.326094]
csv: trial=41 run=eval kine_score=-25.000 duty=nan knee_min=nan cadence=0.000 stayed_up=True
start pose (normal.mot): applied 20 coordinates as given; IMU-metric torso lean -0.0 deg (+ = back)
standing solve: nnls x in [0.00, 0.60], >0.1: 30 muscles
  top: tib_ant_r=0.60, tib_ant_l=0.58, add_long_r=0.41, ext_dig_r=0.40, ext_dig_l=0.39, glut_min1_r=0.28, glut_min2_r=0.25, glut_min3_l=0.22
Fmax range: 5..3396 N | L range sample: [0.229942 0.326094]
csv: trial=42 run=eval kine_score=-25.000 duty=nan knee_min=nan cadence=0.000 stayed_up=True
start pose (normal.mot): applied 20 coordinates as given; IMU-metric torso lean -0.0 deg (+ = back)
standing solve: nnls x in [0.00, 0.60], >0.1: 21 muscles
  top: tib_ant_r=0.60, tib_ant_l=0.58, ext_dig_r=0.38, ext_dig_l=0.37, add_long_r=0.37, glut_min1_r=0.23, glut_min2_r=0.20, ext_hal_r=0.18
Fmax range: 5..3396 N | L range sample: [0.229942 0.326094]
csv: trial=43 run=eval kine_score=-25.000 duty=nan knee_min=nan cadence=0.000 stayed_up=True
start pose (normal.mot): applied 20 coordinates as given; IMU-metric torso lean -0.0 deg (+ = back)
standing solve: nnls x in [0.00, 0.60], >0.1: 23 muscles
  top: tib_ant_r=0.60, tib_ant_l=0.58, ext_dig_r=0.39, add_long_r=0.39, ext_dig_l=0.38, glut_min1_r=0.25, glut_min2_r=0.22, ext_hal_r=0.19
Fmax range: 5..3396 N | L range sample: [0.229942 0.326094]
csv: trial=44 run=eval kine_score=-25.000 duty=nan knee_min=nan cadence=0.000 stayed_up=True
start pose (normal.mot): applied 20 coordinates as given; IMU-metric torso lean -0.0 deg (+ = back)
standing solve: nnls x in [0.00, 0.60], >0.1: 20 muscles
  top: tib_ant_r=0.60, tib_ant_l=0.58, ext_dig_r=0.39, add_long_r=0.37, ext_dig_l=0.37, glut_min1_r=0.23, glut_min2_r=0.20, ext_hal_r=0.18
Fmax range: 5..3396 N | L range sample: [0.229942 0.326094]
csv: trial=45 run=eval kine_score=-25.000 duty=nan knee_min=nan cadence=0.000 stayed_up=True
start pose (normal.mot): applied 20 coordinates as given; IMU-metric torso lean -0.0 deg (+ = back)
standing solve: nnls x in [0.00, 0.59], >0.1: 19 muscles
  top: tib_ant_r=0.59, tib_ant_l=0.58, ext_dig_r=0.38, ext_dig_l=0.37, add_long_r=0.35, glut_min1_r=0.20, per_tert_r=0.17, glut_min2_r=0.17
Fmax range: 5..3396 N | L range sample: [0.229942 0.326094]
csv: trial=46 run=eval kine_score=-25.000 duty=nan knee_min=nan cadence=0.000 stayed_up=True
start pose (normal.mot): applied 20 coordinates as given; IMU-metric torso lean -0.0 deg (+ = back)
standing solve: nnls x in [0.00, 0.60], >0.1: 24 muscles
  top: tib_ant_r=0.60, tib_ant_l=0.58, add_long_r=0.41, ext_dig_r=0.40, ext_dig_l=0.38, glut_min1_r=0.28, glut_min2_r=0.24, glut_min3_l=0.21
Fmax range: 5..3396 N | L range sample: [0.229942 0.326094]
csv: trial=47 run=eval kine_score=-25.000 duty=nan knee_min=nan cadence=0.000 stayed_up=True
start pose (normal.mot): applied 20 coordinates as given; IMU-metric torso lean -0.0 deg (+ = back)
standing solve: nnls x in [0.00, 0.60], >0.1: 26 muscles
  top: tib_ant_r=0.60, tib_ant_l=0.58, add_long_r=0.42, ext_dig_r=0.40, ext_dig_l=0.39, glut_min1_r=0.29, glut_min2_r=0.26, glut_min3_l=0.23
Fmax range: 5..3396 N | L range sample: [0.229942 0.326094]
csv: trial=48 run=eval kine_score=-25.000 duty=nan knee_min=nan cadence=0.000 stayed_up=True
start pose (normal.mot): applied 20 coordinates as given; IMU-metric torso lean -0.0 deg (+ = back)
standing solve: nnls x in [0.00, 0.60], >0.1: 31 muscles
  top: tib_ant_r=0.60, tib_ant_l=0.58, add_long_r=0.42, ext_dig_r=0.40, ext_dig_l=0.39, glut_min1_r=0.30, glut_min2_r=0.26, glut_min3_l=0.23
Fmax range: 5..3396 N | L range sample: [0.229942 0.326094]
csv: trial=49 run=eval kine_score=-25.000 duty=nan knee_min=nan cadence=0.000 stayed_up=True
start pose (normal.mot): applied 20 coordinates as given; IMU-metric torso lean -0.0 deg (+ = back)
standing solve: nnls x in [0.00, 0.60], >0.1: 22 muscles
  top: tib_ant_r=0.60, tib_ant_l=0.58, add_long_r=0.39, ext_dig_r=0.39, ext_dig_l=0.38, glut_min1_r=0.26, glut_min2_r=0.23, glut_min3_l=0.19
Fmax range: 5..3396 N | L range sample: [0.229942 0.326094]
csv: trial=50 run=eval kine_score=-25.000 duty=nan knee_min=nan cadence=0.000 stayed_up=True
start pose (normal.mot): applied 20 coordinates as given; IMU-metric torso lean -0.0 deg (+ = back)
standing solve: nnls x in [0.00, 0.60], >0.1: 24 muscles
  top: tib_ant_r=0.60, tib_ant_l=0.58, add_long_r=0.40, ext_dig_r=0.39, ext_dig_l=0.38, glut_min1_r=0.26, glut_min2_r=0.23, glut_min3_l=0.20
Fmax range: 5..3396 N | L range sample: [0.229942 0.326094]
csv: trial=51 run=eval kine_score=-25.000 duty=nan knee_min=nan cadence=0.000 stayed_up=True
start pose (normal.mot): applied 20 coordinates as given; IMU-metric torso lean -0.0 deg (+ = back)
standing solve: nnls x in [0.00, 0.59], >0.1: 14 muscles
  top: tib_ant_r=0.59, tib_ant_l=0.58, ext_dig_r=0.37, ext_dig_l=0.36, add_long_r=0.33, per_tert_r=0.18, glut_min1_r=0.17, per_tert_l=0.17
Fmax range: 5..3396 N | L range sample: [0.229942 0.326094]
csv: trial=52 run=eval kine_score=-25.000 duty=nan knee_min=nan cadence=0.000 stayed_up=True
start pose (normal.mot): applied 20 coordinates as given; IMU-metric torso lean -0.0 deg (+ = back)
standing solve: nnls x in [0.00, 0.59], >0.1: 10 muscles
  top: tib_ant_r=0.59, tib_ant_l=0.58, ext_dig_r=0.36, ext_dig_l=0.35, add_long_r=0.29, per_tert_r=0.18, per_tert_l=0.17, ext_hal_r=0.13
Fmax range: 5..3396 N | L range sample: [0.229942 0.326094]
csv: trial=53 run=eval kine_score=-25.000 duty=nan knee_min=nan cadence=0.000 stayed_up=True
start pose (normal.mot): applied 20 coordinates as given; IMU-metric torso lean -0.0 deg (+ = back)
standing solve: nnls x in [0.00, 0.59], >0.1: 14 muscles
  top: tib_ant_r=0.59, tib_ant_l=0.58, ext_dig_r=0.37, ext_dig_l=0.36, add_long_r=0.33, per_tert_r=0.18, per_tert_l=0.17, glut_min1_r=0.17
Fmax range: 5..3396 N | L range sample: [0.229942 0.326094]
csv: trial=54 run=eval kine_score=-25.000 duty=nan knee_min=nan cadence=0.000 stayed_up=True
start pose (normal.mot): applied 20 coordinates as given; IMU-metric torso lean -0.0 deg (+ = back)
standing solve: nnls x in [0.00, 0.59], >0.1: 10 muscles
  top: tib_ant_r=0.59, tib_ant_l=0.58, ext_dig_r=0.35, ext_dig_l=0.34, add_long_r=0.28, per_tert_r=0.18, per_tert_l=0.17, ext_hal_r=0.12
Fmax range: 5..3396 N | L range sample: [0.229942 0.326094]
csv: trial=55 run=eval kine_score=-25.000 duty=nan knee_min=nan cadence=0.000 stayed_up=True
start pose (normal.mot): applied 20 coordinates as given; IMU-metric torso lean -0.0 deg (+ = back)
standing solve: nnls x in [0.00, 0.60], >0.1: 21 muscles
  top: tib_ant_r=0.60, tib_ant_l=0.58, ext_dig_r=0.38, ext_dig_l=0.37, add_long_r=0.36, glut_min1_r=0.22, glut_min2_r=0.19, per_tert_r=0.17
Fmax range: 5..3396 N | L range sample: [0.229942 0.326094]
csv: trial=56 run=eval kine_score=-25.000 duty=nan knee_min=nan cadence=0.000 stayed_up=True
start pose (normal.mot): applied 20 coordinates as given; IMU-metric torso lean -0.0 deg (+ = back)
standing solve: nnls x in [0.00, 0.59], >0.1: 11 muscles
  top: tib_ant_r=0.59, tib_ant_l=0.58, ext_dig_r=0.35, ext_dig_l=0.34, add_long_r=0.28, per_tert_r=0.18, per_tert_l=0.17, ext_hal_r=0.13
Fmax range: 5..3396 N | L range sample: [0.229942 0.326094]
csv: trial=57 run=eval kine_score=-25.000 duty=nan knee_min=nan cadence=0.000 stayed_up=True
start pose (normal.mot): applied 20 coordinates as given; IMU-metric torso lean -0.0 deg (+ = back)
standing solve: nnls x in [0.00, 0.60], >0.1: 20 muscles
  top: tib_ant_r=0.60, tib_ant_l=0.58, ext_dig_r=0.39, add_long_r=0.37, ext_dig_l=0.37, glut_min1_r=0.24, glut_min2_r=0.20, ext_hal_r=0.18
Fmax range: 5..3396 N | L range sample: [0.229942 0.326094]
csv: trial=58 run=eval kine_score=-25.000 duty=nan knee_min=nan cadence=0.000 stayed_up=True
start pose (normal.mot): applied 20 coordinates as given; IMU-metric torso lean -0.0 deg (+ = back)
standing solve: nnls x in [0.00, 0.60], >0.1: 24 muscles
  top: tib_ant_r=0.60, tib_ant_l=0.58, add_long_r=0.40, ext_dig_r=0.39, ext_dig_l=0.38, glut_min1_r=0.27, glut_min2_r=0.24, glut_min3_l=0.20
Fmax range: 5..3396 N | L range sample: [0.229942 0.326094]
csv: trial=59 run=eval kine_score=-25.000 duty=nan knee_min=nan cadence=0.000 stayed_up=True

== best kine_score -65.000 (trial 1)
  drive           1.6751
  rg_adapt        2.1188
  desc_e          1.7657
  desc_f          2.1589
  rg_to_pf        2.3441
  pf_gain         1.6259
  e2_pf           1.6408
  f1_df           1.4266
  f1_kf           1.6996
  e2_adapt        0.8631
  post_kneext     0.8178
  post_hipext     0.4819
  kx              271.4122
  phase_reset_e   0.7457
  phase_reset_f   1.3597
  f1_kneext_inh   0.5126
  f1_anklepf_inh  0.6952
saved best_walk_params_v8b.json (runner --best8b reproduces)
