fitted baseline loaded: e2_pf=0.222 f1_df=0.098 f1_kf=0.148 post_kneext=0.011 post_hipext=0.068 desc_f=1.400 e2_adapt=1.700
standing solve: nnls x in [0.00, 0.58], >0.1: 8 muscles
  top: tib_ant_r=0.58, tib_ant_l=0.58, ext_dig_l=0.35, ext_dig_r=0.35, per_tert_r=0.18, per_tert_l=0.18, ext_hal_r=0.12, ext_hal_l=0.12
Fmax range: 5..3396 N | L range sample: [0.229942 0.326094]
csv: trial=60 run=eval kine_score=-64.455 duty=0.118 knee_min=10.01 cadence=0.267 stayed_up=True
standing solve: nnls x in [0.00, 0.58], >0.1: 8 muscles
  top: tib_ant_r=0.58, tib_ant_l=0.58, ext_dig_r=0.35, ext_dig_l=0.35, per_tert_r=0.18, per_tert_l=0.18, ext_hal_r=0.12, ext_hal_l=0.12
Fmax range: 5..3396 N | L range sample: [0.229942 0.326094]
csv: trial=61 run=eval kine_score=-64.579 duty=0.303 knee_min=9.98 cadence=0.400 stayed_up=True
standing solve: nnls x in [0.00, 0.59], >0.1: 16 muscles
  top: tib_ant_r=0.59, tib_ant_l=0.58, ext_dig_r=0.37, ext_dig_l=0.37, per_tert_r=0.17, per_tert_l=0.17, ext_hal_r=0.15, ext_hal_l=0.15
Fmax range: 5..3396 N | L range sample: [0.229942 0.326094]
csv: trial=62 run=eval kine_score=-63.664 duty=0.197 knee_min=10.00 cadence=0.400 stayed_up=True
standing solve: nnls x in [0.00, 0.59], >0.1: 11 muscles
  top: tib_ant_r=0.59, tib_ant_l=0.58, ext_dig_r=0.37, ext_dig_l=0.37, per_tert_r=0.17, per_tert_l=0.17, ext_hal_r=0.15, ext_hal_l=0.15
Fmax range: 5..3396 N | L range sample: [0.229942 0.326094]
csv: trial=63 run=eval kine_score=-63.679 duty=0.084 knee_min=9.95 cadence=0.267 stayed_up=True
standing solve: nnls x in [0.00, 0.59], >0.1: 8 muscles
  top: tib_ant_r=0.59, tib_ant_l=0.58, ext_dig_r=0.36, ext_dig_l=0.36, per_tert_r=0.18, per_tert_l=0.18, ext_hal_r=0.15, ext_hal_l=0.14
Fmax range: 5..3396 N | L range sample: [0.229942 0.326094]
csv: trial=64 run=eval kine_score=-63.742 duty=0.081 knee_min=9.98 cadence=0.267 stayed_up=True
standing solve: nnls x in [0.00, 0.59], >0.1: 16 muscles
  top: tib_ant_r=0.59, tib_ant_l=0.58, ext_dig_r=0.37, ext_dig_l=0.37, per_tert_r=0.17, per_tert_l=0.17, ext_hal_r=0.16, ext_hal_l=0.16
Fmax range: 5..3396 N | L range sample: [0.229942 0.326094]
csv: trial=65 run=eval kine_score=-63.732 duty=0.190 knee_min=10.02 cadence=0.400 stayed_up=True
standing solve: nnls x in [0.00, 0.59], >0.1: 22 muscles
  top: tib_ant_r=0.59, tib_ant_l=0.58, ext_dig_r=0.37, ext_dig_l=0.37, per_tert_r=0.17, per_tert_l=0.17, ext_hal_r=0.16, ext_hal_l=0.16
Fmax range: 5..3396 N | L range sample: [0.229942 0.326094]
csv: trial=66 run=eval kine_score=-64.964 duty=0.260 knee_min=9.99 cadence=0.400 stayed_up=True
standing solve: nnls x in [0.00, 0.59], >0.1: 24 muscles
  top: tib_ant_r=0.59, tib_ant_l=0.59, ext_dig_r=0.38, ext_dig_l=0.38, per_tert_r=0.17, per_tert_l=0.17, ext_hal_r=0.17, ext_hal_l=0.17
Fmax range: 5..3396 N | L range sample: [0.229942 0.326094]
csv: trial=67 run=eval kine_score=-63.453 duty=0.201 knee_min=10.00 cadence=0.400 stayed_up=True
standing solve: nnls x in [0.00, 0.59], >0.1: 8 muscles
  top: tib_ant_r=0.59, tib_ant_l=0.58, ext_dig_r=0.36, ext_dig_l=0.36, per_tert_r=0.18, per_tert_l=0.17, ext_hal_r=0.15, ext_hal_l=0.14
Fmax range: 5..3396 N | L range sample: [0.229942 0.326094]
csv: trial=68 run=eval kine_score=-25.000 duty=nan knee_min=nan cadence=0.000 stayed_up=True
standing solve: nnls x in [0.00, 0.59], >0.1: 15 muscles
  top: tib_ant_r=0.59, tib_ant_l=0.58, ext_dig_r=0.36, ext_dig_l=0.36, per_tert_r=0.18, per_tert_l=0.17, ext_hal_r=0.15, ext_hal_l=0.15
Fmax range: 5..3396 N | L range sample: [0.229942 0.326094]
csv: trial=69 run=eval kine_score=-63.955 duty=0.208 knee_min=10.02 cadence=0.400 stayed_up=True
standing solve: nnls x in [0.00, 0.59], >0.1: 16 muscles
  top: tib_ant_r=0.59, tib_ant_l=0.58, ext_dig_r=0.37, ext_dig_l=0.37, per_tert_r=0.17, per_tert_l=0.17, ext_hal_r=0.16, ext_hal_l=0.15
Fmax range: 5..3396 N | L range sample: [0.229942 0.326094]
csv: trial=70 run=eval kine_score=-25.000 duty=nan knee_min=nan cadence=0.000 stayed_up=True
standing solve: nnls x in [0.00, 0.59], >0.1: 17 muscles
  top: tib_ant_r=0.59, tib_ant_l=0.59, ext_dig_r=0.37, ext_dig_l=0.37, per_tert_r=0.17, per_tert_l=0.17, ext_hal_r=0.17, ext_hal_l=0.16
Fmax range: 5..3396 N | L range sample: [0.229942 0.326094]
csv: trial=71 run=eval kine_score=-62.860 duty=0.194 knee_min=10.03 cadence=0.400 stayed_up=True
NEW GLOBAL BEST -62.860 (trial 71) - running full 22 s capture
standing solve: nnls x in [0.00, 0.59], >0.1: 17 muscles
  top: tib_ant_r=0.59, tib_ant_l=0.59, ext_dig_r=0.37, ext_dig_l=0.37, per_tert_r=0.17, per_tert_l=0.17, ext_hal_r=0.17, ext_hal_l=0.16
Fmax range: 5..3396 N | L range sample: [0.229942 0.326094]
t=  1.00 max|qacc|=      31.6 max|qvel|=   0.64 ncon=  8 com_z=0.941 com_x=-0.142
t=  1.50 max|qacc|=      30.5 max|qvel|=   0.57 ncon=  8 com_z=0.949 com_x=-0.152
t=  2.00 max|qacc|=      22.1 max|qvel|=   0.34 ncon=  8 com_z=0.945 com_x=-0.172
t=  2.50 max|qacc|=      36.7 max|qvel|=   0.34 ncon=  8 com_z=0.946 com_x=-0.185
t=  3.00 max|qacc|=      24.0 max|qvel|=   0.42 ncon=  8 com_z=0.943 com_x=-0.194
t=  3.50 max|qacc|=       5.6 max|qvel|=   0.38 ncon=  8 com_z=0.936 com_x=-0.208
t=  4.00 max|qacc|=       2.9 max|qvel|=   0.26 ncon=  8 com_z=0.927 com_x=-0.219
t=  4.50 max|qacc|=      16.1 max|qvel|=   0.15 ncon=  8 com_z=0.923 com_x=-0.218
t=  5.00 max|qacc|=       4.5 max|qvel|=   1.18 ncon=  8 com_z=0.916 com_x=-0.252
t=  5.50 max|qacc|=       3.3 max|qvel|=   0.22 ncon=  7 com_z=0.888 com_x=-0.257
t=  6.00 max|qacc|=       2.1 max|qvel|=   1.70 ncon=  8 com_z=0.912 com_x=-0.253
t=  6.50 max|qacc|=       3.8 max|qvel|=   0.55 ncon=  7 com_z=0.886 com_x=-0.231
t=  7.00 max|qacc|=       3.9 max|qvel|=   1.78 ncon=  8 com_z=0.916 com_x=-0.222
t=  7.50 max|qacc|=       4.2 max|qvel|=   0.52 ncon=  7 com_z=0.880 com_x=-0.224
t=  8.00 max|qacc|=      36.9 max|qvel|=   1.84 ncon=  8 com_z=0.919 com_x=-0.203
t=  8.50 max|qacc|=       4.7 max|qvel|=   0.23 ncon=  7 com_z=0.878 com_x=-0.214
t=  9.00 max|qacc|=      52.8 max|qvel|=   2.85 ncon=  7 com_z=0.916 com_x=-0.194
t=  9.50 max|qacc|=       4.8 max|qvel|=   0.51 ncon=  7 com_z=0.884 com_x=-0.200
t= 10.00 max|qacc|=      13.1 max|qvel|=   1.05 ncon=  6 com_z=0.903 com_x=-0.196
t= 10.50 max|qacc|=       4.2 max|qvel|=   0.89 ncon=  7 com_z=0.898 com_x=-0.185
t= 11.00 max|qacc|=       2.8 max|qvel|=   0.93 ncon=  7 com_z=0.892 com_x=-0.191
t= 11.50 max|qacc|=       4.5 max|qvel|=   1.35 ncon=  7 com_z=0.909 com_x=-0.169
t= 12.00 max|qacc|=       4.6 max|qvel|=   0.63 ncon=  7 com_z=0.878 com_x=-0.184
t= 12.50 max|qacc|=      16.7 max|qvel|=   1.53 ncon=  7 com_z=0.913 com_x=-0.157
t= 13.00 max|qacc|=       4.0 max|qvel|=   0.21 ncon=  6 com_z=0.878 com_x=-0.173
t= 13.50 max|qacc|=      89.4 max|qvel|=   2.72 ncon=  6 com_z=0.910 com_x=-0.154
t= 14.00 max|qacc|=      62.3 max|qvel|=   0.51 ncon=  7 com_z=0.883 com_x=-0.161
t= 14.50 max|qacc|=      33.4 max|qvel|=   0.96 ncon=  6 com_z=0.897 com_x=-0.157
t= 15.00 max|qacc|=      15.8 max|qvel|=   0.99 ncon=  6 com_z=0.897 com_x=-0.147
t= 15.50 max|qacc|=     111.0 max|qvel|=   0.96 ncon=  5 com_z=0.889 com_x=-0.154
t= 16.00 max|qacc|=      27.3 max|qvel|=   0.93 ncon=  4 com_z=0.908 com_x=-0.127
t= 16.50 max|qacc|=     135.0 max|qvel|=   2.62 ncon=  2 com_z=0.916 com_x=-0.105
t= 17.00 max|qacc|=       3.3 max|qvel|=   0.55 ncon=  4 com_z=0.933 com_x=-0.088
t= 17.50 max|qacc|=     141.2 max|qvel|=   0.43 ncon=  5 com_z=0.931 com_x=-0.084
t= 18.00 max|qacc|=      14.2 max|qvel|=   0.51 ncon=  6 com_z=0.935 com_x=-0.085
t= 18.50 max|qacc|=      24.1 max|qvel|=   0.29 ncon=  6 com_z=0.931 com_x=-0.088
t= 19.00 max|qacc|=     143.0 max|qvel|=   0.54 ncon=  5 com_z=0.933 com_x=-0.089
t= 19.50 max|qacc|=      28.2 max|qvel|=   0.28 ncon=  5 com_z=0.931 com_x=-0.090
t= 20.00 max|qacc|=      44.5 max|qvel|=   0.42 ncon=  6 com_z=0.930 com_x=-0.088
t= 20.50 max|qacc|=      19.7 max|qvel|=   0.43 ncon=  6 com_z=0.931 com_x=-0.084
t= 21.00 max|qacc|=     160.0 max|qvel|=   0.71 ncon=  6 com_z=0.930 com_x=-0.083
t= 21.50 max|qacc|=      23.2 max|qvel|=   0.33 ncon=  5 com_z=0.931 com_x=-0.079

== summary ==
pelvis/COM height: start 0.96 m, min 0.87 m, final 0.93 m  (stayed up)
COM x: min -0.26 max -0.08 final -0.08 m
COM y: min -0.085 max +0.089 m
RG_F_r bursts during walk window: 5
RG_r: cycles in window 5, period 2.25 s (0.44 Hz), E-duty 0.11
RG_l: cycles in window 5, period 2.25 s (0.44 Hz), E-duty 0.04
peak ctrl: [0.37 0.94 0.88 0.7  0.59 0.82 0.73 0.5  0.59 0.38 0.42 1.   0.95 0.75
 0.53 0.81 0.76 0.56 0.54 0.32] (('vas_lat_r', 'med_gas_r', 'soleus_r', 'tib_ant_r', 'psoas_r', 'semimem_r', 'glut_max2_r', 'rect_fem_r', 'sar_r', 'grac_r', 'vas_lat_l', 'med_gas_l', 'soleus_l', 'tib_ant_l', 'psoas_l', 'semimem_l', 'glut_max2_l', 'rect_fem_l', 'sar_l', 'grac_l'))
  hip_flexion_r         -0.2 ..    17.0 deg
  knee_angle_r          -0.0 ..    11.5 deg
  ankle_angle_r        -44.5 ..     0.0 deg
  hip_adduction_r       -6.7 ..     7.8 deg
  subtalar_angle_r      -1.9 ..    12.9 deg
  hip_flexion_l         -4.6 ..    15.9 deg
  knee_angle_l          -1.6 ..    11.5 deg
  ankle_angle_l        -48.2 ..     0.0 deg
  hip_adduction_l       -5.8 ..    11.1 deg
  subtalar_angle_l       0.0 ..    14.0 deg
  pelvis_tilt           -0.5 ..    30.8 deg
  pelvis_list           -7.4 ..     6.8 deg
  pelvis_rotation       -1.7 ..     1.9 deg
saved spinal_run.npz
saved spinal_run.png
csv: trial=71 run=full22 kine_score=-62.752 duty=0.175 knee_min=9.99 cadence=0.400 stayed_up=True
full22 capture: trial 71 kine_score -62.752 -> v7_best_trial71.npz
standing solve: nnls x in [0.00, 0.59], >0.1: 8 muscles
  top: tib_ant_r=0.59, tib_ant_l=0.58, ext_dig_r=0.36, ext_dig_l=0.36, per_tert_r=0.18, per_tert_l=0.17, ext_hal_r=0.15, ext_hal_l=0.15
Fmax range: 5..3396 N | L range sample: [0.229942 0.326094]
csv: trial=72 run=eval kine_score=-63.240 duty=0.196 knee_min=10.04 cadence=0.267 stayed_up=True
standing solve: nnls x in [0.00, 0.59], >0.1: 16 muscles
  top: tib_ant_r=0.59, tib_ant_l=0.58, ext_dig_r=0.37, ext_dig_l=0.37, per_tert_r=0.17, per_tert_l=0.17, ext_hal_r=0.16, ext_hal_l=0.15
Fmax range: 5..3396 N | L range sample: [0.229942 0.326094]
csv: trial=73 run=eval kine_score=-25.000 duty=nan knee_min=nan cadence=0.000 stayed_up=True
standing solve: nnls x in [0.00, 0.59], >0.1: 16 muscles
  top: tib_ant_r=0.59, tib_ant_l=0.58, ext_dig_r=0.37, ext_dig_l=0.37, per_tert_r=0.17, per_tert_l=0.17, ext_hal_r=0.15, ext_hal_l=0.15
Fmax range: 5..3396 N | L range sample: [0.229942 0.326094]
csv: trial=74 run=eval kine_score=-63.494 duty=0.205 knee_min=10.05 cadence=0.400 stayed_up=True
standing solve: nnls x in [0.00, 0.59], >0.1: 16 muscles
  top: tib_ant_r=0.59, tib_ant_l=0.58, ext_dig_r=0.37, ext_dig_l=0.37, per_tert_r=0.17, per_tert_l=0.17, ext_hal_r=0.16, ext_hal_l=0.16
Fmax range: 5..3396 N | L range sample: [0.229942 0.326094]
csv: trial=75 run=eval kine_score=-62.927 duty=0.207 knee_min=9.99 cadence=0.267 stayed_up=True
standing solve: nnls x in [0.00, 0.59], >0.1: 16 muscles
  top: tib_ant_r=0.59, tib_ant_l=0.58, ext_dig_r=0.37, ext_dig_l=0.37, per_tert_r=0.17, per_tert_l=0.17, ext_hal_r=0.16, ext_hal_l=0.15
Fmax range: 5..3396 N | L range sample: [0.229942 0.326094]
csv: trial=76 run=eval kine_score=-64.013 duty=0.207 knee_min=10.03 cadence=0.400 stayed_up=True
standing solve: nnls x in [0.00, 0.59], >0.1: 20 muscles
  top: tib_ant_r=0.59, tib_ant_l=0.59, ext_dig_r=0.38, ext_dig_l=0.38, per_tert_r=0.17, per_tert_l=0.17, ext_hal_r=0.17, ext_hal_l=0.17
Fmax range: 5..3396 N | L range sample: [0.229942 0.326094]
csv: trial=77 run=eval kine_score=-63.520 duty=0.155 knee_min=9.98 cadence=0.267 stayed_up=True
standing solve: nnls x in [0.00, 0.59], >0.1: 16 muscles
  top: tib_ant_r=0.59, tib_ant_l=0.58, ext_dig_r=0.37, ext_dig_l=0.37, per_tert_r=0.17, per_tert_l=0.17, ext_hal_r=0.16, ext_hal_l=0.16
Fmax range: 5..3396 N | L range sample: [0.229942 0.326094]
csv: trial=78 run=eval kine_score=-25.000 duty=nan knee_min=nan cadence=0.000 stayed_up=True
standing solve: nnls x in [0.00, 0.59], >0.1: 8 muscles
  top: tib_ant_r=0.59, tib_ant_l=0.58, ext_dig_r=0.36, ext_dig_l=0.36, per_tert_r=0.18, per_tert_l=0.18, ext_hal_r=0.14, ext_hal_l=0.14
Fmax range: 5..3396 N | L range sample: [0.229942 0.326094]
csv: trial=79 run=eval kine_score=-63.363 duty=0.204 knee_min=10.04 cadence=0.400 stayed_up=True
standing solve: nnls x in [0.00, 0.59], >0.1: 8 muscles
  top: tib_ant_r=0.59, tib_ant_l=0.58, ext_dig_r=0.36, ext_dig_l=0.36, per_tert_r=0.18, per_tert_l=0.18, ext_hal_r=0.14, ext_hal_l=0.14
Fmax range: 5..3396 N | L range sample: [0.229942 0.326094]
csv: trial=80 run=eval kine_score=-63.486 duty=0.215 knee_min=10.06 cadence=0.267 stayed_up=True
standing solve: nnls x in [0.00, 0.59], >0.1: 28 muscles
  top: tib_ant_r=0.59, tib_ant_l=0.59, ext_dig_r=0.38, ext_dig_l=0.38, ext_hal_r=0.17, ext_hal_l=0.17, per_tert_r=0.17, per_tert_l=0.17
Fmax range: 5..3396 N | L range sample: [0.229942 0.326094]
csv: trial=81 run=eval kine_score=-62.963 duty=0.197 knee_min=10.02 cadence=0.400 stayed_up=True
standing solve: nnls x in [0.00, 0.59], >0.1: 16 muscles
  top: tib_ant_r=0.59, tib_ant_l=0.58, ext_dig_r=0.37, ext_dig_l=0.37, per_tert_r=0.17, per_tert_l=0.17, ext_hal_r=0.16, ext_hal_l=0.15
Fmax range: 5..3396 N | L range sample: [0.229942 0.326094]
csv: trial=82 run=eval kine_score=-25.000 duty=nan knee_min=nan cadence=0.000 stayed_up=True
standing solve: nnls x in [0.00, 0.59], >0.1: 20 muscles
  top: tib_ant_r=0.59, tib_ant_l=0.59, ext_dig_r=0.38, ext_dig_l=0.38, per_tert_r=0.17, per_tert_l=0.17, ext_hal_r=0.17, ext_hal_l=0.17
Fmax range: 5..3396 N | L range sample: [0.229942 0.326094]
csv: trial=83 run=eval kine_score=-25.000 duty=nan knee_min=nan cadence=0.000 stayed_up=True
standing solve: nnls x in [0.00, 0.59], >0.1: 8 muscles
  top: tib_ant_r=0.59, tib_ant_l=0.58, ext_dig_r=0.36, ext_dig_l=0.36, per_tert_r=0.18, per_tert_l=0.18, ext_hal_r=0.14, ext_hal_l=0.14
Fmax range: 5..3396 N | L range sample: [0.229942 0.326094]
csv: trial=84 run=eval kine_score=-25.000 duty=nan knee_min=nan cadence=0.000 stayed_up=True
standing solve: nnls x in [0.00, 0.59], >0.1: 16 muscles
  top: tib_ant_r=0.59, tib_ant_l=0.58, ext_dig_r=0.37, ext_dig_l=0.37, per_tert_r=0.17, per_tert_l=0.17, ext_hal_r=0.16, ext_hal_l=0.16
Fmax range: 5..3396 N | L range sample: [0.229942 0.326094]
csv: trial=85 run=eval kine_score=-62.945 duty=0.204 knee_min=9.97 cadence=0.267 stayed_up=True
standing solve: nnls x in [0.00, 0.59], >0.1: 28 muscles
  top: tib_ant_r=0.59, tib_ant_l=0.59, ext_dig_r=0.38, ext_dig_l=0.38, ext_hal_r=0.18, ext_hal_l=0.17, per_tert_r=0.17, per_tert_l=0.17
Fmax range: 5..3396 N | L range sample: [0.229942 0.326094]
csv: trial=86 run=eval kine_score=-62.696 duty=0.203 knee_min=10.01 cadence=0.267 stayed_up=True
NEW GLOBAL BEST -62.696 (trial 86) - running full 22 s capture
standing solve: nnls x in [0.00, 0.59], >0.1: 28 muscles
  top: tib_ant_r=0.59, tib_ant_l=0.59, ext_dig_r=0.38, ext_dig_l=0.38, ext_hal_r=0.18, ext_hal_l=0.17, per_tert_r=0.17, per_tert_l=0.17
Fmax range: 5..3396 N | L range sample: [0.229942 0.326094]
t=  1.00 max|qacc|=       6.3 max|qvel|=   0.82 ncon=  8 com_z=0.939 com_x=-0.145
t=  1.50 max|qacc|=      35.1 max|qvel|=   0.82 ncon=  8 com_z=0.946 com_x=-0.153
t=  2.00 max|qacc|=      43.0 max|qvel|=   0.37 ncon=  8 com_z=0.946 com_x=-0.172
t=  2.50 max|qacc|=      10.9 max|qvel|=   0.33 ncon=  8 com_z=0.943 com_x=-0.187
t=  3.00 max|qacc|=       7.9 max|qvel|=   0.26 ncon=  8 com_z=0.942 com_x=-0.197
t=  3.50 max|qacc|=      18.8 max|qvel|=   0.25 ncon=  8 com_z=0.936 com_x=-0.208
t=  4.00 max|qacc|=       0.6 max|qvel|=   0.28 ncon=  8 com_z=0.925 com_x=-0.224
t=  4.50 max|qacc|=       1.8 max|qvel|=   0.09 ncon=  8 com_z=0.920 com_x=-0.225
t=  5.00 max|qacc|=       6.5 max|qvel|=   1.29 ncon=  8 com_z=0.914 com_x=-0.260
t=  5.50 max|qacc|=       3.7 max|qvel|=   0.18 ncon=  7 com_z=0.880 com_x=-0.274
t=  6.00 max|qacc|=       5.8 max|qvel|=   1.87 ncon=  8 com_z=0.913 com_x=-0.251
t=  6.50 max|qacc|=       4.9 max|qvel|=   0.19 ncon=  7 com_z=0.876 com_x=-0.247
t=  7.00 max|qacc|=      70.2 max|qvel|=   1.80 ncon=  8 com_z=0.916 com_x=-0.220
t=  7.50 max|qacc|=      18.0 max|qvel|=   0.49 ncon=  7 com_z=0.880 com_x=-0.231
t=  8.00 max|qacc|=       1.2 max|qvel|=   1.09 ncon=  7 com_z=0.903 com_x=-0.223
t=  8.50 max|qacc|=       4.5 max|qvel|=   0.96 ncon=  7 com_z=0.902 com_x=-0.205
t=  9.00 max|qacc|=       5.5 max|qvel|=   0.83 ncon=  7 com_z=0.885 com_x=-0.222
t=  9.50 max|qacc|=      24.0 max|qvel|=   1.29 ncon=  8 com_z=0.915 com_x=-0.183
t= 10.00 max|qacc|=      11.7 max|qvel|=   0.31 ncon=  7 com_z=0.878 com_x=-0.209
t= 10.50 max|qacc|=      11.7 max|qvel|=   0.76 ncon=  6 com_z=0.905 com_x=-0.189
t= 11.00 max|qacc|=      75.6 max|qvel|=   0.75 ncon=  7 com_z=0.896 com_x=-0.184
t= 11.50 max|qacc|=       3.5 max|qvel|=   0.76 ncon=  7 com_z=0.887 com_x=-0.192
t= 12.00 max|qacc|=       7.7 max|qvel|=   1.28 ncon=  8 com_z=0.911 com_x=-0.159
t= 12.50 max|qacc|=       3.1 max|qvel|=   0.25 ncon=  7 com_z=0.873 com_x=-0.184
t= 13.00 max|qacc|=      55.6 max|qvel|=   0.81 ncon=  6 com_z=0.906 com_x=-0.157
t= 13.50 max|qacc|=      20.8 max|qvel|=   0.61 ncon=  6 com_z=0.887 com_x=-0.164
t= 14.00 max|qacc|=       0.9 max|qvel|=   0.82 ncon=  6 com_z=0.890 com_x=-0.165
t= 14.50 max|qacc|=       2.9 max|qvel|=   1.19 ncon=  7 com_z=0.906 com_x=-0.141
t= 15.00 max|qacc|=       2.8 max|qvel|=   0.45 ncon=  6 com_z=0.871 com_x=-0.164
t= 15.50 max|qacc|=      41.1 max|qvel|=   1.35 ncon=  7 com_z=0.908 com_x=-0.133
t= 16.00 max|qacc|=       8.5 max|qvel|=   0.65 ncon=  4 com_z=0.889 com_x=-0.138
t= 16.50 max|qacc|=      57.0 max|qvel|=   0.95 ncon=  4 com_z=0.925 com_x=-0.100
t= 17.00 max|qacc|=      52.8 max|qvel|=   0.20 ncon=  6 com_z=0.926 com_x=-0.081
t= 17.50 max|qacc|=       2.1 max|qvel|=   0.43 ncon=  6 com_z=0.929 com_x=-0.078
t= 18.00 max|qacc|=       4.7 max|qvel|=   0.34 ncon=  6 com_z=0.930 com_x=-0.077
t= 18.50 max|qacc|=      69.9 max|qvel|=   0.75 ncon=  6 com_z=0.928 com_x=-0.083
t= 19.00 max|qacc|=       5.6 max|qvel|=   0.34 ncon=  6 com_z=0.929 com_x=-0.083
t= 19.50 max|qacc|=      70.9 max|qvel|=   0.26 ncon=  6 com_z=0.929 com_x=-0.084
t= 20.00 max|qacc|=       6.7 max|qvel|=   0.34 ncon=  6 com_z=0.929 com_x=-0.081
t= 20.50 max|qacc|=      24.3 max|qvel|=   0.50 ncon=  6 com_z=0.929 com_x=-0.082
t= 21.00 max|qacc|=      23.2 max|qvel|=   1.72 ncon=  6 com_z=0.929 com_x=-0.080
t= 21.50 max|qacc|=      30.0 max|qvel|=   0.36 ncon=  6 com_z=0.929 com_x=-0.079

== summary ==
pelvis/COM height: start 0.96 m, min 0.87 m, final 0.93 m  (stayed up)
COM x: min -0.28 max -0.07 final -0.08 m
COM y: min -0.086 max +0.084 m
RG_F_r bursts during walk window: 4
RG_r: cycles in window 5, period 2.41 s (0.41 Hz), E-duty 0.12
RG_l: cycles in window 5, period 2.41 s (0.41 Hz), E-duty 0.04
peak ctrl: [0.39 1.   0.94 0.73 0.67 0.9  0.79 0.55 0.67 0.44 0.45 1.   1.   0.8
 0.6  0.89 0.81 0.62 0.6  0.38] (('vas_lat_r', 'med_gas_r', 'soleus_r', 'tib_ant_r', 'psoas_r', 'semimem_r', 'glut_max2_r', 'rect_fem_r', 'sar_r', 'grac_r', 'vas_lat_l', 'med_gas_l', 'soleus_l', 'tib_ant_l', 'psoas_l', 'semimem_l', 'glut_max2_l', 'rect_fem_l', 'sar_l', 'grac_l'))
  hip_flexion_r         -1.3 ..    18.5 deg
  knee_angle_r          -2.8 ..    11.8 deg
  ankle_angle_r        -45.6 ..     0.0 deg
  hip_adduction_r       -5.8 ..     8.0 deg
  subtalar_angle_r      -2.1 ..    12.1 deg
  hip_flexion_l         -0.1 ..    17.4 deg
  knee_angle_l          -0.0 ..    11.7 deg
  ankle_angle_l        -48.5 ..     0.0 deg
  hip_adduction_l       -5.8 ..     7.4 deg
  subtalar_angle_l       0.0 ..    12.3 deg
  pelvis_tilt           -0.2 ..    33.4 deg
  pelvis_list           -5.9 ..     6.4 deg
  pelvis_rotation       -1.9 ..     2.1 deg
saved spinal_run.npz
saved spinal_run.png
csv: trial=86 run=full22 kine_score=-62.890 duty=0.184 knee_min=9.93 cadence=0.400 stayed_up=True
full22 capture: trial 86 kine_score -62.890 -> v7_best_trial86.npz
standing solve: nnls x in [0.00, 0.59], >0.1: 16 muscles
  top: tib_ant_r=0.59, tib_ant_l=0.58, ext_dig_r=0.37, ext_dig_l=0.37, per_tert_r=0.17, per_tert_l=0.17, ext_hal_r=0.16, ext_hal_l=0.15
Fmax range: 5..3396 N | L range sample: [0.229942 0.326094]
csv: trial=87 run=eval kine_score=-25.000 duty=nan knee_min=nan cadence=0.000 stayed_up=True
standing solve: nnls x in [0.00, 0.59], >0.1: 8 muscles
  top: tib_ant_r=0.59, tib_ant_l=0.58, ext_dig_r=0.36, ext_dig_l=0.36, per_tert_r=0.18, per_tert_l=0.18, ext_hal_r=0.14, ext_hal_l=0.14
Fmax range: 5..3396 N | L range sample: [0.229942 0.326094]
csv: trial=88 run=eval kine_score=-63.913 duty=0.200 knee_min=10.05 cadence=0.400 stayed_up=True
standing solve: nnls x in [0.00, 0.59], >0.1: 23 muscles
  top: tib_ant_r=0.59, tib_ant_l=0.59, ext_dig_r=0.38, ext_dig_l=0.37, per_tert_r=0.17, per_tert_l=0.17, ext_hal_r=0.17, ext_hal_l=0.16
Fmax range: 5..3396 N | L range sample: [0.229942 0.326094]
csv: trial=89 run=eval kine_score=-63.370 duty=0.191 knee_min=10.03 cadence=0.400 stayed_up=True
standing solve: nnls x in [0.00, 0.59], >0.1: 28 muscles
  top: tib_ant_r=0.59, tib_ant_l=0.59, ext_dig_r=0.38, ext_dig_l=0.38, ext_hal_r=0.18, ext_hal_l=0.17, per_tert_r=0.17, per_tert_l=0.17
Fmax range: 5..3396 N | L range sample: [0.229942 0.326094]
csv: trial=90 run=eval kine_score=-63.643 duty=0.207 knee_min=10.02 cadence=0.400 stayed_up=True
standing solve: nnls x in [0.00, 0.59], >0.1: 28 muscles
  top: tib_ant_r=0.59, tib_ant_l=0.59, ext_dig_r=0.38, ext_dig_l=0.38, ext_hal_r=0.18, add_long_l=0.18, glut_min1_l=0.18, ext_hal_l=0.18
Fmax range: 5..3396 N | L range sample: [0.229942 0.326094]
csv: trial=91 run=eval kine_score=-63.257 duty=0.204 knee_min=10.02 cadence=0.400 stayed_up=True
standing solve: nnls x in [0.00, 0.59], >0.1: 34 muscles
  top: tib_ant_r=0.59, tib_ant_l=0.59, ext_dig_r=0.39, ext_dig_l=0.39, add_long_l=0.22, glut_min1_l=0.22, glut_min1_r=0.22, add_long_r=0.21
Fmax range: 5..3396 N | L range sample: [0.229942 0.326094]
csv: trial=92 run=eval kine_score=-25.000 duty=nan knee_min=nan cadence=0.000 stayed_up=True
standing solve: nnls x in [0.00, 0.59], >0.1: 28 muscles
  top: tib_ant_r=0.59, tib_ant_l=0.59, ext_dig_r=0.38, ext_dig_l=0.38, ext_hal_r=0.17, per_tert_r=0.17, per_tert_l=0.17, ext_hal_l=0.17
Fmax range: 5..3396 N | L range sample: [0.229942 0.326094]
csv: trial=93 run=eval kine_score=-62.849 duty=0.202 knee_min=10.00 cadence=0.267 stayed_up=True
standing solve: nnls x in [0.00, 0.59], >0.1: 28 muscles
  top: tib_ant_r=0.59, tib_ant_l=0.59, ext_dig_r=0.39, ext_dig_l=0.39, add_long_l=0.19, glut_min1_l=0.19, glut_min1_r=0.19, add_long_r=0.19
Fmax range: 5..3396 N | L range sample: [0.229942 0.326094]
csv: trial=94 run=eval kine_score=-62.692 duty=0.197 knee_min=10.00 cadence=0.267 stayed_up=True
NEW GLOBAL BEST -62.692 (trial 94) - running full 22 s capture
standing solve: nnls x in [0.00, 0.59], >0.1: 28 muscles
  top: tib_ant_r=0.59, tib_ant_l=0.59, ext_dig_r=0.39, ext_dig_l=0.39, add_long_l=0.19, glut_min1_l=0.19, glut_min1_r=0.19, add_long_r=0.19
Fmax range: 5..3396 N | L range sample: [0.229942 0.326094]
t=  1.00 max|qacc|=       8.6 max|qvel|=   0.84 ncon= 10 com_z=0.939 com_x=-0.146
t=  1.50 max|qacc|=       8.6 max|qvel|=   0.60 ncon=  8 com_z=0.945 com_x=-0.155
t=  2.00 max|qacc|=      15.4 max|qvel|=   0.41 ncon=  8 com_z=0.943 com_x=-0.174
t=  2.50 max|qacc|=       8.2 max|qvel|=   0.44 ncon=  8 com_z=0.941 com_x=-0.190
t=  3.00 max|qacc|=       8.3 max|qvel|=   0.24 ncon=  8 com_z=0.940 com_x=-0.202
t=  3.50 max|qacc|=      24.5 max|qvel|=   0.22 ncon=  8 com_z=0.933 com_x=-0.213
t=  4.00 max|qacc|=       0.8 max|qvel|=   0.25 ncon=  8 com_z=0.924 com_x=-0.231
t=  4.50 max|qacc|=       1.1 max|qvel|=   0.09 ncon=  8 com_z=0.919 com_x=-0.233
t=  5.00 max|qacc|=       7.4 max|qvel|=   1.29 ncon=  8 com_z=0.910 com_x=-0.269
t=  5.50 max|qacc|=       3.6 max|qvel|=   0.22 ncon=  7 com_z=0.878 com_x=-0.281
t=  6.00 max|qacc|=       9.8 max|qvel|=   1.86 ncon=  8 com_z=0.911 com_x=-0.256
t=  6.50 max|qacc|=       4.8 max|qvel|=   0.26 ncon=  7 com_z=0.874 com_x=-0.252
t=  7.00 max|qacc|=      41.7 max|qvel|=   1.77 ncon=  8 com_z=0.915 com_x=-0.223
t=  7.50 max|qacc|=      15.3 max|qvel|=   0.44 ncon=  7 com_z=0.876 com_x=-0.237
t=  8.00 max|qacc|=      58.6 max|qvel|=   1.06 ncon=  7 com_z=0.904 com_x=-0.224
t=  8.50 max|qacc|=      22.2 max|qvel|=   0.82 ncon=  7 com_z=0.896 com_x=-0.212
t=  9.00 max|qacc|=      25.1 max|qvel|=   0.89 ncon=  7 com_z=0.886 com_x=-0.224
t=  9.50 max|qacc|=      27.2 max|qvel|=   1.26 ncon=  8 com_z=0.912 com_x=-0.185
t= 10.00 max|qacc|=      46.9 max|qvel|=   0.29 ncon=  7 com_z=0.874 com_x=-0.213
t= 10.50 max|qacc|=      29.8 max|qvel|=   0.92 ncon=  6 com_z=0.906 com_x=-0.186
t= 11.00 max|qacc|=       3.7 max|qvel|=   0.63 ncon=  7 com_z=0.888 com_x=-0.189
t= 11.50 max|qacc|=       1.3 max|qvel|=   0.80 ncon=  7 com_z=0.889 com_x=-0.190
t= 12.00 max|qacc|=       5.7 max|qvel|=   1.19 ncon=  7 com_z=0.906 com_x=-0.162
t= 12.50 max|qacc|=      52.8 max|qvel|=   0.45 ncon=  6 com_z=0.871 com_x=-0.185
t= 13.00 max|qacc|=      54.3 max|qvel|=   3.33 ncon=  6 com_z=0.908 com_x=-0.151
t= 13.50 max|qacc|=       9.5 max|qvel|=   0.50 ncon=  6 com_z=0.878 com_x=-0.169
t= 14.00 max|qacc|=      99.7 max|qvel|=   0.82 ncon=  6 com_z=0.894 com_x=-0.160
t= 14.50 max|qacc|=       3.9 max|qvel|=   1.00 ncon=  7 com_z=0.897 com_x=-0.146
t= 15.00 max|qacc|=      15.7 max|qvel|=   0.63 ncon=  6 com_z=0.873 com_x=-0.163
t= 15.50 max|qacc|=      13.1 max|qvel|=   1.29 ncon=  7 com_z=0.906 com_x=-0.130
t= 16.00 max|qacc|=       7.5 max|qvel|=   0.62 ncon=  4 com_z=0.885 com_x=-0.141
t= 16.50 max|qacc|=       5.6 max|qvel|=   0.88 ncon=  5 com_z=0.925 com_x=-0.098
t= 17.00 max|qacc|=      11.1 max|qvel|=   0.35 ncon=  6 com_z=0.925 com_x=-0.078
t= 17.50 max|qacc|=      11.4 max|qvel|=   0.46 ncon=  6 com_z=0.931 com_x=-0.072
t= 18.00 max|qacc|=      34.3 max|qvel|=   0.53 ncon=  6 com_z=0.930 com_x=-0.070
t= 18.50 max|qacc|=       2.8 max|qvel|=   0.18 ncon=  7 com_z=0.928 com_x=-0.076
t= 19.00 max|qacc|=       4.8 max|qvel|=   0.33 ncon=  6 com_z=0.928 com_x=-0.081
t= 19.50 max|qacc|=      22.0 max|qvel|=   0.60 ncon=  6 com_z=0.927 com_x=-0.087
t= 20.00 max|qacc|=     126.3 max|qvel|=   0.90 ncon=  6 com_z=0.927 com_x=-0.086
t= 20.50 max|qacc|=      33.3 max|qvel|=   0.33 ncon=  6 com_z=0.927 com_x=-0.084
t= 21.00 max|qacc|=       7.9 max|qvel|=   0.17 ncon=  6 com_z=0.926 com_x=-0.085
t= 21.50 max|qacc|=       2.6 max|qvel|=   0.28 ncon=  6 com_z=0.926 com_x=-0.084

== summary ==
pelvis/COM height: start 0.96 m, min 0.87 m, final 0.93 m  (stayed up)
COM x: min -0.29 max -0.07 final -0.08 m
COM y: min -0.085 max +0.082 m
RG_F_r bursts during walk window: 4
RG_r: cycles in window 5, period 2.40 s (0.42 Hz), E-duty 0.11
RG_l: cycles in window 5, period 2.40 s (0.42 Hz), E-duty 0.04
peak ctrl: [0.41 1.   1.   0.77 0.72 0.94 0.83 0.58 0.72 0.49 0.46 1.   1.   0.84
 0.65 0.94 0.85 0.65 0.65 0.42] (('vas_lat_r', 'med_gas_r', 'soleus_r', 'tib_ant_r', 'psoas_r', 'semimem_r', 'glut_max2_r', 'rect_fem_r', 'sar_r', 'grac_r', 'vas_lat_l', 'med_gas_l', 'soleus_l', 'tib_ant_l', 'psoas_l', 'semimem_l', 'glut_max2_l', 'rect_fem_l', 'sar_l', 'grac_l'))
  hip_flexion_r         -0.6 ..    19.1 deg
  knee_angle_r          -1.0 ..    11.9 deg
  ankle_angle_r        -47.1 ..     0.0 deg
  hip_adduction_r       -5.7 ..     7.1 deg
  subtalar_angle_r      -2.1 ..    11.6 deg
  hip_flexion_l         -0.0 ..    18.1 deg
  knee_angle_l          -0.0 ..    11.6 deg
  ankle_angle_l        -49.9 ..     0.0 deg
  hip_adduction_l       -5.8 ..     6.7 deg
  subtalar_angle_l       0.0 ..    11.6 deg
  pelvis_tilt           -0.1 ..    34.5 deg
  pelvis_list           -5.6 ..     6.2 deg
  pelvis_rotation       -1.9 ..     2.2 deg
saved spinal_run.npz
saved spinal_run.png
csv: trial=94 run=full22 kine_score=-62.894 duty=0.179 knee_min=9.96 cadence=0.400 stayed_up=True
full22 capture: trial 94 kine_score -62.894 -> v7_best_trial94.npz
standing solve: nnls x in [0.00, 0.59], >0.1: 20 muscles
  top: tib_ant_r=0.59, tib_ant_l=0.59, ext_dig_r=0.38, ext_dig_l=0.38, per_tert_r=0.17, per_tert_l=0.17, ext_hal_r=0.17, ext_hal_l=0.17
Fmax range: 5..3396 N | L range sample: [0.229942 0.326094]
csv: trial=95 run=eval kine_score=-63.196 duty=0.185 knee_min=10.00 cadence=0.267 stayed_up=True
standing solve: nnls x in [0.00, 0.59], >0.1: 16 muscles
  top: tib_ant_r=0.59, tib_ant_l=0.58, ext_dig_r=0.37, ext_dig_l=0.37, per_tert_r=0.17, per_tert_l=0.17, ext_hal_r=0.16, ext_hal_l=0.16
Fmax range: 5..3396 N | L range sample: [0.229942 0.326094]
csv: trial=96 run=eval kine_score=-63.666 duty=0.201 knee_min=10.01 cadence=0.400 stayed_up=True
standing solve: nnls x in [0.00, 0.59], >0.1: 28 muscles
  top: tib_ant_r=0.59, tib_ant_l=0.59, ext_dig_r=0.38, ext_dig_l=0.38, ext_hal_r=0.18, ext_hal_l=0.17, per_tert_r=0.17, per_tert_l=0.17
Fmax range: 5..3396 N | L range sample: [0.229942 0.326094]
csv: trial=97 run=eval kine_score=-62.752 duty=0.196 knee_min=10.03 cadence=0.267 stayed_up=True
standing solve: nnls x in [0.00, 0.59], >0.1: 28 muscles
  top: tib_ant_r=0.59, tib_ant_l=0.59, ext_dig_r=0.38, ext_dig_l=0.38, ext_hal_r=0.18, ext_hal_l=0.18, glut_min1_l=0.18, add_long_l=0.18
Fmax range: 5..3396 N | L range sample: [0.229942 0.326094]
csv: trial=98 run=eval kine_score=-63.435 duty=0.151 knee_min=10.00 cadence=0.267 stayed_up=True
standing solve: nnls x in [0.00, 0.59], >0.1: 30 muscles
  top: tib_ant_r=0.59, tib_ant_l=0.59, ext_dig_r=0.39, ext_dig_l=0.39, add_long_l=0.20, glut_min1_l=0.20, glut_min1_r=0.20, glut_min3_l=0.20
Fmax range: 5..3396 N | L range sample: [0.229942 0.326094]
csv: trial=99 run=eval kine_score=-25.000 duty=nan knee_min=nan cadence=0.000 stayed_up=True
standing solve: nnls x in [0.00, 0.59], >0.1: 16 muscles
  top: tib_ant_r=0.59, tib_ant_l=0.58, ext_dig_r=0.37, ext_dig_l=0.37, per_tert_r=0.17, per_tert_l=0.17, ext_hal_r=0.16, ext_hal_l=0.16
Fmax range: 5..3396 N | L range sample: [0.229942 0.326094]
csv: trial=100 run=eval kine_score=-62.523 duty=0.202 knee_min=10.04 cadence=0.267 stayed_up=True
NEW GLOBAL BEST -62.523 (trial 100) - running full 22 s capture
standing solve: nnls x in [0.00, 0.59], >0.1: 16 muscles
  top: tib_ant_r=0.59, tib_ant_l=0.58, ext_dig_r=0.37, ext_dig_l=0.37, per_tert_r=0.17, per_tert_l=0.17, ext_hal_r=0.16, ext_hal_l=0.16
Fmax range: 5..3396 N | L range sample: [0.229942 0.326094]
t=  1.00 max|qacc|=      29.9 max|qvel|=   0.66 ncon=  8 com_z=0.941 com_x=-0.142
t=  1.50 max|qacc|=      29.4 max|qvel|=   0.79 ncon=  8 com_z=0.949 com_x=-0.152
t=  2.00 max|qacc|=      14.4 max|qvel|=   0.45 ncon=  8 com_z=0.946 com_x=-0.171
t=  2.50 max|qacc|=      36.9 max|qvel|=   0.28 ncon=  8 com_z=0.946 com_x=-0.184
t=  3.00 max|qacc|=      34.0 max|qvel|=   0.22 ncon=  8 com_z=0.943 com_x=-0.193
t=  3.50 max|qacc|=      27.6 max|qvel|=   0.25 ncon=  8 com_z=0.937 com_x=-0.203
t=  4.00 max|qacc|=      23.2 max|qvel|=   0.27 ncon=  8 com_z=0.930 com_x=-0.213
t=  4.50 max|qacc|=       1.2 max|qvel|=   0.17 ncon=  8 com_z=0.922 com_x=-0.217
t=  5.00 max|qacc|=       5.9 max|qvel|=   1.30 ncon=  8 com_z=0.922 com_x=-0.238
t=  5.50 max|qacc|=       3.8 max|qvel|=   0.21 ncon=  7 com_z=0.887 com_x=-0.255
t=  6.00 max|qacc|=      91.9 max|qvel|=   1.87 ncon=  8 com_z=0.917 com_x=-0.236
t=  6.50 max|qacc|=       5.8 max|qvel|=   0.24 ncon=  7 com_z=0.883 com_x=-0.233
t=  7.00 max|qacc|=     170.2 max|qvel|=   3.01 ncon=  7 com_z=0.918 com_x=-0.210
t=  7.50 max|qacc|=       4.8 max|qvel|=   0.56 ncon=  7 com_z=0.889 com_x=-0.219
t=  8.00 max|qacc|=      10.5 max|qvel|=   1.07 ncon=  7 com_z=0.904 com_x=-0.214
t=  8.50 max|qacc|=       3.9 max|qvel|=   1.18 ncon=  7 com_z=0.911 com_x=-0.199
t=  9.00 max|qacc|=       8.5 max|qvel|=   0.66 ncon=  7 com_z=0.886 com_x=-0.214
t=  9.50 max|qacc|=     119.9 max|qvel|=   1.34 ncon=  8 com_z=0.923 com_x=-0.173
t= 10.00 max|qacc|=       5.1 max|qvel|=   0.37 ncon=  7 com_z=0.884 com_x=-0.201
t= 10.50 max|qacc|=       7.9 max|qvel|=   0.84 ncon=  6 com_z=0.905 com_x=-0.186
t= 11.00 max|qacc|=       8.1 max|qvel|=   1.04 ncon=  7 com_z=0.910 com_x=-0.168
t= 11.50 max|qacc|=      12.3 max|qvel|=   0.61 ncon=  7 com_z=0.886 com_x=-0.187
t= 12.00 max|qacc|=      61.8 max|qvel|=   1.27 ncon=  8 com_z=0.918 com_x=-0.151
t= 12.50 max|qacc|=       3.8 max|qvel|=   0.38 ncon=  7 com_z=0.882 com_x=-0.173
t= 13.00 max|qacc|=       3.8 max|qvel|=   0.82 ncon=  6 com_z=0.904 com_x=-0.161
t= 13.50 max|qacc|=       8.3 max|qvel|=   0.97 ncon=  6 com_z=0.904 com_x=-0.150
t= 14.00 max|qacc|=       7.0 max|qvel|=   0.68 ncon=  6 com_z=0.886 com_x=-0.165
t= 14.50 max|qacc|=      24.1 max|qvel|=   1.28 ncon=  8 com_z=0.916 com_x=-0.131
t= 15.00 max|qacc|=       4.5 max|qvel|=   0.28 ncon=  6 com_z=0.878 com_x=-0.157
t= 15.50 max|qacc|=      43.8 max|qvel|=   2.44 ncon=  6 com_z=0.907 com_x=-0.138
t= 16.00 max|qacc|=      12.3 max|qvel|=   0.57 ncon=  4 com_z=0.901 com_x=-0.127
t= 16.50 max|qacc|=      19.9 max|qvel|=   0.91 ncon=  2 com_z=0.925 com_x=-0.102
t= 17.00 max|qacc|=       4.1 max|qvel|=   0.35 ncon=  5 com_z=0.931 com_x=-0.083
t= 17.50 max|qacc|=      23.9 max|qvel|=   0.56 ncon=  5 com_z=0.933 com_x=-0.078
t= 18.00 max|qacc|=      10.9 max|qvel|=   0.37 ncon=  6 com_z=0.935 com_x=-0.079
t= 18.50 max|qacc|=      18.7 max|qvel|=   1.99 ncon=  6 com_z=0.932 com_x=-0.084
t= 19.00 max|qacc|=       7.2 max|qvel|=   0.30 ncon=  6 com_z=0.931 com_x=-0.086
t= 19.50 max|qacc|=       3.5 max|qvel|=   0.33 ncon=  6 com_z=0.930 com_x=-0.087
t= 20.00 max|qacc|=       7.5 max|qvel|=   0.37 ncon=  6 com_z=0.932 com_x=-0.083
t= 20.50 max|qacc|=      18.7 max|qvel|=   0.42 ncon=  5 com_z=0.932 com_x=-0.079
t= 21.00 max|qacc|=      26.0 max|qvel|=   1.56 ncon=  5 com_z=0.932 com_x=-0.078
t= 21.50 max|qacc|=      30.6 max|qvel|=   0.55 ncon=  6 com_z=0.932 com_x=-0.077

== summary ==
pelvis/COM height: start 0.96 m, min 0.88 m, final 0.93 m  (stayed up)
COM x: min -0.26 max -0.08 final -0.08 m
COM y: min -0.087 max +0.086 m
RG_F_r bursts during walk window: 4
RG_r: cycles in window 5, period 2.43 s (0.41 Hz), E-duty 0.12
RG_l: cycles in window 5, period 2.43 s (0.41 Hz), E-duty 0.04
peak ctrl: [0.37 0.9  0.84 0.68 0.56 0.77 0.71 0.49 0.56 0.35 0.42 0.98 0.92 0.72
 0.5  0.77 0.75 0.55 0.51 0.3 ] (('vas_lat_r', 'med_gas_r', 'soleus_r', 'tib_ant_r', 'psoas_r', 'semimem_r', 'glut_max2_r', 'rect_fem_r', 'sar_r', 'grac_r', 'vas_lat_l', 'med_gas_l', 'soleus_l', 'tib_ant_l', 'psoas_l', 'semimem_l', 'glut_max2_l', 'rect_fem_l', 'sar_l', 'grac_l'))
  hip_flexion_r         -4.5 ..    16.8 deg
  knee_angle_r          -4.3 ..    11.6 deg
  ankle_angle_r        -43.8 ..     0.0 deg
  hip_adduction_r       -6.2 ..     9.5 deg
  subtalar_angle_r      -1.6 ..    13.1 deg
  hip_flexion_l         -0.2 ..    15.8 deg
  knee_angle_l          -0.0 ..    11.6 deg
  ankle_angle_l        -47.0 ..     0.0 deg
  hip_adduction_l       -5.9 ..     8.6 deg
  subtalar_angle_l       0.0 ..    13.8 deg
  pelvis_tilt           -0.5 ..    30.8 deg
  pelvis_list           -6.7 ..     7.0 deg
  pelvis_rotation       -1.9 ..     1.9 deg
saved spinal_run.npz
saved spinal_run.png
csv: trial=100 run=full22 kine_score=-62.691 duty=0.184 knee_min=9.98 cadence=0.400 stayed_up=True
full22 capture: trial 100 kine_score -62.691 -> v7_best_trial100.npz
standing solve: nnls x in [0.00, 0.59], >0.1: 27 muscles
  top: tib_ant_r=0.59, tib_ant_l=0.59, ext_dig_r=0.38, ext_dig_l=0.38, per_tert_r=0.17, ext_hal_r=0.17, per_tert_l=0.17, ext_hal_l=0.17
Fmax range: 5..3396 N | L range sample: [0.229942 0.326094]
csv: trial=101 run=eval kine_score=-25.000 duty=nan knee_min=nan cadence=0.000 stayed_up=True
standing solve: nnls x in [0.00, 0.59], >0.1: 16 muscles
  top: tib_ant_r=0.59, tib_ant_l=0.58, ext_dig_r=0.37, ext_dig_l=0.37, per_tert_r=0.17, per_tert_l=0.17, ext_hal_r=0.16, ext_hal_l=0.15
Fmax range: 5..3396 N | L range sample: [0.229942 0.326094]
csv: trial=102 run=eval kine_score=-62.730 duty=0.196 knee_min=10.04 cadence=0.267 stayed_up=True
standing solve: nnls x in [0.00, 0.59], >0.1: 16 muscles
  top: tib_ant_r=0.59, tib_ant_l=0.58, ext_dig_r=0.37, ext_dig_l=0.37, per_tert_r=0.17, per_tert_l=0.17, ext_hal_r=0.16, ext_hal_l=0.15
Fmax range: 5..3396 N | L range sample: [0.229942 0.326094]
csv: trial=103 run=eval kine_score=-25.000 duty=nan knee_min=nan cadence=0.000 stayed_up=True
standing solve: nnls x in [0.00, 0.59], >0.1: 16 muscles
  top: tib_ant_r=0.59, tib_ant_l=0.58, ext_dig_r=0.37, ext_dig_l=0.37, per_tert_r=0.17, per_tert_l=0.17, ext_hal_r=0.16, ext_hal_l=0.15
Fmax range: 5..3396 N | L range sample: [0.229942 0.326094]
csv: trial=104 run=eval kine_score=-63.277 duty=0.200 knee_min=10.04 cadence=0.400 stayed_up=True
standing solve: nnls x in [0.00, 0.59], >0.1: 19 muscles
  top: tib_ant_r=0.59, tib_ant_l=0.59, ext_dig_r=0.38, ext_dig_l=0.38, per_tert_r=0.17, per_tert_l=0.17, ext_hal_r=0.17, ext_hal_l=0.17
Fmax range: 5..3396 N | L range sample: [0.229942 0.326094]
csv: trial=105 run=eval kine_score=-62.689 duty=0.195 knee_min=10.01 cadence=0.267 stayed_up=True
standing solve: nnls x in [0.00, 0.59], >0.1: 28 muscles
  top: tib_ant_r=0.59, tib_ant_l=0.59, ext_dig_r=0.38, ext_dig_l=0.38, ext_hal_r=0.18, ext_hal_l=0.18, glut_min1_l=0.17, add_long_l=0.17
Fmax range: 5..3396 N | L range sample: [0.229942 0.326094]
csv: trial=106 run=eval kine_score=-25.000 duty=nan knee_min=nan cadence=0.000 stayed_up=True
standing solve: nnls x in [0.00, 0.59], >0.1: 16 muscles
  top: tib_ant_r=0.59, tib_ant_l=0.58, ext_dig_r=0.37, ext_dig_l=0.37, per_tert_r=0.17, per_tert_l=0.17, ext_hal_r=0.16, ext_hal_l=0.16
Fmax range: 5..3396 N | L range sample: [0.229942 0.326094]
csv: trial=107 run=eval kine_score=-25.000 duty=nan knee_min=nan cadence=0.000 stayed_up=True
standing solve: nnls x in [0.00, 0.59], >0.1: 20 muscles
  top: tib_ant_r=0.59, tib_ant_l=0.59, ext_dig_r=0.38, ext_dig_l=0.38, per_tert_r=0.17, per_tert_l=0.17, ext_hal_r=0.17, ext_hal_l=0.17
Fmax range: 5..3396 N | L range sample: [0.229942 0.326094]
csv: trial=108 run=eval kine_score=-25.000 duty=nan knee_min=nan cadence=0.000 stayed_up=True
standing solve: nnls x in [0.00, 0.59], >0.1: 22 muscles
  top: tib_ant_r=0.59, tib_ant_l=0.59, ext_dig_r=0.38, ext_dig_l=0.38, ext_hal_r=0.17, ext_hal_l=0.17, per_tert_r=0.17, per_tert_l=0.17
Fmax range: 5..3396 N | L range sample: [0.229942 0.326094]
csv: trial=109 run=eval kine_score=-25.000 duty=nan knee_min=nan cadence=0.000 stayed_up=True
standing solve: nnls x in [0.00, 0.59], >0.1: 16 muscles
  top: tib_ant_r=0.59, tib_ant_l=0.58, ext_dig_r=0.37, ext_dig_l=0.37, per_tert_r=0.17, per_tert_l=0.17, ext_hal_r=0.16, ext_hal_l=0.16
Fmax range: 5..3396 N | L range sample: [0.229942 0.326094]
csv: trial=110 run=eval kine_score=-62.749 duty=0.210 knee_min=9.98 cadence=0.267 stayed_up=True
standing solve: nnls x in [0.00, 0.59], >0.1: 16 muscles
  top: tib_ant_r=0.59, tib_ant_l=0.58, ext_dig_r=0.37, ext_dig_l=0.37, per_tert_r=0.17, per_tert_l=0.17, ext_hal_r=0.16, ext_hal_l=0.15
Fmax range: 5..3396 N | L range sample: [0.229942 0.326094]
csv: trial=111 run=eval kine_score=-63.010 duty=0.215 knee_min=10.01 cadence=0.267 stayed_up=True
standing solve: nnls x in [0.00, 0.59], >0.1: 21 muscles
  top: tib_ant_r=0.59, tib_ant_l=0.59, ext_dig_r=0.38, ext_dig_l=0.38, per_tert_r=0.17, per_tert_l=0.17, ext_hal_r=0.17, ext_hal_l=0.17
Fmax range: 5..3396 N | L range sample: [0.229942 0.326094]
csv: trial=112 run=eval kine_score=-62.622 duty=0.208 knee_min=10.03 cadence=0.267 stayed_up=True
standing solve: nnls x in [0.00, 0.59], >0.1: 28 muscles
  top: tib_ant_r=0.59, tib_ant_l=0.59, ext_dig_r=0.38, ext_dig_l=0.38, ext_hal_r=0.18, ext_hal_l=0.18, per_tert_r=0.17, per_tert_l=0.17
Fmax range: 5..3396 N | L range sample: [0.229942 0.326094]
csv: trial=113 run=eval kine_score=-25.000 duty=nan knee_min=nan cadence=0.000 stayed_up=True
standing solve: nnls x in [0.00, 0.59], >0.1: 30 muscles
  top: tib_ant_r=0.59, tib_ant_l=0.59, ext_dig_r=0.39, ext_dig_l=0.39, glut_min1_l=0.20, add_long_l=0.19, glut_min1_r=0.19, glut_min3_l=0.19
Fmax range: 5..3396 N | L range sample: [0.229942 0.326094]
csv: trial=114 run=eval kine_score=-63.023 duty=0.191 knee_min=9.98 cadence=0.400 stayed_up=True
standing solve: nnls x in [0.00, 0.59], >0.1: 28 muscles
  top: tib_ant_r=0.59, tib_ant_l=0.59, ext_dig_r=0.39, ext_dig_l=0.38, add_long_l=0.19, glut_min1_l=0.19, ext_hal_r=0.18, glut_min1_r=0.18
Fmax range: 5..3396 N | L range sample: [0.229942 0.326094]
csv: trial=115 run=eval kine_score=-62.758 duty=0.199 knee_min=10.03 cadence=0.267 stayed_up=True
standing solve: nnls x in [0.00, 0.59], >0.1: 21 muscles
  top: tib_ant_r=0.59, tib_ant_l=0.59, ext_dig_r=0.38, ext_dig_l=0.38, per_tert_r=0.17, per_tert_l=0.17, ext_hal_r=0.17, ext_hal_l=0.17
Fmax range: 5..3396 N | L range sample: [0.229942 0.326094]
csv: trial=116 run=eval kine_score=-62.803 duty=0.203 knee_min=10.04 cadence=0.267 stayed_up=True
standing solve: nnls x in [0.00, 0.59], >0.1: 15 muscles
  top: tib_ant_r=0.59, tib_ant_l=0.58, ext_dig_r=0.37, ext_dig_l=0.37, per_tert_r=0.17, per_tert_l=0.17, ext_hal_r=0.15, ext_hal_l=0.15
Fmax range: 5..3396 N | L range sample: [0.229942 0.326094]
csv: trial=117 run=eval kine_score=-63.058 duty=0.191 knee_min=9.98 cadence=0.267 stayed_up=True
standing solve: nnls x in [0.00, 0.59], >0.1: 16 muscles
  top: tib_ant_r=0.59, tib_ant_l=0.58, ext_dig_r=0.37, ext_dig_l=0.37, per_tert_r=0.17, per_tert_l=0.17, ext_hal_r=0.16, ext_hal_l=0.16
Fmax range: 5..3396 N | L range sample: [0.229942 0.326094]
csv: trial=118 run=eval kine_score=-25.000 duty=nan knee_min=nan cadence=0.000 stayed_up=True
standing solve: nnls x in [0.00, 0.59], >0.1: 16 muscles
  top: tib_ant_r=0.59, tib_ant_l=0.58, ext_dig_r=0.37, ext_dig_l=0.37, per_tert_r=0.17, per_tert_l=0.17, ext_hal_r=0.16, ext_hal_l=0.16
Fmax range: 5..3396 N | L range sample: [0.229942 0.326094]
csv: trial=119 run=eval kine_score=-62.938 duty=0.185 knee_min=9.98 cadence=0.267 stayed_up=True
standing solve: nnls x in [0.00, 0.59], >0.1: 20 muscles
  top: tib_ant_r=0.59, tib_ant_l=0.59, ext_dig_r=0.38, ext_dig_l=0.38, per_tert_r=0.17, per_tert_l=0.17, ext_hal_r=0.17, ext_hal_l=0.17
Fmax range: 5..3396 N | L range sample: [0.229942 0.326094]
csv: trial=120 run=eval kine_score=-62.733 duty=0.196 knee_min=10.03 cadence=0.267 stayed_up=True
standing solve: nnls x in [0.00, 0.59], >0.1: 24 muscles
  top: tib_ant_r=0.59, tib_ant_l=0.59, ext_dig_r=0.38, ext_dig_l=0.38, per_tert_r=0.17, per_tert_l=0.17, ext_hal_r=0.17, ext_hal_l=0.17
Fmax range: 5..3396 N | L range sample: [0.229942 0.326094]
csv: trial=121 run=eval kine_score=-25.000 duty=nan knee_min=nan cadence=0.000 stayed_up=True
standing solve: nnls x in [0.00, 0.59], >0.1: 22 muscles
  top: tib_ant_r=0.59, tib_ant_l=0.58, ext_dig_r=0.37, ext_dig_l=0.37, per_tert_r=0.17, per_tert_l=0.17, ext_hal_r=0.16, ext_hal_l=0.16
Fmax range: 5..3396 N | L range sample: [0.229942 0.326094]
csv: trial=122 run=eval kine_score=-62.862 duty=0.206 knee_min=9.97 cadence=0.267 stayed_up=True
standing solve: nnls x in [0.00, 0.60], >0.1: 36 muscles
  top: tib_ant_r=0.60, tib_ant_l=0.59, ext_dig_r=0.40, ext_dig_l=0.40, add_long_l=0.25, glut_min1_l=0.24, glut_min1_r=0.24, add_long_r=0.24
Fmax range: 5..3396 N | L range sample: [0.229942 0.326094]
csv: trial=123 run=eval kine_score=-62.685 duty=0.195 knee_min=9.94 cadence=0.400 stayed_up=True
standing solve: nnls x in [0.00, 0.59], >0.1: 28 muscles
  top: tib_ant_r=0.59, tib_ant_l=0.59, ext_dig_r=0.38, ext_dig_l=0.38, ext_hal_r=0.18, ext_hal_l=0.17, per_tert_r=0.17, per_tert_l=0.17
Fmax range: 5..3396 N | L range sample: [0.229942 0.326094]
csv: trial=124 run=eval kine_score=-62.744 duty=0.192 knee_min=9.97 cadence=0.267 stayed_up=True
standing solve: nnls x in [0.00, 0.59], >0.1: 16 muscles
  top: tib_ant_r=0.59, tib_ant_l=0.58, ext_dig_r=0.37, ext_dig_l=0.37, per_tert_r=0.17, per_tert_l=0.17, ext_hal_r=0.16, ext_hal_l=0.16
Fmax range: 5..3396 N | L range sample: [0.229942 0.326094]
csv: trial=125 run=eval kine_score=-62.974 duty=0.205 knee_min=10.04 cadence=0.400 stayed_up=True
standing solve: nnls x in [0.00, 0.59], >0.1: 28 muscles
  top: tib_ant_r=0.59, tib_ant_l=0.59, ext_dig_r=0.39, ext_dig_l=0.39, add_long_l=0.19, glut_min1_l=0.19, glut_min1_r=0.19, ext_hal_r=0.19
Fmax range: 5..3396 N | L range sample: [0.229942 0.326094]
csv: trial=126 run=eval kine_score=-62.859 duty=0.190 knee_min=10.02 cadence=0.400 stayed_up=True
standing solve: nnls x in [0.00, 0.59], >0.1: 15 muscles
  top: tib_ant_r=0.59, tib_ant_l=0.58, ext_dig_r=0.37, ext_dig_l=0.37, per_tert_r=0.17, per_tert_l=0.17, ext_hal_r=0.15, ext_hal_l=0.15
Fmax range: 5..3396 N | L range sample: [0.229942 0.326094]
csv: trial=127 run=eval kine_score=-62.671 duty=0.200 knee_min=10.04 cadence=0.267 stayed_up=True
standing solve: nnls x in [0.00, 0.59], >0.1: 20 muscles
  top: tib_ant_r=0.59, tib_ant_l=0.59, ext_dig_r=0.38, ext_dig_l=0.38, per_tert_r=0.17, per_tert_l=0.17, ext_hal_r=0.17, ext_hal_l=0.17
Fmax range: 5..3396 N | L range sample: [0.229942 0.326094]
csv: trial=128 run=eval kine_score=-62.874 duty=0.195 knee_min=9.96 cadence=0.267 stayed_up=True
standing solve: nnls x in [0.00, 0.59], >0.1: 20 muscles
  top: tib_ant_r=0.59, tib_ant_l=0.59, ext_dig_r=0.38, ext_dig_l=0.38, per_tert_r=0.17, per_tert_l=0.17, ext_hal_r=0.17, ext_hal_l=0.17
Fmax range: 5..3396 N | L range sample: [0.229942 0.326094]
csv: trial=129 run=eval kine_score=-25.000 duty=nan knee_min=nan cadence=0.000 stayed_up=True
standing solve: nnls x in [0.00, 0.59], >0.1: 16 muscles
  top: tib_ant_r=0.59, tib_ant_l=0.58, ext_dig_r=0.37, ext_dig_l=0.37, per_tert_r=0.17, per_tert_l=0.17, ext_hal_r=0.16, ext_hal_l=0.16
Fmax range: 5..3396 N | L range sample: [0.229942 0.326094]
csv: trial=130 run=eval kine_score=-63.061 duty=0.199 knee_min=10.04 cadence=0.400 stayed_up=True
standing solve: nnls x in [0.00, 0.59], >0.1: 15 muscles
  top: tib_ant_r=0.59, tib_ant_l=0.58, ext_dig_r=0.37, ext_dig_l=0.37, per_tert_r=0.17, per_tert_l=0.17, ext_hal_r=0.15, ext_hal_l=0.15
Fmax range: 5..3396 N | L range sample: [0.229942 0.326094]
csv: trial=131 run=eval kine_score=-62.793 duty=0.191 knee_min=9.98 cadence=0.267 stayed_up=True
standing solve: nnls x in [0.00, 0.59], >0.1: 8 muscles
  top: tib_ant_r=0.59, tib_ant_l=0.58, ext_dig_r=0.37, ext_dig_l=0.36, per_tert_r=0.18, per_tert_l=0.17, ext_hal_r=0.15, ext_hal_l=0.15
Fmax range: 5..3396 N | L range sample: [0.229942 0.326094]
csv: trial=132 run=eval kine_score=-62.996 duty=0.207 knee_min=10.00 cadence=0.267 stayed_up=True
standing solve: nnls x in [0.00, 0.59], >0.1: 16 muscles
  top: tib_ant_r=0.59, tib_ant_l=0.58, ext_dig_r=0.37, ext_dig_l=0.37, per_tert_r=0.17, per_tert_l=0.17, ext_hal_r=0.16, ext_hal_l=0.15
Fmax range: 5..3396 N | L range sample: [0.229942 0.326094]
csv: trial=133 run=eval kine_score=-63.277 duty=0.200 knee_min=10.02 cadence=0.400 stayed_up=True
standing solve: nnls x in [0.00, 0.59], >0.1: 16 muscles
  top: tib_ant_r=0.59, tib_ant_l=0.58, ext_dig_r=0.37, ext_dig_l=0.37, per_tert_r=0.17, per_tert_l=0.17, ext_hal_r=0.16, ext_hal_l=0.15
Fmax range: 5..3396 N | L range sample: [0.229942 0.326094]
csv: trial=134 run=eval kine_score=-25.000 duty=nan knee_min=nan cadence=0.000 stayed_up=True
standing solve: nnls x in [0.00, 0.59], >0.1: 17 muscles
  top: tib_ant_r=0.59, tib_ant_l=0.59, ext_dig_r=0.37, ext_dig_l=0.37, per_tert_r=0.17, per_tert_l=0.17, ext_hal_r=0.16, ext_hal_l=0.16
Fmax range: 5..3396 N | L range sample: [0.229942 0.326094]
csv: trial=135 run=eval kine_score=-25.000 duty=nan knee_min=nan cadence=0.000 stayed_up=True
standing solve: nnls x in [0.00, 0.59], >0.1: 16 muscles
  top: tib_ant_r=0.59, tib_ant_l=0.58, ext_dig_r=0.37, ext_dig_l=0.37, per_tert_r=0.17, per_tert_l=0.17, ext_hal_r=0.16, ext_hal_l=0.16
Fmax range: 5..3396 N | L range sample: [0.229942 0.326094]
csv: trial=136 run=eval kine_score=-25.000 duty=nan knee_min=nan cadence=0.000 stayed_up=True
standing solve: nnls x in [0.00, 0.59], >0.1: 16 muscles
  top: tib_ant_r=0.59, tib_ant_l=0.58, ext_dig_r=0.37, ext_dig_l=0.37, per_tert_r=0.17, per_tert_l=0.17, ext_hal_r=0.16, ext_hal_l=0.16
Fmax range: 5..3396 N | L range sample: [0.229942 0.326094]
csv: trial=137 run=eval kine_score=-62.537 duty=0.195 knee_min=10.03 cadence=0.267 stayed_up=True
standing solve: nnls x in [0.00, 0.59], >0.1: 16 muscles
  top: tib_ant_r=0.59, tib_ant_l=0.58, ext_dig_r=0.37, ext_dig_l=0.37, per_tert_r=0.17, per_tert_l=0.17, ext_hal_r=0.16, ext_hal_l=0.15
Fmax range: 5..3396 N | L range sample: [0.229942 0.326094]
csv: trial=138 run=eval kine_score=-63.058 duty=0.200 knee_min=10.04 cadence=0.400 stayed_up=True
standing solve: nnls x in [0.00, 0.59], >0.1: 32 muscles
  top: tib_ant_r=0.59, tib_ant_l=0.59, ext_dig_r=0.39, ext_dig_l=0.39, add_long_l=0.21, glut_min1_l=0.21, add_long_r=0.21, glut_min1_r=0.20
Fmax range: 5..3396 N | L range sample: [0.229942 0.326094]
csv: trial=139 run=eval kine_score=-62.707 duty=0.199 knee_min=10.00 cadence=0.267 stayed_up=True

== best kine_score -62.523 (trial 100)
  drive           3.1338
  rg_adapt        1.9420
  desc_e          0.9525
  desc_f          2.0526
  rg_to_pf        2.1294
  pf_gain         2.0586
  e2_pf           1.6539
  f1_df           1.1904
  f1_kf           0.4474
  e2_adapt        2.4887
  post_kneext     0.6024
  post_hipext     1.0319
  kx              121.7033
  phase_reset_e   0.5033
  phase_reset_f   0.5787
  f1_kneext_inh   0.4214
  f1_anklepf_inh  0.0106
saved best_walk_params_v7.json (runner --best7 reproduces)
