fitted baseline loaded: e2_pf=0.222 f1_df=0.098 f1_kf=0.148 post_kneext=0.011 post_hipext=0.068 desc_f=1.400 e2_adapt=1.700
start pose (normal.mot): applied 20 coordinates as given; IMU-metric torso lean -0.0 deg (+ = back)
standing solve: nnls x in [0.00, 0.60], >0.1: 21 muscles
  top: tib_ant_r=0.60, tib_ant_l=0.58, ext_dig_r=0.38, ext_dig_l=0.37, add_long_r=0.36, glut_min1_r=0.21, glut_min2_r=0.18, per_tert_r=0.17
Fmax range: 5..3396 N | L range sample: [0.229942 0.326094]
csv: trial=50 run=eval kine_score=-49.099 duty=0.150 knee_min=-84.33 cadence=0.727 stayed_up=True
NEW GLOBAL BEST -49.099 (trial 50) - running full 22 s capture
start pose (normal.mot): applied 20 coordinates as given; IMU-metric torso lean -0.0 deg (+ = back)
standing solve: nnls x in [0.00, 0.60], >0.1: 21 muscles
  top: tib_ant_r=0.60, tib_ant_l=0.58, ext_dig_r=0.38, ext_dig_l=0.37, add_long_r=0.36, glut_min1_r=0.21, glut_min2_r=0.18, per_tert_r=0.17
Fmax range: 5..3396 N | L range sample: [0.229942 0.326094]
t=  1.00 max|qacc|=      11.0 max|qvel|=   1.56 ncon=  5 com_z=0.930 com_x=-0.177
t=  1.50 max|qacc|=      20.8 max|qvel|=   0.64 ncon=  5 com_z=0.948 com_x=-0.146
t=  2.00 max|qacc|=      16.1 max|qvel|=   0.79 ncon=  5 com_z=0.944 com_x=-0.135
t=  2.50 max|qacc|=      79.9 max|qvel|=   1.02 ncon=  6 com_z=0.946 com_x=-0.134
t=  3.00 max|qacc|=      12.4 max|qvel|=   0.68 ncon=  7 com_z=0.946 com_x=-0.136
t=  3.50 max|qacc|=      18.6 max|qvel|=   0.42 ncon=  6 com_z=0.944 com_x=-0.138
t=  4.00 max|qacc|=      23.2 max|qvel|=   0.70 ncon=  7 com_z=0.945 com_x=-0.135
t=  4.50 max|qacc|=      36.3 max|qvel|=   5.83 ncon=  4 com_z=0.945 com_x=-0.129
t=  5.00 max|qacc|=      14.8 max|qvel|=   2.42 ncon=  4 com_z=0.945 com_x=-0.138
t=  5.50 max|qacc|=      40.2 max|qvel|=   0.70 ncon=  7 com_z=0.927 com_x=-0.151
t=  6.00 max|qacc|=      45.3 max|qvel|=   0.65 ncon=  4 com_z=0.927 com_x=-0.151
t=  6.50 max|qacc|=      75.2 max|qvel|=   5.97 ncon=  7 com_z=0.936 com_x=-0.148
t=  7.00 max|qacc|=      24.5 max|qvel|=   0.38 ncon=  6 com_z=0.944 com_x=-0.149
t=  7.50 max|qacc|=       6.7 max|qvel|=   3.75 ncon=  4 com_z=0.938 com_x=-0.168
t=  8.00 max|qacc|=      51.2 max|qvel|=   3.48 ncon=  6 com_z=0.937 com_x=-0.153
t=  8.50 max|qacc|=      84.3 max|qvel|=   2.08 ncon=  5 com_z=0.941 com_x=-0.141
t=  9.00 max|qacc|=      43.7 max|qvel|=   1.41 ncon=  2 com_z=0.939 com_x=-0.152
t=  9.50 max|qacc|=      73.4 max|qvel|=   0.76 ncon=  4 com_z=0.940 com_x=-0.144
t= 10.00 max|qacc|=     531.7 max|qvel|=   6.28 ncon=  3 com_z=0.944 com_x=-0.125
t= 10.50 max|qacc|=      29.4 max|qvel|=   1.71 ncon=  2 com_z=0.937 com_x=-0.141
t= 11.00 max|qacc|=     121.5 max|qvel|=   0.72 ncon=  5 com_z=0.939 com_x=-0.134
t= 11.50 max|qacc|=      53.3 max|qvel|=   3.77 ncon=  3 com_z=0.943 com_x=-0.109
t= 12.00 max|qacc|=     136.8 max|qvel|=   1.42 ncon=  1 com_z=0.947 com_x=-0.116
t= 12.50 max|qacc|=       8.0 max|qvel|=   0.63 ncon=  4 com_z=0.941 com_x=-0.121
t= 13.00 max|qacc|=      44.5 max|qvel|=   0.48 ncon=  2 com_z=0.944 com_x=-0.102
t= 13.50 max|qacc|=     204.0 max|qvel|=   7.45 ncon=  6 com_z=0.944 com_x=-0.102
t= 14.00 max|qacc|=      38.5 max|qvel|=   1.22 ncon=  3 com_z=0.948 com_x=-0.107
t= 14.50 max|qacc|=      21.9 max|qvel|=   3.66 ncon=  1 com_z=0.942 com_x=-0.106
t= 15.00 max|qacc|=      19.0 max|qvel|=   3.78 ncon=  4 com_z=0.941 com_x=-0.102
t= 15.50 max|qacc|=    2392.2 max|qvel|=  13.95 ncon=  1 com_z=0.947 com_x=-0.098
t= 16.00 max|qacc|=     334.8 max|qvel|=   4.09 ncon=  3 com_z=0.940 com_x=-0.104
t= 16.50 max|qacc|=      29.1 max|qvel|=   1.04 ncon=  5 com_z=0.949 com_x=-0.103
t= 17.00 max|qacc|=      24.3 max|qvel|=   0.86 ncon=  4 com_z=0.946 com_x=-0.106
t= 17.50 max|qacc|=      13.7 max|qvel|=   0.87 ncon=  4 com_z=0.944 com_x=-0.111
t= 18.00 max|qacc|=      51.1 max|qvel|=   1.03 ncon=  4 com_z=0.945 com_x=-0.109
t= 18.50 max|qacc|=      27.8 max|qvel|=   0.93 ncon=  4 com_z=0.944 com_x=-0.111
t= 19.00 max|qacc|=      25.0 max|qvel|=   0.73 ncon=  4 com_z=0.943 com_x=-0.114
t= 19.50 max|qacc|=      30.1 max|qvel|=   0.50 ncon=  4 com_z=0.944 com_x=-0.115
t= 20.00 max|qacc|=      24.1 max|qvel|=   0.54 ncon=  4 com_z=0.944 com_x=-0.117
t= 20.50 max|qacc|=      19.6 max|qvel|=   0.56 ncon=  4 com_z=0.944 com_x=-0.119
t= 21.00 max|qacc|=      17.4 max|qvel|=   0.57 ncon=  4 com_z=0.943 com_x=-0.120
t= 21.50 max|qacc|=      19.5 max|qvel|=   0.61 ncon=  4 com_z=0.943 com_x=-0.121

== summary ==
pelvis/COM height: start 0.98 m, min 0.92 m, final 0.94 m  (stayed up)
COM x: min -0.18 max -0.09 final -0.12 m
COM y: min -0.092 max +0.002 m
RG_F_r bursts during walk window: 8
RG_r: cycles in window 9, period 1.37 s (0.73 Hz), E-duty 0.08
RG_l: cycles in window 9, period 1.37 s (0.73 Hz), E-duty 0.06
peak ctrl: [0.28 0.76 0.69 0.79 0.49 0.65 0.52 0.37 0.51 0.29 0.26 0.77 0.7  0.81
 0.53 0.67 0.58 0.39 0.53 0.27] (('vas_lat_r', 'med_gas_r', 'soleus_r', 'tib_ant_r', 'psoas_r', 'semimem_r', 'glut_max2_r', 'rect_fem_r', 'sar_r', 'grac_r', 'vas_lat_l', 'med_gas_l', 'soleus_l', 'tib_ant_l', 'psoas_l', 'semimem_l', 'glut_max2_l', 'rect_fem_l', 'sar_l', 'grac_l'))
  hip_flexion_r          4.7 ..    38.0 deg
  knee_angle_r         -89.1 ..    -3.9 deg
  ankle_angle_r        -57.4 ..    -1.7 deg
  hip_adduction_r       -2.7 ..    13.6 deg
  subtalar_angle_r       0.0 ..    19.2 deg
  hip_flexion_l        -16.6 ..    22.8 deg
  knee_angle_l          -8.2 ..    10.8 deg
  ankle_angle_l        -51.2 ..     9.8 deg
  hip_adduction_l      -13.1 ..     9.6 deg
  subtalar_angle_l      -1.2 ..    17.3 deg
  pelvis_tilt           -1.9 ..    18.9 deg
  pelvis_list           -1.9 ..    16.2 deg
  pelvis_rotation        1.4 ..     5.1 deg
saved spinal_run.npz
saved spinal_run.png
csv: trial=50 run=full22 kine_score=-49.032 duty=0.129 knee_min=-84.66 cadence=0.800 stayed_up=True
full22 capture: trial 50 kine_score -49.032 -> v8b_best_trial50.npz
start pose (normal.mot): applied 20 coordinates as given; IMU-metric torso lean -0.0 deg (+ = back)
standing solve: nnls x in [0.00, 0.59], >0.1: 13 muscles
  top: tib_ant_r=0.59, tib_ant_l=0.58, ext_dig_r=0.37, ext_dig_l=0.36, add_long_r=0.32, per_tert_r=0.18, per_tert_l=0.17, glut_min1_r=0.16
Fmax range: 5..3396 N | L range sample: [0.229942 0.326094]
csv: trial=51 run=eval kine_score=-62.294 duty=0.121 knee_min=-84.58 cadence=0.455 stayed_up=True
start pose (normal.mot): applied 20 coordinates as given; IMU-metric torso lean -0.0 deg (+ = back)
standing solve: nnls x in [0.00, 0.59], >0.1: 18 muscles
  top: tib_ant_r=0.59, tib_ant_l=0.58, ext_dig_r=0.37, ext_dig_l=0.36, add_long_r=0.34, glut_min1_r=0.18, per_tert_r=0.18, per_tert_l=0.17
Fmax range: 5..3396 N | L range sample: [0.229942 0.326094]
csv: trial=52 run=eval kine_score=-53.782 duty=0.117 knee_min=-80.55 cadence=0.545 stayed_up=True
start pose (normal.mot): applied 20 coordinates as given; IMU-metric torso lean -0.0 deg (+ = back)
standing solve: nnls x in [0.00, 0.59], >0.1: 18 muscles
  top: tib_ant_r=0.59, tib_ant_l=0.58, ext_dig_r=0.37, ext_dig_l=0.36, add_long_r=0.34, glut_min1_r=0.18, per_tert_r=0.18, per_tert_l=0.17
Fmax range: 5..3396 N | L range sample: [0.229942 0.326094]
csv: trial=53 run=eval kine_score=-53.441 duty=0.152 knee_min=-83.25 cadence=0.636 stayed_up=True
start pose (normal.mot): applied 20 coordinates as given; IMU-metric torso lean -0.0 deg (+ = back)
standing solve: nnls x in [0.00, 0.59], >0.1: 17 muscles
  top: tib_ant_r=0.59, tib_ant_l=0.58, ext_dig_r=0.37, ext_dig_l=0.36, add_long_r=0.34, glut_min1_r=0.18, per_tert_r=0.18, per_tert_l=0.17
Fmax range: 5..3396 N | L range sample: [0.229942 0.326094]
csv: trial=54 run=eval kine_score=-57.073 duty=0.088 knee_min=-84.28 cadence=0.545 stayed_up=True
start pose (normal.mot): applied 20 coordinates as given; IMU-metric torso lean -0.0 deg (+ = back)
standing solve: nnls x in [0.00, 0.59], >0.1: 19 muscles
  top: tib_ant_r=0.59, tib_ant_l=0.58, ext_dig_r=0.38, ext_dig_l=0.37, add_long_r=0.35, glut_min1_r=0.21, glut_min2_r=0.18, per_tert_r=0.17
Fmax range: 5..3396 N | L range sample: [0.229942 0.326094]
csv: trial=55 run=eval kine_score=-55.758 duty=0.119 knee_min=-78.16 cadence=0.545 stayed_up=True
start pose (normal.mot): applied 20 coordinates as given; IMU-metric torso lean -0.0 deg (+ = back)
standing solve: nnls x in [0.00, 0.59], >0.1: 13 muscles
  top: tib_ant_r=0.59, tib_ant_l=0.58, ext_dig_r=0.37, ext_dig_l=0.36, add_long_r=0.32, per_tert_r=0.18, per_tert_l=0.17, glut_min1_r=0.16
Fmax range: 5..3396 N | L range sample: [0.229942 0.326094]
csv: trial=56 run=eval kine_score=-54.312 duty=0.140 knee_min=-78.56 cadence=0.636 stayed_up=True
start pose (normal.mot): applied 20 coordinates as given; IMU-metric torso lean -0.0 deg (+ = back)
standing solve: nnls x in [0.00, 0.59], >0.1: 14 muscles
  top: tib_ant_r=0.59, tib_ant_l=0.58, ext_dig_r=0.37, ext_dig_l=0.36, add_long_r=0.33, per_tert_r=0.18, per_tert_l=0.17, glut_min1_r=0.17
Fmax range: 5..3396 N | L range sample: [0.229942 0.326094]
csv: trial=57 run=eval kine_score=-56.816 duty=0.137 knee_min=-76.35 cadence=0.636 stayed_up=True
start pose (normal.mot): applied 20 coordinates as given; IMU-metric torso lean -0.0 deg (+ = back)
standing solve: nnls x in [0.00, 0.59], >0.1: 13 muscles
  top: tib_ant_r=0.59, tib_ant_l=0.58, ext_dig_r=0.37, ext_dig_l=0.35, add_long_r=0.32, per_tert_r=0.18, per_tert_l=0.17, glut_min1_r=0.15
Fmax range: 5..3396 N | L range sample: [0.229942 0.326094]
csv: trial=58 run=eval kine_score=-58.553 duty=0.098 knee_min=-78.38 cadence=0.636 stayed_up=True
start pose (normal.mot): applied 20 coordinates as given; IMU-metric torso lean -0.0 deg (+ = back)
standing solve: nnls x in [0.00, 0.59], >0.1: 15 muscles
  top: tib_ant_r=0.59, tib_ant_l=0.58, ext_dig_r=0.37, ext_dig_l=0.36, add_long_r=0.33, per_tert_r=0.18, glut_min1_r=0.17, per_tert_l=0.17
Fmax range: 5..3396 N | L range sample: [0.229942 0.326094]
csv: trial=59 run=eval kine_score=-51.914 duty=0.146 knee_min=-78.31 cadence=0.636 stayed_up=True
start pose (normal.mot): applied 20 coordinates as given; IMU-metric torso lean -0.0 deg (+ = back)
standing solve: nnls x in [0.00, 0.59], >0.1: 13 muscles
  top: tib_ant_r=0.59, tib_ant_l=0.58, ext_dig_r=0.37, ext_dig_l=0.36, add_long_r=0.32, per_tert_r=0.18, per_tert_l=0.17, glut_min1_r=0.16
Fmax range: 5..3396 N | L range sample: [0.229942 0.326094]
csv: trial=60 run=eval kine_score=-61.520 duty=0.079 knee_min=-83.85 cadence=0.455 stayed_up=True
start pose (normal.mot): applied 20 coordinates as given; IMU-metric torso lean -0.0 deg (+ = back)
standing solve: nnls x in [0.00, 0.59], >0.1: 16 muscles
  top: tib_ant_r=0.59, tib_ant_l=0.58, ext_dig_r=0.37, ext_dig_l=0.36, add_long_r=0.33, per_tert_r=0.18, glut_min1_r=0.17, per_tert_l=0.17
Fmax range: 5..3396 N | L range sample: [0.229942 0.326094]
csv: trial=61 run=eval kine_score=-54.361 duty=0.132 knee_min=-80.33 cadence=0.636 stayed_up=True
start pose (normal.mot): applied 20 coordinates as given; IMU-metric torso lean -0.0 deg (+ = back)
standing solve: nnls x in [0.00, 0.59], >0.1: 19 muscles
  top: tib_ant_r=0.59, tib_ant_l=0.58, ext_dig_r=0.38, ext_dig_l=0.36, add_long_r=0.35, glut_min1_r=0.19, per_tert_r=0.18, per_tert_l=0.17
Fmax range: 5..3396 N | L range sample: [0.229942 0.326094]
csv: trial=62 run=eval kine_score=-51.620 duty=0.140 knee_min=-82.30 cadence=0.636 stayed_up=True
start pose (normal.mot): applied 20 coordinates as given; IMU-metric torso lean -0.0 deg (+ = back)
standing solve: nnls x in [0.00, 0.59], >0.1: 14 muscles
  top: tib_ant_r=0.59, tib_ant_l=0.58, ext_dig_r=0.37, ext_dig_l=0.36, add_long_r=0.33, per_tert_r=0.18, glut_min1_r=0.17, per_tert_l=0.17
Fmax range: 5..3396 N | L range sample: [0.229942 0.326094]
csv: trial=63 run=eval kine_score=-58.140 duty=0.093 knee_min=-83.34 cadence=0.545 stayed_up=True
start pose (normal.mot): applied 20 coordinates as given; IMU-metric torso lean -0.0 deg (+ = back)
standing solve: nnls x in [0.00, 0.60], >0.1: 20 muscles
  top: tib_ant_r=0.60, tib_ant_l=0.58, ext_dig_r=0.38, ext_dig_l=0.37, add_long_r=0.37, glut_min1_r=0.23, glut_min2_r=0.20, ext_hal_r=0.18
Fmax range: 5..3396 N | L range sample: [0.229942 0.326094]
csv: trial=64 run=eval kine_score=-58.793 duty=0.085 knee_min=-88.89 cadence=0.545 stayed_up=True
start pose (normal.mot): applied 20 coordinates as given; IMU-metric torso lean -0.0 deg (+ = back)
standing solve: nnls x in [0.00, 0.59], >0.1: 16 muscles
  top: tib_ant_r=0.59, tib_ant_l=0.58, ext_dig_r=0.37, ext_dig_l=0.36, add_long_r=0.33, per_tert_r=0.18, glut_min1_r=0.17, per_tert_l=0.17
Fmax range: 5..3396 N | L range sample: [0.229942 0.326094]
csv: trial=65 run=eval kine_score=-51.348 duty=0.148 knee_min=-81.39 cadence=0.636 stayed_up=True
start pose (normal.mot): applied 20 coordinates as given; IMU-metric torso lean -0.0 deg (+ = back)
standing solve: nnls x in [0.00, 0.59], >0.1: 13 muscles
  top: tib_ant_r=0.59, tib_ant_l=0.58, ext_dig_r=0.37, ext_dig_l=0.36, add_long_r=0.32, per_tert_r=0.18, per_tert_l=0.17, glut_min1_r=0.16
Fmax range: 5..3396 N | L range sample: [0.229942 0.326094]
csv: trial=66 run=eval kine_score=-59.551 duty=0.091 knee_min=-84.57 cadence=0.545 stayed_up=True
start pose (normal.mot): applied 20 coordinates as given; IMU-metric torso lean -0.0 deg (+ = back)
standing solve: nnls x in [0.00, 0.59], >0.1: 17 muscles
  top: tib_ant_r=0.59, tib_ant_l=0.58, ext_dig_r=0.37, ext_dig_l=0.36, add_long_r=0.34, glut_min1_r=0.18, per_tert_r=0.18, per_tert_l=0.17
Fmax range: 5..3396 N | L range sample: [0.229942 0.326094]
csv: trial=67 run=eval kine_score=-54.250 duty=0.132 knee_min=-79.90 cadence=0.545 stayed_up=True
start pose (normal.mot): applied 20 coordinates as given; IMU-metric torso lean -0.0 deg (+ = back)
standing solve: nnls x in [0.00, 0.59], >0.1: 20 muscles
  top: tib_ant_r=0.59, tib_ant_l=0.58, ext_dig_r=0.38, ext_dig_l=0.36, add_long_r=0.35, glut_min1_r=0.20, per_tert_r=0.18, per_tert_l=0.17
Fmax range: 5..3396 N | L range sample: [0.229942 0.326094]
csv: trial=68 run=eval kine_score=-55.559 duty=0.133 knee_min=-85.62 cadence=0.545 stayed_up=True
start pose (normal.mot): applied 20 coordinates as given; IMU-metric torso lean -0.0 deg (+ = back)
standing solve: nnls x in [0.00, 0.59], >0.1: 20 muscles
  top: tib_ant_r=0.59, tib_ant_l=0.58, ext_dig_r=0.38, ext_dig_l=0.37, add_long_r=0.35, glut_min1_r=0.20, per_tert_r=0.17, glut_min2_r=0.17
Fmax range: 5..3396 N | L range sample: [0.229942 0.326094]
csv: trial=69 run=eval kine_score=-56.990 duty=0.121 knee_min=-84.72 cadence=0.545 stayed_up=True
start pose (normal.mot): applied 20 coordinates as given; IMU-metric torso lean -0.0 deg (+ = back)
standing solve: nnls x in [0.00, 0.59], >0.1: 14 muscles
  top: tib_ant_r=0.59, tib_ant_l=0.58, ext_dig_r=0.37, ext_dig_l=0.36, add_long_r=0.33, per_tert_r=0.18, glut_min1_r=0.17, per_tert_l=0.17
Fmax range: 5..3396 N | L range sample: [0.229942 0.326094]
csv: trial=70 run=eval kine_score=-54.703 duty=0.141 knee_min=-78.67 cadence=0.636 stayed_up=True
start pose (normal.mot): applied 20 coordinates as given; IMU-metric torso lean -0.0 deg (+ = back)
standing solve: nnls x in [0.00, 0.59], >0.1: 19 muscles
  top: tib_ant_r=0.59, tib_ant_l=0.58, ext_dig_r=0.38, ext_dig_l=0.37, add_long_r=0.35, glut_min1_r=0.21, glut_min2_r=0.18, per_tert_r=0.17
Fmax range: 5..3396 N | L range sample: [0.229942 0.326094]
csv: trial=71 run=eval kine_score=-53.251 duty=0.126 knee_min=-85.92 cadence=0.545 stayed_up=True
start pose (normal.mot): applied 20 coordinates as given; IMU-metric torso lean -0.0 deg (+ = back)
standing solve: nnls x in [0.00, 0.59], >0.1: 13 muscles
  top: tib_ant_r=0.59, tib_ant_l=0.58, ext_dig_r=0.37, ext_dig_l=0.36, add_long_r=0.32, per_tert_r=0.18, per_tert_l=0.17, glut_min1_r=0.16
Fmax range: 5..3396 N | L range sample: [0.229942 0.326094]
csv: trial=72 run=eval kine_score=-53.219 duty=0.155 knee_min=-81.22 cadence=0.636 stayed_up=True
start pose (normal.mot): applied 20 coordinates as given; IMU-metric torso lean -0.0 deg (+ = back)
standing solve: nnls x in [0.00, 0.59], >0.1: 14 muscles
  top: tib_ant_r=0.59, tib_ant_l=0.58, ext_dig_r=0.37, ext_dig_l=0.36, add_long_r=0.33, per_tert_r=0.18, glut_min1_r=0.17, per_tert_l=0.17
Fmax range: 5..3396 N | L range sample: [0.229942 0.326094]
csv: trial=73 run=eval kine_score=-56.491 duty=0.129 knee_min=-82.13 cadence=0.545 stayed_up=True
start pose (normal.mot): applied 20 coordinates as given; IMU-metric torso lean -0.0 deg (+ = back)
standing solve: nnls x in [0.00, 0.59], >0.1: 19 muscles
  top: tib_ant_r=0.59, tib_ant_l=0.58, ext_dig_r=0.37, ext_dig_l=0.36, add_long_r=0.34, glut_min1_r=0.19, per_tert_r=0.18, per_tert_l=0.17
Fmax range: 5..3396 N | L range sample: [0.229942 0.326094]
csv: trial=74 run=eval kine_score=-59.398 duty=0.081 knee_min=-85.43 cadence=0.545 stayed_up=True
start pose (normal.mot): applied 20 coordinates as given; IMU-metric torso lean -0.0 deg (+ = back)
standing solve: nnls x in [0.00, 0.59], >0.1: 14 muscles
  top: tib_ant_r=0.59, tib_ant_l=0.58, ext_dig_r=0.37, ext_dig_l=0.36, add_long_r=0.33, per_tert_r=0.18, glut_min1_r=0.17, per_tert_l=0.17
Fmax range: 5..3396 N | L range sample: [0.229942 0.326094]
csv: trial=75 run=eval kine_score=-59.680 duty=0.086 knee_min=-85.74 cadence=0.545 stayed_up=True
start pose (normal.mot): applied 20 coordinates as given; IMU-metric torso lean -0.0 deg (+ = back)
standing solve: nnls x in [0.00, 0.59], >0.1: 14 muscles
  top: tib_ant_r=0.59, tib_ant_l=0.58, ext_dig_r=0.37, ext_dig_l=0.36, add_long_r=0.33, per_tert_r=0.18, per_tert_l=0.17, glut_min1_r=0.17
Fmax range: 5..3396 N | L range sample: [0.229942 0.326094]
csv: trial=76 run=eval kine_score=-53.664 duty=0.125 knee_min=-78.78 cadence=0.545 stayed_up=True
start pose (normal.mot): applied 20 coordinates as given; IMU-metric torso lean -0.0 deg (+ = back)
standing solve: nnls x in [0.00, 0.59], >0.1: 18 muscles
  top: tib_ant_r=0.59, tib_ant_l=0.58, ext_dig_r=0.37, ext_dig_l=0.36, add_long_r=0.34, glut_min1_r=0.19, per_tert_r=0.18, per_tert_l=0.17
Fmax range: 5..3396 N | L range sample: [0.229942 0.326094]
csv: trial=77 run=eval kine_score=-49.848 duty=0.152 knee_min=-82.54 cadence=0.727 stayed_up=True
start pose (normal.mot): applied 20 coordinates as given; IMU-metric torso lean -0.0 deg (+ = back)
standing solve: nnls x in [0.00, 0.59], >0.1: 13 muscles
  top: tib_ant_r=0.59, tib_ant_l=0.58, ext_dig_r=0.37, ext_dig_l=0.35, add_long_r=0.32, per_tert_r=0.18, per_tert_l=0.17, glut_min1_r=0.15
Fmax range: 5..3396 N | L range sample: [0.229942 0.326094]
csv: trial=78 run=eval kine_score=-55.626 duty=0.087 knee_min=-80.33 cadence=0.455 stayed_up=True
start pose (normal.mot): applied 20 coordinates as given; IMU-metric torso lean -0.0 deg (+ = back)
standing solve: nnls x in [0.00, 0.59], >0.1: 13 muscles
  top: tib_ant_r=0.59, tib_ant_l=0.58, ext_dig_r=0.37, ext_dig_l=0.36, add_long_r=0.32, per_tert_r=0.18, per_tert_l=0.17, glut_min1_r=0.16
Fmax range: 5..3396 N | L range sample: [0.229942 0.326094]
csv: trial=79 run=eval kine_score=-52.431 duty=0.158 knee_min=-81.53 cadence=0.727 stayed_up=True
start pose (normal.mot): applied 20 coordinates as given; IMU-metric torso lean -0.0 deg (+ = back)
standing solve: nnls x in [0.00, 0.60], >0.1: 21 muscles
  top: tib_ant_r=0.60, tib_ant_l=0.58, ext_dig_r=0.39, ext_dig_l=0.37, add_long_r=0.37, glut_min1_r=0.23, glut_min2_r=0.20, ext_hal_r=0.18
Fmax range: 5..3396 N | L range sample: [0.229942 0.326094]
csv: trial=80 run=eval kine_score=-50.647 duty=0.129 knee_min=-87.63 cadence=0.636 stayed_up=True
start pose (normal.mot): applied 20 coordinates as given; IMU-metric torso lean -0.0 deg (+ = back)
standing solve: nnls x in [0.00, 0.59], >0.1: 13 muscles
  top: tib_ant_r=0.59, tib_ant_l=0.58, ext_dig_r=0.37, ext_dig_l=0.36, add_long_r=0.33, per_tert_r=0.18, per_tert_l=0.17, glut_min1_r=0.17
Fmax range: 5..3396 N | L range sample: [0.229942 0.326094]
csv: trial=81 run=eval kine_score=-55.240 duty=0.166 knee_min=-83.45 cadence=0.636 stayed_up=True
start pose (normal.mot): applied 20 coordinates as given; IMU-metric torso lean -0.0 deg (+ = back)
standing solve: nnls x in [0.00, 0.59], >0.1: 13 muscles
  top: tib_ant_r=0.59, tib_ant_l=0.58, ext_dig_r=0.37, ext_dig_l=0.36, add_long_r=0.33, per_tert_r=0.18, per_tert_l=0.17, glut_min1_r=0.17
Fmax range: 5..3396 N | L range sample: [0.229942 0.326094]
csv: trial=82 run=eval kine_score=-52.505 duty=0.156 knee_min=-81.86 cadence=0.727 stayed_up=True
start pose (normal.mot): applied 20 coordinates as given; IMU-metric torso lean -0.0 deg (+ = back)
standing solve: nnls x in [0.00, 0.59], >0.1: 16 muscles
  top: tib_ant_r=0.59, tib_ant_l=0.58, ext_dig_r=0.37, ext_dig_l=0.36, add_long_r=0.34, glut_min1_r=0.18, per_tert_r=0.18, per_tert_l=0.17
Fmax range: 5..3396 N | L range sample: [0.229942 0.326094]
csv: trial=83 run=eval kine_score=-54.278 duty=0.149 knee_min=-82.29 cadence=0.545 stayed_up=True
start pose (normal.mot): applied 20 coordinates as given; IMU-metric torso lean -0.0 deg (+ = back)
standing solve: nnls x in [0.00, 0.59], >0.1: 13 muscles
  top: tib_ant_r=0.59, tib_ant_l=0.58, ext_dig_r=0.37, ext_dig_l=0.36, add_long_r=0.32, per_tert_r=0.18, per_tert_l=0.17, glut_min1_r=0.16
Fmax range: 5..3396 N | L range sample: [0.229942 0.326094]
csv: trial=84 run=eval kine_score=-54.918 duty=0.144 knee_min=-75.97 cadence=0.636 stayed_up=True
start pose (normal.mot): applied 20 coordinates as given; IMU-metric torso lean -0.0 deg (+ = back)
standing solve: nnls x in [0.00, 0.59], >0.1: 16 muscles
  top: tib_ant_r=0.59, tib_ant_l=0.58, ext_dig_r=0.37, ext_dig_l=0.36, add_long_r=0.33, per_tert_r=0.18, glut_min1_r=0.17, per_tert_l=0.17
Fmax range: 5..3396 N | L range sample: [0.229942 0.326094]
csv: trial=85 run=eval kine_score=-53.492 duty=0.143 knee_min=-77.84 cadence=0.727 stayed_up=True
start pose (normal.mot): applied 20 coordinates as given; IMU-metric torso lean -0.0 deg (+ = back)
standing solve: nnls x in [0.00, 0.59], >0.1: 12 muscles
  top: tib_ant_r=0.59, tib_ant_l=0.58, ext_dig_r=0.36, ext_dig_l=0.35, add_long_r=0.31, per_tert_r=0.18, per_tert_l=0.17, glut_min1_r=0.14
Fmax range: 5..3396 N | L range sample: [0.229942 0.326094]
csv: trial=86 run=eval kine_score=-52.764 duty=0.144 knee_min=-75.15 cadence=0.636 stayed_up=True
start pose (normal.mot): applied 20 coordinates as given; IMU-metric torso lean -0.0 deg (+ = back)
standing solve: nnls x in [0.00, 0.59], >0.1: 13 muscles
  top: tib_ant_r=0.59, tib_ant_l=0.58, ext_dig_r=0.37, ext_dig_l=0.36, add_long_r=0.32, per_tert_r=0.18, per_tert_l=0.17, glut_min1_r=0.16
Fmax range: 5..3396 N | L range sample: [0.229942 0.326094]
csv: trial=87 run=eval kine_score=-54.440 duty=0.148 knee_min=-79.78 cadence=0.636 stayed_up=True
start pose (normal.mot): applied 20 coordinates as given; IMU-metric torso lean -0.0 deg (+ = back)
standing solve: nnls x in [0.00, 0.59], >0.1: 13 muscles
  top: tib_ant_r=0.59, tib_ant_l=0.58, ext_dig_r=0.37, ext_dig_l=0.36, add_long_r=0.32, per_tert_r=0.18, per_tert_l=0.17, glut_min1_r=0.16
Fmax range: 5..3396 N | L range sample: [0.229942 0.326094]
csv: trial=88 run=eval kine_score=-54.820 duty=0.173 knee_min=-81.84 cadence=0.636 stayed_up=True
start pose (normal.mot): applied 20 coordinates as given; IMU-metric torso lean -0.0 deg (+ = back)
standing solve: nnls x in [0.00, 0.59], >0.1: 15 muscles
  top: tib_ant_r=0.59, tib_ant_l=0.58, ext_dig_r=0.37, ext_dig_l=0.36, add_long_r=0.33, per_tert_r=0.18, glut_min1_r=0.17, per_tert_l=0.17
Fmax range: 5..3396 N | L range sample: [0.229942 0.326094]
csv: trial=89 run=eval kine_score=-54.399 duty=0.145 knee_min=-77.30 cadence=0.727 stayed_up=True
start pose (normal.mot): applied 20 coordinates as given; IMU-metric torso lean -0.0 deg (+ = back)
standing solve: nnls x in [0.00, 0.59], >0.1: 13 muscles
  top: tib_ant_r=0.59, tib_ant_l=0.58, ext_dig_r=0.36, ext_dig_l=0.35, add_long_r=0.31, per_tert_r=0.18, per_tert_l=0.17, glut_min1_r=0.15
Fmax range: 5..3396 N | L range sample: [0.229942 0.326094]
csv: trial=90 run=eval kine_score=-53.587 duty=0.149 knee_min=-76.42 cadence=0.636 stayed_up=True
start pose (normal.mot): applied 20 coordinates as given; IMU-metric torso lean -0.0 deg (+ = back)
