C:\Users\Ben Bolen\.conda\envs\myo\lib\site-packages\optuna\trial\_trial.py:642: UserWarning: Fixed parameter drive with value 1.1139457692155668 is out of range for distribution FloatDistribution(high=3.2, log=False, low=1.2, step=None).
  optuna_warn(
C:\Users\Ben Bolen\.conda\envs\myo\lib\site-packages\optuna\trial\_trial.py:642: UserWarning: Fixed parameter rg_to_pf with value 1.3945875137319341 is out of range for distribution FloatDistribution(high=3.0, log=False, low=1.8, step=None).
  optuna_warn(
fitted baseline loaded: e2_pf=0.222 f1_df=0.098 f1_kf=0.148 post_kneext=0.011 post_hipext=0.068
seeded v2-best drive/rg/kx on top of the fitted baseline
enqueued fitted-baseline seed trial
standing solve: nnls x in [0.00, 0.61], >0.1: 28 muscles
  top: tib_ant_r=0.61, tib_ant_l=0.60, ext_dig_r=0.40, ext_dig_l=0.40, glut_min1_l=0.18, ercspn_r=0.18, ercspn_l=0.18, glut_min1_r=0.18
Fmax range: 5..3396 N | L range sample: [0.229942 0.326094]
standing solve: nnls x in [0.00, 0.64], >0.1: 41 muscles
  top: tib_ant_r=0.64, tib_ant_l=0.63, add_long_l=0.47, ext_dig_r=0.47, ext_dig_l=0.47, glut_min1_l=0.47, add_long_r=0.46, glut_min1_r=0.46
Fmax range: 5..3396 N | L range sample: [0.229942 0.326094]
standing solve: nnls x in [0.00, 0.63], >0.1: 40 muscles
  top: tib_ant_r=0.63, tib_ant_l=0.62, ext_dig_r=0.45, ext_dig_l=0.45, add_long_l=0.40, add_long_r=0.39, glut_min1_l=0.39, glut_min1_r=0.38
Fmax range: 5..3396 N | L range sample: [0.229942 0.326094]

!! qacc/qvel non-finite at t=2.244, dofs: [ 0  1  2  3  4  5  6  7  8  9 10 11]
   dof 0: joint pelvis_tx
   dof 1: joint pelvis_ty
   dof 2: joint pelvis_tz
   dof 3: joint pelvis_tilt
   dof 4: joint pelvis_list
   dof 5: joint pelvis_rotation
   dof 6: joint hip_flexion_r
   dof 7: joint hip_adduction_r
   dof 8: joint hip_rotation_r
   dof 9: joint knee_r_translation1
   dof 10: joint knee_r_translation2
   dof 11: joint knee_angle_r
   ncon=8
standing solve: nnls x in [0.00, 0.61], >0.1: 16 muscles
  top: tib_ant_r=0.61, tib_ant_l=0.60, ext_dig_r=0.38, ext_dig_l=0.38, ercspn_r=0.18, ercspn_l=0.18, per_tert_r=0.18, per_tert_l=0.17
Fmax range: 5..3396 N | L range sample: [0.229942 0.326094]
standing solve: nnls x in [0.00, 0.60], >0.1: 8 muscles
  top: tib_ant_r=0.60, tib_ant_l=0.59, ext_dig_r=0.37, ext_dig_l=0.37, ercspn_r=0.18, ercspn_l=0.18, per_tert_r=0.18, per_tert_l=0.18
Fmax range: 5..3396 N | L range sample: [0.229942 0.326094]
standing solve: nnls x in [0.00, 0.60], >0.1: 8 muscles
  top: tib_ant_r=0.60, tib_ant_l=0.59, ext_dig_r=0.36, ext_dig_l=0.36, ercspn_r=0.18, ercspn_l=0.18, per_tert_r=0.18, per_tert_l=0.18
Fmax range: 5..3396 N | L range sample: [0.229942 0.326094]
standing solve: nnls x in [0.00, 0.62], >0.1: 36 muscles
  top: tib_ant_r=0.62, tib_ant_l=0.61, ext_dig_r=0.41, ext_dig_l=0.41, add_long_l=0.26, add_long_r=0.25, glut_min1_l=0.25, glut_min1_r=0.25
Fmax range: 5..3396 N | L range sample: [0.229942 0.326094]
standing solve: nnls x in [0.00, 0.62], >0.1: 38 muscles
  top: tib_ant_r=0.62, tib_ant_l=0.61, ext_dig_r=0.42, ext_dig_l=0.42, add_long_l=0.28, glut_min1_l=0.28, glut_min1_r=0.27, glut_min3_l=0.27
Fmax range: 5..3396 N | L range sample: [0.229942 0.326094]
standing solve: nnls x in [0.00, 0.61], >0.1: 28 muscles
  top: tib_ant_r=0.61, tib_ant_l=0.60, ext_dig_r=0.39, ext_dig_l=0.39, ercspn_r=0.18, ercspn_l=0.18, per_tert_r=0.17, per_tert_l=0.17
Fmax range: 5..3396 N | L range sample: [0.229942 0.326094]
standing solve: nnls x in [0.00, 0.62], >0.1: 38 muscles
  top: tib_ant_r=0.62, tib_ant_l=0.61, ext_dig_r=0.42, ext_dig_l=0.42, glut_min1_l=0.26, add_long_l=0.26, glut_min1_r=0.26, glut_min3_l=0.26
Fmax range: 5..3396 N | L range sample: [0.229942 0.326094]
standing solve: nnls x in [0.00, 0.60], >0.1: 12 muscles
  top: tib_ant_r=0.60, tib_ant_l=0.60, ext_dig_r=0.37, ext_dig_l=0.37, ercspn_r=0.18, ercspn_l=0.18, per_tert_r=0.18, per_tert_l=0.18
Fmax range: 5..3396 N | L range sample: [0.229942 0.326094]
standing solve: nnls x in [0.00, 0.60], >0.1: 22 muscles
  top: tib_ant_r=0.60, tib_ant_l=0.60, ext_dig_r=0.38, ext_dig_l=0.38, ercspn_r=0.18, ercspn_l=0.18, per_tert_r=0.18, per_tert_l=0.18
Fmax range: 5..3396 N | L range sample: [0.229942 0.326094]
standing solve: nnls x in [0.00, 0.60], >0.1: 14 muscles
  top: tib_ant_r=0.60, tib_ant_l=0.60, ext_dig_r=0.38, ext_dig_l=0.38, ercspn_r=0.18, ercspn_l=0.18, per_tert_r=0.18, per_tert_l=0.18
Fmax range: 5..3396 N | L range sample: [0.229942 0.326094]
standing solve: nnls x in [0.00, 0.61], >0.1: 26 muscles
  top: tib_ant_r=0.61, tib_ant_l=0.60, ext_dig_r=0.39, ext_dig_l=0.39, ercspn_r=0.18, ercspn_l=0.18, per_tert_r=0.17, per_tert_l=0.17
Fmax range: 5..3396 N | L range sample: [0.229942 0.326094]
standing solve: nnls x in [0.00, 0.62], >0.1: 36 muscles
  top: tib_ant_r=0.62, tib_ant_l=0.61, ext_dig_r=0.41, ext_dig_l=0.41, glut_min1_l=0.25, glut_min3_l=0.25, glut_min1_r=0.25, glut_min3_r=0.25
Fmax range: 5..3396 N | L range sample: [0.229942 0.326094]
standing solve: nnls x in [0.00, 0.60], >0.1: 8 muscles
  top: tib_ant_r=0.60, tib_ant_l=0.60, ext_dig_r=0.37, ext_dig_l=0.37, ercspn_r=0.18, ercspn_l=0.18, per_tert_r=0.18, per_tert_l=0.18
Fmax range: 5..3396 N | L range sample: [0.229942 0.326094]
standing solve: nnls x in [0.00, 0.60], >0.1: 16 muscles
  top: tib_ant_r=0.60, tib_ant_l=0.60, ext_dig_r=0.38, ext_dig_l=0.38, ercspn_r=0.18, ercspn_l=0.18, per_tert_r=0.18, per_tert_l=0.18
Fmax range: 5..3396 N | L range sample: [0.229942 0.326094]
standing solve: nnls x in [0.00, 0.60], >0.1: 8 muscles
  top: tib_ant_r=0.60, tib_ant_l=0.60, ext_dig_r=0.37, ext_dig_l=0.37, ercspn_r=0.18, ercspn_l=0.18, per_tert_r=0.18, per_tert_l=0.18
Fmax range: 5..3396 N | L range sample: [0.229942 0.326094]
standing solve: nnls x in [0.00, 0.60], >0.1: 8 muscles
  top: tib_ant_r=0.60, tib_ant_l=0.59, ext_dig_r=0.36, ext_dig_l=0.36, ercspn_r=0.18, ercspn_l=0.18, per_tert_r=0.18, per_tert_l=0.18
Fmax range: 5..3396 N | L range sample: [0.229942 0.326094]
standing solve: nnls x in [0.00, 0.60], >0.1: 8 muscles
  top: tib_ant_r=0.60, tib_ant_l=0.59, ext_dig_r=0.36, ext_dig_l=0.36, ercspn_r=0.18, ercspn_l=0.18, per_tert_r=0.18, per_tert_l=0.18
Fmax range: 5..3396 N | L range sample: [0.229942 0.326094]
standing solve: nnls x in [0.00, 0.60], >0.1: 8 muscles
  top: tib_ant_r=0.60, tib_ant_l=0.59, ext_dig_r=0.36, ext_dig_l=0.36, ercspn_r=0.18, ercspn_l=0.18, per_tert_r=0.18, per_tert_l=0.18
Fmax range: 5..3396 N | L range sample: [0.229942 0.326094]
standing solve: nnls x in [0.00, 0.60], >0.1: 8 muscles
  top: tib_ant_r=0.60, tib_ant_l=0.59, ext_dig_r=0.36, ext_dig_l=0.36, ercspn_r=0.18, ercspn_l=0.18, per_tert_r=0.18, per_tert_l=0.18
Fmax range: 5..3396 N | L range sample: [0.229942 0.326094]
standing solve: nnls x in [0.00, 0.60], >0.1: 8 muscles
  top: tib_ant_r=0.60, tib_ant_l=0.59, ext_dig_r=0.36, ext_dig_l=0.36, ercspn_r=0.18, ercspn_l=0.18, per_tert_r=0.18, per_tert_l=0.18
Fmax range: 5..3396 N | L range sample: [0.229942 0.326094]
standing solve: nnls x in [0.00, 0.60], >0.1: 8 muscles
  top: tib_ant_r=0.60, tib_ant_l=0.59, ext_dig_r=0.36, ext_dig_l=0.36, ercspn_r=0.18, ercspn_l=0.18, per_tert_r=0.18, per_tert_l=0.18
Fmax range: 5..3396 N | L range sample: [0.229942 0.326094]
standing solve: nnls x in [0.00, 0.60], >0.1: 8 muscles
  top: tib_ant_r=0.60, tib_ant_l=0.59, ext_dig_r=0.36, ext_dig_l=0.36, ercspn_r=0.18, ercspn_l=0.18, per_tert_r=0.18, per_tert_l=0.18
Fmax range: 5..3396 N | L range sample: [0.229942 0.326094]
standing solve: nnls x in [0.00, 0.60], >0.1: 8 muscles
  top: tib_ant_r=0.60, tib_ant_l=0.59, ext_dig_r=0.36, ext_dig_l=0.36, ercspn_r=0.18, ercspn_l=0.18, per_tert_r=0.18, per_tert_l=0.18
Fmax range: 5..3396 N | L range sample: [0.229942 0.326094]
standing solve: nnls x in [0.00, 0.60], >0.1: 8 muscles
  top: tib_ant_r=0.60, tib_ant_l=0.59, ext_dig_r=0.36, ext_dig_l=0.36, ercspn_r=0.18, ercspn_l=0.18, per_tert_r=0.18, per_tert_l=0.18
Fmax range: 5..3396 N | L range sample: [0.229942 0.326094]
standing solve: nnls x in [0.00, 0.60], >0.1: 8 muscles
  top: tib_ant_r=0.60, tib_ant_l=0.59, ext_dig_r=0.36, ext_dig_l=0.36, ercspn_r=0.18, ercspn_l=0.18, per_tert_r=0.18, per_tert_l=0.18
Fmax range: 5..3396 N | L range sample: [0.229942 0.326094]
standing solve: nnls x in [0.00, 0.60], >0.1: 8 muscles
  top: tib_ant_r=0.60, tib_ant_l=0.59, ext_dig_r=0.36, ext_dig_l=0.36, ercspn_r=0.18, ercspn_l=0.18, per_tert_r=0.18, per_tert_l=0.18
Fmax range: 5..3396 N | L range sample: [0.229942 0.326094]
standing solve: nnls x in [0.00, 0.60], >0.1: 8 muscles
  top: tib_ant_r=0.60, tib_ant_l=0.59, ext_dig_r=0.36, ext_dig_l=0.36, ercspn_r=0.18, ercspn_l=0.18, per_tert_r=0.18, per_tert_l=0.18
Fmax range: 5..3396 N | L range sample: [0.229942 0.326094]
standing solve: nnls x in [0.00, 0.60], >0.1: 8 muscles
  top: tib_ant_r=0.60, tib_ant_l=0.59, ext_dig_r=0.36, ext_dig_l=0.36, ercspn_r=0.18, ercspn_l=0.18, per_tert_r=0.18, per_tert_l=0.18
Fmax range: 5..3396 N | L range sample: [0.229942 0.326094]
standing solve: nnls x in [0.00, 0.60], >0.1: 8 muscles
  top: tib_ant_r=0.60, tib_ant_l=0.59, ext_dig_r=0.36, ext_dig_l=0.36, ercspn_r=0.18, ercspn_l=0.18, per_tert_r=0.18, per_tert_l=0.18
Fmax range: 5..3396 N | L range sample: [0.229942 0.326094]
standing solve: nnls x in [0.00, 0.60], >0.1: 8 muscles
  top: tib_ant_r=0.60, tib_ant_l=0.59, ext_dig_r=0.36, ext_dig_l=0.36, ercspn_r=0.18, ercspn_l=0.18, per_tert_r=0.18, per_tert_l=0.18
Fmax range: 5..3396 N | L range sample: [0.229942 0.326094]
standing solve: nnls x in [0.00, 0.60], >0.1: 8 muscles
  top: tib_ant_r=0.60, tib_ant_l=0.59, ext_dig_r=0.36, ext_dig_l=0.36, ercspn_r=0.18, ercspn_l=0.18, per_tert_r=0.18, per_tert_l=0.18
Fmax range: 5..3396 N | L range sample: [0.229942 0.326094]
standing solve: nnls x in [0.00, 0.60], >0.1: 8 muscles
  top: tib_ant_r=0.60, tib_ant_l=0.59, ext_dig_r=0.36, ext_dig_l=0.36, ercspn_r=0.18, ercspn_l=0.18, per_tert_r=0.18, per_tert_l=0.18
Fmax range: 5..3396 N | L range sample: [0.229942 0.326094]
standing solve: nnls x in [0.00, 0.60], >0.1: 8 muscles
  top: tib_ant_r=0.60, tib_ant_l=0.59, ext_dig_r=0.36, ext_dig_l=0.36, ercspn_r=0.18, ercspn_l=0.18, per_tert_r=0.18, per_tert_l=0.18
Fmax range: 5..3396 N | L range sample: [0.229942 0.326094]
standing solve: nnls x in [0.00, 0.60], >0.1: 8 muscles
  top: tib_ant_r=0.60, tib_ant_l=0.59, ext_dig_r=0.36, ext_dig_l=0.36, ercspn_r=0.18, ercspn_l=0.18, per_tert_r=0.18, per_tert_l=0.18
Fmax range: 5..3396 N | L range sample: [0.229942 0.326094]
standing solve: nnls x in [0.00, 0.60], >0.1: 8 muscles
  top: tib_ant_r=0.60, tib_ant_l=0.59, ext_dig_r=0.36, ext_dig_l=0.36, ercspn_r=0.18, ercspn_l=0.18, per_tert_r=0.18, per_tert_l=0.18
Fmax range: 5..3396 N | L range sample: [0.229942 0.326094]
standing solve: nnls x in [0.00, 0.60], >0.1: 8 muscles
  top: tib_ant_r=0.60, tib_ant_l=0.59, ext_dig_r=0.36, ext_dig_l=0.36, ercspn_r=0.18, ercspn_l=0.18, per_tert_r=0.18, per_tert_l=0.18
Fmax range: 5..3396 N | L range sample: [0.229942 0.326094]
standing solve: nnls x in [0.00, 0.60], >0.1: 8 muscles
  top: tib_ant_r=0.60, tib_ant_l=0.59, ext_dig_r=0.36, ext_dig_l=0.36, ercspn_r=0.18, ercspn_l=0.18, per_tert_r=0.18, per_tert_l=0.18
Fmax range: 5..3396 N | L range sample: [0.229942 0.326094]

== best score 1.521 (trial 37)
  drive        1.4879
  rg_adapt     0.8324
  desc_e       1.3269
  rg_to_pf     1.9768
  pf_gain      0.5243
  e2_pf        0.6824
  f1_df        0.9604
  f1_kf        1.1004
  post_kneext  0.7123
  post_hipext  0.5049
  kx           219.5539
saved best_walk_params.json (effective values + pf_gain=0.524; run `runner --fitted --best`: --fitted loads the table, --best applies the gain + knobs + drive)
WARNING: Inertia matrix is too close to singular at DOF 66. Check model. Time = 1.6440.

