fitted baseline loaded: e2_pf=0.222 f1_df=0.098 f1_kf=0.148 post_kneext=0.011 post_hipext=0.068 desc_f=1.400 e2_adapt=1.700
seeded v6 winner into v7 (renshaw 0.5 fixed)
enqueued seed trial
standing solve: nnls x in [0.00, 0.59], >0.1: 16 muscles
  top: tib_ant_r=0.59, tib_ant_l=0.58, ext_dig_r=0.37, ext_dig_l=0.37, per_tert_r=0.17, per_tert_l=0.17, ext_hal_r=0.16, ext_hal_l=0.15
Fmax range: 5..3396 N | L range sample: [0.229942 0.326094]
csv: trial=0 run=eval kine_score=-65.323 duty=0.475 knee_min=10.01 cadence=1.200 stayed_up=True
NEW GLOBAL BEST -65.323 (trial 0) - running full 22 s capture
standing solve: nnls x in [0.00, 0.59], >0.1: 16 muscles
  top: tib_ant_r=0.59, tib_ant_l=0.58, ext_dig_r=0.37, ext_dig_l=0.37, per_tert_r=0.17, per_tert_l=0.17, ext_hal_r=0.16, ext_hal_l=0.15
Fmax range: 5..3396 N | L range sample: [0.229942 0.326094]
t=  1.00 max|qacc|=      31.1 max|qvel|=   0.59 ncon=  8 com_z=0.944 com_x=-0.137
t=  1.50 max|qacc|=      38.3 max|qvel|=   0.25 ncon=  8 com_z=0.951 com_x=-0.151
t=  2.00 max|qacc|=      32.1 max|qvel|=   0.55 ncon=  8 com_z=0.947 com_x=-0.169
t=  2.50 max|qacc|=       9.1 max|qvel|=   0.49 ncon=  8 com_z=0.945 com_x=-0.183
t=  3.00 max|qacc|=      32.2 max|qvel|=   0.70 ncon=  8 com_z=0.946 com_x=-0.190
t=  3.50 max|qacc|=       9.8 max|qvel|=   0.49 ncon=  8 com_z=0.937 com_x=-0.194
t=  4.00 max|qacc|=     176.3 max|qvel|=   1.47 ncon=  8 com_z=0.928 com_x=-0.193
t=  4.50 max|qacc|=      56.4 max|qvel|=   1.26 ncon=  8 com_z=0.926 com_x=-0.193
t=  5.00 max|qacc|=      24.9 max|qvel|=   0.58 ncon=  9 com_z=0.922 com_x=-0.198
t=  5.50 max|qacc|=      52.7 max|qvel|=   0.64 ncon=  7 com_z=0.918 com_x=-0.204
t=  6.00 max|qacc|=      23.3 max|qvel|=   1.17 ncon=  8 com_z=0.920 com_x=-0.199
t=  6.50 max|qacc|=      33.4 max|qvel|=   0.51 ncon=  9 com_z=0.919 com_x=-0.193
t=  7.00 max|qacc|=     174.9 max|qvel|=   1.13 ncon=  7 com_z=0.918 com_x=-0.192
t=  7.50 max|qacc|=     205.5 max|qvel|=   1.05 ncon=  8 com_z=0.918 com_x=-0.191
t=  8.00 max|qacc|=      31.1 max|qvel|=   0.57 ncon=  9 com_z=0.915 com_x=-0.188
t=  8.50 max|qacc|=     226.9 max|qvel|=   1.88 ncon=  7 com_z=0.914 com_x=-0.187
t=  9.00 max|qacc|=     189.4 max|qvel|=   2.10 ncon=  8 com_z=0.914 com_x=-0.185
t=  9.50 max|qacc|=      79.8 max|qvel|=   1.59 ncon=  8 com_z=0.912 com_x=-0.182
t= 10.00 max|qacc|=      30.9 max|qvel|=   1.79 ncon=  5 com_z=0.910 com_x=-0.180
t= 10.50 max|qacc|=      80.6 max|qvel|=   3.55 ncon=  6 com_z=0.911 com_x=-0.177
t= 11.00 max|qacc|=      70.9 max|qvel|=   1.73 ncon=  8 com_z=0.910 com_x=-0.173
t= 11.50 max|qacc|=      45.7 max|qvel|=   1.59 ncon=  5 com_z=0.909 com_x=-0.170
t= 12.00 max|qacc|=      68.4 max|qvel|=   3.81 ncon=  6 com_z=0.911 com_x=-0.168
t= 12.50 max|qacc|=      60.3 max|qvel|=   1.48 ncon=  8 com_z=0.910 com_x=-0.165
t= 13.00 max|qacc|=      54.7 max|qvel|=   1.69 ncon=  5 com_z=0.909 com_x=-0.165
t= 13.50 max|qacc|=     119.7 max|qvel|=   3.76 ncon=  6 com_z=0.911 com_x=-0.165
t= 14.00 max|qacc|=     227.8 max|qvel|=   1.19 ncon=  8 com_z=0.911 com_x=-0.163
t= 14.50 max|qacc|=     183.6 max|qvel|=   1.70 ncon=  6 com_z=0.910 com_x=-0.163
t= 15.00 max|qacc|=      77.9 max|qvel|=   2.61 ncon=  6 com_z=0.911 com_x=-0.163
t= 15.50 max|qacc|=      96.3 max|qvel|=   1.98 ncon=  8 com_z=0.913 com_x=-0.161
t= 16.00 max|qacc|=      62.0 max|qvel|=   1.47 ncon=  7 com_z=0.922 com_x=-0.146
t= 16.50 max|qacc|=      51.4 max|qvel|=   0.82 ncon=  8 com_z=0.932 com_x=-0.131
t= 17.00 max|qacc|=     189.0 max|qvel|=   0.16 ncon=  8 com_z=0.939 com_x=-0.126
t= 17.50 max|qacc|=     117.0 max|qvel|=   0.83 ncon=  8 com_z=0.943 com_x=-0.124
t= 18.00 max|qacc|=     258.3 max|qvel|=   1.05 ncon=  6 com_z=0.943 com_x=-0.118
t= 18.50 max|qacc|=     394.5 max|qvel|=   1.43 ncon=  7 com_z=0.935 com_x=-0.129
t= 19.00 max|qacc|=     113.8 max|qvel|=   0.98 ncon=  6 com_z=0.937 com_x=-0.122
t= 19.50 max|qacc|=     103.6 max|qvel|=   0.62 ncon=  6 com_z=0.936 com_x=-0.119
t= 20.00 max|qacc|=     153.9 max|qvel|=   0.36 ncon=  6 com_z=0.935 com_x=-0.113
t= 20.50 max|qacc|=     142.6 max|qvel|=   1.05 ncon=  6 com_z=0.935 com_x=-0.108
t= 21.00 max|qacc|=      47.3 max|qvel|=   0.52 ncon=  6 com_z=0.936 com_x=-0.105
t= 21.50 max|qacc|=     174.9 max|qvel|=   0.45 ncon=  6 com_z=0.934 com_x=-0.103

== summary ==
pelvis/COM height: start 0.96 m, min 0.91 m, final 0.93 m  (stayed up)
COM x: min -0.20 max -0.09 final -0.10 m
COM y: min -0.015 max +0.016 m
RG_F_r bursts during walk window: 13
RG_r: cycles in window 15, period 0.76 s (1.31 Hz), E-duty 0.30
RG_l: cycles in window 15, period 0.76 s (1.32 Hz), E-duty 0.14
peak ctrl: [0.35 0.67 0.59 0.67 0.37 0.58 0.64 0.45 0.38 0.18 0.35 0.68 0.59 0.64
 0.37 0.59 0.62 0.45 0.38 0.18] (('vas_lat_r', 'med_gas_r', 'soleus_r', 'tib_ant_r', 'psoas_r', 'semimem_r', 'glut_max2_r', 'rect_fem_r', 'sar_r', 'grac_r', 'vas_lat_l', 'med_gas_l', 'soleus_l', 'tib_ant_l', 'psoas_l', 'semimem_l', 'glut_max2_l', 'rect_fem_l', 'sar_l', 'grac_l'))
  hip_flexion_r        -15.7 ..    21.3 deg
  knee_angle_r         -22.5 ..    11.4 deg
  ankle_angle_r        -40.2 ..     0.0 deg
  hip_adduction_r      -14.3 ..     3.2 deg
  subtalar_angle_r      -5.1 ..    18.4 deg
  hip_flexion_l         -3.4 ..    20.5 deg
  knee_angle_l          -0.1 ..    11.5 deg
  ankle_angle_l        -42.0 ..     0.0 deg
  hip_adduction_l      -13.8 ..     4.1 deg
  subtalar_angle_l      -4.1 ..    18.3 deg
  pelvis_tilt           -0.8 ..    26.4 deg
  pelvis_list           -4.7 ..     4.6 deg
  pelvis_rotation       -1.6 ..     1.8 deg
saved spinal_run.npz
saved spinal_run.png
csv: trial=0 run=full22 kine_score=-66.139 duty=0.473 knee_min=9.79 cadence=1.400 stayed_up=True
full22 capture: trial 0 kine_score -66.139 -> v7_best_trial0.npz
standing solve: nnls x in [0.00, 0.59], >0.1: 8 muscles
  top: tib_ant_r=0.59, tib_ant_l=0.58, ext_dig_r=0.37, ext_dig_l=0.37, per_tert_r=0.18, per_tert_l=0.17, ext_hal_r=0.15, ext_hal_l=0.15
Fmax range: 5..3396 N | L range sample: [0.229942 0.326094]
csv: trial=1 run=eval kine_score=-25.000 duty=nan knee_min=nan cadence=0.000 stayed_up=True
NEW GLOBAL BEST -65.000 (trial 1) - running full 22 s capture
standing solve: nnls x in [0.00, 0.59], >0.1: 8 muscles
  top: tib_ant_r=0.59, tib_ant_l=0.58, ext_dig_r=0.37, ext_dig_l=0.37, per_tert_r=0.18, per_tert_l=0.17, ext_hal_r=0.15, ext_hal_l=0.15
Fmax range: 5..3396 N | L range sample: [0.229942 0.326094]
t=  1.00 max|qacc|=       7.1 max|qvel|=   0.71 ncon=  8 com_z=0.956 com_x=-0.134
t=  1.50 max|qacc|=      39.3 max|qvel|=   0.36 ncon=  8 com_z=0.956 com_x=-0.164
t=  2.00 max|qacc|=      18.4 max|qvel|=   0.70 ncon=  8 com_z=0.953 com_x=-0.187
t=  2.50 max|qacc|=      29.4 max|qvel|=   0.34 ncon=  8 com_z=0.949 com_x=-0.201
t=  3.00 max|qacc|=      30.1 max|qvel|=   0.66 ncon=  6 com_z=0.949 com_x=-0.206
t=  3.50 max|qacc|=       4.8 max|qvel|=   0.54 ncon=  8 com_z=0.940 com_x=-0.205
t=  4.00 max|qacc|=       5.0 max|qvel|=   0.25 ncon=  8 com_z=0.930 com_x=-0.205
t=  4.50 max|qacc|=      73.0 max|qvel|=   0.20 ncon=  8 com_z=0.925 com_x=-0.197
t=  5.00 max|qacc|=      44.6 max|qvel|=   0.14 ncon=  8 com_z=0.926 com_x=-0.184
t=  5.50 max|qacc|=       4.3 max|qvel|=   0.75 ncon=  8 com_z=0.913 com_x=-0.206
t=  6.00 max|qacc|=      11.7 max|qvel|=   0.39 ncon=  7 com_z=0.904 com_x=-0.208
t=  6.50 max|qacc|=       4.0 max|qvel|=   0.50 ncon=  7 com_z=0.925 com_x=-0.181
t=  7.00 max|qacc|=      11.6 max|qvel|=   0.41 ncon=  8 com_z=0.910 com_x=-0.189
t=  7.50 max|qacc|=     129.8 max|qvel|=   0.61 ncon=  7 com_z=0.915 com_x=-0.184
t=  8.00 max|qacc|=     112.8 max|qvel|=   0.31 ncon=  8 com_z=0.926 com_x=-0.166
t=  8.50 max|qacc|=       2.9 max|qvel|=   0.46 ncon=  7 com_z=0.913 com_x=-0.177
t=  9.00 max|qacc|=       1.0 max|qvel|=   0.40 ncon=  7 com_z=0.913 com_x=-0.184
t=  9.50 max|qacc|=       4.1 max|qvel|=   0.22 ncon=  7 com_z=0.925 com_x=-0.162
t= 10.00 max|qacc|=      13.9 max|qvel|=   0.49 ncon=  7 com_z=0.916 com_x=-0.170
t= 10.50 max|qacc|=     122.4 max|qvel|=   0.29 ncon=  7 com_z=0.911 com_x=-0.177
t= 11.00 max|qacc|=      25.3 max|qvel|=   0.38 ncon=  7 com_z=0.926 com_x=-0.154
t= 11.50 max|qacc|=      11.5 max|qvel|=   0.63 ncon=  7 com_z=0.918 com_x=-0.160
t= 12.00 max|qacc|=       2.1 max|qvel|=   0.29 ncon=  7 com_z=0.905 com_x=-0.179
t= 12.50 max|qacc|=       5.4 max|qvel|=   0.36 ncon=  7 com_z=0.925 com_x=-0.150
t= 13.00 max|qacc|=       8.6 max|qvel|=   0.81 ncon=  7 com_z=0.919 com_x=-0.154
t= 13.50 max|qacc|=       1.9 max|qvel|=   0.30 ncon=  7 com_z=0.905 com_x=-0.173
t= 14.00 max|qacc|=      11.2 max|qvel|=   0.46 ncon=  7 com_z=0.925 com_x=-0.144
t= 14.50 max|qacc|=      10.4 max|qvel|=   1.01 ncon=  7 com_z=0.921 com_x=-0.145
t= 15.00 max|qacc|=       2.9 max|qvel|=   0.40 ncon=  7 com_z=0.901 com_x=-0.173
t= 15.50 max|qacc|=     511.4 max|qvel|=   2.51 ncon=  5 com_z=0.923 com_x=-0.145
t= 16.00 max|qacc|=      17.1 max|qvel|=   0.59 ncon=  6 com_z=0.918 com_x=-0.151
t= 16.50 max|qacc|=      10.7 max|qvel|=   1.75 ncon=  3 com_z=0.935 com_x=-0.124
t= 17.00 max|qacc|=      14.8 max|qvel|=   1.42 ncon=  2 com_z=0.952 com_x=-0.097
t= 17.50 max|qacc|=      19.6 max|qvel|=   0.77 ncon=  2 com_z=0.946 com_x=-0.086
t= 18.00 max|qacc|=      20.7 max|qvel|=   0.72 ncon=  2 com_z=0.947 com_x=-0.079
t= 18.50 max|qacc|=       6.5 max|qvel|=   0.57 ncon=  2 com_z=0.943 com_x=-0.084
t= 19.00 max|qacc|=     183.2 max|qvel|=   3.51 ncon=  2 com_z=0.942 com_x=-0.089
t= 19.50 max|qacc|=      22.6 max|qvel|=   1.53 ncon=  3 com_z=0.939 com_x=-0.090
t= 20.00 max|qacc|=      20.7 max|qvel|=   2.68 ncon=  3 com_z=0.936 com_x=-0.088
t= 20.50 max|qacc|=     250.5 max|qvel|=   4.35 ncon=  3 com_z=0.937 com_x=-0.086
t= 21.00 max|qacc|=     198.0 max|qvel|=   3.55 ncon=  2 com_z=0.935 com_x=-0.085
t= 21.50 max|qacc|=     285.8 max|qvel|=   0.91 ncon=  4 com_z=0.935 com_x=-0.084

== summary ==
pelvis/COM height: start 0.96 m, min 0.90 m, final 0.93 m  (stayed up)
COM x: min -0.22 max -0.08 final -0.08 m
COM y: min -0.054 max +0.054 m
RG_F_r bursts during walk window: 4
RG_r: cycles in window 4, period 2.98 s (0.34 Hz), E-duty 0.10
RG_l: cycles in window 4, period 2.98 s (0.34 Hz), E-duty 0.04
peak ctrl: [0.35 0.82 0.77 0.68 0.46 0.77 0.63 0.45 0.46 0.29 0.42 0.91 0.85 0.7
 0.47 0.73 0.71 0.54 0.48 0.25] (('vas_lat_r', 'med_gas_r', 'soleus_r', 'tib_ant_r', 'psoas_r', 'semimem_r', 'glut_max2_r', 'rect_fem_r', 'sar_r', 'grac_r', 'vas_lat_l', 'med_gas_l', 'soleus_l', 'tib_ant_l', 'psoas_l', 'semimem_l', 'glut_max2_l', 'rect_fem_l', 'sar_l', 'grac_l'))
  hip_flexion_r        -26.4 ..    17.0 deg
  knee_angle_r         -32.8 ..    11.7 deg
  ankle_angle_r        -41.1 ..     0.0 deg
  hip_adduction_r       -3.8 ..     9.0 deg
  subtalar_angle_r      -1.7 ..    19.5 deg
  hip_flexion_l        -25.2 ..    16.0 deg
  knee_angle_l         -30.0 ..    11.7 deg
  ankle_angle_l        -45.2 ..     0.0 deg
  hip_adduction_l       -6.1 ..     9.2 deg
  subtalar_angle_l      -0.8 ..    15.6 deg
  pelvis_tilt           -2.6 ..    24.9 deg
  pelvis_list           -4.4 ..     5.2 deg
  pelvis_rotation       -2.4 ..     2.7 deg
saved spinal_run.npz
saved spinal_run.png
csv: trial=1 run=full22 kine_score=nan duty=nan knee_min=nan cadence=0.000 stayed_up=True
full22 capture: trial 1 kine_score nan -> v7_best_trial1.npz
standing solve: nnls x in [0.00, 0.59], >0.1: 33 muscles
  top: tib_ant_r=0.59, tib_ant_l=0.59, ext_dig_r=0.39, ext_dig_l=0.39, add_long_l=0.21, add_long_r=0.21, glut_min1_l=0.21, glut_min1_r=0.21
Fmax range: 5..3396 N | L range sample: [0.229942 0.326094]
csv: trial=2 run=eval kine_score=-65.598 duty=0.305 knee_min=10.02 cadence=0.800 stayed_up=True
standing solve: nnls x in [0.00, 0.58], >0.1: 8 muscles
  top: tib_ant_r=0.58, tib_ant_l=0.58, ext_dig_r=0.35, ext_dig_l=0.35, per_tert_r=0.18, per_tert_l=0.18, ext_hal_r=0.13, ext_hal_l=0.13
Fmax range: 5..3396 N | L range sample: [0.229942 0.326094]
csv: trial=3 run=eval kine_score=-94.706 duty=0.176 knee_min=-69.75 cadence=0.533 stayed_up=True
standing solve: nnls x in [0.00, 0.59], >0.1: 16 muscles
  top: tib_ant_r=0.59, tib_ant_l=0.58, ext_dig_r=0.37, ext_dig_l=0.37, per_tert_r=0.17, per_tert_l=0.17, ext_hal_r=0.16, ext_hal_l=0.16
Fmax range: 5..3396 N | L range sample: [0.229942 0.326094]
csv: trial=4 run=eval kine_score=-66.229 duty=0.279 knee_min=8.86 cadence=0.933 stayed_up=True
standing solve: nnls x in [0.00, 0.58], >0.1: 8 muscles
  top: tib_ant_r=0.58, tib_ant_l=0.58, ext_dig_r=0.35, ext_dig_l=0.35, per_tert_r=0.18, per_tert_l=0.18, ext_hal_r=0.13, ext_hal_l=0.12
Fmax range: 5..3396 N | L range sample: [0.229942 0.326094]
csv: trial=5 run=eval kine_score=-64.394 duty=0.199 knee_min=10.03 cadence=0.400 stayed_up=True
NEW GLOBAL BEST -64.394 (trial 5) - running full 22 s capture
standing solve: nnls x in [0.00, 0.58], >0.1: 8 muscles
  top: tib_ant_r=0.58, tib_ant_l=0.58, ext_dig_r=0.35, ext_dig_l=0.35, per_tert_r=0.18, per_tert_l=0.18, ext_hal_r=0.13, ext_hal_l=0.12
Fmax range: 5..3396 N | L range sample: [0.229942 0.326094]
t=  1.00 max|qacc|=      19.0 max|qvel|=   0.92 ncon=  8 com_z=0.949 com_x=-0.134
t=  1.50 max|qacc|=      10.0 max|qvel|=   0.69 ncon=  8 com_z=0.952 com_x=-0.152
t=  2.00 max|qacc|=      36.3 max|qvel|=   0.40 ncon=  8 com_z=0.951 com_x=-0.170
t=  2.50 max|qacc|=      31.3 max|qvel|=   0.72 ncon=  8 com_z=0.949 com_x=-0.181
t=  3.00 max|qacc|=      28.8 max|qvel|=   0.22 ncon=  8 com_z=0.946 com_x=-0.188
t=  3.50 max|qacc|=      33.0 max|qvel|=   0.35 ncon=  8 com_z=0.942 com_x=-0.190
t=  4.00 max|qacc|=     198.2 max|qvel|=   0.34 ncon=  8 com_z=0.934 com_x=-0.185
t=  4.50 max|qacc|=      51.3 max|qvel|=   0.40 ncon=  8 com_z=0.931 com_x=-0.177
t=  5.00 max|qacc|=      58.7 max|qvel|=   0.58 ncon=  8 com_z=0.924 com_x=-0.183
t=  5.50 max|qacc|=      24.1 max|qvel|=   1.42 ncon=  8 com_z=0.922 com_x=-0.174
t=  6.00 max|qacc|=      69.2 max|qvel|=   0.54 ncon=  7 com_z=0.922 com_x=-0.172
t=  6.50 max|qacc|=      15.2 max|qvel|=   1.48 ncon= 10 com_z=0.926 com_x=-0.164
t=  7.00 max|qacc|=      43.5 max|qvel|=   0.38 ncon=  7 com_z=0.918 com_x=-0.165
t=  7.50 max|qacc|=      35.6 max|qvel|=   1.64 ncon=  8 com_z=0.927 com_x=-0.160
t=  8.00 max|qacc|=      17.3 max|qvel|=   0.71 ncon=  7 com_z=0.918 com_x=-0.161
t=  8.50 max|qacc|=      32.9 max|qvel|=   1.58 ncon= 10 com_z=0.926 com_x=-0.157
t=  9.00 max|qacc|=      19.6 max|qvel|=   0.47 ncon=  7 com_z=0.917 com_x=-0.160
t=  9.50 max|qacc|=      22.1 max|qvel|=   1.67 ncon=  8 com_z=0.926 com_x=-0.155
t= 10.00 max|qacc|=      15.3 max|qvel|=   0.54 ncon=  8 com_z=0.917 com_x=-0.156
t= 10.50 max|qacc|=      24.4 max|qvel|=   1.67 ncon=  8 com_z=0.925 com_x=-0.152
t= 11.00 max|qacc|=      56.4 max|qvel|=   0.42 ncon=  7 com_z=0.917 com_x=-0.155
t= 11.50 max|qacc|=      36.8 max|qvel|=   1.57 ncon=  8 com_z=0.926 com_x=-0.151
t= 12.00 max|qacc|=      40.6 max|qvel|=   0.48 ncon=  8 com_z=0.917 com_x=-0.156
t= 12.50 max|qacc|=     314.9 max|qvel|=   2.68 ncon=  8 com_z=0.926 com_x=-0.149
t= 13.00 max|qacc|=       3.1 max|qvel|=   0.56 ncon=  7 com_z=0.917 com_x=-0.159
t= 13.50 max|qacc|=     145.1 max|qvel|=   1.48 ncon=  7 com_z=0.920 com_x=-0.153
t= 14.00 max|qacc|=       3.0 max|qvel|=   0.68 ncon=  7 com_z=0.919 com_x=-0.161
t= 14.50 max|qacc|=      78.3 max|qvel|=   0.74 ncon=  7 com_z=0.920 com_x=-0.151
t= 15.00 max|qacc|=       2.7 max|qvel|=   0.74 ncon=  7 com_z=0.922 com_x=-0.153
t= 15.50 max|qacc|=      16.8 max|qvel|=   1.39 ncon=  8 com_z=0.923 com_x=-0.148
t= 16.00 max|qacc|=       7.7 max|qvel|=   0.50 ncon=  6 com_z=0.928 com_x=-0.147
t= 16.50 max|qacc|=      17.6 max|qvel|=   0.60 ncon=  6 com_z=0.931 com_x=-0.139
t= 17.00 max|qacc|=      26.8 max|qvel|=   0.65 ncon=  6 com_z=0.941 com_x=-0.134
t= 17.50 max|qacc|=      34.8 max|qvel|=   1.01 ncon=  6 com_z=0.940 com_x=-0.129
t= 18.00 max|qacc|=     133.2 max|qvel|=   0.61 ncon=  4 com_z=0.944 com_x=-0.120
t= 18.50 max|qacc|=      33.0 max|qvel|=   1.59 ncon=  3 com_z=0.943 com_x=-0.130
t= 19.00 max|qacc|=      32.2 max|qvel|=   0.77 ncon=  4 com_z=0.941 com_x=-0.125
t= 19.50 max|qacc|=     109.8 max|qvel|=   1.13 ncon=  3 com_z=0.943 com_x=-0.117
t= 20.00 max|qacc|=      29.2 max|qvel|=   1.14 ncon=  2 com_z=0.942 com_x=-0.109
t= 20.50 max|qacc|=      14.3 max|qvel|=   1.91 ncon=  3 com_z=0.941 com_x=-0.104
t= 21.00 max|qacc|=      70.8 max|qvel|=   0.82 ncon=  3 com_z=0.939 com_x=-0.098
t= 21.50 max|qacc|=      31.3 max|qvel|=   0.69 ncon=  3 com_z=0.940 com_x=-0.093

== summary ==
pelvis/COM height: start 0.96 m, min 0.91 m, final 0.94 m  (stayed up)
COM x: min -0.19 max -0.09 final -0.09 m
COM y: min -0.060 max +0.065 m
RG_F_r bursts during walk window: 5
RG_r: cycles in window 6, period 2.00 s (0.50 Hz), E-duty 0.11
RG_l: cycles in window 6, period 2.00 s (0.50 Hz), E-duty 0.05
peak ctrl: [0.3  0.61 0.59 0.6  0.27 0.41 0.54 0.34 0.28 0.15 0.32 0.65 0.63 0.61
 0.25 0.39 0.52 0.37 0.27 0.14] (('vas_lat_r', 'med_gas_r', 'soleus_r', 'tib_ant_r', 'psoas_r', 'semimem_r', 'glut_max2_r', 'rect_fem_r', 'sar_r', 'grac_r', 'vas_lat_l', 'med_gas_l', 'soleus_l', 'tib_ant_l', 'psoas_l', 'semimem_l', 'glut_max2_l', 'rect_fem_l', 'sar_l', 'grac_l'))
  hip_flexion_r        -20.2 ..    15.1 deg
  knee_angle_r         -27.4 ..    11.5 deg
  ankle_angle_r        -38.6 ..     0.0 deg
  hip_adduction_r       -6.6 ..    10.1 deg
  subtalar_angle_r      -0.7 ..    22.1 deg
  hip_flexion_l         -9.1 ..    13.4 deg
  knee_angle_l          -3.2 ..    11.5 deg
  ankle_angle_l        -42.9 ..     0.0 deg
  hip_adduction_l       -5.1 ..    12.3 deg
  subtalar_angle_l       0.0 ..    16.7 deg
  pelvis_tilt           -1.5 ..    19.3 deg
  pelvis_list           -6.5 ..     5.4 deg
  pelvis_rotation       -1.8 ..     2.0 deg
saved spinal_run.npz
saved spinal_run.png
csv: trial=5 run=full22 kine_score=-64.549 duty=0.165 knee_min=10.01 cadence=0.500 stayed_up=True
full22 capture: trial 5 kine_score -64.549 -> v7_best_trial5.npz
standing solve: nnls x in [0.00, 0.59], >0.1: 16 muscles
  top: tib_ant_r=0.59, tib_ant_l=0.58, ext_dig_r=0.37, ext_dig_l=0.37, per_tert_r=0.17, per_tert_l=0.17, ext_hal_r=0.16, ext_hal_l=0.15
Fmax range: 5..3396 N | L range sample: [0.229942 0.326094]
csv: trial=6 run=eval kine_score=-65.408 duty=0.432 knee_min=10.03 cadence=1.067 stayed_up=True
standing solve: nnls x in [0.00, 0.58], >0.1: 8 muscles
  top: tib_ant_r=0.58, tib_ant_l=0.58, ext_dig_r=0.35, ext_dig_l=0.35, per_tert_r=0.18, per_tert_l=0.18, ext_hal_r=0.13, ext_hal_l=0.12
Fmax range: 5..3396 N | L range sample: [0.229942 0.326094]
csv: trial=7 run=eval kine_score=-25.000 duty=nan knee_min=nan cadence=0.000 stayed_up=True
standing solve: nnls x in [0.00, 0.59], >0.1: 22 muscles
  top: tib_ant_r=0.59, tib_ant_l=0.59, ext_dig_r=0.38, ext_dig_l=0.38, ext_hal_r=0.18, ext_hal_l=0.17, per_tert_r=0.17, per_tert_l=0.17
Fmax range: 5..3396 N | L range sample: [0.229942 0.326094]
csv: trial=8 run=eval kine_score=-25.000 duty=nan knee_min=nan cadence=0.000 stayed_up=True
standing solve: nnls x in [0.00, 0.59], >0.1: 17 muscles
  top: tib_ant_r=0.59, tib_ant_l=0.58, ext_dig_r=0.37, ext_dig_l=0.37, per_tert_r=0.17, per_tert_l=0.17, ext_hal_r=0.16, ext_hal_l=0.16
Fmax range: 5..3396 N | L range sample: [0.229942 0.326094]
csv: trial=9 run=eval kine_score=-65.389 duty=0.452 knee_min=10.03 cadence=0.933 stayed_up=True
standing solve: nnls x in [0.00, 0.58], >0.1: 8 muscles
  top: tib_ant_r=0.58, tib_ant_l=0.58, ext_dig_l=0.35, ext_dig_r=0.35, per_tert_r=0.18, per_tert_l=0.18, ext_hal_r=0.12, ext_hal_l=0.12
Fmax range: 5..3396 N | L range sample: [0.229942 0.326094]
csv: trial=10 run=eval kine_score=-91.403 duty=0.088 knee_min=-60.19 cadence=0.400 stayed_up=True
standing solve: nnls x in [0.00, 0.59], >0.1: 20 muscles
  top: tib_ant_r=0.59, tib_ant_l=0.59, ext_dig_r=0.38, ext_dig_l=0.38, per_tert_r=0.17, per_tert_l=0.17, ext_hal_r=0.17, ext_hal_l=0.17
Fmax range: 5..3396 N | L range sample: [0.229942 0.326094]
csv: trial=11 run=eval kine_score=-64.508 duty=0.173 knee_min=10.05 cadence=0.400 stayed_up=True
standing solve: nnls x in [0.00, 0.59], >0.1: 17 muscles
  top: tib_ant_r=0.59, tib_ant_l=0.58, ext_dig_r=0.37, ext_dig_l=0.37, per_tert_r=0.17, per_tert_l=0.17, ext_hal_r=0.16, ext_hal_l=0.16
Fmax range: 5..3396 N | L range sample: [0.229942 0.326094]
csv: trial=12 run=eval kine_score=-64.782 duty=0.175 knee_min=10.02 cadence=0.400 stayed_up=True
standing solve: nnls x in [0.00, 0.58], >0.1: 8 muscles
  top: tib_ant_r=0.58, tib_ant_l=0.58, ext_dig_r=0.35, ext_dig_l=0.35, per_tert_r=0.18, per_tert_l=0.18, ext_hal_r=0.12, ext_hal_l=0.12
Fmax range: 5..3396 N | L range sample: [0.229942 0.326094]
csv: trial=13 run=eval kine_score=-25.000 duty=nan knee_min=nan cadence=0.000 stayed_up=True
standing solve: nnls x in [0.00, 0.59], >0.1: 8 muscles
  top: tib_ant_r=0.59, tib_ant_l=0.58, ext_dig_r=0.36, ext_dig_l=0.36, per_tert_r=0.18, per_tert_l=0.18, ext_hal_r=0.14, ext_hal_l=0.14
Fmax range: 5..3396 N | L range sample: [0.229942 0.326094]
csv: trial=14 run=eval kine_score=-25.000 duty=nan knee_min=nan cadence=0.000 stayed_up=True
standing solve: nnls x in [0.00, 0.59], >0.1: 8 muscles
  top: tib_ant_r=0.59, tib_ant_l=0.58, ext_dig_r=0.36, ext_dig_l=0.36, per_tert_r=0.18, per_tert_l=0.18, ext_hal_r=0.13, ext_hal_l=0.13
Fmax range: 5..3396 N | L range sample: [0.229942 0.326094]
csv: trial=15 run=eval kine_score=-64.449 duty=0.158 knee_min=10.02 cadence=0.400 stayed_up=True
standing solve: nnls x in [0.00, 0.58], >0.1: 8 muscles
  top: tib_ant_r=0.58, tib_ant_l=0.58, ext_dig_r=0.35, ext_dig_l=0.35, per_tert_r=0.18, per_tert_l=0.18, ext_hal_r=0.13, ext_hal_l=0.13
Fmax range: 5..3396 N | L range sample: [0.229942 0.326094]
csv: trial=16 run=eval kine_score=-67.006 duty=0.161 knee_min=9.69 cadence=0.267 stayed_up=True
standing solve: nnls x in [0.00, 0.59], >0.1: 15 muscles
  top: tib_ant_r=0.59, tib_ant_l=0.58, ext_dig_r=0.36, ext_dig_l=0.36, per_tert_r=0.18, per_tert_l=0.17, ext_hal_r=0.15, ext_hal_l=0.15
Fmax range: 5..3396 N | L range sample: [0.229942 0.326094]
csv: trial=17 run=eval kine_score=-64.953 duty=0.100 knee_min=10.04 cadence=0.400 stayed_up=True
standing solve: nnls x in [0.00, 0.59], >0.1: 8 muscles
  top: tib_ant_r=0.59, tib_ant_l=0.58, ext_dig_r=0.36, ext_dig_l=0.36, per_tert_r=0.18, per_tert_l=0.18, ext_hal_r=0.13, ext_hal_l=0.13
Fmax range: 5..3396 N | L range sample: [0.229942 0.326094]
csv: trial=18 run=eval kine_score=-73.677 duty=0.158 knee_min=-35.90 cadence=0.400 stayed_up=True
standing solve: nnls x in [0.00, 0.58], >0.1: 8 muscles
  top: tib_ant_r=0.58, tib_ant_l=0.58, ext_dig_r=0.35, ext_dig_l=0.35, per_tert_r=0.18, per_tert_l=0.18, ext_hal_r=0.13, ext_hal_l=0.12
Fmax range: 5..3396 N | L range sample: [0.229942 0.326094]
csv: trial=19 run=eval kine_score=-64.135 duty=0.169 knee_min=10.03 cadence=0.400 stayed_up=True
NEW GLOBAL BEST -64.135 (trial 19) - running full 22 s capture
standing solve: nnls x in [0.00, 0.58], >0.1: 8 muscles
  top: tib_ant_r=0.58, tib_ant_l=0.58, ext_dig_r=0.35, ext_dig_l=0.35, per_tert_r=0.18, per_tert_l=0.18, ext_hal_r=0.13, ext_hal_l=0.12
Fmax range: 5..3396 N | L range sample: [0.229942 0.326094]
t=  1.00 max|qacc|=      12.9 max|qvel|=   0.92 ncon=  8 com_z=0.951 com_x=-0.133
t=  1.50 max|qacc|=      11.0 max|qvel|=   0.68 ncon=  8 com_z=0.952 com_x=-0.154
t=  2.00 max|qacc|=      40.6 max|qvel|=   0.33 ncon=  8 com_z=0.952 com_x=-0.172
t=  2.50 max|qacc|=      29.0 max|qvel|=   0.61 ncon=  8 com_z=0.950 com_x=-0.184
t=  3.00 max|qacc|=      32.6 max|qvel|=   0.27 ncon=  8 com_z=0.947 com_x=-0.190
t=  3.50 max|qacc|=      16.8 max|qvel|=   0.52 ncon=  8 com_z=0.944 com_x=-0.193
t=  4.00 max|qacc|=      22.1 max|qvel|=   0.18 ncon=  8 com_z=0.936 com_x=-0.189
t=  4.50 max|qacc|=       9.4 max|qvel|=   0.37 ncon=  8 com_z=0.933 com_x=-0.183
t=  5.00 max|qacc|=       1.4 max|qvel|=   0.78 ncon=  8 com_z=0.928 com_x=-0.194
t=  5.50 max|qacc|=       5.2 max|qvel|=   0.21 ncon=  7 com_z=0.916 com_x=-0.185
t=  6.00 max|qacc|=       2.3 max|qvel|=   1.09 ncon=  8 com_z=0.926 com_x=-0.193
t=  6.50 max|qacc|=     474.9 max|qvel|=   0.43 ncon=  7 com_z=0.914 com_x=-0.177
t=  7.00 max|qacc|=       2.3 max|qvel|=   1.15 ncon=  8 com_z=0.926 com_x=-0.181
t=  7.50 max|qacc|=       3.1 max|qvel|=   0.15 ncon=  7 com_z=0.912 com_x=-0.170
t=  8.00 max|qacc|=      12.7 max|qvel|=   1.35 ncon=  8 com_z=0.926 com_x=-0.169
t=  8.50 max|qacc|=       5.2 max|qvel|=   0.22 ncon=  7 com_z=0.914 com_x=-0.162
t=  9.00 max|qacc|=      10.6 max|qvel|=   1.43 ncon=  8 com_z=0.926 com_x=-0.157
t=  9.50 max|qacc|=      19.1 max|qvel|=   0.45 ncon=  7 com_z=0.915 com_x=-0.156
t= 10.00 max|qacc|=      59.3 max|qvel|=   1.98 ncon=  7 com_z=0.922 com_x=-0.148
t= 10.50 max|qacc|=       3.2 max|qvel|=   0.73 ncon=  7 com_z=0.917 com_x=-0.155
t= 11.00 max|qacc|=       5.7 max|qvel|=   0.70 ncon=  7 com_z=0.918 com_x=-0.144
t= 11.50 max|qacc|=       2.5 max|qvel|=   0.96 ncon=  7 com_z=0.919 com_x=-0.155
t= 12.00 max|qacc|=       5.1 max|qvel|=   0.51 ncon=  7 com_z=0.912 com_x=-0.142
t= 12.50 max|qacc|=       2.8 max|qvel|=   1.18 ncon=  7 com_z=0.925 com_x=-0.148
t= 13.00 max|qacc|=      12.9 max|qvel|=   0.53 ncon=  6 com_z=0.913 com_x=-0.139
t= 13.50 max|qacc|=      23.6 max|qvel|=   1.43 ncon=  8 com_z=0.928 com_x=-0.135
t= 14.00 max|qacc|=       3.3 max|qvel|=   0.18 ncon=  6 com_z=0.908 com_x=-0.136
t= 14.50 max|qacc|=      54.3 max|qvel|=   1.52 ncon=  7 com_z=0.927 com_x=-0.126
t= 15.00 max|qacc|=       3.8 max|qvel|=   0.28 ncon=  5 com_z=0.910 com_x=-0.134
t= 15.50 max|qacc|=      24.8 max|qvel|=   1.46 ncon=  7 com_z=0.926 com_x=-0.126
t= 16.00 max|qacc|=     101.2 max|qvel|=   0.38 ncon=  4 com_z=0.919 com_x=-0.123
t= 16.50 max|qacc|=       9.2 max|qvel|=   0.84 ncon=  5 com_z=0.928 com_x=-0.116
t= 17.00 max|qacc|=      47.6 max|qvel|=   0.97 ncon=  4 com_z=0.941 com_x=-0.104
t= 17.50 max|qacc|=      26.2 max|qvel|=   0.77 ncon=  4 com_z=0.944 com_x=-0.094
t= 18.00 max|qacc|=     107.1 max|qvel|=   2.29 ncon=  4 com_z=0.943 com_x=-0.100
t= 18.50 max|qacc|=     156.4 max|qvel|=   1.97 ncon=  3 com_z=0.941 com_x=-0.097
t= 19.00 max|qacc|=      28.0 max|qvel|=   1.01 ncon=  2 com_z=0.940 com_x=-0.094
t= 19.50 max|qacc|=       8.2 max|qvel|=   1.91 ncon=  2 com_z=0.937 com_x=-0.092
t= 20.00 max|qacc|=     191.3 max|qvel|=   0.96 ncon=  3 com_z=0.939 com_x=-0.088
t= 20.50 max|qacc|=      18.2 max|qvel|=   0.26 ncon=  3 com_z=0.937 com_x=-0.085
t= 21.00 max|qacc|=      22.1 max|qvel|=   1.69 ncon=  3 com_z=0.937 com_x=-0.083
t= 21.50 max|qacc|=      27.9 max|qvel|=   0.75 ncon=  4 com_z=0.935 com_x=-0.082

== summary ==
pelvis/COM height: start 0.96 m, min 0.91 m, final 0.94 m  (stayed up)
COM x: min -0.19 max -0.08 final -0.08 m
COM y: min -0.068 max +0.073 m
RG_F_r bursts during walk window: 5
RG_r: cycles in window 5, period 2.22 s (0.45 Hz), E-duty 0.10
RG_l: cycles in window 5, period 2.22 s (0.45 Hz), E-duty 0.04
peak ctrl: [0.27 0.58 0.56 0.61 0.27 0.38 0.52 0.31 0.27 0.14 0.31 0.62 0.61 0.6
 0.25 0.37 0.51 0.35 0.26 0.12] (('vas_lat_r', 'med_gas_r', 'soleus_r', 'tib_ant_r', 'psoas_r', 'semimem_r', 'glut_max2_r', 'rect_fem_r', 'sar_r', 'grac_r', 'vas_lat_l', 'med_gas_l', 'soleus_l', 'tib_ant_l', 'psoas_l', 'semimem_l', 'glut_max2_l', 'rect_fem_l', 'sar_l', 'grac_l'))
  hip_flexion_r        -16.6 ..    12.8 deg
  knee_angle_r         -21.2 ..    11.5 deg
  ankle_angle_r        -39.0 ..     0.0 deg
  hip_adduction_r       -6.2 ..     9.1 deg
  subtalar_angle_r       0.0 ..    17.8 deg
  hip_flexion_l        -17.4 ..    11.9 deg
  knee_angle_l         -13.8 ..    11.5 deg
  ankle_angle_l        -42.1 ..     0.0 deg
  hip_adduction_l       -4.8 ..    12.6 deg
  subtalar_angle_l       0.0 ..    14.8 deg
  pelvis_tilt           -1.7 ..    20.7 deg
  pelvis_list           -7.1 ..     6.1 deg
  pelvis_rotation       -1.5 ..     1.5 deg
saved spinal_run.npz
saved spinal_run.png
csv: trial=19 run=full22 kine_score=-64.004 duty=0.154 knee_min=10.00 cadence=0.400 stayed_up=True
full22 capture: trial 19 kine_score -64.004 -> v7_best_trial19.npz
standing solve: nnls x in [0.00, 0.58], >0.1: 8 muscles
  top: tib_ant_r=0.58, tib_ant_l=0.58, ext_dig_r=0.35, ext_dig_l=0.35, per_tert_r=0.18, per_tert_l=0.18, ext_hal_r=0.13, ext_hal_l=0.12
Fmax range: 5..3396 N | L range sample: [0.229942 0.326094]
csv: trial=20 run=eval kine_score=-64.601 duty=0.154 knee_min=10.02 cadence=0.400 stayed_up=True
standing solve: nnls x in [0.00, 0.58], >0.1: 8 muscles
  top: tib_ant_r=0.58, tib_ant_l=0.58, ext_dig_r=0.35, ext_dig_l=0.35, per_tert_r=0.18, per_tert_l=0.18, ext_hal_r=0.13, ext_hal_l=0.12
Fmax range: 5..3396 N | L range sample: [0.229942 0.326094]
csv: trial=21 run=eval kine_score=-65.341 duty=0.182 knee_min=9.42 cadence=0.267 stayed_up=True
standing solve: nnls x in [0.00, 0.58], >0.1: 8 muscles
  top: tib_ant_r=0.58, tib_ant_l=0.58, ext_dig_r=0.35, ext_dig_l=0.35, per_tert_r=0.18, per_tert_l=0.18, ext_hal_r=0.13, ext_hal_l=0.13
Fmax range: 5..3396 N | L range sample: [0.229942 0.326094]
csv: trial=22 run=eval kine_score=-64.379 duty=0.201 knee_min=9.94 cadence=0.400 stayed_up=True
standing solve: nnls x in [0.00, 0.58], >0.1: 8 muscles
  top: tib_ant_r=0.58, tib_ant_l=0.58, ext_dig_l=0.35, ext_dig_r=0.35, per_tert_r=0.18, per_tert_l=0.18, ext_hal_r=0.12, ext_hal_l=0.12
Fmax range: 5..3396 N | L range sample: [0.229942 0.326094]
csv: trial=23 run=eval kine_score=-67.566 duty=0.190 knee_min=9.78 cadence=0.400 stayed_up=True
standing solve: nnls x in [0.00, 0.58], >0.1: 8 muscles
  top: tib_ant_r=0.58, tib_ant_l=0.58, ext_dig_r=0.35, ext_dig_l=0.35, per_tert_r=0.18, per_tert_l=0.18, ext_hal_r=0.13, ext_hal_l=0.13
Fmax range: 5..3396 N | L range sample: [0.229942 0.326094]
csv: trial=24 run=eval kine_score=-64.459 duty=0.161 knee_min=10.04 cadence=0.267 stayed_up=True
standing solve: nnls x in [0.00, 0.59], >0.1: 8 muscles
  top: tib_ant_r=0.59, tib_ant_l=0.58, ext_dig_r=0.36, ext_dig_l=0.36, per_tert_r=0.18, per_tert_l=0.18, ext_hal_r=0.13, ext_hal_l=0.13
Fmax range: 5..3396 N | L range sample: [0.229942 0.326094]
csv: trial=25 run=eval kine_score=-64.398 duty=0.076 knee_min=10.05 cadence=0.267 stayed_up=True
standing solve: nnls x in [0.00, 0.59], >0.1: 8 muscles
  top: tib_ant_r=0.59, tib_ant_l=0.58, ext_dig_r=0.35, ext_dig_l=0.35, per_tert_r=0.18, per_tert_l=0.18, ext_hal_r=0.13, ext_hal_l=0.13
Fmax range: 5..3396 N | L range sample: [0.229942 0.326094]
csv: trial=26 run=eval kine_score=-65.451 duty=0.241 knee_min=9.47 cadence=0.400 stayed_up=True
standing solve: nnls x in [0.00, 0.59], >0.1: 8 muscles
  top: tib_ant_r=0.59, tib_ant_l=0.58, ext_dig_r=0.35, ext_dig_l=0.35, per_tert_r=0.18, per_tert_l=0.18, ext_hal_r=0.13, ext_hal_l=0.13
Fmax range: 5..3396 N | L range sample: [0.229942 0.326094]
csv: trial=27 run=eval kine_score=-64.751 duty=0.143 knee_min=10.05 cadence=0.267 stayed_up=True
standing solve: nnls x in [0.00, 0.58], >0.1: 8 muscles
  top: tib_ant_r=0.58, tib_ant_l=0.58, ext_dig_r=0.35, ext_dig_l=0.35, per_tert_r=0.18, per_tert_l=0.18, ext_hal_r=0.12, ext_hal_l=0.12
Fmax range: 5..3396 N | L range sample: [0.229942 0.326094]
csv: trial=28 run=eval kine_score=-90.005 duty=0.174 knee_min=-60.22 cadence=0.400 stayed_up=True
standing solve: nnls x in [0.00, 0.58], >0.1: 8 muscles
  top: tib_ant_r=0.58, tib_ant_l=0.58, ext_dig_r=0.35, ext_dig_l=0.35, per_tert_r=0.18, per_tert_l=0.18, ext_hal_r=0.12, ext_hal_l=0.12
Fmax range: 5..3396 N | L range sample: [0.229942 0.326094]
csv: trial=29 run=eval kine_score=-64.904 duty=0.191 knee_min=10.05 cadence=0.400 stayed_up=True
standing solve: nnls x in [0.00, 0.58], >0.1: 8 muscles
  top: tib_ant_r=0.58, tib_ant_l=0.58, ext_dig_r=0.35, ext_dig_l=0.35, per_tert_r=0.18, per_tert_l=0.18, ext_hal_r=0.12, ext_hal_l=0.12
Fmax range: 5..3396 N | L range sample: [0.229942 0.326094]
csv: trial=30 run=eval kine_score=-65.063 duty=0.098 knee_min=8.24 cadence=0.267 stayed_up=True
standing solve: nnls x in [0.00, 0.58], >0.1: 8 muscles
  top: tib_ant_r=0.58, tib_ant_l=0.58, ext_dig_r=0.35, ext_dig_l=0.35, per_tert_r=0.18, per_tert_l=0.18, ext_hal_r=0.13, ext_hal_l=0.12
Fmax range: 5..3396 N | L range sample: [0.229942 0.326094]
csv: trial=31 run=eval kine_score=-65.064 duty=0.179 knee_min=9.40 cadence=0.400 stayed_up=True
standing solve: nnls x in [0.00, 0.58], >0.1: 8 muscles
  top: tib_ant_r=0.58, tib_ant_l=0.58, ext_dig_r=0.35, ext_dig_l=0.35, per_tert_r=0.18, per_tert_l=0.18, ext_hal_r=0.13, ext_hal_l=0.12
Fmax range: 5..3396 N | L range sample: [0.229942 0.326094]
csv: trial=32 run=eval kine_score=-25.000 duty=nan knee_min=nan cadence=0.000 stayed_up=True
standing solve: nnls x in [0.00, 0.58], >0.1: 8 muscles
  top: tib_ant_r=0.58, tib_ant_l=0.58, ext_dig_r=0.35, ext_dig_l=0.35, per_tert_r=0.18, per_tert_l=0.18, ext_hal_r=0.12, ext_hal_l=0.12
Fmax range: 5..3396 N | L range sample: [0.229942 0.326094]
csv: trial=33 run=eval kine_score=-64.558 duty=0.081 knee_min=10.01 cadence=0.267 stayed_up=True
standing solve: nnls x in [0.00, 0.58], >0.1: 8 muscles
  top: tib_ant_r=0.58, tib_ant_l=0.58, ext_dig_r=0.35, ext_dig_l=0.35, per_tert_r=0.18, per_tert_l=0.18, ext_hal_r=0.13, ext_hal_l=0.13
Fmax range: 5..3396 N | L range sample: [0.229942 0.326094]
csv: trial=34 run=eval kine_score=-25.000 duty=nan knee_min=nan cadence=0.000 stayed_up=True
standing solve: nnls x in [0.00, 0.58], >0.1: 8 muscles
  top: tib_ant_r=0.58, tib_ant_l=0.58, ext_dig_r=0.35, ext_dig_l=0.35, per_tert_r=0.18, per_tert_l=0.18, ext_hal_r=0.12, ext_hal_l=0.12
Fmax range: 5..3396 N | L range sample: [0.229942 0.326094]
csv: trial=35 run=eval kine_score=-25.000 duty=nan knee_min=nan cadence=0.000 stayed_up=True
standing solve: nnls x in [0.00, 0.59], >0.1: 8 muscles
  top: tib_ant_r=0.59, tib_ant_l=0.58, ext_dig_r=0.36, ext_dig_l=0.35, per_tert_r=0.18, per_tert_l=0.18, ext_hal_r=0.13, ext_hal_l=0.13
Fmax range: 5..3396 N | L range sample: [0.229942 0.326094]
csv: trial=36 run=eval kine_score=-63.907 duty=0.087 knee_min=10.03 cadence=0.267 stayed_up=True
NEW GLOBAL BEST -63.907 (trial 36) - running full 22 s capture
standing solve: nnls x in [0.00, 0.59], >0.1: 8 muscles
  top: tib_ant_r=0.59, tib_ant_l=0.58, ext_dig_r=0.36, ext_dig_l=0.35, per_tert_r=0.18, per_tert_l=0.18, ext_hal_r=0.13, ext_hal_l=0.13
Fmax range: 5..3396 N | L range sample: [0.229942 0.326094]
t=  1.00 max|qacc|=      23.5 max|qvel|=   0.90 ncon=  8 com_z=0.948 com_x=-0.134
t=  1.50 max|qacc|=      16.1 max|qvel|=   0.68 ncon=  8 com_z=0.951 com_x=-0.152
t=  2.00 max|qacc|=      39.9 max|qvel|=   0.31 ncon=  8 com_z=0.950 com_x=-0.170
t=  2.50 max|qacc|=      22.2 max|qvel|=   0.75 ncon=  8 com_z=0.949 com_x=-0.181
t=  3.00 max|qacc|=      19.1 max|qvel|=   0.39 ncon=  8 com_z=0.945 com_x=-0.189
t=  3.50 max|qacc|=      25.0 max|qvel|=   0.21 ncon=  8 com_z=0.942 com_x=-0.193
t=  4.00 max|qacc|=      21.5 max|qvel|=   0.49 ncon=  8 com_z=0.935 com_x=-0.194
t=  4.50 max|qacc|=       2.9 max|qvel|=   0.15 ncon=  8 com_z=0.928 com_x=-0.194
t=  5.00 max|qacc|=       3.5 max|qvel|=   1.10 ncon=  8 com_z=0.927 com_x=-0.204
t=  5.50 max|qacc|=     657.0 max|qvel|=   0.62 ncon=  7 com_z=0.910 com_x=-0.194
t=  6.00 max|qacc|=       2.5 max|qvel|=   1.42 ncon=  8 com_z=0.925 com_x=-0.200
t=  6.50 max|qacc|=       3.3 max|qvel|=   0.35 ncon=  7 com_z=0.903 com_x=-0.185
t=  7.00 max|qacc|=       3.9 max|qvel|=   1.66 ncon=  8 com_z=0.927 com_x=-0.187
t=  7.50 max|qacc|=     233.4 max|qvel|=   0.34 ncon=  7 com_z=0.899 com_x=-0.180
t=  8.00 max|qacc|=      10.6 max|qvel|=   1.77 ncon=  8 com_z=0.927 com_x=-0.177
t=  8.50 max|qacc|=       4.0 max|qvel|=   0.19 ncon=  7 com_z=0.894 com_x=-0.182
t=  9.00 max|qacc|=      35.8 max|qvel|=   1.77 ncon=  8 com_z=0.925 com_x=-0.168
t=  9.50 max|qacc|=       5.4 max|qvel|=   0.50 ncon=  7 com_z=0.900 com_x=-0.179
t= 10.00 max|qacc|=      10.8 max|qvel|=   1.00 ncon=  7 com_z=0.918 com_x=-0.163
t= 10.50 max|qacc|=       3.7 max|qvel|=   0.96 ncon=  7 com_z=0.908 com_x=-0.173
t= 11.00 max|qacc|=       1.8 max|qvel|=   0.82 ncon=  7 com_z=0.904 com_x=-0.166
t= 11.50 max|qacc|=       4.5 max|qvel|=   1.41 ncon=  7 com_z=0.920 com_x=-0.165
t= 12.00 max|qacc|=      52.6 max|qvel|=   0.50 ncon=  6 com_z=0.897 com_x=-0.165
t= 12.50 max|qacc|=       7.2 max|qvel|=   1.66 ncon=  8 com_z=0.926 com_x=-0.153
t= 13.00 max|qacc|=       3.9 max|qvel|=   0.19 ncon=  6 com_z=0.892 com_x=-0.164
t= 13.50 max|qacc|=      23.0 max|qvel|=   2.55 ncon=  6 com_z=0.924 com_x=-0.145
t= 14.00 max|qacc|=      19.1 max|qvel|=   0.54 ncon=  5 com_z=0.898 com_x=-0.163
t= 14.50 max|qacc|=      19.9 max|qvel|=   0.90 ncon=  7 com_z=0.915 com_x=-0.146
t= 15.00 max|qacc|=       3.2 max|qvel|=   1.01 ncon=  7 com_z=0.909 com_x=-0.157
t= 15.50 max|qacc|=     115.4 max|qvel|=   0.91 ncon=  5 com_z=0.904 com_x=-0.150
t= 16.00 max|qacc|=       8.6 max|qvel|=   0.95 ncon=  5 com_z=0.921 com_x=-0.137
t= 16.50 max|qacc|=     108.1 max|qvel|=   0.89 ncon=  5 com_z=0.919 com_x=-0.122
t= 17.00 max|qacc|=      10.2 max|qvel|=   1.01 ncon=  5 com_z=0.941 com_x=-0.108
t= 17.50 max|qacc|=      31.8 max|qvel|=   0.34 ncon=  4 com_z=0.937 com_x=-0.098
t= 18.00 max|qacc|=      10.2 max|qvel|=   0.99 ncon=  4 com_z=0.941 com_x=-0.098
t= 18.50 max|qacc|=      23.7 max|qvel|=   0.89 ncon=  3 com_z=0.940 com_x=-0.100
t= 19.00 max|qacc|=       9.1 max|qvel|=   1.80 ncon=  3 com_z=0.938 com_x=-0.099
t= 19.50 max|qacc|=     248.9 max|qvel|=   1.39 ncon=  4 com_z=0.937 com_x=-0.095
t= 20.00 max|qacc|=      61.0 max|qvel|=   1.24 ncon=  2 com_z=0.939 com_x=-0.090
t= 20.50 max|qacc|=      82.2 max|qvel|=   1.84 ncon=  2 com_z=0.936 com_x=-0.087
t= 21.00 max|qacc|=      66.0 max|qvel|=   0.68 ncon=  4 com_z=0.935 com_x=-0.085
t= 21.50 max|qacc|=      26.8 max|qvel|=   0.35 ncon=  4 com_z=0.936 com_x=-0.081

== summary ==
pelvis/COM height: start 0.96 m, min 0.89 m, final 0.93 m  (stayed up)
COM x: min -0.21 max -0.08 final -0.08 m
COM y: min -0.082 max +0.086 m
RG_F_r bursts during walk window: 5
RG_r: cycles in window 5, period 2.21 s (0.45 Hz), E-duty 0.13
RG_l: cycles in window 5, period 2.21 s (0.45 Hz), E-duty 0.04
peak ctrl: [0.36 0.76 0.73 0.61 0.32 0.51 0.6  0.43 0.34 0.16 0.33 0.7  0.67 0.62
 0.32 0.46 0.59 0.39 0.33 0.19] (('vas_lat_r', 'med_gas_r', 'soleus_r', 'tib_ant_r', 'psoas_r', 'semimem_r', 'glut_max2_r', 'rect_fem_r', 'sar_r', 'grac_r', 'vas_lat_l', 'med_gas_l', 'soleus_l', 'tib_ant_l', 'psoas_l', 'semimem_l', 'glut_max2_l', 'rect_fem_l', 'sar_l', 'grac_l'))
  hip_flexion_r        -16.0 ..    13.5 deg
  knee_angle_r         -17.3 ..    11.3 deg
  ankle_angle_r        -37.5 ..     0.0 deg
  hip_adduction_r       -7.0 ..    12.2 deg
  subtalar_angle_r      -2.0 ..    16.4 deg
  hip_flexion_l         -9.6 ..    12.1 deg
  knee_angle_l          -6.1 ..    11.5 deg
  ankle_angle_l        -41.9 ..     0.0 deg
  hip_adduction_l       -6.9 ..    12.1 deg
  subtalar_angle_l      -0.5 ..    16.3 deg
  pelvis_tilt           -1.4 ..    23.1 deg
  pelvis_list           -7.3 ..     7.6 deg
  pelvis_rotation       -1.9 ..     1.9 deg
saved spinal_run.npz
saved spinal_run.png
csv: trial=36 run=full22 kine_score=-63.333 duty=0.205 knee_min=9.98 cadence=0.400 stayed_up=True
full22 capture: trial 36 kine_score -63.333 -> v7_best_trial36.npz
standing solve: nnls x in [0.00, 0.58], >0.1: 8 muscles
  top: tib_ant_r=0.58, tib_ant_l=0.58, ext_dig_r=0.35, ext_dig_l=0.35, per_tert_r=0.18, per_tert_l=0.18, ext_hal_r=0.13, ext_hal_l=0.13
Fmax range: 5..3396 N | L range sample: [0.229942 0.326094]
csv: trial=37 run=eval kine_score=-25.000 duty=nan knee_min=nan cadence=0.000 stayed_up=True
standing solve: nnls x in [0.00, 0.58], >0.1: 8 muscles
  top: tib_ant_r=0.58, tib_ant_l=0.58, ext_dig_r=0.35, ext_dig_l=0.35, per_tert_r=0.18, per_tert_l=0.18, ext_hal_r=0.12, ext_hal_l=0.12
Fmax range: 5..3396 N | L range sample: [0.229942 0.326094]
csv: trial=38 run=eval kine_score=-63.841 duty=0.078 knee_min=10.04 cadence=0.267 stayed_up=True
NEW GLOBAL BEST -63.841 (trial 38) - running full 22 s capture
standing solve: nnls x in [0.00, 0.58], >0.1: 8 muscles
  top: tib_ant_r=0.58, tib_ant_l=0.58, ext_dig_r=0.35, ext_dig_l=0.35, per_tert_r=0.18, per_tert_l=0.18, ext_hal_r=0.12, ext_hal_l=0.12
Fmax range: 5..3396 N | L range sample: [0.229942 0.326094]
t=  1.00 max|qacc|=      12.4 max|qvel|=   0.91 ncon=  8 com_z=0.950 com_x=-0.133
t=  1.50 max|qacc|=      21.0 max|qvel|=   0.66 ncon=  8 com_z=0.952 com_x=-0.152
t=  2.00 max|qacc|=      27.9 max|qvel|=   0.52 ncon=  8 com_z=0.951 com_x=-0.170
t=  2.50 max|qacc|=      34.3 max|qvel|=   0.48 ncon=  8 com_z=0.950 com_x=-0.180
t=  3.00 max|qacc|=      35.1 max|qvel|=   0.52 ncon=  8 com_z=0.947 com_x=-0.186
t=  3.50 max|qacc|=       4.0 max|qvel|=   0.51 ncon=  8 com_z=0.943 com_x=-0.190
t=  4.00 max|qacc|=      15.2 max|qvel|=   0.24 ncon=  8 com_z=0.935 com_x=-0.188
t=  4.50 max|qacc|=       8.2 max|qvel|=   0.33 ncon=  8 com_z=0.929 com_x=-0.184
t=  5.00 max|qacc|=       4.4 max|qvel|=   1.14 ncon=  8 com_z=0.930 com_x=-0.192
t=  5.50 max|qacc|=      93.7 max|qvel|=   0.51 ncon=  7 com_z=0.910 com_x=-0.186
t=  6.00 max|qacc|=      19.8 max|qvel|=   1.54 ncon=  8 com_z=0.929 com_x=-0.185
t=  6.50 max|qacc|=      32.8 max|qvel|=   0.18 ncon=  7 com_z=0.904 com_x=-0.176
t=  7.00 max|qacc|=       4.6 max|qvel|=   1.75 ncon=  8 com_z=0.928 com_x=-0.177
t=  7.50 max|qacc|=      19.8 max|qvel|=   0.26 ncon=  7 com_z=0.903 com_x=-0.170
t=  8.00 max|qacc|=      29.1 max|qvel|=   1.81 ncon=  8 com_z=0.927 com_x=-0.163
t=  8.50 max|qacc|=       4.2 max|qvel|=   0.58 ncon=  7 com_z=0.904 com_x=-0.168
t=  9.00 max|qacc|=      20.7 max|qvel|=   0.97 ncon=  7 com_z=0.919 com_x=-0.160
t=  9.50 max|qacc|=       3.5 max|qvel|=   1.11 ncon=  7 com_z=0.916 com_x=-0.165
t= 10.00 max|qacc|=       3.3 max|qvel|=   0.80 ncon=  7 com_z=0.908 com_x=-0.157
t= 10.50 max|qacc|=       5.8 max|qvel|=   1.51 ncon=  8 com_z=0.925 com_x=-0.157
t= 11.00 max|qacc|=       6.4 max|qvel|=   0.36 ncon=  7 com_z=0.897 com_x=-0.158
t= 11.50 max|qacc|=      34.1 max|qvel|=   1.64 ncon=  8 com_z=0.928 com_x=-0.150
t= 12.00 max|qacc|=      39.4 max|qvel|=   0.27 ncon=  6 com_z=0.900 com_x=-0.157
t= 12.50 max|qacc|=       8.0 max|qvel|=   1.00 ncon=  7 com_z=0.922 com_x=-0.145
t= 13.00 max|qacc|=       3.2 max|qvel|=   0.87 ncon=  7 com_z=0.909 com_x=-0.153
t= 13.50 max|qacc|=       5.4 max|qvel|=   0.84 ncon=  7 com_z=0.909 com_x=-0.147
t= 14.00 max|qacc|=       3.8 max|qvel|=   1.41 ncon=  7 com_z=0.922 com_x=-0.150
t= 14.50 max|qacc|=      37.5 max|qvel|=   0.48 ncon=  6 com_z=0.901 com_x=-0.147
t= 15.00 max|qacc|=      32.5 max|qvel|=   1.67 ncon=  8 com_z=0.927 com_x=-0.141
t= 15.50 max|qacc|=      10.6 max|qvel|=   0.28 ncon=  6 com_z=0.898 com_x=-0.147
t= 16.00 max|qacc|=       4.4 max|qvel|=   1.38 ncon=  7 com_z=0.926 com_x=-0.139
t= 16.50 max|qacc|=     165.2 max|qvel|=   0.89 ncon=  4 com_z=0.920 com_x=-0.126
t= 17.00 max|qacc|=     105.4 max|qvel|=   0.89 ncon=  5 com_z=0.940 com_x=-0.113
t= 17.50 max|qacc|=      21.8 max|qvel|=   0.96 ncon=  3 com_z=0.947 com_x=-0.096
t= 18.00 max|qacc|=      33.5 max|qvel|=   1.24 ncon=  4 com_z=0.939 com_x=-0.098
t= 18.50 max|qacc|=       8.4 max|qvel|=   1.74 ncon=  3 com_z=0.942 com_x=-0.103
t= 19.00 max|qacc|=      44.0 max|qvel|=   0.90 ncon=  3 com_z=0.941 com_x=-0.100
t= 19.50 max|qacc|=      57.1 max|qvel|=   1.06 ncon=  3 com_z=0.942 com_x=-0.094
t= 20.00 max|qacc|=     174.0 max|qvel|=   3.79 ncon=  3 com_z=0.940 com_x=-0.092
t= 20.50 max|qacc|=     132.8 max|qvel|=   1.35 ncon=  2 com_z=0.939 com_x=-0.087
t= 21.00 max|qacc|=      23.3 max|qvel|=   1.69 ncon=  3 com_z=0.938 com_x=-0.084
t= 21.50 max|qacc|=     185.2 max|qvel|=   1.76 ncon=  3 com_z=0.937 com_x=-0.081

== summary ==
pelvis/COM height: start 0.96 m, min 0.90 m, final 0.94 m  (stayed up)
COM x: min -0.19 max -0.08 final -0.08 m
COM y: min -0.082 max +0.087 m
RG_F_r bursts during walk window: 5
RG_r: cycles in window 5, period 2.25 s (0.44 Hz), E-duty 0.12
RG_l: cycles in window 5, period 2.25 s (0.45 Hz), E-duty 0.04
peak ctrl: [0.36 0.67 0.65 0.59 0.26 0.4  0.56 0.4  0.28 0.12 0.32 0.61 0.59 0.6
 0.25 0.36 0.56 0.36 0.26 0.14] (('vas_lat_r', 'med_gas_r', 'soleus_r', 'tib_ant_r', 'psoas_r', 'semimem_r', 'glut_max2_r', 'rect_fem_r', 'sar_r', 'grac_r', 'vas_lat_l', 'med_gas_l', 'soleus_l', 'tib_ant_l', 'psoas_l', 'semimem_l', 'glut_max2_l', 'rect_fem_l', 'sar_l', 'grac_l'))
  hip_flexion_r        -18.8 ..    12.7 deg
  knee_angle_r         -23.0 ..    11.3 deg
  ankle_angle_r        -37.8 ..     0.0 deg
  hip_adduction_r       -6.3 ..    11.4 deg
  subtalar_angle_r      -1.4 ..    17.5 deg
  hip_flexion_l        -18.1 ..    11.6 deg
  knee_angle_l         -19.4 ..    11.4 deg
  ankle_angle_l        -42.5 ..     0.0 deg
  hip_adduction_l       -6.7 ..    12.8 deg
  subtalar_angle_l       0.0 ..    17.0 deg
  pelvis_tilt           -1.7 ..    20.7 deg
  pelvis_list           -7.6 ..     7.5 deg
  pelvis_rotation       -1.7 ..     1.7 deg
saved spinal_run.npz
saved spinal_run.png
csv: trial=38 run=full22 kine_score=-63.484 duty=0.193 knee_min=10.02 cadence=0.400 stayed_up=True
full22 capture: trial 38 kine_score -63.484 -> v7_best_trial38.npz
standing solve: nnls x in [0.00, 0.59], >0.1: 8 muscles
  top: tib_ant_r=0.59, tib_ant_l=0.58, ext_dig_r=0.36, ext_dig_l=0.36, per_tert_r=0.18, per_tert_l=0.18, ext_hal_r=0.14, ext_hal_l=0.14
Fmax range: 5..3396 N | L range sample: [0.229942 0.326094]
csv: trial=39 run=eval kine_score=-63.994 duty=0.085 knee_min=9.99 cadence=0.267 stayed_up=True
standing solve: nnls x in [0.00, 0.59], >0.1: 8 muscles
  top: tib_ant_r=0.59, tib_ant_l=0.58, ext_dig_r=0.36, ext_dig_l=0.36, per_tert_r=0.18, per_tert_l=0.18, ext_hal_r=0.14, ext_hal_l=0.14
Fmax range: 5..3396 N | L range sample: [0.229942 0.326094]
csv: trial=40 run=eval kine_score=-64.797 duty=0.252 knee_min=10.02 cadence=0.400 stayed_up=True
standing solve: nnls x in [0.00, 0.58], >0.1: 8 muscles
  top: tib_ant_r=0.58, tib_ant_l=0.58, ext_dig_r=0.35, ext_dig_l=0.35, per_tert_r=0.18, per_tert_l=0.18, ext_hal_r=0.13, ext_hal_l=0.13
Fmax range: 5..3396 N | L range sample: [0.229942 0.326094]
csv: trial=41 run=eval kine_score=-64.284 duty=0.118 knee_min=10.03 cadence=0.267 stayed_up=True
standing solve: nnls x in [0.00, 0.59], >0.1: 25 muscles
  top: tib_ant_r=0.59, tib_ant_l=0.59, ext_dig_r=0.38, ext_dig_l=0.38, per_tert_r=0.17, per_tert_l=0.17, ext_hal_r=0.17, ext_hal_l=0.17
Fmax range: 5..3396 N | L range sample: [0.229942 0.326094]
csv: trial=42 run=eval kine_score=-25.000 duty=nan knee_min=nan cadence=0.000 stayed_up=True
standing solve: nnls x in [0.00, 0.58], >0.1: 8 muscles
  top: tib_ant_r=0.58, tib_ant_l=0.58, ext_dig_r=0.35, ext_dig_l=0.35, per_tert_r=0.18, per_tert_l=0.18, ext_hal_r=0.12, ext_hal_l=0.12
Fmax range: 5..3396 N | L range sample: [0.229942 0.326094]
csv: trial=43 run=eval kine_score=-64.025 duty=0.099 knee_min=10.02 cadence=0.400 stayed_up=True
standing solve: nnls x in [0.00, 0.59], >0.1: 8 muscles
  top: tib_ant_r=0.59, tib_ant_l=0.58, ext_dig_r=0.36, ext_dig_l=0.36, per_tert_r=0.18, per_tert_l=0.18, ext_hal_r=0.13, ext_hal_l=0.13
Fmax range: 5..3396 N | L range sample: [0.229942 0.326094]
csv: trial=44 run=eval kine_score=-25.000 duty=nan knee_min=nan cadence=0.000 stayed_up=True
standing solve: nnls x in [0.00, 0.59], >0.1: 8 muscles
  top: tib_ant_r=0.59, tib_ant_l=0.58, ext_dig_r=0.36, ext_dig_l=0.36, per_tert_r=0.18, per_tert_l=0.18, ext_hal_r=0.14, ext_hal_l=0.13
Fmax range: 5..3396 N | L range sample: [0.229942 0.326094]
csv: trial=45 run=eval kine_score=-64.653 duty=0.097 knee_min=9.98 cadence=0.267 stayed_up=True
standing solve: nnls x in [0.00, 0.58], >0.1: 8 muscles
  top: tib_ant_r=0.58, tib_ant_l=0.58, ext_dig_r=0.35, ext_dig_l=0.35, per_tert_r=0.18, per_tert_l=0.18, ext_hal_r=0.12, ext_hal_l=0.12
Fmax range: 5..3396 N | L range sample: [0.229942 0.326094]
csv: trial=46 run=eval kine_score=-63.573 duty=0.286 knee_min=10.02 cadence=0.400 stayed_up=True
NEW GLOBAL BEST -63.573 (trial 46) - running full 22 s capture
standing solve: nnls x in [0.00, 0.58], >0.1: 8 muscles
  top: tib_ant_r=0.58, tib_ant_l=0.58, ext_dig_r=0.35, ext_dig_l=0.35, per_tert_r=0.18, per_tert_l=0.18, ext_hal_r=0.12, ext_hal_l=0.12
Fmax range: 5..3396 N | L range sample: [0.229942 0.326094]
t=  1.00 max|qacc|=       6.6 max|qvel|=   0.87 ncon=  8 com_z=0.952 com_x=-0.132
t=  1.50 max|qacc|=      37.0 max|qvel|=   0.39 ncon=  8 com_z=0.952 com_x=-0.152
t=  2.00 max|qacc|=       6.5 max|qvel|=   0.64 ncon=  8 com_z=0.950 com_x=-0.170
t=  2.50 max|qacc|=      41.2 max|qvel|=   0.37 ncon=  8 com_z=0.950 com_x=-0.181
t=  3.00 max|qacc|=      24.9 max|qvel|=   0.54 ncon=  7 com_z=0.949 com_x=-0.186
t=  3.50 max|qacc|=      25.1 max|qvel|=   0.43 ncon=  8 com_z=0.941 com_x=-0.189
t=  4.00 max|qacc|=     896.7 max|qvel|=   1.41 ncon=  7 com_z=0.934 com_x=-0.185
t=  4.50 max|qacc|=      32.5 max|qvel|=   1.15 ncon=  8 com_z=0.928 com_x=-0.181
t=  5.00 max|qacc|=       2.1 max|qvel|=   1.00 ncon=  7 com_z=0.921 com_x=-0.188
t=  5.50 max|qacc|=      36.3 max|qvel|=   1.25 ncon= 10 com_z=0.910 com_x=-0.183
t=  6.00 max|qacc|=      15.1 max|qvel|=   1.17 ncon=  7 com_z=0.916 com_x=-0.182
t=  6.50 max|qacc|=      24.2 max|qvel|=   1.67 ncon= 10 com_z=0.908 com_x=-0.179
t=  7.00 max|qacc|=      35.2 max|qvel|=   1.23 ncon=  7 com_z=0.911 com_x=-0.177
t=  7.50 max|qacc|=      26.2 max|qvel|=   2.00 ncon=  8 com_z=0.906 com_x=-0.172
t=  8.00 max|qacc|=      12.8 max|qvel|=   1.18 ncon=  7 com_z=0.915 com_x=-0.170
t=  8.50 max|qacc|=      20.5 max|qvel|=   1.82 ncon= 10 com_z=0.909 com_x=-0.169
t=  9.00 max|qacc|=      14.3 max|qvel|=   1.25 ncon=  7 com_z=0.912 com_x=-0.172
t=  9.50 max|qacc|=      58.7 max|qvel|=   1.25 ncon=  7 com_z=0.902 com_x=-0.170
t= 10.00 max|qacc|=      18.5 max|qvel|=   1.32 ncon=  6 com_z=0.919 com_x=-0.167
t= 10.50 max|qacc|=      61.1 max|qvel|=   1.14 ncon=  9 com_z=0.906 com_x=-0.165
t= 11.00 max|qacc|=      12.8 max|qvel|=   1.39 ncon=  7 com_z=0.919 com_x=-0.170
t= 11.50 max|qacc|=      22.2 max|qvel|=   0.79 ncon=  8 com_z=0.899 com_x=-0.169
t= 12.00 max|qacc|=       8.2 max|qvel|=   1.61 ncon=  7 com_z=0.924 com_x=-0.166
t= 12.50 max|qacc|=       8.3 max|qvel|=   0.77 ncon=  8 com_z=0.900 com_x=-0.163
t= 13.00 max|qacc|=      12.9 max|qvel|=   1.65 ncon=  7 com_z=0.926 com_x=-0.168
t= 13.50 max|qacc|=      25.6 max|qvel|=   0.63 ncon=  8 com_z=0.896 com_x=-0.166
t= 14.00 max|qacc|=       7.1 max|qvel|=   1.77 ncon=  6 com_z=0.927 com_x=-0.170
t= 14.50 max|qacc|=       5.0 max|qvel|=   0.47 ncon=  7 com_z=0.896 com_x=-0.166
t= 15.00 max|qacc|=       7.8 max|qvel|=   1.85 ncon=  7 com_z=0.929 com_x=-0.173
t= 15.50 max|qacc|=     105.2 max|qvel|=   1.16 ncon=  7 com_z=0.894 com_x=-0.167
t= 16.00 max|qacc|=      13.9 max|qvel|=   1.47 ncon=  6 com_z=0.934 com_x=-0.163
t= 16.50 max|qacc|=      22.9 max|qvel|=   0.44 ncon=  7 com_z=0.916 com_x=-0.151
t= 17.00 max|qacc|=      15.1 max|qvel|=   0.80 ncon=  5 com_z=0.944 com_x=-0.142
t= 17.50 max|qacc|=       6.7 max|qvel|=   1.42 ncon=  5 com_z=0.944 com_x=-0.127
t= 18.00 max|qacc|=      18.6 max|qvel|=   1.18 ncon=  2 com_z=0.950 com_x=-0.106
t= 18.50 max|qacc|=      43.0 max|qvel|=   2.22 ncon=  3 com_z=0.951 com_x=-0.109
t= 19.00 max|qacc|=      33.3 max|qvel|=   1.84 ncon=  3 com_z=0.945 com_x=-0.120
t= 19.50 max|qacc|=      41.7 max|qvel|=   1.08 ncon=  3 com_z=0.944 com_x=-0.116
t= 20.00 max|qacc|=      28.2 max|qvel|=   1.53 ncon=  3 com_z=0.945 com_x=-0.108
t= 20.50 max|qacc|=      26.9 max|qvel|=   2.01 ncon=  3 com_z=0.942 com_x=-0.103
t= 21.00 max|qacc|=      40.9 max|qvel|=   3.80 ncon=  2 com_z=0.944 com_x=-0.098
t= 21.50 max|qacc|=      29.8 max|qvel|=   0.58 ncon=  3 com_z=0.942 com_x=-0.091

== summary ==
pelvis/COM height: start 0.96 m, min 0.89 m, final 0.94 m  (stayed up)
COM x: min -0.19 max -0.09 final -0.09 m
COM y: min -0.093 max +0.098 m
RG_F_r bursts during walk window: 5
RG_r: cycles in window 6, period 2.03 s (0.49 Hz), E-duty 0.12
RG_l: cycles in window 6, period 2.03 s (0.49 Hz), E-duty 0.05
peak ctrl: [0.37 0.62 0.6  0.6  0.25 0.33 0.58 0.4  0.26 0.12 0.37 0.63 0.61 0.59
 0.24 0.35 0.56 0.41 0.25 0.12] (('vas_lat_r', 'med_gas_r', 'soleus_r', 'tib_ant_r', 'psoas_r', 'semimem_r', 'glut_max2_r', 'rect_fem_r', 'sar_r', 'grac_r', 'vas_lat_l', 'med_gas_l', 'soleus_l', 'tib_ant_l', 'psoas_l', 'semimem_l', 'glut_max2_l', 'rect_fem_l', 'sar_l', 'grac_l'))
  hip_flexion_r        -22.8 ..    13.9 deg
  knee_angle_r         -32.9 ..    11.4 deg
  ankle_angle_r        -38.4 ..     0.0 deg
  hip_adduction_r       -8.8 ..    14.7 deg
  subtalar_angle_r      -0.7 ..    23.0 deg
  hip_flexion_l        -24.9 ..    12.9 deg
  knee_angle_l         -31.6 ..    11.5 deg
  ankle_angle_l        -43.2 ..     0.0 deg
  hip_adduction_l       -6.8 ..    17.6 deg
  subtalar_angle_l      -0.3 ..    21.8 deg
  pelvis_tilt           -1.9 ..    19.1 deg
  pelvis_list          -10.5 ..     8.1 deg
  pelvis_rotation       -1.6 ..     1.8 deg
saved spinal_run.npz
saved spinal_run.png
csv: trial=46 run=full22 kine_score=-63.941 duty=0.191 knee_min=10.02 cadence=0.500 stayed_up=True
full22 capture: trial 46 kine_score -63.941 -> v7_best_trial46.npz
standing solve: nnls x in [0.00, 0.58], >0.1: 8 muscles
  top: tib_ant_r=0.58, tib_ant_l=0.58, ext_dig_r=0.35, ext_dig_l=0.35, per_tert_r=0.18, per_tert_l=0.18, ext_hal_r=0.12, ext_hal_l=0.12
Fmax range: 5..3396 N | L range sample: [0.229942 0.326094]
csv: trial=47 run=eval kine_score=-25.000 duty=nan knee_min=nan cadence=0.000 stayed_up=True
standing solve: nnls x in [0.00, 0.59], >0.1: 8 muscles
  top: tib_ant_r=0.59, tib_ant_l=0.58, ext_dig_r=0.36, ext_dig_l=0.36, per_tert_r=0.18, per_tert_l=0.18, ext_hal_r=0.15, ext_hal_l=0.14
Fmax range: 5..3396 N | L range sample: [0.229942 0.326094]
csv: trial=48 run=eval kine_score=-64.251 duty=0.194 knee_min=10.00 cadence=0.400 stayed_up=True
standing solve: nnls x in [0.00, 0.59], >0.1: 8 muscles
  top: tib_ant_r=0.59, tib_ant_l=0.58, ext_dig_r=0.36, ext_dig_l=0.36, per_tert_r=0.18, per_tert_l=0.17, ext_hal_r=0.15, ext_hal_l=0.14
Fmax range: 5..3396 N | L range sample: [0.229942 0.326094]
csv: trial=49 run=eval kine_score=-62.890 duty=0.190 knee_min=9.98 cadence=0.267 stayed_up=True
NEW GLOBAL BEST -62.890 (trial 49) - running full 22 s capture
standing solve: nnls x in [0.00, 0.59], >0.1: 8 muscles
  top: tib_ant_r=0.59, tib_ant_l=0.58, ext_dig_r=0.36, ext_dig_l=0.36, per_tert_r=0.18, per_tert_l=0.17, ext_hal_r=0.15, ext_hal_l=0.14
Fmax range: 5..3396 N | L range sample: [0.229942 0.326094]
t=  1.00 max|qacc|=      30.2 max|qvel|=   0.70 ncon=  8 com_z=0.945 com_x=-0.138
t=  1.50 max|qacc|=      40.7 max|qvel|=   0.42 ncon=  8 com_z=0.951 com_x=-0.153
t=  2.00 max|qacc|=      24.9 max|qvel|=   0.62 ncon=  8 com_z=0.948 com_x=-0.172
t=  2.50 max|qacc|=      25.0 max|qvel|=   0.40 ncon=  8 com_z=0.946 com_x=-0.185
t=  3.00 max|qacc|=      43.0 max|qvel|=   0.26 ncon=  8 com_z=0.946 com_x=-0.193
t=  3.50 max|qacc|=       8.5 max|qvel|=   0.34 ncon=  8 com_z=0.939 com_x=-0.203
t=  4.00 max|qacc|=       1.8 max|qvel|=   0.30 ncon=  8 com_z=0.929 com_x=-0.210
t=  4.50 max|qacc|=       8.6 max|qvel|=   0.21 ncon=  8 com_z=0.923 com_x=-0.210
t=  5.00 max|qacc|=       6.0 max|qvel|=   1.19 ncon=  8 com_z=0.922 com_x=-0.232
t=  5.50 max|qacc|=       3.3 max|qvel|=   0.19 ncon=  7 com_z=0.896 com_x=-0.236
t=  6.00 max|qacc|=       6.1 max|qvel|=   1.74 ncon=  8 com_z=0.921 com_x=-0.226
t=  6.50 max|qacc|=       4.4 max|qvel|=   0.14 ncon=  7 com_z=0.890 com_x=-0.216
t=  7.00 max|qacc|=      17.4 max|qvel|=   1.91 ncon=  8 com_z=0.924 com_x=-0.198
t=  7.50 max|qacc|=       4.9 max|qvel|=   0.26 ncon=  7 com_z=0.887 com_x=-0.208
t=  8.00 max|qacc|=      11.2 max|qvel|=   1.20 ncon=  7 com_z=0.917 com_x=-0.194
t=  8.50 max|qacc|=       4.2 max|qvel|=   0.77 ncon=  7 com_z=0.896 com_x=-0.205
t=  9.00 max|qacc|=       1.3 max|qvel|=   0.98 ncon=  7 com_z=0.904 com_x=-0.195
t=  9.50 max|qacc|=       3.3 max|qvel|=   1.29 ncon=  8 com_z=0.914 com_x=-0.184
t= 10.00 max|qacc|=      12.9 max|qvel|=   0.56 ncon=  7 com_z=0.886 com_x=-0.197
t= 10.50 max|qacc|=     124.4 max|qvel|=   1.47 ncon=  8 com_z=0.924 com_x=-0.162
t= 11.00 max|qacc|=      10.3 max|qvel|=   0.22 ncon=  6 com_z=0.887 com_x=-0.187
t= 11.50 max|qacc|=      27.9 max|qvel|=   0.91 ncon=  7 com_z=0.913 com_x=-0.167
t= 12.00 max|qacc|=       3.5 max|qvel|=   0.87 ncon=  7 com_z=0.901 com_x=-0.170
t= 12.50 max|qacc|=       4.4 max|qvel|=   0.80 ncon=  7 com_z=0.893 com_x=-0.174
t= 13.00 max|qacc|=       3.6 max|qvel|=   1.42 ncon=  7 com_z=0.919 com_x=-0.144
t= 13.50 max|qacc|=      44.5 max|qvel|=   0.35 ncon=  6 com_z=0.885 com_x=-0.167
t= 14.00 max|qacc|=      35.6 max|qvel|=   2.94 ncon=  6 com_z=0.919 com_x=-0.142
t= 14.50 max|qacc|=       8.8 max|qvel|=   0.48 ncon=  6 com_z=0.889 com_x=-0.155
t= 15.00 max|qacc|=       2.0 max|qvel|=   0.89 ncon=  6 com_z=0.903 com_x=-0.152
t= 15.50 max|qacc|=       5.5 max|qvel|=   1.00 ncon=  6 com_z=0.910 com_x=-0.138
t= 16.00 max|qacc|=       3.1 max|qvel|=   0.77 ncon=  4 com_z=0.904 com_x=-0.136
t= 16.50 max|qacc|=      13.1 max|qvel|=   0.71 ncon=  5 com_z=0.926 com_x=-0.114
t= 17.00 max|qacc|=      26.4 max|qvel|=   0.73 ncon=  4 com_z=0.929 com_x=-0.090
t= 17.50 max|qacc|=       7.4 max|qvel|=   0.51 ncon=  5 com_z=0.937 com_x=-0.085
t= 18.00 max|qacc|=      11.7 max|qvel|=   0.73 ncon=  4 com_z=0.935 com_x=-0.083
t= 18.50 max|qacc|=      30.8 max|qvel|=   0.47 ncon=  4 com_z=0.936 com_x=-0.086
t= 19.00 max|qacc|=      46.7 max|qvel|=   0.80 ncon=  5 com_z=0.935 com_x=-0.084
t= 19.50 max|qacc|=      92.0 max|qvel|=   0.89 ncon=  4 com_z=0.933 com_x=-0.083
t= 20.00 max|qacc|=      10.1 max|qvel|=   0.38 ncon=  5 com_z=0.933 com_x=-0.082
t= 20.50 max|qacc|=      12.8 max|qvel|=   0.50 ncon=  5 com_z=0.933 com_x=-0.079
t= 21.00 max|qacc|=      50.3 max|qvel|=   0.96 ncon=  5 com_z=0.933 com_x=-0.077
t= 21.50 max|qacc|=      29.2 max|qvel|=   0.53 ncon=  5 com_z=0.933 com_x=-0.077

== summary ==
pelvis/COM height: start 0.96 m, min 0.88 m, final 0.93 m  (stayed up)
COM x: min -0.24 max -0.08 final -0.08 m
COM y: min -0.085 max +0.088 m
RG_F_r bursts during walk window: 4
RG_r: cycles in window 5, period 2.37 s (0.42 Hz), E-duty 0.11
RG_l: cycles in window 5, period 2.37 s (0.42 Hz), E-duty 0.04
peak ctrl: [0.35 0.83 0.79 0.66 0.46 0.66 0.66 0.44 0.47 0.28 0.39 0.91 0.86 0.65
 0.42 0.68 0.69 0.5  0.43 0.24] (('vas_lat_r', 'med_gas_r', 'soleus_r', 'tib_ant_r', 'psoas_r', 'semimem_r', 'glut_max2_r', 'rect_fem_r', 'sar_r', 'grac_r', 'vas_lat_l', 'med_gas_l', 'soleus_l', 'tib_ant_l', 'psoas_l', 'semimem_l', 'glut_max2_l', 'rect_fem_l', 'sar_l', 'grac_l'))
  hip_flexion_r         -8.6 ..    15.4 deg
  knee_angle_r          -8.7 ..    11.5 deg
  ankle_angle_r        -40.5 ..     0.0 deg
  hip_adduction_r       -7.1 ..     9.5 deg
  subtalar_angle_r      -1.8 ..    13.7 deg
  hip_flexion_l         -4.8 ..    14.2 deg
  knee_angle_l          -1.0 ..    11.7 deg
  ankle_angle_l        -44.0 ..     0.0 deg
  hip_adduction_l       -5.9 ..    10.7 deg
  subtalar_angle_l      -0.2 ..    14.9 deg
  pelvis_tilt           -1.1 ..    27.8 deg
  pelvis_list           -7.1 ..     6.7 deg
  pelvis_rotation       -2.0 ..     2.0 deg
saved spinal_run.npz
saved spinal_run.png
csv: trial=49 run=full22 kine_score=-62.877 duty=0.173 knee_min=10.00 cadence=0.400 stayed_up=True
full22 capture: trial 49 kine_score -62.877 -> v7_best_trial49.npz
standing solve: nnls x in [0.00, 0.59], >0.1: 8 muscles
  top: tib_ant_r=0.59, tib_ant_l=0.58, ext_dig_r=0.36, ext_dig_l=0.36, per_tert_r=0.18, per_tert_l=0.18, ext_hal_r=0.13, ext_hal_l=0.13
Fmax range: 5..3396 N | L range sample: [0.229942 0.326094]
csv: trial=50 run=eval kine_score=-64.277 duty=0.090 knee_min=10.05 cadence=0.400 stayed_up=True
standing solve: nnls x in [0.00, 0.58], >0.1: 8 muscles
  top: tib_ant_r=0.58, tib_ant_l=0.58, ext_dig_r=0.35, ext_dig_l=0.35, per_tert_r=0.18, per_tert_l=0.18, ext_hal_r=0.12, ext_hal_l=0.12
Fmax range: 5..3396 N | L range sample: [0.229942 0.326094]
csv: trial=51 run=eval kine_score=-63.742 duty=0.079 knee_min=9.99 cadence=0.267 stayed_up=True
standing solve: nnls x in [0.00, 0.59], >0.1: 8 muscles
  top: tib_ant_r=0.59, tib_ant_l=0.58, ext_dig_r=0.35, ext_dig_l=0.35, per_tert_r=0.18, per_tert_l=0.18, ext_hal_r=0.13, ext_hal_l=0.13
Fmax range: 5..3396 N | L range sample: [0.229942 0.326094]
csv: trial=52 run=eval kine_score=-63.458 duty=0.089 knee_min=10.05 cadence=0.400 stayed_up=True
standing solve: nnls x in [0.00, 0.59], >0.1: 9 muscles
  top: tib_ant_r=0.59, tib_ant_l=0.58, ext_dig_r=0.36, ext_dig_l=0.36, per_tert_r=0.18, per_tert_l=0.17, ext_hal_r=0.15, ext_hal_l=0.15
Fmax range: 5..3396 N | L range sample: [0.229942 0.326094]
csv: trial=53 run=eval kine_score=-63.636 duty=0.189 knee_min=9.99 cadence=0.400 stayed_up=True
standing solve: nnls x in [0.00, 0.58], >0.1: 8 muscles
  top: tib_ant_r=0.58, tib_ant_l=0.58, ext_dig_r=0.35, ext_dig_l=0.35, per_tert_r=0.18, per_tert_l=0.18, ext_hal_r=0.12, ext_hal_l=0.12
Fmax range: 5..3396 N | L range sample: [0.229942 0.326094]
csv: trial=54 run=eval kine_score=-64.507 duty=0.241 knee_min=10.01 cadence=0.400 stayed_up=True
standing solve: nnls x in [0.00, 0.59], >0.1: 8 muscles
  top: tib_ant_r=0.59, tib_ant_l=0.58, ext_dig_r=0.36, ext_dig_l=0.36, per_tert_r=0.18, per_tert_l=0.18, ext_hal_r=0.14, ext_hal_l=0.14
Fmax range: 5..3396 N | L range sample: [0.229942 0.326094]
csv: trial=55 run=eval kine_score=-25.000 duty=nan knee_min=nan cadence=0.000 stayed_up=True
standing solve: nnls x in [0.00, 0.59], >0.1: 16 muscles
  top: tib_ant_r=0.59, tib_ant_l=0.58, ext_dig_r=0.37, ext_dig_l=0.37, per_tert_r=0.17, per_tert_l=0.17, ext_hal_r=0.15, ext_hal_l=0.15
Fmax range: 5..3396 N | L range sample: [0.229942 0.326094]
csv: trial=56 run=eval kine_score=-25.000 duty=nan knee_min=nan cadence=0.000 stayed_up=True
standing solve: nnls x in [0.00, 0.59], >0.1: 16 muscles
  top: tib_ant_r=0.59, tib_ant_l=0.58, ext_dig_r=0.37, ext_dig_l=0.37, per_tert_r=0.17, per_tert_l=0.17, ext_hal_r=0.15, ext_hal_l=0.15
Fmax range: 5..3396 N | L range sample: [0.229942 0.326094]
csv: trial=57 run=eval kine_score=-63.834 duty=0.194 knee_min=10.02 cadence=0.267 stayed_up=True
standing solve: nnls x in [0.00, 0.59], >0.1: 8 muscles
  top: tib_ant_r=0.59, tib_ant_l=0.58, ext_dig_r=0.36, ext_dig_l=0.36, per_tert_r=0.18, per_tert_l=0.18, ext_hal_r=0.15, ext_hal_l=0.14
Fmax range: 5..3396 N | L range sample: [0.229942 0.326094]
csv: trial=58 run=eval kine_score=-25.000 duty=nan knee_min=nan cadence=0.000 stayed_up=True
standing solve: nnls x in [0.00, 0.59], >0.1: 8 muscles
  top: tib_ant_r=0.59, tib_ant_l=0.58, ext_dig_r=0.36, ext_dig_l=0.36, per_tert_r=0.18, per_tert_l=0.18, ext_hal_r=0.14, ext_hal_l=0.13
Fmax range: 5..3396 N | L range sample: [0.229942 0.326094]
csv: trial=59 run=eval kine_score=-65.009 duty=0.198 knee_min=10.03 cadence=0.400 stayed_up=True

== best kine_score -62.890 (trial 49)
  drive           2.9155
  rg_adapt        1.7584
  desc_e          1.0493
  desc_f          2.1285
  rg_to_pf        2.3520
  pf_gain         1.4671
  e2_pf           1.8473
  f1_df           0.7294
  f1_kf           0.5161
  e2_adapt        2.3015
  post_kneext     0.7749
  post_hipext     1.2170
  kx              181.4141
  phase_reset_e   0.3100
  phase_reset_f   1.2558
  f1_kneext_inh   0.4607
  f1_anklepf_inh  0.0934
saved best_walk_params_v7.json (runner --best7 reproduces)
