fitted baseline loaded: e2_pf=0.222 f1_df=0.098 f1_kf=0.148 post_kneext=0.011 post_hipext=0.068 desc_f=1.400 e2_adapt=1.700
seeded v3 winner into v4
enqueued seed trial
standing solve: nnls x in [0.00, 0.60], >0.1: 8 muscles
  top: tib_ant_r=0.60, tib_ant_l=0.59, ext_dig_r=0.36, ext_dig_l=0.36, ercspn_r=0.18, ercspn_l=0.18, per_tert_r=0.18, per_tert_l=0.18
Fmax range: 5..3396 N | L range sample: [0.229942 0.326094]
standing solve: nnls x in [0.00, 0.60], >0.1: 8 muscles
  top: tib_ant_r=0.60, tib_ant_l=0.59, ext_dig_r=0.37, ext_dig_l=0.37, ercspn_r=0.18, ercspn_l=0.18, per_tert_r=0.18, per_tert_l=0.18
Fmax range: 5..3396 N | L range sample: [0.229942 0.326094]
standing solve: nnls x in [0.00, 0.60], >0.1: 8 muscles
  top: tib_ant_r=0.60, tib_ant_l=0.59, ext_dig_r=0.36, ext_dig_l=0.36, ercspn_r=0.18, ercspn_l=0.18, per_tert_r=0.18, per_tert_l=0.18
Fmax range: 5..3396 N | L range sample: [0.229942 0.326094]
standing solve: nnls x in [0.00, 0.61], >0.1: 26 muscles
  top: tib_ant_r=0.61, tib_ant_l=0.60, ext_dig_r=0.39, ext_dig_l=0.39, ercspn_r=0.18, ercspn_l=0.18, per_tert_r=0.17, glut_min1_l=0.17
Fmax range: 5..3396 N | L range sample: [0.229942 0.326094]
standing solve: nnls x in [0.00, 0.60], >0.1: 8 muscles
  top: tib_ant_r=0.60, tib_ant_l=0.59, ext_dig_r=0.36, ext_dig_l=0.36, ercspn_r=0.18, ercspn_l=0.18, per_tert_r=0.18, per_tert_l=0.18
Fmax range: 5..3396 N | L range sample: [0.229942 0.326094]
standing solve: nnls x in [0.00, 0.61], >0.1: 20 muscles
  top: tib_ant_r=0.61, tib_ant_l=0.60, ext_dig_r=0.39, ext_dig_l=0.39, ercspn_r=0.18, ercspn_l=0.18, per_tert_r=0.17, per_tert_l=0.17
Fmax range: 5..3396 N | L range sample: [0.229942 0.326094]
standing solve: nnls x in [0.00, 0.60], >0.1: 8 muscles
  top: tib_ant_r=0.60, tib_ant_l=0.59, ext_dig_r=0.36, ext_dig_l=0.36, ercspn_r=0.18, ercspn_l=0.18, per_tert_r=0.18, per_tert_l=0.18
Fmax range: 5..3396 N | L range sample: [0.229942 0.326094]
standing solve: nnls x in [0.00, 0.60], >0.1: 8 muscles
  top: tib_ant_r=0.60, tib_ant_l=0.59, ext_dig_r=0.37, ext_dig_l=0.37, ercspn_r=0.18, ercspn_l=0.18, per_tert_r=0.18, per_tert_l=0.18
Fmax range: 5..3396 N | L range sample: [0.229942 0.326094]
standing solve: nnls x in [0.00, 0.60], >0.1: 8 muscles
  top: tib_ant_r=0.60, tib_ant_l=0.59, ext_dig_r=0.36, ext_dig_l=0.36, ercspn_r=0.18, ercspn_l=0.18, per_tert_r=0.18, per_tert_l=0.18
Fmax range: 5..3396 N | L range sample: [0.229942 0.326094]
standing solve: nnls x in [0.00, 0.60], >0.1: 22 muscles
  top: tib_ant_r=0.60, tib_ant_l=0.60, ext_dig_r=0.38, ext_dig_l=0.38, ercspn_r=0.18, ercspn_l=0.18, per_tert_r=0.18, per_tert_l=0.17
Fmax range: 5..3396 N | L range sample: [0.229942 0.326094]
standing solve: nnls x in [0.00, 0.60], >0.1: 8 muscles
  top: tib_ant_r=0.60, tib_ant_l=0.59, ext_dig_r=0.37, ext_dig_l=0.37, ercspn_r=0.18, ercspn_l=0.18, per_tert_r=0.18, per_tert_l=0.18
Fmax range: 5..3396 N | L range sample: [0.229942 0.326094]
standing solve: nnls x in [0.00, 0.60], >0.1: 8 muscles
  top: tib_ant_r=0.60, tib_ant_l=0.60, ext_dig_r=0.37, ext_dig_l=0.37, ercspn_r=0.18, ercspn_l=0.18, per_tert_r=0.18, per_tert_l=0.18
Fmax range: 5..3396 N | L range sample: [0.229942 0.326094]
standing solve: nnls x in [0.00, 0.60], >0.1: 8 muscles
  top: tib_ant_r=0.60, tib_ant_l=0.59, ext_dig_r=0.36, ext_dig_l=0.36, ercspn_r=0.18, ercspn_l=0.18, per_tert_r=0.18, per_tert_l=0.18
Fmax range: 5..3396 N | L range sample: [0.229942 0.326094]
standing solve: nnls x in [0.00, 0.60], >0.1: 8 muscles
  top: tib_ant_r=0.60, tib_ant_l=0.59, ext_dig_r=0.36, ext_dig_l=0.36, ercspn_r=0.18, ercspn_l=0.18, per_tert_r=0.18, per_tert_l=0.18
Fmax range: 5..3396 N | L range sample: [0.229942 0.326094]
standing solve: nnls x in [0.00, 0.60], >0.1: 11 muscles
  top: tib_ant_r=0.60, tib_ant_l=0.60, ext_dig_r=0.37, ext_dig_l=0.37, ercspn_r=0.18, ercspn_l=0.18, per_tert_r=0.18, per_tert_l=0.18
Fmax range: 5..3396 N | L range sample: [0.229942 0.326094]
standing solve: nnls x in [0.00, 0.60], >0.1: 8 muscles
  top: tib_ant_r=0.60, tib_ant_l=0.59, ext_dig_r=0.36, ext_dig_l=0.36, ercspn_r=0.18, ercspn_l=0.18, per_tert_r=0.18, per_tert_l=0.18
Fmax range: 5..3396 N | L range sample: [0.229942 0.326094]
standing solve: nnls x in [0.00, 0.60], >0.1: 8 muscles
  top: tib_ant_r=0.60, tib_ant_l=0.60, ext_dig_r=0.37, ext_dig_l=0.37, ercspn_r=0.18, ercspn_l=0.18, per_tert_r=0.18, per_tert_l=0.18
Fmax range: 5..3396 N | L range sample: [0.229942 0.326094]
standing solve: nnls x in [0.00, 0.60], >0.1: 8 muscles
  top: tib_ant_r=0.60, tib_ant_l=0.59, ext_dig_r=0.36, ext_dig_l=0.36, ercspn_r=0.18, ercspn_l=0.18, per_tert_r=0.18, per_tert_l=0.18
Fmax range: 5..3396 N | L range sample: [0.229942 0.326094]
standing solve: nnls x in [0.00, 0.60], >0.1: 8 muscles
  top: tib_ant_r=0.60, tib_ant_l=0.60, ext_dig_r=0.37, ext_dig_l=0.37, ercspn_r=0.18, ercspn_l=0.18, per_tert_r=0.18, per_tert_l=0.18
Fmax range: 5..3396 N | L range sample: [0.229942 0.326094]
standing solve: nnls x in [0.00, 0.60], >0.1: 15 muscles
  top: tib_ant_r=0.60, tib_ant_l=0.60, ext_dig_r=0.38, ext_dig_l=0.38, ercspn_r=0.18, ercspn_l=0.18, per_tert_r=0.18, per_tert_l=0.18
Fmax range: 5..3396 N | L range sample: [0.229942 0.326094]
standing solve: nnls x in [0.00, 0.60], >0.1: 8 muscles
  top: tib_ant_r=0.60, tib_ant_l=0.59, ext_dig_r=0.36, ext_dig_l=0.36, ercspn_r=0.18, ercspn_l=0.18, per_tert_r=0.18, per_tert_l=0.18
Fmax range: 5..3396 N | L range sample: [0.229942 0.326094]
standing solve: nnls x in [0.00, 0.60], >0.1: 8 muscles
  top: tib_ant_r=0.60, tib_ant_l=0.59, ext_dig_r=0.36, ext_dig_l=0.36, ercspn_r=0.18, ercspn_l=0.18, per_tert_r=0.18, per_tert_l=0.18
Fmax range: 5..3396 N | L range sample: [0.229942 0.326094]
standing solve: nnls x in [0.00, 0.60], >0.1: 8 muscles
  top: tib_ant_r=0.60, tib_ant_l=0.59, ext_dig_r=0.36, ext_dig_l=0.36, ercspn_r=0.18, ercspn_l=0.18, per_tert_r=0.18, per_tert_l=0.18
Fmax range: 5..3396 N | L range sample: [0.229942 0.326094]
standing solve: nnls x in [0.00, 0.60], >0.1: 8 muscles
  top: tib_ant_r=0.60, tib_ant_l=0.59, ext_dig_r=0.37, ext_dig_l=0.37, ercspn_r=0.18, ercspn_l=0.18, per_tert_r=0.18, per_tert_l=0.18
Fmax range: 5..3396 N | L range sample: [0.229942 0.326094]
standing solve: nnls x in [0.00, 0.60], >0.1: 8 muscles
  top: tib_ant_r=0.60, tib_ant_l=0.59, ext_dig_r=0.36, ext_dig_l=0.36, ercspn_r=0.18, ercspn_l=0.18, per_tert_r=0.18, per_tert_l=0.18
Fmax range: 5..3396 N | L range sample: [0.229942 0.326094]
standing solve: nnls x in [0.00, 0.60], >0.1: 8 muscles
  top: tib_ant_r=0.60, tib_ant_l=0.59, ext_dig_r=0.36, ext_dig_l=0.36, ercspn_r=0.18, ercspn_l=0.18, per_tert_r=0.18, per_tert_l=0.18
Fmax range: 5..3396 N | L range sample: [0.229942 0.326094]
standing solve: nnls x in [0.00, 0.60], >0.1: 8 muscles
  top: tib_ant_r=0.60, tib_ant_l=0.60, ext_dig_r=0.37, ext_dig_l=0.37, ercspn_r=0.18, ercspn_l=0.18, per_tert_r=0.18, per_tert_l=0.18
Fmax range: 5..3396 N | L range sample: [0.229942 0.326094]
standing solve: nnls x in [0.00, 0.60], >0.1: 8 muscles
  top: tib_ant_r=0.60, tib_ant_l=0.60, ext_dig_r=0.37, ext_dig_l=0.37, ercspn_r=0.18, ercspn_l=0.18, per_tert_r=0.18, per_tert_l=0.18
Fmax range: 5..3396 N | L range sample: [0.229942 0.326094]
standing solve: nnls x in [0.00, 0.61], >0.1: 20 muscles
  top: tib_ant_r=0.61, tib_ant_l=0.60, ext_dig_r=0.38, ext_dig_l=0.38, ercspn_r=0.18, ercspn_l=0.18, per_tert_r=0.17, per_tert_l=0.17
Fmax range: 5..3396 N | L range sample: [0.229942 0.326094]
standing solve: nnls x in [0.00, 0.60], >0.1: 8 muscles
  top: tib_ant_r=0.60, tib_ant_l=0.59, ext_dig_r=0.37, ext_dig_l=0.37, ercspn_r=0.18, ercspn_l=0.18, per_tert_r=0.18, per_tert_l=0.18
Fmax range: 5..3396 N | L range sample: [0.229942 0.326094]
standing solve: nnls x in [0.00, 0.60], >0.1: 14 muscles
  top: tib_ant_r=0.60, tib_ant_l=0.60, ext_dig_r=0.38, ext_dig_l=0.38, ercspn_r=0.18, ercspn_l=0.18, per_tert_r=0.18, per_tert_l=0.18
Fmax range: 5..3396 N | L range sample: [0.229942 0.326094]
standing solve: nnls x in [0.00, 0.60], >0.1: 8 muscles
  top: tib_ant_r=0.60, tib_ant_l=0.59, ext_dig_r=0.37, ext_dig_l=0.37, ercspn_r=0.18, ercspn_l=0.18, per_tert_r=0.18, per_tert_l=0.18
Fmax range: 5..3396 N | L range sample: [0.229942 0.326094]
standing solve: nnls x in [0.00, 0.60], >0.1: 16 muscles
  top: tib_ant_r=0.60, tib_ant_l=0.60, ext_dig_r=0.38, ext_dig_l=0.38, ercspn_r=0.18, ercspn_l=0.18, per_tert_r=0.18, per_tert_l=0.18
Fmax range: 5..3396 N | L range sample: [0.229942 0.326094]
standing solve: nnls x in [0.00, 0.60], >0.1: 8 muscles
  top: tib_ant_r=0.60, tib_ant_l=0.60, ext_dig_r=0.37, ext_dig_l=0.37, ercspn_r=0.18, ercspn_l=0.18, per_tert_r=0.18, per_tert_l=0.18
Fmax range: 5..3396 N | L range sample: [0.229942 0.326094]
standing solve: nnls x in [0.00, 0.60], >0.1: 16 muscles
  top: tib_ant_r=0.60, tib_ant_l=0.60, ext_dig_r=0.38, ext_dig_l=0.38, ercspn_r=0.18, ercspn_l=0.18, per_tert_r=0.18, per_tert_l=0.18
Fmax range: 5..3396 N | L range sample: [0.229942 0.326094]
standing solve: nnls x in [0.00, 0.60], >0.1: 8 muscles
  top: tib_ant_r=0.60, tib_ant_l=0.60, ext_dig_r=0.37, ext_dig_l=0.37, ercspn_r=0.18, ercspn_l=0.18, per_tert_r=0.18, per_tert_l=0.18
Fmax range: 5..3396 N | L range sample: [0.229942 0.326094]
standing solve: nnls x in [0.00, 0.60], >0.1: 14 muscles
  top: tib_ant_r=0.60, tib_ant_l=0.60, ext_dig_r=0.38, ext_dig_l=0.38, ercspn_r=0.18, ercspn_l=0.18, per_tert_r=0.18, per_tert_l=0.18
Fmax range: 5..3396 N | L range sample: [0.229942 0.326094]
standing solve: nnls x in [0.00, 0.60], >0.1: 8 muscles
  top: tib_ant_r=0.60, tib_ant_l=0.60, ext_dig_r=0.37, ext_dig_l=0.37, ercspn_r=0.18, ercspn_l=0.18, per_tert_r=0.18, per_tert_l=0.18
Fmax range: 5..3396 N | L range sample: [0.229942 0.326094]
standing solve: nnls x in [0.00, 0.60], >0.1: 15 muscles
  top: tib_ant_r=0.60, tib_ant_l=0.60, ext_dig_r=0.38, ext_dig_l=0.38, ercspn_r=0.18, ercspn_l=0.18, per_tert_r=0.18, per_tert_l=0.18
Fmax range: 5..3396 N | L range sample: [0.229942 0.326094]
standing solve: nnls x in [0.00, 0.61], >0.1: 17 muscles
  top: tib_ant_r=0.61, tib_ant_l=0.60, ext_dig_r=0.38, ext_dig_l=0.38, ercspn_r=0.18, ercspn_l=0.18, per_tert_r=0.18, per_tert_l=0.17
Fmax range: 5..3396 N | L range sample: [0.229942 0.326094]
standing solve: nnls x in [0.00, 0.61], >0.1: 19 muscles
  top: tib_ant_r=0.61, tib_ant_l=0.60, ext_dig_r=0.38, ext_dig_l=0.38, ercspn_r=0.18, ercspn_l=0.18, per_tert_r=0.17, per_tert_l=0.17
Fmax range: 5..3396 N | L range sample: [0.229942 0.326094]
standing solve: nnls x in [0.00, 0.60], >0.1: 15 muscles
  top: tib_ant_r=0.60, tib_ant_l=0.60, ext_dig_r=0.38, ext_dig_l=0.38, ercspn_r=0.18, ercspn_l=0.18, per_tert_r=0.18, per_tert_l=0.18
Fmax range: 5..3396 N | L range sample: [0.229942 0.326094]
standing solve: nnls x in [0.00, 0.60], >0.1: 16 muscles
  top: tib_ant_r=0.60, tib_ant_l=0.60, ext_dig_r=0.38, ext_dig_l=0.38, ercspn_r=0.18, ercspn_l=0.18, per_tert_r=0.18, per_tert_l=0.17
Fmax range: 5..3396 N | L range sample: [0.229942 0.326094]
standing solve: nnls x in [0.00, 0.60], >0.1: 16 muscles
  top: tib_ant_r=0.60, tib_ant_l=0.60, ext_dig_r=0.38, ext_dig_l=0.38, ercspn_r=0.18, ercspn_l=0.18, per_tert_r=0.18, per_tert_l=0.18
Fmax range: 5..3396 N | L range sample: [0.229942 0.326094]
standing solve: nnls x in [0.00, 0.61], >0.1: 17 muscles
  top: tib_ant_r=0.61, tib_ant_l=0.60, ext_dig_r=0.38, ext_dig_l=0.38, ercspn_r=0.18, ercspn_l=0.18, per_tert_r=0.18, per_tert_l=0.17
Fmax range: 5..3396 N | L range sample: [0.229942 0.326094]
standing solve: nnls x in [0.00, 0.60], >0.1: 8 muscles
  top: tib_ant_r=0.60, tib_ant_l=0.59, ext_dig_r=0.37, ext_dig_l=0.37, ercspn_r=0.18, ercspn_l=0.18, per_tert_r=0.18, per_tert_l=0.18
Fmax range: 5..3396 N | L range sample: [0.229942 0.326094]
standing solve: nnls x in [0.00, 0.61], >0.1: 17 muscles
  top: tib_ant_r=0.61, tib_ant_l=0.60, ext_dig_r=0.38, ext_dig_l=0.38, ercspn_r=0.18, ercspn_l=0.18, per_tert_r=0.18, per_tert_l=0.17
Fmax range: 5..3396 N | L range sample: [0.229942 0.326094]
standing solve: nnls x in [0.00, 0.60], >0.1: 16 muscles
  top: tib_ant_r=0.60, tib_ant_l=0.60, ext_dig_r=0.38, ext_dig_l=0.38, ercspn_r=0.18, ercspn_l=0.18, per_tert_r=0.18, per_tert_l=0.18
Fmax range: 5..3396 N | L range sample: [0.229942 0.326094]
standing solve: nnls x in [0.00, 0.61], >0.1: 20 muscles
  top: tib_ant_r=0.61, tib_ant_l=0.60, ext_dig_r=0.39, ext_dig_l=0.39, ercspn_r=0.18, ercspn_l=0.18, per_tert_r=0.17, per_tert_l=0.17
Fmax range: 5..3396 N | L range sample: [0.229942 0.326094]
standing solve: nnls x in [0.00, 0.61], >0.1: 17 muscles
  top: tib_ant_r=0.61, tib_ant_l=0.60, ext_dig_r=0.38, ext_dig_l=0.38, ercspn_r=0.18, ercspn_l=0.18, per_tert_r=0.18, per_tert_l=0.17
Fmax range: 5..3396 N | L range sample: [0.229942 0.326094]
standing solve: nnls x in [0.00, 0.61], >0.1: 22 muscles
  top: tib_ant_r=0.61, tib_ant_l=0.60, ext_dig_r=0.39, ext_dig_l=0.39, ercspn_r=0.18, ercspn_l=0.18, per_tert_r=0.17, per_tert_l=0.17
Fmax range: 5..3396 N | L range sample: [0.229942 0.326094]
standing solve: nnls x in [0.00, 0.61], >0.1: 19 muscles
  top: tib_ant_r=0.61, tib_ant_l=0.60, ext_dig_r=0.38, ext_dig_l=0.38, ercspn_r=0.18, ercspn_l=0.18, per_tert_r=0.17, per_tert_l=0.17
Fmax range: 5..3396 N | L range sample: [0.229942 0.326094]
standing solve: nnls x in [0.00, 0.61], >0.1: 22 muscles
  top: tib_ant_r=0.61, tib_ant_l=0.60, ext_dig_r=0.39, ext_dig_l=0.39, ercspn_r=0.18, ercspn_l=0.18, per_tert_r=0.17, per_tert_l=0.17
Fmax range: 5..3396 N | L range sample: [0.229942 0.326094]
standing solve: nnls x in [0.00, 0.61], >0.1: 20 muscles
  top: tib_ant_r=0.61, tib_ant_l=0.60, ext_dig_r=0.39, ext_dig_l=0.39, ercspn_r=0.18, ercspn_l=0.18, per_tert_r=0.17, per_tert_l=0.17
Fmax range: 5..3396 N | L range sample: [0.229942 0.326094]
standing solve: nnls x in [0.00, 0.60], >0.1: 8 muscles
  top: tib_ant_r=0.60, tib_ant_l=0.60, ext_dig_r=0.37, ext_dig_l=0.37, ercspn_r=0.18, ercspn_l=0.18, per_tert_r=0.18, per_tert_l=0.18
Fmax range: 5..3396 N | L range sample: [0.229942 0.326094]
standing solve: nnls x in [0.00, 0.60], >0.1: 16 muscles
  top: tib_ant_r=0.60, tib_ant_l=0.60, ext_dig_r=0.38, ext_dig_l=0.38, ercspn_r=0.18, ercspn_l=0.18, per_tert_r=0.18, per_tert_l=0.18
Fmax range: 5..3396 N | L range sample: [0.229942 0.326094]
standing solve: nnls x in [0.00, 0.61], >0.1: 22 muscles
  top: tib_ant_r=0.61, tib_ant_l=0.60, ext_dig_r=0.39, ext_dig_l=0.39, ercspn_r=0.18, ercspn_l=0.18, per_tert_r=0.17, per_tert_l=0.17
Fmax range: 5..3396 N | L range sample: [0.229942 0.326094]
standing solve: nnls x in [0.00, 0.60], >0.1: 8 muscles
  top: tib_ant_r=0.60, tib_ant_l=0.60, ext_dig_r=0.37, ext_dig_l=0.37, ercspn_r=0.18, ercspn_l=0.18, per_tert_r=0.18, per_tert_l=0.18
Fmax range: 5..3396 N | L range sample: [0.229942 0.326094]
standing solve: nnls x in [0.00, 0.61], >0.1: 20 muscles
  top: tib_ant_r=0.61, tib_ant_l=0.60, ext_dig_r=0.39, ext_dig_l=0.39, ercspn_r=0.18, ercspn_l=0.18, per_tert_r=0.17, per_tert_l=0.17
Fmax range: 5..3396 N | L range sample: [0.229942 0.326094]
standing solve: nnls x in [0.00, 0.60], >0.1: 15 muscles
  top: tib_ant_r=0.60, tib_ant_l=0.60, ext_dig_r=0.38, ext_dig_l=0.38, ercspn_r=0.18, ercspn_l=0.18, per_tert_r=0.18, per_tert_l=0.18
Fmax range: 5..3396 N | L range sample: [0.229942 0.326094]

== best kine_score -61.174 (trial 49)
  drive        2.5868
  rg_adapt     0.8763
  desc_e       1.5178
  desc_f       1.0750
  rg_to_pf     1.9581
  pf_gain      2.1835
  e2_pf        0.4918
  f1_df        1.7769
  f1_kf        1.7915
  e2_adapt     1.3767
  post_kneext  0.6100
  post_hipext  0.7945
  kx           106.1874
saved best_walk_params.json (runner --fitted --best reproduces)
