fitted baseline loaded: e2_pf=0.222 f1_df=0.098 f1_kf=0.148 post_kneext=0.011 post_hipext=0.068 desc_f=1.400 e2_adapt=1.700
start pose (normal.mot): applied 20 coordinates as given; IMU-metric torso lean -0.0 deg (+ = back)
standing solve: nnls x in [0.00, 0.71], >0.1: 15 muscles
  top: add_long_l=0.71, tib_ant_r=0.61, tib_ant_l=0.46, ext_dig_r=0.38, glut_min1_l=0.34, pect_l=0.33, glut_min2_l=0.32, ext_dig_l=0.25
Fmax range: 5..3396 N | L range sample: [0.229942 0.326094]
csv: trial=60 run=eval kine_score=-25.000 duty=nan knee_min=nan cadence=0.000 stayed_up=True
start pose (normal.mot): applied 20 coordinates as given; IMU-metric torso lean -0.0 deg (+ = back)
standing solve: nnls x in [0.00, 0.71], >0.1: 15 muscles
  top: add_long_l=0.71, tib_ant_r=0.61, tib_ant_l=0.46, ext_dig_r=0.38, glut_min1_l=0.34, pect_l=0.33, glut_min2_l=0.32, ext_dig_l=0.25
Fmax range: 5..3396 N | L range sample: [0.229942 0.326094]
csv: trial=61 run=eval kine_score=-67.750 duty=0.160 knee_min=-69.36 cadence=0.364 stayed_up=True
start pose (normal.mot): applied 20 coordinates as given; IMU-metric torso lean -0.0 deg (+ = back)
standing solve: nnls x in [0.00, 0.71], >0.1: 15 muscles
  top: add_long_l=0.71, tib_ant_r=0.61, tib_ant_l=0.46, ext_dig_r=0.38, glut_min1_l=0.34, pect_l=0.33, glut_min2_l=0.32, ext_dig_l=0.25
Fmax range: 5..3396 N | L range sample: [0.229942 0.326094]
csv: trial=62 run=eval kine_score=-70.653 duty=0.196 knee_min=-73.40 cadence=0.455 stayed_up=True
start pose (normal.mot): applied 20 coordinates as given; IMU-metric torso lean -0.0 deg (+ = back)
standing solve: nnls x in [0.00, 0.72], >0.1: 16 muscles
  top: add_long_l=0.72, tib_ant_r=0.61, tib_ant_l=0.46, ext_dig_r=0.38, glut_min1_l=0.35, pect_l=0.33, glut_min2_l=0.33, ext_dig_l=0.26
Fmax range: 5..3396 N | L range sample: [0.229942 0.326094]
csv: trial=63 run=eval kine_score=-73.701 duty=0.171 knee_min=-83.52 cadence=0.364 stayed_up=True
start pose (normal.mot): applied 20 coordinates as given; IMU-metric torso lean -0.0 deg (+ = back)
standing solve: nnls x in [0.00, 0.71], >0.1: 15 muscles
  top: add_long_l=0.71, tib_ant_r=0.61, tib_ant_l=0.46, ext_dig_r=0.38, glut_min1_l=0.34, pect_l=0.33, glut_min2_l=0.32, ext_dig_l=0.25
Fmax range: 5..3396 N | L range sample: [0.229942 0.326094]
csv: trial=64 run=eval kine_score=-68.950 duty=0.168 knee_min=-68.89 cadence=0.364 stayed_up=True
start pose (normal.mot): applied 20 coordinates as given; IMU-metric torso lean -0.0 deg (+ = back)
standing solve: nnls x in [0.00, 0.71], >0.1: 15 muscles
  top: add_long_l=0.71, tib_ant_r=0.61, tib_ant_l=0.46, ext_dig_r=0.38, glut_min1_l=0.34, pect_l=0.33, glut_min2_l=0.32, ext_dig_l=0.25
Fmax range: 5..3396 N | L range sample: [0.229942 0.326094]
csv: trial=65 run=eval kine_score=-64.962 duty=0.178 knee_min=-77.48 cadence=0.364 stayed_up=True
NEW GLOBAL BEST -64.962 (trial 65) - running full 22 s capture
start pose (normal.mot): applied 20 coordinates as given; IMU-metric torso lean -0.0 deg (+ = back)
standing solve: nnls x in [0.00, 0.71], >0.1: 15 muscles
  top: add_long_l=0.71, tib_ant_r=0.61, tib_ant_l=0.46, ext_dig_r=0.38, glut_min1_l=0.34, pect_l=0.33, glut_min2_l=0.32, ext_dig_l=0.25
Fmax range: 5..3396 N | L range sample: [0.229942 0.326094]
t=  1.00 max|qacc|=      77.5 max|qvel|=   1.81 ncon=  9 com_z=0.917 com_x=-0.153
t=  1.50 max|qacc|=      50.8 max|qvel|=   1.36 ncon=  5 com_z=0.914 com_x=-0.148
t=  2.00 max|qacc|=     294.3 max|qvel|=   0.93 ncon=  5 com_z=0.905 com_x=-0.139
t=  2.50 max|qacc|=      39.4 max|qvel|=   1.89 ncon=  5 com_z=0.911 com_x=-0.138
t=  3.00 max|qacc|=      92.0 max|qvel|=   0.62 ncon=  5 com_z=0.918 com_x=-0.143
t=  3.50 max|qacc|=     165.8 max|qvel|=   0.95 ncon=  4 com_z=0.912 com_x=-0.129
t=  4.00 max|qacc|=      19.6 max|qvel|=   0.63 ncon=  5 com_z=0.914 com_x=-0.138
t=  4.50 max|qacc|=      36.5 max|qvel|=   0.30 ncon=  4 com_z=0.918 com_x=-0.141
t=  5.00 max|qacc|=      40.2 max|qvel|=   2.75 ncon=  4 com_z=0.914 com_x=-0.163
t=  5.50 max|qacc|=      16.1 max|qvel|=   0.95 ncon=  2 com_z=0.912 com_x=-0.146
t=  6.00 max|qacc|=      65.9 max|qvel|=   5.53 ncon=  2 com_z=0.904 com_x=-0.119
t=  6.50 max|qacc|=      31.5 max|qvel|=   1.59 ncon=  3 com_z=0.914 com_x=-0.092
t=  7.00 max|qacc|=      23.0 max|qvel|=   7.35 ncon=  4 com_z=0.898 com_x=-0.091
t=  7.50 max|qacc|=     196.8 max|qvel|=   1.12 ncon=  2 com_z=0.920 com_x=-0.094
t=  8.00 max|qacc|=       6.2 max|qvel|=   0.56 ncon=  2 com_z=0.906 com_x=-0.069
t=  8.25 precursor: max|qacc|=2.15e+03 max|qvel|=33.7 (dof 14), ncon=1, max ctrl=0.75
t=  8.25 precursor: max|qacc|=1.33e+03 max|qvel|=36.2 (dof 14), ncon=1, max ctrl=0.75
t=  8.25 precursor: max|qacc|=524 max|qvel|=37.2 (dof 14), ncon=1, max ctrl=0.75
t=  8.26 precursor: max|qacc|=222 max|qvel|=36.8 (dof 14), ncon=1, max ctrl=0.75
t=  8.26 precursor: max|qacc|=889 max|qvel|=35.3 (dof 14), ncon=1, max ctrl=0.75
t=  8.26 precursor: max|qacc|=1.46e+03 max|qvel|=32.7 (dof 14), ncon=1, max ctrl=0.75
t=  8.50 max|qacc|=      31.1 max|qvel|=   1.95 ncon=  1 com_z=0.910 com_x=-0.059
t=  9.00 max|qacc|=      31.8 max|qvel|=   0.55 ncon=  2 com_z=0.909 com_x=-0.065
t=  9.50 max|qacc|=     173.3 max|qvel|=   5.79 ncon=  4 com_z=0.899 com_x=-0.076
t= 10.00 max|qacc|=     178.9 max|qvel|=   1.31 ncon=  2 com_z=0.921 com_x=-0.075
t= 10.50 max|qacc|=      31.9 max|qvel|=   1.33 ncon=  2 com_z=0.912 com_x=-0.063
t= 10.70 precursor: max|qacc|=818 max|qvel|=30.7 (dof 14), ncon=1, max ctrl=0.75
t= 10.70 precursor: max|qacc|=203 max|qvel|=31.1 (dof 14), ncon=1, max ctrl=0.75
t= 10.70 precursor: max|qacc|=369 max|qvel|=30.6 (dof 14), ncon=1, max ctrl=0.75
t= 11.00 max|qacc|=     119.9 max|qvel|=   4.08 ncon=  4 com_z=0.911 com_x=-0.051
t= 11.50 max|qacc|=      14.7 max|qvel|=   0.88 ncon=  2 com_z=0.907 com_x=-0.055
t= 12.00 max|qacc|=     192.6 max|qvel|=   1.90 ncon=  3 com_z=0.906 com_x=-0.069
t= 12.50 max|qacc|=      13.3 max|qvel|=   0.86 ncon=  2 com_z=0.914 com_x=-0.052
t= 13.00 max|qacc|=      72.7 max|qvel|=   8.47 ncon=  2 com_z=0.899 com_x=-0.041
t= 13.04 precursor: max|qacc|=1.89e+03 max|qvel|=32.8 (dof 14), ncon=1, max ctrl=0.75
t= 13.05 precursor: max|qacc|=1.1e+03 max|qvel|=34.8 (dof 14), ncon=1, max ctrl=0.75
t= 13.05 precursor: max|qacc|=335 max|qvel|=35.5 (dof 14), ncon=1, max ctrl=0.75
t= 13.05 precursor: max|qacc|=368 max|qvel|=34.9 (dof 14), ncon=1, max ctrl=0.75
t= 13.05 precursor: max|qacc|=987 max|qvel|=33.2 (dof 14), ncon=1, max ctrl=0.75
t= 13.05 precursor: max|qacc|=1.51e+03 max|qvel|=30.5 (dof 14), ncon=1, max ctrl=0.75
t= 13.50 max|qacc|=     107.8 max|qvel|=   1.11 ncon=  3 com_z=0.917 com_x=-0.049
t= 14.00 max|qacc|=     117.9 max|qvel|=   0.35 ncon=  1 com_z=0.904 com_x=-0.061
t= 14.50 max|qacc|=     248.1 max|qvel|=   1.36 ncon=  2 com_z=0.911 com_x=-0.079
t= 15.00 max|qacc|=       4.8 max|qvel|=   0.78 ncon=  2 com_z=0.913 com_x=-0.061
t= 15.50 max|qacc|=     401.6 max|qvel|=  13.04 ncon=  1 com_z=0.898 com_x=-0.059
t= 16.00 max|qacc|=      27.2 max|qvel|=   0.79 ncon=  3 com_z=0.920 com_x=-0.056
t= 16.50 max|qacc|=     533.0 max|qvel|=   1.12 ncon=  2 com_z=0.917 com_x=-0.067
t= 17.00 max|qacc|=     151.2 max|qvel|=   0.46 ncon=  3 com_z=0.915 com_x=-0.075
t= 17.50 max|qacc|=      15.6 max|qvel|=   0.69 ncon=  3 com_z=0.907 com_x=-0.075
t= 18.00 max|qacc|=     120.8 max|qvel|=   0.77 ncon=  4 com_z=0.906 com_x=-0.082
t= 18.50 max|qacc|=     126.8 max|qvel|=   0.73 ncon=  4 com_z=0.910 com_x=-0.090
t= 19.00 max|qacc|=     154.4 max|qvel|=   0.96 ncon=  3 com_z=0.916 com_x=-0.093
t= 19.50 max|qacc|=      38.2 max|qvel|=   0.67 ncon=  4 com_z=0.910 com_x=-0.094
t= 20.00 max|qacc|=       9.0 max|qvel|=   0.81 ncon=  5 com_z=0.913 com_x=-0.100
t= 20.50 max|qacc|=     174.9 max|qvel|=   0.67 ncon=  5 com_z=0.911 com_x=-0.103
t= 21.00 max|qacc|=      27.6 max|qvel|=   0.34 ncon=  4 com_z=0.909 com_x=-0.100
t= 21.50 max|qacc|=      10.4 max|qvel|=   0.61 ncon=  4 com_z=0.914 com_x=-0.107

== summary ==
pelvis/COM height: start 0.94 m, min 0.89 m, final 0.91 m  (stayed up)
COM x: min -0.16 max -0.04 final -0.11 m
COM y: min -0.089 max +0.077 m
RG_F_r bursts during walk window: 5
RG_r: cycles in window 4, period 2.41 s (0.42 Hz), E-duty 0.12
RG_l: cycles in window 4, period 2.40 s (0.42 Hz), E-duty 0.04
peak ctrl: [0.38 0.63 0.63 0.64 0.4  0.35 0.44 0.41 0.41 0.16 0.33 0.62 0.62 0.58
 0.4  0.39 0.41 0.33 0.43 0.13] (('vas_lat_r', 'med_gas_r', 'soleus_r', 'tib_ant_r', 'psoas_r', 'semimem_r', 'glut_max2_r', 'rect_fem_r', 'sar_r', 'grac_r', 'vas_lat_l', 'med_gas_l', 'soleus_l', 'tib_ant_l', 'psoas_l', 'semimem_l', 'glut_max2_l', 'rect_fem_l', 'sar_l', 'grac_l'))
  hip_flexion_r        -10.8 ..    52.1 deg
  knee_angle_r         -84.8 ..    11.2 deg
  ankle_angle_r        -73.5 ..    -1.7 deg
  hip_adduction_r       -2.0 ..    16.2 deg
  subtalar_angle_r       0.0 ..    36.5 deg
  hip_flexion_l        -35.1 ..     2.2 deg
  knee_angle_l         -29.9 ..    12.1 deg
  ankle_angle_l        -61.8 ..     9.8 deg
  hip_adduction_l       -6.8 ..    20.3 deg
  subtalar_angle_l      -5.3 ..    14.4 deg
  pelvis_tilt           -2.5 ..    16.0 deg
  pelvis_list           -9.4 ..    11.4 deg
  pelvis_rotation        1.1 ..     5.1 deg
saved spinal_run.npz
saved spinal_run.png
csv: trial=65 run=full22 kine_score=-64.913 duty=0.185 knee_min=-76.77 cadence=0.300 stayed_up=True
full22 capture: trial 65 kine_score -64.913 -> v9_best_trial65.npz
start pose (normal.mot): applied 20 coordinates as given; IMU-metric torso lean -0.0 deg (+ = back)
standing solve: nnls x in [0.00, 0.71], >0.1: 16 muscles
  top: add_long_l=0.71, tib_ant_r=0.61, tib_ant_l=0.46, ext_dig_r=0.38, glut_min1_l=0.35, pect_l=0.33, glut_min2_l=0.32, ext_dig_l=0.25
Fmax range: 5..3396 N | L range sample: [0.229942 0.326094]
csv: trial=66 run=eval kine_score=-65.455 duty=0.201 knee_min=-70.83 cadence=0.455 stayed_up=True
start pose (normal.mot): applied 20 coordinates as given; IMU-metric torso lean -0.0 deg (+ = back)
standing solve: nnls x in [0.00, 0.72], >0.1: 16 muscles
  top: add_long_l=0.72, tib_ant_r=0.61, tib_ant_l=0.46, ext_dig_r=0.38, glut_min1_l=0.36, pect_l=0.33, glut_min2_l=0.33, ext_dig_l=0.26
Fmax range: 5..3396 N | L range sample: [0.229942 0.326094]
csv: trial=67 run=eval kine_score=-71.600 duty=0.181 knee_min=-78.99 cadence=0.364 stayed_up=True
start pose (normal.mot): applied 20 coordinates as given; IMU-metric torso lean -0.0 deg (+ = back)
standing solve: nnls x in [0.00, 0.71], >0.1: 15 muscles
  top: add_long_l=0.71, tib_ant_r=0.61, tib_ant_l=0.46, ext_dig_r=0.38, glut_min1_l=0.34, pect_l=0.33, glut_min2_l=0.32, ext_dig_l=0.25
Fmax range: 5..3396 N | L range sample: [0.229942 0.326094]
csv: trial=68 run=eval kine_score=-25.000 duty=nan knee_min=nan cadence=0.000 stayed_up=True
start pose (normal.mot): applied 20 coordinates as given; IMU-metric torso lean -0.0 deg (+ = back)
standing solve: nnls x in [0.00, 0.71], >0.1: 14 muscles
  top: add_long_l=0.71, tib_ant_r=0.61, tib_ant_l=0.46, ext_dig_r=0.38, glut_min1_l=0.34, pect_l=0.33, glut_min2_l=0.31, ext_dig_l=0.25
Fmax range: 5..3396 N | L range sample: [0.229942 0.326094]
csv: trial=69 run=eval kine_score=-25.000 duty=nan knee_min=nan cadence=0.000 stayed_up=True
start pose (normal.mot): applied 20 coordinates as given; IMU-metric torso lean -0.0 deg (+ = back)
standing solve: nnls x in [0.00, 0.71], >0.1: 15 muscles
  top: add_long_l=0.71, tib_ant_r=0.61, tib_ant_l=0.46, ext_dig_r=0.38, glut_min1_l=0.34, pect_l=0.33, glut_min2_l=0.32, ext_dig_l=0.25
Fmax range: 5..3396 N | L range sample: [0.229942 0.326094]
csv: trial=70 run=eval kine_score=-70.945 duty=0.197 knee_min=-73.16 cadence=0.455 stayed_up=True
start pose (normal.mot): applied 20 coordinates as given; IMU-metric torso lean -0.0 deg (+ = back)
standing solve: nnls x in [0.00, 0.71], >0.1: 15 muscles
  top: add_long_l=0.71, tib_ant_r=0.61, tib_ant_l=0.46, ext_dig_r=0.38, glut_min1_l=0.35, pect_l=0.33, glut_min2_l=0.32, ext_dig_l=0.25
Fmax range: 5..3396 N | L range sample: [0.229942 0.326094]
csv: trial=71 run=eval kine_score=-25.000 duty=nan knee_min=nan cadence=0.000 stayed_up=True
start pose (normal.mot): applied 20 coordinates as given; IMU-metric torso lean -0.0 deg (+ = back)
standing solve: nnls x in [0.00, 0.71], >0.1: 15 muscles
  top: add_long_l=0.71, tib_ant_r=0.61, tib_ant_l=0.46, ext_dig_r=0.38, glut_min1_l=0.35, pect_l=0.33, glut_min2_l=0.32, ext_dig_l=0.25
Fmax range: 5..3396 N | L range sample: [0.229942 0.326094]
csv: trial=72 run=eval kine_score=-65.014 duty=0.187 knee_min=-73.57 cadence=0.364 stayed_up=True
start pose (normal.mot): applied 20 coordinates as given; IMU-metric torso lean -0.0 deg (+ = back)
standing solve: nnls x in [0.00, 0.71], >0.1: 16 muscles
  top: add_long_l=0.71, tib_ant_r=0.61, tib_ant_l=0.46, ext_dig_r=0.38, glut_min1_l=0.35, pect_l=0.33, glut_min2_l=0.32, ext_dig_l=0.25
Fmax range: 5..3396 N | L range sample: [0.229942 0.326094]
csv: trial=73 run=eval kine_score=-25.000 duty=nan knee_min=nan cadence=0.000 stayed_up=True
start pose (normal.mot): applied 20 coordinates as given; IMU-metric torso lean -0.0 deg (+ = back)
standing solve: nnls x in [0.00, 0.71], >0.1: 14 muscles
  top: add_long_l=0.71, tib_ant_r=0.61, tib_ant_l=0.46, ext_dig_r=0.38, glut_min1_l=0.34, pect_l=0.33, glut_min2_l=0.31, ext_dig_l=0.25
Fmax range: 5..3396 N | L range sample: [0.229942 0.326094]
csv: trial=74 run=eval kine_score=-25.000 duty=nan knee_min=nan cadence=0.000 stayed_up=True
start pose (normal.mot): applied 20 coordinates as given; IMU-metric torso lean -0.0 deg (+ = back)
standing solve: nnls x in [0.00, 0.71], >0.1: 16 muscles
  top: add_long_l=0.71, tib_ant_r=0.61, tib_ant_l=0.46, ext_dig_r=0.38, glut_min1_l=0.35, pect_l=0.33, glut_min2_l=0.32, ext_dig_l=0.25
Fmax range: 5..3396 N | L range sample: [0.229942 0.326094]
csv: trial=75 run=eval kine_score=-72.825 duty=0.180 knee_min=-53.19 cadence=0.364 stayed_up=True
start pose (normal.mot): applied 20 coordinates as given; IMU-metric torso lean -0.0 deg (+ = back)
standing solve: nnls x in [0.00, 0.71], >0.1: 16 muscles
  top: add_long_l=0.71, tib_ant_r=0.61, tib_ant_l=0.46, ext_dig_r=0.38, glut_min1_l=0.35, pect_l=0.33, glut_min2_l=0.33, ext_dig_l=0.25
Fmax range: 5..3396 N | L range sample: [0.229942 0.326094]
csv: trial=76 run=eval kine_score=-70.453 duty=0.105 knee_min=-53.92 cadence=0.545 stayed_up=True
start pose (normal.mot): applied 20 coordinates as given; IMU-metric torso lean -0.0 deg (+ = back)
standing solve: nnls x in [0.00, 0.71], >0.1: 16 muscles
  top: add_long_l=0.71, tib_ant_r=0.61, tib_ant_l=0.46, ext_dig_r=0.38, glut_min1_l=0.35, pect_l=0.33, glut_min2_l=0.33, ext_dig_l=0.25
Fmax range: 5..3396 N | L range sample: [0.229942 0.326094]
csv: trial=77 run=eval kine_score=-64.910 duty=0.176 knee_min=-77.89 cadence=0.364 stayed_up=True
NEW GLOBAL BEST -64.910 (trial 77) - running full 22 s capture
start pose (normal.mot): applied 20 coordinates as given; IMU-metric torso lean -0.0 deg (+ = back)
standing solve: nnls x in [0.00, 0.71], >0.1: 16 muscles
  top: add_long_l=0.71, tib_ant_r=0.61, tib_ant_l=0.46, ext_dig_r=0.38, glut_min1_l=0.35, pect_l=0.33, glut_min2_l=0.33, ext_dig_l=0.25
Fmax range: 5..3396 N | L range sample: [0.229942 0.326094]
t=  1.00 max|qacc|=     377.0 max|qvel|=   2.42 ncon=  9 com_z=0.917 com_x=-0.156
t=  1.50 max|qacc|=      89.6 max|qvel|=   1.41 ncon=  6 com_z=0.908 com_x=-0.147
t=  2.00 max|qacc|=     122.5 max|qvel|=   1.20 ncon=  5 com_z=0.908 com_x=-0.146
t=  2.50 max|qacc|=      29.0 max|qvel|=   1.13 ncon=  5 com_z=0.913 com_x=-0.138
t=  3.00 max|qacc|=      26.2 max|qvel|=   1.31 ncon=  5 com_z=0.912 com_x=-0.139
t=  3.50 max|qacc|=     103.3 max|qvel|=   1.12 ncon=  5 com_z=0.917 com_x=-0.144
t=  4.00 max|qacc|=      34.3 max|qvel|=   0.36 ncon=  5 com_z=0.915 com_x=-0.148
t=  4.50 max|qacc|=      29.9 max|qvel|=   0.63 ncon=  4 com_z=0.918 com_x=-0.149
t=  4.79 precursor: max|qacc|=1.52e+03 max|qvel|=31 (dof 14), ncon=4, max ctrl=0.65
t=  4.79 precursor: max|qacc|=850 max|qvel|=32.6 (dof 14), ncon=4, max ctrl=0.65
t=  4.79 precursor: max|qacc|=199 max|qvel|=33.1 (dof 14), ncon=4, max ctrl=0.65
t=  4.79 precursor: max|qacc|=403 max|qvel|=32.4 (dof 14), ncon=4, max ctrl=0.65
t=  4.79 precursor: max|qacc|=935 max|qvel|=30.8 (dof 14), ncon=4, max ctrl=0.66
t=  5.00 max|qacc|=      52.5 max|qvel|=   1.96 ncon=  4 com_z=0.912 com_x=-0.122
t=  5.50 max|qacc|=      31.7 max|qvel|=   0.69 ncon=  3 com_z=0.918 com_x=-0.126
t=  6.00 max|qacc|=      29.6 max|qvel|=   1.18 ncon=  3 com_z=0.920 com_x=-0.136
t=  6.50 max|qacc|=      18.6 max|qvel|=   1.12 ncon=  2 com_z=0.921 com_x=-0.122
t=  6.77 precursor: max|qacc|=262 max|qvel|=30.4 (dof 14), ncon=1, max ctrl=0.70
t=  7.00 max|qacc|=      60.6 max|qvel|=   2.27 ncon=  2 com_z=0.910 com_x=-0.091
t=  7.50 max|qacc|=      39.2 max|qvel|=   0.59 ncon=  2 com_z=0.912 com_x=-0.087
t=  8.00 max|qacc|=      21.8 max|qvel|=   2.22 ncon=  3 com_z=0.903 com_x=-0.097
t=  8.50 max|qacc|=      24.2 max|qvel|=   1.14 ncon=  2 com_z=0.920 com_x=-0.083
t=  8.97 precursor: max|qacc|=1.96e+03 max|qvel|=31.2 (dof 14), ncon=1, max ctrl=0.75
t=  8.97 precursor: max|qacc|=1.19e+03 max|qvel|=33.4 (dof 14), ncon=1, max ctrl=0.75
t=  8.98 precursor: max|qacc|=453 max|qvel|=34.3 (dof 14), ncon=1, max ctrl=0.75
t=  8.98 precursor: max|qacc|=232 max|qvel|=33.9 (dof 14), ncon=1, max ctrl=0.75
t=  8.98 precursor: max|qacc|=840 max|qvel|=32.5 (dof 14), ncon=1, max ctrl=0.75
t=  8.98 precursor: max|qacc|=1.36e+03 max|qvel|=30.1 (dof 14), ncon=1, max ctrl=0.75
t=  9.00 max|qacc|=    1698.3 max|qvel|=   5.14 ncon=  1 com_z=0.905 com_x=-0.066
t=  9.50 max|qacc|=     103.6 max|qvel|=   3.95 ncon=  1 com_z=0.916 com_x=-0.064
t= 10.00 max|qacc|=     144.4 max|qvel|=   1.00 ncon=  2 com_z=0.906 com_x=-0.070
t= 10.50 max|qacc|=      39.3 max|qvel|=   1.14 ncon=  2 com_z=0.919 com_x=-0.086
t= 11.00 max|qacc|=      31.5 max|qvel|=   0.76 ncon=  2 com_z=0.915 com_x=-0.065
t= 11.24 precursor: max|qacc|=483 max|qvel|=30.5 (dof 14), ncon=1, max ctrl=0.75
t= 11.24 precursor: max|qacc|=126 max|qvel|=30.3 (dof 14), ncon=1, max ctrl=0.75
t= 11.50 max|qacc|=     124.9 max|qvel|=   2.49 ncon=  1 com_z=0.909 com_x=-0.051
t= 12.00 max|qacc|=      88.5 max|qvel|=   0.52 ncon=  2 com_z=0.913 com_x=-0.063
t= 12.50 max|qacc|=     195.3 max|qvel|=   3.43 ncon=  3 com_z=0.904 com_x=-0.079
t= 13.00 max|qacc|=      41.5 max|qvel|=   1.03 ncon=  2 com_z=0.921 com_x=-0.070
t= 13.50 max|qacc|=    1967.0 max|qvel|=  16.79 ncon=  1 com_z=0.905 com_x=-0.057
t= 14.00 max|qacc|=      66.3 max|qvel|=   0.88 ncon=  2 com_z=0.917 com_x=-0.055
t= 14.50 max|qacc|=      35.6 max|qvel|=   6.24 ncon=  4 com_z=0.907 com_x=-0.066
t= 15.00 max|qacc|=       8.8 max|qvel|=   0.98 ncon=  2 com_z=0.921 com_x=-0.075
t= 15.50 max|qacc|=     263.9 max|qvel|=   7.87 ncon=  2 com_z=0.906 com_x=-0.062
t= 15.51 precursor: max|qacc|=1.18e+03 max|qvel|=31.4 (dof 14), ncon=1, max ctrl=0.74
t= 15.51 precursor: max|qacc|=487 max|qvel|=32.3 (dof 14), ncon=1, max ctrl=0.74
t= 15.51 precursor: max|qacc|=156 max|qvel|=32.1 (dof 14), ncon=1, max ctrl=0.74
t= 15.52 precursor: max|qacc|=729 max|qvel|=30.8 (dof 14), ncon=1, max ctrl=0.74
t= 16.00 max|qacc|=      28.1 max|qvel|=   2.52 ncon=  3 com_z=0.914 com_x=-0.058
t= 16.50 max|qacc|=     322.8 max|qvel|=   1.30 ncon=  3 com_z=0.919 com_x=-0.073
t= 17.00 max|qacc|=      27.1 max|qvel|=   0.46 ncon=  3 com_z=0.917 com_x=-0.080
t= 17.50 max|qacc|=      20.7 max|qvel|=   0.56 ncon=  4 com_z=0.911 com_x=-0.083
t= 18.00 max|qacc|=      51.1 max|qvel|=   0.34 ncon=  4 com_z=0.907 com_x=-0.088
t= 18.50 max|qacc|=     223.1 max|qvel|=   1.13 ncon=  3 com_z=0.910 com_x=-0.090
t= 19.00 max|qacc|=       8.0 max|qvel|=   1.18 ncon=  5 com_z=0.910 com_x=-0.098
t= 19.50 max|qacc|=      25.5 max|qvel|=   0.83 ncon=  5 com_z=0.915 com_x=-0.099
t= 20.00 max|qacc|=      17.6 max|qvel|=   1.26 ncon=  4 com_z=0.912 com_x=-0.101
t= 20.50 max|qacc|=      14.0 max|qvel|=   0.78 ncon=  5 com_z=0.908 com_x=-0.103
t= 21.00 max|qacc|=      14.3 max|qvel|=   0.59 ncon=  4 com_z=0.913 com_x=-0.106
t= 21.50 max|qacc|=      13.0 max|qvel|=   0.87 ncon=  4 com_z=0.912 com_x=-0.108

== summary ==
pelvis/COM height: start 0.94 m, min 0.90 m, final 0.91 m  (stayed up)
COM x: min -0.16 max -0.05 final -0.11 m
COM y: min -0.079 max +0.063 m
RG_F_r bursts during walk window: 6
RG_r: cycles in window 5, period 2.22 s (0.45 Hz), E-duty 0.10
RG_l: cycles in window 5, period 2.22 s (0.45 Hz), E-duty 0.04
peak ctrl: [0.34 0.63 0.63 0.67 0.4  0.36 0.38 0.37 0.41 0.14 0.31 0.67 0.67 0.6
 0.39 0.4  0.46 0.36 0.43 0.13] (('vas_lat_r', 'med_gas_r', 'soleus_r', 'tib_ant_r', 'psoas_r', 'semimem_r', 'glut_max2_r', 'rect_fem_r', 'sar_r', 'grac_r', 'vas_lat_l', 'med_gas_l', 'soleus_l', 'tib_ant_l', 'psoas_l', 'semimem_l', 'glut_max2_l', 'rect_fem_l', 'sar_l', 'grac_l'))
  hip_flexion_r         -6.1 ..    51.7 deg
  knee_angle_r         -86.8 ..    11.1 deg
  ankle_angle_r        -70.9 ..    -1.7 deg
  hip_adduction_r       -2.1 ..    15.6 deg
  subtalar_angle_r       0.0 ..    35.7 deg
  hip_flexion_l        -31.9 ..     2.8 deg
  knee_angle_l         -26.1 ..    12.1 deg
  ankle_angle_l        -62.0 ..     9.8 deg
  hip_adduction_l       -7.2 ..    18.1 deg
  subtalar_angle_l      -4.8 ..    14.4 deg
  pelvis_tilt           -2.4 ..    16.3 deg
  pelvis_list           -8.1 ..    10.7 deg
  pelvis_rotation        1.4 ..     5.3 deg
saved spinal_run.npz
saved spinal_run.png
csv: trial=77 run=full22 kine_score=-64.407 duty=0.154 knee_min=-78.75 cadence=0.400 stayed_up=True
full22 capture: trial 77 kine_score -64.407 -> v9_best_trial77.npz
start pose (normal.mot): applied 20 coordinates as given; IMU-metric torso lean -0.0 deg (+ = back)
standing solve: nnls x in [0.00, 0.71], >0.1: 14 muscles
  top: add_long_l=0.71, tib_ant_r=0.61, tib_ant_l=0.46, ext_dig_r=0.38, glut_min1_l=0.34, pect_l=0.33, glut_min2_l=0.32, ext_dig_l=0.25
Fmax range: 5..3396 N | L range sample: [0.229942 0.326094]
csv: trial=78 run=eval kine_score=-74.242 duty=0.172 knee_min=-71.12 cadence=0.364 stayed_up=True
start pose (normal.mot): applied 20 coordinates as given; IMU-metric torso lean -0.0 deg (+ = back)
standing solve: nnls x in [0.00, 0.71], >0.1: 14 muscles
  top: add_long_l=0.71, tib_ant_r=0.61, tib_ant_l=0.46, ext_dig_r=0.38, glut_min1_l=0.34, pect_l=0.33, glut_min2_l=0.31, ext_dig_l=0.25
Fmax range: 5..3396 N | L range sample: [0.229942 0.326094]
csv: trial=79 run=eval kine_score=-25.000 duty=nan knee_min=nan cadence=0.000 stayed_up=True
start pose (normal.mot): applied 20 coordinates as given; IMU-metric torso lean -0.0 deg (+ = back)
standing solve: nnls x in [0.00, 0.71], >0.1: 15 muscles
  top: add_long_l=0.71, tib_ant_r=0.61, tib_ant_l=0.46, ext_dig_r=0.38, glut_min1_l=0.34, pect_l=0.33, glut_min2_l=0.32, ext_dig_l=0.25
Fmax range: 5..3396 N | L range sample: [0.229942 0.326094]
csv: trial=80 run=eval kine_score=-25.000 duty=nan knee_min=nan cadence=0.000 stayed_up=True
start pose (normal.mot): applied 20 coordinates as given; IMU-metric torso lean -0.0 deg (+ = back)
standing solve: nnls x in [0.00, 0.71], >0.1: 15 muscles
  top: add_long_l=0.71, tib_ant_r=0.61, tib_ant_l=0.46, ext_dig_r=0.38, glut_min1_l=0.35, pect_l=0.33, glut_min2_l=0.32, ext_dig_l=0.25
Fmax range: 5..3396 N | L range sample: [0.229942 0.326094]
csv: trial=81 run=eval kine_score=-62.468 duty=0.176 knee_min=-78.70 cadence=0.364 stayed_up=True
NEW GLOBAL BEST -62.468 (trial 81) - running full 22 s capture
start pose (normal.mot): applied 20 coordinates as given; IMU-metric torso lean -0.0 deg (+ = back)
standing solve: nnls x in [0.00, 0.71], >0.1: 15 muscles
  top: add_long_l=0.71, tib_ant_r=0.61, tib_ant_l=0.46, ext_dig_r=0.38, glut_min1_l=0.35, pect_l=0.33, glut_min2_l=0.32, ext_dig_l=0.25
Fmax range: 5..3396 N | L range sample: [0.229942 0.326094]
t=  1.00 max|qacc|=     356.1 max|qvel|=   1.80 ncon=  9 com_z=0.915 com_x=-0.156
t=  1.50 max|qacc|=     195.2 max|qvel|=   0.93 ncon=  5 com_z=0.911 com_x=-0.148
t=  2.00 max|qacc|=     125.4 max|qvel|=   0.88 ncon=  5 com_z=0.901 com_x=-0.139
t=  2.50 max|qacc|=      90.1 max|qvel|=   1.28 ncon=  5 com_z=0.910 com_x=-0.137
t=  3.00 max|qacc|=     164.8 max|qvel|=   1.00 ncon=  5 com_z=0.918 com_x=-0.142
t=  3.50 max|qacc|=      27.3 max|qvel|=   0.44 ncon=  4 com_z=0.910 com_x=-0.133
t=  4.00 max|qacc|=      42.1 max|qvel|=   0.76 ncon=  4 com_z=0.913 com_x=-0.147
t=  4.50 max|qacc|=      12.0 max|qvel|=   0.28 ncon=  3 com_z=0.915 com_x=-0.143
t=  5.00 max|qacc|=      25.5 max|qvel|=   2.48 ncon=  4 com_z=0.913 com_x=-0.164
t=  5.50 max|qacc|=      14.0 max|qvel|=   0.84 ncon=  2 com_z=0.914 com_x=-0.150
t=  6.00 max|qacc|=      76.2 max|qvel|=   4.02 ncon=  2 com_z=0.907 com_x=-0.115
t=  6.50 max|qacc|=      16.1 max|qvel|=   1.21 ncon=  3 com_z=0.914 com_x=-0.095
t=  7.00 max|qacc|=      44.2 max|qvel|=   7.15 ncon=  5 com_z=0.902 com_x=-0.091
t=  7.50 max|qacc|=     131.4 max|qvel|=   1.00 ncon=  2 com_z=0.919 com_x=-0.094
t=  8.00 max|qacc|=       5.1 max|qvel|=   0.74 ncon=  2 com_z=0.910 com_x=-0.071
t=  8.19 precursor: max|qacc|=1.97e+03 max|qvel|=31.5 (dof 14), ncon=1, max ctrl=0.75
t=  8.19 precursor: max|qacc|=1.2e+03 max|qvel|=33.7 (dof 14), ncon=1, max ctrl=0.75
t=  8.19 precursor: max|qacc|=451 max|qvel|=34.5 (dof 14), ncon=1, max ctrl=0.75
t=  8.19 precursor: max|qacc|=239 max|qvel|=34.1 (dof 14), ncon=1, max ctrl=0.75
t=  8.19 precursor: max|qacc|=852 max|qvel|=32.7 (dof 14), ncon=1, max ctrl=0.75
t=  8.20 precursor: max|qacc|=1.37e+03 max|qvel|=30.3 (dof 14), ncon=1, max ctrl=0.75
t=  8.50 max|qacc|=     182.9 max|qvel|=   1.37 ncon=  4 com_z=0.908 com_x=-0.063
t=  9.00 max|qacc|=     116.2 max|qvel|=   0.55 ncon=  1 com_z=0.911 com_x=-0.070
t=  9.50 max|qacc|=      49.7 max|qvel|=   4.63 ncon=  4 com_z=0.903 com_x=-0.083
t= 10.00 max|qacc|=      29.0 max|qvel|=   1.24 ncon=  2 com_z=0.923 com_x=-0.077
t= 10.50 max|qacc|=     144.9 max|qvel|=   3.12 ncon=  2 com_z=0.917 com_x=-0.065
t= 10.60 precursor: max|qacc|=1.27e+03 max|qvel|=30.4 (dof 14), ncon=1, max ctrl=0.75
t= 10.60 precursor: max|qacc|=632 max|qvel|=31.6 (dof 14), ncon=1, max ctrl=0.75
t= 10.60 precursor: max|qacc|=174 max|qvel|=31.7 (dof 14), ncon=1, max ctrl=0.75
t= 10.60 precursor: max|qacc|=544 max|qvel|=30.8 (dof 14), ncon=1, max ctrl=0.75
t= 11.00 max|qacc|=      38.9 max|qvel|=   1.41 ncon=  1 com_z=0.912 com_x=-0.053
t= 11.50 max|qacc|=      38.5 max|qvel|=   0.73 ncon=  2 com_z=0.909 com_x=-0.056
t= 12.00 max|qacc|=     207.5 max|qvel|=   1.16 ncon=  2 com_z=0.914 com_x=-0.071
t= 12.50 max|qacc|=      16.5 max|qvel|=   0.85 ncon=  2 com_z=0.909 com_x=-0.054
t= 12.91 precursor: max|qacc|=3.03e+03 max|qvel|=30.6 (dof 14), ncon=1, max ctrl=0.75
t= 12.91 precursor: max|qacc|=2.17e+03 max|qvel|=34.5 (dof 14), ncon=1, max ctrl=0.75
t= 12.91 precursor: max|qacc|=1.32e+03 max|qvel|=36.9 (dof 14), ncon=1, max ctrl=0.75
t= 12.91 precursor: max|qacc|=493 max|qvel|=37.9 (dof 14), ncon=1, max ctrl=0.75
t= 12.92 precursor: max|qacc|=271 max|qvel|=37.4 (dof 14), ncon=1, max ctrl=0.75
t= 12.92 precursor: max|qacc|=949 max|qvel|=35.8 (dof 14), ncon=1, max ctrl=0.75
t= 12.92 precursor: max|qacc|=1.52e+03 max|qvel|=33.1 (dof 14), ncon=1, max ctrl=0.75
t= 13.00 max|qacc|=    1091.2 max|qvel|=   5.55 ncon=  1 com_z=0.898 com_x=-0.054
t= 13.50 max|qacc|=     221.6 max|qvel|=   2.67 ncon=  1 com_z=0.918 com_x=-0.055
t= 14.00 max|qacc|=     302.9 max|qvel|=   0.67 ncon=  2 com_z=0.908 com_x=-0.061
t= 14.50 max|qacc|=     126.9 max|qvel|=   1.38 ncon=  2 com_z=0.920 com_x=-0.078
t= 15.00 max|qacc|=      36.5 max|qvel|=   0.98 ncon=  2 com_z=0.913 com_x=-0.060
t= 15.32 precursor: max|qacc|=500 max|qvel|=30.3 (dof 14), ncon=1, max ctrl=0.69
t= 15.32 precursor: max|qacc|=146 max|qvel|=30.2 (dof 14), ncon=1, max ctrl=0.68
t= 15.50 max|qacc|=      53.5 max|qvel|=   1.11 ncon=  1 com_z=0.907 com_x=-0.052
t= 16.00 max|qacc|=      11.9 max|qvel|=   0.46 ncon=  3 com_z=0.917 com_x=-0.060
t= 16.50 max|qacc|=     227.8 max|qvel|=   1.93 ncon=  2 com_z=0.921 com_x=-0.072
t= 17.00 max|qacc|=     301.7 max|qvel|=   0.52 ncon=  2 com_z=0.914 com_x=-0.076
t= 17.50 max|qacc|=      24.1 max|qvel|=   0.36 ncon=  4 com_z=0.906 com_x=-0.079
t= 18.00 max|qacc|=      12.3 max|qvel|=   0.65 ncon=  3 com_z=0.908 com_x=-0.086
t= 18.50 max|qacc|=      19.0 max|qvel|=   0.97 ncon=  5 com_z=0.912 com_x=-0.090
t= 19.00 max|qacc|=      93.1 max|qvel|=   0.46 ncon=  4 com_z=0.914 com_x=-0.098
t= 19.50 max|qacc|=      19.6 max|qvel|=   1.29 ncon=  5 com_z=0.910 com_x=-0.097
t= 20.00 max|qacc|=       5.2 max|qvel|=   0.99 ncon=  4 com_z=0.911 com_x=-0.100
t= 20.50 max|qacc|=      11.6 max|qvel|=   0.41 ncon=  5 com_z=0.912 com_x=-0.104
t= 21.00 max|qacc|=      18.8 max|qvel|=   1.16 ncon=  4 com_z=0.912 com_x=-0.102
t= 21.50 max|qacc|=       7.5 max|qvel|=   1.21 ncon=  5 com_z=0.911 com_x=-0.108

== summary ==
pelvis/COM height: start 0.94 m, min 0.90 m, final 0.91 m  (stayed up)
COM x: min -0.16 max -0.05 final -0.11 m
COM y: min -0.079 max +0.067 m
RG_F_r bursts during walk window: 5
RG_r: cycles in window 4, period 2.38 s (0.42 Hz), E-duty 0.11
RG_l: cycles in window 4, period 2.38 s (0.42 Hz), E-duty 0.04
peak ctrl: [0.37 0.64 0.64 0.66 0.39 0.35 0.43 0.4  0.39 0.16 0.31 0.62 0.62 0.59
 0.38 0.41 0.4  0.33 0.42 0.13] (('vas_lat_r', 'med_gas_r', 'soleus_r', 'tib_ant_r', 'psoas_r', 'semimem_r', 'glut_max2_r', 'rect_fem_r', 'sar_r', 'grac_r', 'vas_lat_l', 'med_gas_l', 'soleus_l', 'tib_ant_l', 'psoas_l', 'semimem_l', 'glut_max2_l', 'rect_fem_l', 'sar_l', 'grac_l'))
  hip_flexion_r         -8.9 ..    52.2 deg
  knee_angle_r         -86.0 ..    11.1 deg
  ankle_angle_r        -71.9 ..    -0.7 deg
  hip_adduction_r       -1.2 ..    14.8 deg
  subtalar_angle_r      -0.3 ..    39.0 deg
  hip_flexion_l        -33.4 ..     3.1 deg
  knee_angle_l         -28.4 ..    12.1 deg
  ankle_angle_l        -62.2 ..     9.8 deg
  hip_adduction_l       -7.5 ..    18.8 deg
  subtalar_angle_l      -4.8 ..    14.0 deg
  pelvis_tilt           -2.3 ..    16.6 deg
  pelvis_list           -8.2 ..    10.4 deg
  pelvis_rotation        1.2 ..     5.2 deg
saved spinal_run.npz
saved spinal_run.png
csv: trial=81 run=full22 kine_score=-63.488 duty=0.183 knee_min=-77.85 cadence=0.300 stayed_up=True
full22 capture: trial 81 kine_score -63.488 -> v9_best_trial81.npz
start pose (normal.mot): applied 20 coordinates as given; IMU-metric torso lean -0.0 deg (+ = back)
standing solve: nnls x in [0.00, 0.70], >0.1: 14 muscles
  top: add_long_l=0.70, tib_ant_r=0.61, tib_ant_l=0.46, ext_dig_r=0.37, glut_min1_l=0.33, pect_l=0.32, glut_min2_l=0.31, ext_dig_l=0.25
Fmax range: 5..3396 N | L range sample: [0.229942 0.326094]
csv: trial=82 run=eval kine_score=-77.284 duty=0.179 knee_min=-70.56 cadence=0.364 stayed_up=True
start pose (normal.mot): applied 20 coordinates as given; IMU-metric torso lean -0.0 deg (+ = back)
standing solve: nnls x in [0.00, 0.71], >0.1: 15 muscles
  top: add_long_l=0.71, tib_ant_r=0.61, tib_ant_l=0.46, ext_dig_r=0.38, glut_min1_l=0.35, pect_l=0.33, glut_min2_l=0.32, ext_dig_l=0.25
Fmax range: 5..3396 N | L range sample: [0.229942 0.326094]
csv: trial=83 run=eval kine_score=-25.000 duty=nan knee_min=nan cadence=0.000 stayed_up=True
start pose (normal.mot): applied 20 coordinates as given; IMU-metric torso lean -0.0 deg (+ = back)
standing solve: nnls x in [0.00, 0.71], >0.1: 15 muscles
  top: add_long_l=0.71, tib_ant_r=0.61, tib_ant_l=0.46, ext_dig_r=0.38, glut_min1_l=0.35, pect_l=0.33, glut_min2_l=0.32, ext_dig_l=0.25
Fmax range: 5..3396 N | L range sample: [0.229942 0.326094]
csv: trial=84 run=eval kine_score=-63.997 duty=0.163 knee_min=-77.09 cadence=0.364 stayed_up=True
start pose (normal.mot): applied 20 coordinates as given; IMU-metric torso lean -0.0 deg (+ = back)
standing solve: nnls x in [0.00, 0.71], >0.1: 16 muscles
  top: add_long_l=0.71, tib_ant_r=0.61, tib_ant_l=0.46, ext_dig_r=0.38, glut_min1_l=0.35, pect_l=0.33, glut_min2_l=0.32, ext_dig_l=0.25
Fmax range: 5..3396 N | L range sample: [0.229942 0.326094]
csv: trial=85 run=eval kine_score=-66.433 duty=0.182 knee_min=-71.51 cadence=0.364 stayed_up=True
start pose (normal.mot): applied 20 coordinates as given; IMU-metric torso lean -0.0 deg (+ = back)
standing solve: nnls x in [0.00, 0.71], >0.1: 14 muscles
  top: add_long_l=0.71, tib_ant_r=0.61, tib_ant_l=0.46, ext_dig_r=0.38, glut_min1_l=0.34, pect_l=0.33, glut_min2_l=0.32, ext_dig_l=0.25
Fmax range: 5..3396 N | L range sample: [0.229942 0.326094]
csv: trial=86 run=eval kine_score=-67.212 duty=0.181 knee_min=-74.31 cadence=0.364 stayed_up=True
start pose (normal.mot): applied 20 coordinates as given; IMU-metric torso lean -0.0 deg (+ = back)
standing solve: nnls x in [0.00, 0.71], >0.1: 15 muscles
  top: add_long_l=0.71, tib_ant_r=0.61, tib_ant_l=0.46, ext_dig_r=0.38, glut_min1_l=0.34, pect_l=0.33, glut_min2_l=0.32, ext_dig_l=0.25
Fmax range: 5..3396 N | L range sample: [0.229942 0.326094]
csv: trial=87 run=eval kine_score=-25.000 duty=nan knee_min=nan cadence=0.000 stayed_up=True
start pose (normal.mot): applied 20 coordinates as given; IMU-metric torso lean -0.0 deg (+ = back)
standing solve: nnls x in [0.00, 0.71], >0.1: 14 muscles
  top: add_long_l=0.71, tib_ant_r=0.61, tib_ant_l=0.46, ext_dig_r=0.38, glut_min1_l=0.34, pect_l=0.33, glut_min2_l=0.32, ext_dig_l=0.25
Fmax range: 5..3396 N | L range sample: [0.229942 0.326094]
csv: trial=88 run=eval kine_score=-71.436 duty=0.103 knee_min=-71.37 cadence=0.545 stayed_up=True
start pose (normal.mot): applied 20 coordinates as given; IMU-metric torso lean -0.0 deg (+ = back)
standing solve: nnls x in [0.00, 0.71], >0.1: 15 muscles
  top: add_long_l=0.71, tib_ant_r=0.61, tib_ant_l=0.46, ext_dig_r=0.38, glut_min1_l=0.34, pect_l=0.33, glut_min2_l=0.32, ext_dig_l=0.25
Fmax range: 5..3396 N | L range sample: [0.229942 0.326094]
csv: trial=89 run=eval kine_score=-67.646 duty=0.177 knee_min=-73.55 cadence=0.364 stayed_up=True
start pose (normal.mot): applied 20 coordinates as given; IMU-metric torso lean -0.0 deg (+ = back)
standing solve: nnls x in [0.00, 0.72], >0.1: 16 muscles
  top: add_long_l=0.72, tib_ant_r=0.61, tib_ant_l=0.46, ext_dig_r=0.38, glut_min1_l=0.35, pect_l=0.33, glut_min2_l=0.33, ext_dig_l=0.26
Fmax range: 5..3396 N | L range sample: [0.229942 0.326094]
csv: trial=90 run=eval kine_score=-63.574 duty=0.085 knee_min=-79.13 cadence=0.364 stayed_up=True
start pose (normal.mot): applied 20 coordinates as given; IMU-metric torso lean -0.0 deg (+ = back)
standing solve: nnls x in [0.00, 0.71], >0.1: 15 muscles
  top: add_long_l=0.71, tib_ant_r=0.61, tib_ant_l=0.46, ext_dig_r=0.38, glut_min1_l=0.35, pect_l=0.33, glut_min2_l=0.32, ext_dig_l=0.25
Fmax range: 5..3396 N | L range sample: [0.229942 0.326094]
csv: trial=91 run=eval kine_score=-63.329 duty=0.177 knee_min=-79.85 cadence=0.364 stayed_up=True
start pose (normal.mot): applied 20 coordinates as given; IMU-metric torso lean -0.0 deg (+ = back)
standing solve: nnls x in [0.00, 0.72], >0.1: 16 muscles
  top: add_long_l=0.72, tib_ant_r=0.61, tib_ant_l=0.46, ext_dig_r=0.38, glut_min1_l=0.36, pect_l=0.33, glut_min2_l=0.33, ext_dig_l=0.26
Fmax range: 5..3396 N | L range sample: [0.229942 0.326094]
csv: trial=92 run=eval kine_score=-25.000 duty=nan knee_min=nan cadence=0.000 stayed_up=True
start pose (normal.mot): applied 20 coordinates as given; IMU-metric torso lean -0.0 deg (+ = back)
standing solve: nnls x in [0.00, 0.71], >0.1: 15 muscles
  top: add_long_l=0.71, tib_ant_r=0.61, tib_ant_l=0.46, ext_dig_r=0.38, glut_min1_l=0.34, pect_l=0.33, glut_min2_l=0.32, ext_dig_l=0.25
Fmax range: 5..3396 N | L range sample: [0.229942 0.326094]
csv: trial=93 run=eval kine_score=-65.354 duty=0.163 knee_min=-75.21 cadence=0.364 stayed_up=True
start pose (normal.mot): applied 20 coordinates as given; IMU-metric torso lean -0.0 deg (+ = back)
standing solve: nnls x in [0.00, 0.71], >0.1: 14 muscles
  top: add_long_l=0.71, tib_ant_r=0.61, tib_ant_l=0.46, ext_dig_r=0.38, glut_min1_l=0.34, pect_l=0.33, glut_min2_l=0.32, ext_dig_l=0.25
Fmax range: 5..3396 N | L range sample: [0.229942 0.326094]
csv: trial=94 run=eval kine_score=-25.000 duty=nan knee_min=nan cadence=0.000 stayed_up=True
start pose (normal.mot): applied 20 coordinates as given; IMU-metric torso lean -0.0 deg (+ = back)
standing solve: nnls x in [0.00, 0.72], >0.1: 16 muscles
  top: add_long_l=0.72, tib_ant_r=0.61, tib_ant_l=0.46, ext_dig_r=0.38, glut_min1_l=0.35, pect_l=0.33, glut_min2_l=0.33, ext_dig_l=0.26
Fmax range: 5..3396 N | L range sample: [0.229942 0.326094]
csv: trial=95 run=eval kine_score=-67.112 duty=0.086 knee_min=-78.33 cadence=0.364 stayed_up=True
start pose (normal.mot): applied 20 coordinates as given; IMU-metric torso lean -0.0 deg (+ = back)
standing solve: nnls x in [0.00, 0.71], >0.1: 15 muscles
  top: add_long_l=0.71, tib_ant_r=0.61, tib_ant_l=0.46, ext_dig_r=0.38, glut_min1_l=0.34, pect_l=0.33, glut_min2_l=0.32, ext_dig_l=0.25
Fmax range: 5..3396 N | L range sample: [0.229942 0.326094]
csv: trial=96 run=eval kine_score=-67.292 duty=0.169 knee_min=-76.30 cadence=0.273 stayed_up=True
start pose (normal.mot): applied 20 coordinates as given; IMU-metric torso lean -0.0 deg (+ = back)
standing solve: nnls x in [0.00, 0.71], >0.1: 15 muscles
  top: add_long_l=0.71, tib_ant_r=0.61, tib_ant_l=0.46, ext_dig_r=0.38, glut_min1_l=0.34, pect_l=0.33, glut_min2_l=0.32, ext_dig_l=0.25
Fmax range: 5..3396 N | L range sample: [0.229942 0.326094]
csv: trial=97 run=eval kine_score=-25.000 duty=nan knee_min=nan cadence=0.000 stayed_up=True
start pose (normal.mot): applied 20 coordinates as given; IMU-metric torso lean -0.0 deg (+ = back)
standing solve: nnls x in [0.00, 0.72], >0.1: 16 muscles
  top: add_long_l=0.72, tib_ant_r=0.61, tib_ant_l=0.46, ext_dig_r=0.38, glut_min1_l=0.35, pect_l=0.33, glut_min2_l=0.33, ext_dig_l=0.26
Fmax range: 5..3396 N | L range sample: [0.229942 0.326094]
csv: trial=98 run=eval kine_score=-70.313 duty=0.176 knee_min=-71.32 cadence=0.182 stayed_up=True
start pose (normal.mot): applied 20 coordinates as given; IMU-metric torso lean -0.0 deg (+ = back)
standing solve: nnls x in [0.00, 0.72], >0.1: 16 muscles
  top: add_long_l=0.72, tib_ant_r=0.61, tib_ant_l=0.46, ext_dig_r=0.38, glut_min1_l=0.36, pect_l=0.33, glut_min2_l=0.33, ext_dig_l=0.26
Fmax range: 5..3396 N | L range sample: [0.229942 0.326094]
csv: trial=99 run=eval kine_score=-72.260 duty=0.087 knee_min=-80.99 cadence=0.364 stayed_up=True
start pose (normal.mot): applied 20 coordinates as given; IMU-metric torso lean -0.0 deg (+ = back)
standing solve: nnls x in [0.00, 0.71], >0.1: 16 muscles
  top: add_long_l=0.71, tib_ant_r=0.61, tib_ant_l=0.46, ext_dig_r=0.38, glut_min1_l=0.35, pect_l=0.33, glut_min2_l=0.32, ext_dig_l=0.25
Fmax range: 5..3396 N | L range sample: [0.229942 0.326094]
csv: trial=100 run=eval kine_score=-25.000 duty=nan knee_min=nan cadence=0.000 stayed_up=True
start pose (normal.mot): applied 20 coordinates as given; IMU-metric torso lean -0.0 deg (+ = back)
standing solve: nnls x in [0.00, 0.72], >0.1: 16 muscles
  top: add_long_l=0.72, tib_ant_r=0.61, tib_ant_l=0.46, ext_dig_r=0.38, glut_min1_l=0.36, pect_l=0.33, glut_min2_l=0.33, ext_dig_l=0.26
Fmax range: 5..3396 N | L range sample: [0.229942 0.326094]
csv: trial=101 run=eval kine_score=-66.493 duty=0.090 knee_min=-79.97 cadence=0.364 stayed_up=True
start pose (normal.mot): applied 20 coordinates as given; IMU-metric torso lean -0.0 deg (+ = back)
standing solve: nnls x in [0.00, 0.71], >0.1: 15 muscles
  top: add_long_l=0.71, tib_ant_r=0.61, tib_ant_l=0.46, ext_dig_r=0.38, glut_min1_l=0.34, pect_l=0.33, glut_min2_l=0.32, ext_dig_l=0.25
Fmax range: 5..3396 N | L range sample: [0.229942 0.326094]
csv: trial=102 run=eval kine_score=-25.000 duty=nan knee_min=nan cadence=0.000 stayed_up=True
start pose (normal.mot): applied 20 coordinates as given; IMU-metric torso lean -0.0 deg (+ = back)
standing solve: nnls x in [0.00, 0.71], >0.1: 15 muscles
  top: add_long_l=0.71, tib_ant_r=0.61, tib_ant_l=0.46, ext_dig_r=0.38, glut_min1_l=0.34, pect_l=0.33, glut_min2_l=0.32, ext_dig_l=0.25
Fmax range: 5..3396 N | L range sample: [0.229942 0.326094]
csv: trial=103 run=eval kine_score=-25.000 duty=nan knee_min=nan cadence=0.000 stayed_up=True
start pose (normal.mot): applied 20 coordinates as given; IMU-metric torso lean -0.0 deg (+ = back)
standing solve: nnls x in [0.00, 0.71], >0.1: 16 muscles
  top: add_long_l=0.71, tib_ant_r=0.61, tib_ant_l=0.46, ext_dig_r=0.38, glut_min1_l=0.35, pect_l=0.33, glut_min2_l=0.32, ext_dig_l=0.25
Fmax range: 5..3396 N | L range sample: [0.229942 0.326094]
csv: trial=104 run=eval kine_score=-75.761 duty=0.166 knee_min=-76.10 cadence=0.182 stayed_up=True
start pose (normal.mot): applied 20 coordinates as given; IMU-metric torso lean -0.0 deg (+ = back)
standing solve: nnls x in [0.00, 0.71], >0.1: 16 muscles
  top: add_long_l=0.71, tib_ant_r=0.61, tib_ant_l=0.46, ext_dig_r=0.38, glut_min1_l=0.35, pect_l=0.33, glut_min2_l=0.32, ext_dig_l=0.25
Fmax range: 5..3396 N | L range sample: [0.229942 0.326094]
csv: trial=105 run=eval kine_score=-25.000 duty=nan knee_min=nan cadence=0.000 stayed_up=True
start pose (normal.mot): applied 20 coordinates as given; IMU-metric torso lean -0.0 deg (+ = back)
standing solve: nnls x in [0.00, 0.71], >0.1: 16 muscles
  top: add_long_l=0.71, tib_ant_r=0.61, tib_ant_l=0.46, ext_dig_r=0.38, glut_min1_l=0.35, pect_l=0.33, glut_min2_l=0.32, ext_dig_l=0.25
Fmax range: 5..3396 N | L range sample: [0.229942 0.326094]
csv: trial=106 run=eval kine_score=-66.992 duty=0.084 knee_min=-74.38 cadence=0.364 stayed_up=True
start pose (normal.mot): applied 20 coordinates as given; IMU-metric torso lean -0.0 deg (+ = back)
standing solve: nnls x in [0.00, 0.71], >0.1: 14 muscles
  top: add_long_l=0.71, tib_ant_r=0.61, tib_ant_l=0.46, ext_dig_r=0.38, glut_min1_l=0.34, pect_l=0.33, glut_min2_l=0.32, ext_dig_l=0.25
Fmax range: 5..3396 N | L range sample: [0.229942 0.326094]
csv: trial=107 run=eval kine_score=-65.062 duty=0.093 knee_min=-72.77 cadence=0.182 stayed_up=True
start pose (normal.mot): applied 20 coordinates as given; IMU-metric torso lean -0.0 deg (+ = back)
standing solve: nnls x in [0.00, 0.71], >0.1: 14 muscles
  top: add_long_l=0.71, tib_ant_r=0.61, tib_ant_l=0.46, ext_dig_r=0.38, glut_min1_l=0.34, pect_l=0.33, glut_min2_l=0.32, ext_dig_l=0.25
Fmax range: 5..3396 N | L range sample: [0.229942 0.326094]
csv: trial=108 run=eval kine_score=-25.000 duty=nan knee_min=nan cadence=0.000 stayed_up=True
start pose (normal.mot): applied 20 coordinates as given; IMU-metric torso lean -0.0 deg (+ = back)
standing solve: nnls x in [0.00, 0.71], >0.1: 14 muscles
  top: add_long_l=0.71, tib_ant_r=0.61, tib_ant_l=0.46, ext_dig_r=0.38, glut_min1_l=0.34, pect_l=0.33, glut_min2_l=0.32, ext_dig_l=0.25
Fmax range: 5..3396 N | L range sample: [0.229942 0.326094]
csv: trial=109 run=eval kine_score=-25.000 duty=nan knee_min=nan cadence=0.000 stayed_up=True
start pose (normal.mot): applied 20 coordinates as given; IMU-metric torso lean -0.0 deg (+ = back)
standing solve: nnls x in [0.00, 0.71], >0.1: 15 muscles
  top: add_long_l=0.71, tib_ant_r=0.61, tib_ant_l=0.46, ext_dig_r=0.38, glut_min1_l=0.34, pect_l=0.33, glut_min2_l=0.32, ext_dig_l=0.25
Fmax range: 5..3396 N | L range sample: [0.229942 0.326094]
csv: trial=110 run=eval kine_score=-68.166 duty=0.194 knee_min=-71.11 cadence=0.364 stayed_up=True
start pose (normal.mot): applied 20 coordinates as given; IMU-metric torso lean -0.0 deg (+ = back)
standing solve: nnls x in [0.00, 0.71], >0.1: 16 muscles
  top: add_long_l=0.71, tib_ant_r=0.61, tib_ant_l=0.46, ext_dig_r=0.38, glut_min1_l=0.35, pect_l=0.33, glut_min2_l=0.32, ext_dig_l=0.25
Fmax range: 5..3396 N | L range sample: [0.229942 0.326094]
csv: trial=111 run=eval kine_score=-25.000 duty=nan knee_min=nan cadence=0.000 stayed_up=True
start pose (normal.mot): applied 20 coordinates as given; IMU-metric torso lean -0.0 deg (+ = back)
standing solve: nnls x in [0.00, 0.71], >0.1: 15 muscles
  top: add_long_l=0.71, tib_ant_r=0.61, tib_ant_l=0.46, ext_dig_r=0.38, glut_min1_l=0.35, pect_l=0.33, glut_min2_l=0.32, ext_dig_l=0.25
Fmax range: 5..3396 N | L range sample: [0.229942 0.326094]
csv: trial=112 run=eval kine_score=-64.893 duty=0.167 knee_min=-74.26 cadence=0.364 stayed_up=True
start pose (normal.mot): applied 20 coordinates as given; IMU-metric torso lean -0.0 deg (+ = back)
standing solve: nnls x in [0.00, 0.71], >0.1: 16 muscles
  top: add_long_l=0.71, tib_ant_r=0.61, tib_ant_l=0.46, ext_dig_r=0.38, glut_min1_l=0.35, pect_l=0.33, glut_min2_l=0.33, ext_dig_l=0.25
Fmax range: 5..3396 N | L range sample: [0.229942 0.326094]
csv: trial=113 run=eval kine_score=-64.471 duty=0.162 knee_min=-77.22 cadence=0.364 stayed_up=True
start pose (normal.mot): applied 20 coordinates as given; IMU-metric torso lean -0.0 deg (+ = back)
standing solve: nnls x in [0.00, 0.71], >0.1: 16 muscles
  top: add_long_l=0.71, tib_ant_r=0.61, tib_ant_l=0.46, ext_dig_r=0.38, glut_min1_l=0.35, pect_l=0.33, glut_min2_l=0.32, ext_dig_l=0.25
Fmax range: 5..3396 N | L range sample: [0.229942 0.326094]
csv: trial=114 run=eval kine_score=-66.429 duty=0.089 knee_min=-75.53 cadence=0.455 stayed_up=True
start pose (normal.mot): applied 20 coordinates as given; IMU-metric torso lean -0.0 deg (+ = back)
standing solve: nnls x in [0.00, 0.71], >0.1: 16 muscles
  top: add_long_l=0.71, tib_ant_r=0.61, tib_ant_l=0.46, ext_dig_r=0.38, glut_min1_l=0.35, pect_l=0.33, glut_min2_l=0.33, ext_dig_l=0.25
Fmax range: 5..3396 N | L range sample: [0.229942 0.326094]
csv: trial=115 run=eval kine_score=-25.000 duty=nan knee_min=nan cadence=0.000 stayed_up=True
start pose (normal.mot): applied 20 coordinates as given; IMU-metric torso lean -0.0 deg (+ = back)
standing solve: nnls x in [0.00, 0.71], >0.1: 14 muscles
  top: add_long_l=0.71, tib_ant_r=0.61, tib_ant_l=0.46, ext_dig_r=0.38, glut_min1_l=0.34, pect_l=0.33, glut_min2_l=0.32, ext_dig_l=0.25
Fmax range: 5..3396 N | L range sample: [0.229942 0.326094]
csv: trial=116 run=eval kine_score=-65.266 duty=0.166 knee_min=-72.85 cadence=0.364 stayed_up=True
start pose (normal.mot): applied 20 coordinates as given; IMU-metric torso lean -0.0 deg (+ = back)
standing solve: nnls x in [0.00, 0.71], >0.1: 15 muscles
  top: add_long_l=0.71, tib_ant_r=0.61, tib_ant_l=0.46, ext_dig_r=0.38, glut_min1_l=0.34, pect_l=0.33, glut_min2_l=0.32, ext_dig_l=0.25
Fmax range: 5..3396 N | L range sample: [0.229942 0.326094]
csv: trial=117 run=eval kine_score=-64.542 duty=0.168 knee_min=-76.99 cadence=0.364 stayed_up=True
start pose (normal.mot): applied 20 coordinates as given; IMU-metric torso lean -0.0 deg (+ = back)
standing solve: nnls x in [0.00, 0.71], >0.1: 15 muscles
  top: add_long_l=0.71, tib_ant_r=0.61, tib_ant_l=0.46, ext_dig_r=0.38, glut_min1_l=0.34, pect_l=0.33, glut_min2_l=0.32, ext_dig_l=0.25
Fmax range: 5..3396 N | L range sample: [0.229942 0.326094]
csv: trial=118 run=eval kine_score=-25.000 duty=nan knee_min=nan cadence=0.000 stayed_up=True
start pose (normal.mot): applied 20 coordinates as given; IMU-metric torso lean -0.0 deg (+ = back)
standing solve: nnls x in [0.00, 0.71], >0.1: 16 muscles
  top: add_long_l=0.71, tib_ant_r=0.61, tib_ant_l=0.46, ext_dig_r=0.38, glut_min1_l=0.35, pect_l=0.33, glut_min2_l=0.33, ext_dig_l=0.25
Fmax range: 5..3396 N | L range sample: [0.229942 0.326094]
csv: trial=119 run=eval kine_score=-62.243 duty=0.166 knee_min=-81.27 cadence=0.364 stayed_up=True
NEW GLOBAL BEST -62.243 (trial 119) - running full 22 s capture
start pose (normal.mot): applied 20 coordinates as given; IMU-metric torso lean -0.0 deg (+ = back)
standing solve: nnls x in [0.00, 0.71], >0.1: 16 muscles
  top: add_long_l=0.71, tib_ant_r=0.61, tib_ant_l=0.46, ext_dig_r=0.38, glut_min1_l=0.35, pect_l=0.33, glut_min2_l=0.33, ext_dig_l=0.25
Fmax range: 5..3396 N | L range sample: [0.229942 0.326094]
t=  1.00 max|qacc|=      48.2 max|qvel|=   1.99 ncon=  9 com_z=0.916 com_x=-0.156
t=  1.50 max|qacc|=      51.7 max|qvel|=   1.57 ncon=  6 com_z=0.907 com_x=-0.148
t=  2.00 max|qacc|=     148.7 max|qvel|=   0.72 ncon=  5 com_z=0.907 com_x=-0.144
t=  2.50 max|qacc|=      68.7 max|qvel|=   1.14 ncon=  5 com_z=0.911 com_x=-0.134
t=  3.00 max|qacc|=     165.2 max|qvel|=   1.20 ncon=  5 com_z=0.915 com_x=-0.144
t=  3.50 max|qacc|=      30.1 max|qvel|=   0.44 ncon=  4 com_z=0.909 com_x=-0.131
t=  4.00 max|qacc|=       3.3 max|qvel|=   0.42 ncon=  4 com_z=0.914 com_x=-0.148
t=  4.50 max|qacc|=      14.1 max|qvel|=   0.31 ncon=  3 com_z=0.915 com_x=-0.143
t=  5.00 max|qacc|=     121.9 max|qvel|=   2.38 ncon=  4 com_z=0.911 com_x=-0.167
t=  5.50 max|qacc|=      27.0 max|qvel|=   1.08 ncon=  2 com_z=0.914 com_x=-0.150
t=  5.86 precursor: max|qacc|=1.18e+03 max|qvel|=32 (dof 14), ncon=2, max ctrl=0.75
t=  5.86 precursor: max|qacc|=694 max|qvel|=32.9 (dof 14), ncon=2, max ctrl=0.75
t=  5.86 precursor: max|qacc|=582 max|qvel|=32.7 (dof 14), ncon=2, max ctrl=0.75
t=  5.86 precursor: max|qacc|=729 max|qvel|=31.5 (dof 14), ncon=3, max ctrl=0.75
t=  6.00 max|qacc|=      70.8 max|qvel|=   3.74 ncon=  2 com_z=0.907 com_x=-0.115
t=  6.50 max|qacc|=      72.2 max|qvel|=   0.93 ncon=  3 com_z=0.914 com_x=-0.099
t=  7.00 max|qacc|=      28.4 max|qvel|=   7.25 ncon=  5 com_z=0.900 com_x=-0.095
t=  7.50 max|qacc|=      27.4 max|qvel|=   0.95 ncon=  2 com_z=0.917 com_x=-0.097
t=  8.00 max|qacc|=     227.9 max|qvel|=   0.76 ncon=  4 com_z=0.906 com_x=-0.075
t=  8.18 precursor: max|qacc|=2.09e+03 max|qvel|=31.3 (dof 14), ncon=1, max ctrl=0.75
t=  8.19 precursor: max|qacc|=1.31e+03 max|qvel|=33.7 (dof 14), ncon=1, max ctrl=0.75
t=  8.19 precursor: max|qacc|=558 max|qvel|=34.7 (dof 14), ncon=1, max ctrl=0.75
t=  8.19 precursor: max|qacc|=144 max|qvel|=34.5 (dof 14), ncon=1, max ctrl=0.75
t=  8.19 precursor: max|qacc|=771 max|qvel|=33.2 (dof 14), ncon=1, max ctrl=0.75
t=  8.19 precursor: max|qacc|=1.31e+03 max|qvel|=30.9 (dof 14), ncon=1, max ctrl=0.75
t=  8.50 max|qacc|=     134.7 max|qvel|=   2.06 ncon=  4 com_z=0.910 com_x=-0.064
t=  9.00 max|qacc|=     126.8 max|qvel|=   0.47 ncon=  2 com_z=0.909 com_x=-0.072
t=  9.50 max|qacc|=      33.9 max|qvel|=   4.44 ncon=  3 com_z=0.901 com_x=-0.086
t= 10.00 max|qacc|=      33.7 max|qvel|=   1.06 ncon=  2 com_z=0.919 com_x=-0.082
t= 10.50 max|qacc|=     127.8 max|qvel|=   1.78 ncon=  2 com_z=0.913 com_x=-0.067
t= 10.60 precursor: max|qacc|=1.42e+03 max|qvel|=31.3 (dof 14), ncon=1, max ctrl=0.74
t= 10.61 precursor: max|qacc|=715 max|qvel|=32.7 (dof 14), ncon=1, max ctrl=0.74
t= 10.61 precursor: max|qacc|=109 max|qvel|=32.8 (dof 14), ncon=1, max ctrl=0.74
t= 10.61 precursor: max|qacc|=556 max|qvel|=31.9 (dof 14), ncon=1, max ctrl=0.75
t= 10.61 precursor: max|qacc|=1.08e+03 max|qvel|=30 (dof 14), ncon=1, max ctrl=0.75
t= 11.00 max|qacc|=     145.1 max|qvel|=   1.43 ncon=  1 com_z=0.914 com_x=-0.051
t= 11.50 max|qacc|=      29.5 max|qvel|=   0.22 ncon=  2 com_z=0.904 com_x=-0.066
t= 12.00 max|qacc|=      32.6 max|qvel|=   2.12 ncon=  3 com_z=0.907 com_x=-0.084
t= 12.50 max|qacc|=      20.5 max|qvel|=   1.03 ncon=  2 com_z=0.915 com_x=-0.070
t= 13.00 max|qacc|=     151.1 max|qvel|=   5.66 ncon=  2 com_z=0.908 com_x=-0.060
t= 13.01 precursor: max|qacc|=573 max|qvel|=30.3 (dof 14), ncon=1, max ctrl=0.75
t= 13.02 precursor: max|qacc|=99.9 max|qvel|=30.3 (dof 14), ncon=1, max ctrl=0.75
t= 13.50 max|qacc|=      99.8 max|qvel|=   1.57 ncon=  3 com_z=0.916 com_x=-0.051
t= 14.00 max|qacc|=     129.8 max|qvel|=   0.28 ncon=  1 com_z=0.902 com_x=-0.066
t= 14.50 max|qacc|=      12.2 max|qvel|=   1.24 ncon=  3 com_z=0.911 com_x=-0.089
t= 15.00 max|qacc|=      13.2 max|qvel|=   0.84 ncon=  2 com_z=0.910 com_x=-0.066
t= 15.50 max|qacc|=     231.0 max|qvel|=   3.24 ncon=  1 com_z=0.904 com_x=-0.058
t= 16.00 max|qacc|=      29.7 max|qvel|=   0.56 ncon=  3 com_z=0.916 com_x=-0.061
t= 16.50 max|qacc|=     191.1 max|qvel|=   0.90 ncon=  4 com_z=0.918 com_x=-0.075
t= 17.00 max|qacc|=      20.3 max|qvel|=   0.37 ncon=  4 com_z=0.914 com_x=-0.080
t= 17.50 max|qacc|=       6.5 max|qvel|=   0.19 ncon=  5 com_z=0.905 com_x=-0.081
t= 18.00 max|qacc|=     326.5 max|qvel|=   0.71 ncon=  3 com_z=0.909 com_x=-0.086
t= 18.50 max|qacc|=      37.0 max|qvel|=   0.91 ncon=  5 com_z=0.911 com_x=-0.088
t= 19.00 max|qacc|=      10.7 max|qvel|=   0.95 ncon=  5 com_z=0.913 com_x=-0.099
t= 19.50 max|qacc|=      26.7 max|qvel|=   0.48 ncon=  4 com_z=0.910 com_x=-0.101
t= 20.00 max|qacc|=      37.8 max|qvel|=   1.38 ncon=  5 com_z=0.906 com_x=-0.099
t= 20.50 max|qacc|=       8.0 max|qvel|=   0.84 ncon=  5 com_z=0.911 com_x=-0.103
t= 21.00 max|qacc|=       9.6 max|qvel|=   0.43 ncon=  4 com_z=0.912 com_x=-0.107
t= 21.50 max|qacc|=      13.5 max|qvel|=   1.67 ncon=  5 com_z=0.909 com_x=-0.105

== summary ==
pelvis/COM height: start 0.94 m, min 0.90 m, final 0.91 m  (stayed up)
COM x: min -0.17 max -0.05 final -0.11 m
COM y: min -0.087 max +0.068 m
RG_F_r bursts during walk window: 5
RG_r: cycles in window 4, period 2.41 s (0.41 Hz), E-duty 0.11
RG_l: cycles in window 4, period 2.41 s (0.41 Hz), E-duty 0.04
peak ctrl: [0.36 0.66 0.65 0.67 0.39 0.39 0.45 0.4  0.4  0.16 0.31 0.63 0.63 0.6
 0.38 0.43 0.41 0.33 0.42 0.14] (('vas_lat_r', 'med_gas_r', 'soleus_r', 'tib_ant_r', 'psoas_r', 'semimem_r', 'glut_max2_r', 'rect_fem_r', 'sar_r', 'grac_r', 'vas_lat_l', 'med_gas_l', 'soleus_l', 'tib_ant_l', 'psoas_l', 'semimem_l', 'glut_max2_l', 'rect_fem_l', 'sar_l', 'grac_l'))
  hip_flexion_r         -7.4 ..    52.6 deg
  knee_angle_r         -87.5 ..    11.0 deg
  ankle_angle_r        -68.6 ..    -1.7 deg
  hip_adduction_r       -4.3 ..    16.7 deg
  subtalar_angle_r       0.0 ..    36.4 deg
  hip_flexion_l        -33.5 ..     3.1 deg
  knee_angle_l         -27.5 ..    12.1 deg
  ankle_angle_l        -61.5 ..     9.8 deg
  hip_adduction_l       -6.7 ..    18.4 deg
  subtalar_angle_l      -4.7 ..    14.3 deg
  pelvis_tilt           -2.4 ..    16.6 deg
  pelvis_list           -8.5 ..    10.7 deg
  pelvis_rotation        1.5 ..     5.3 deg
saved spinal_run.npz
saved spinal_run.png
csv: trial=119 run=full22 kine_score=-62.234 duty=0.167 knee_min=-81.39 cadence=0.300 stayed_up=True
full22 capture: trial 119 kine_score -62.234 -> v9_best_trial119.npz

== best kine_score -62.243 (trial 119)
  drive           2.2960
  rg_adapt        1.5463
  desc_e          1.1014
  desc_f          2.0605
  rg_to_pf        1.9227
  pf_gain         0.7410
  e2_pf           1.6147
  f1_df           1.8220
  f1_kf           1.1086
  e2_adapt        1.3371
  post_kneext     0.7669
  post_hipext     1.6996
  kx              199.0688
  phase_reset_e   0.1007
  phase_reset_f   1.4396
  f1_kneext_inh   0.7531
  f1_anklepf_inh  0.1840
saved best_walk_params_v9.json (runner --best9 reproduces)
