fitted baseline loaded: e2_pf=0.222 f1_df=0.098 f1_kf=0.148 post_kneext=0.011 post_hipext=0.068 desc_f=1.400 e2_adapt=1.700
seeded v8 hand-pose winner into v8b (normal.mot pose, 16 s eval)
enqueued seed trial
start pose (normal.mot): applied 20 coordinates as given; IMU-metric torso lean -0.0 deg (+ = back)
standing solve: nnls x in [0.00, 0.59], >0.1: 13 muscles
  top: tib_ant_r=0.59, tib_ant_l=0.58, ext_dig_r=0.36, ext_dig_l=0.35, add_long_r=0.30, per_tert_r=0.18, per_tert_l=0.17, glut_min1_r=0.14
Fmax range: 5..3396 N | L range sample: [0.229942 0.326094]
csv: trial=0 run=eval kine_score=-81.035 duty=0.208 knee_min=-45.94 cadence=0.364 stayed_up=True
NEW GLOBAL BEST -81.035 (trial 0) - running full 22 s capture
start pose (normal.mot): applied 20 coordinates as given; IMU-metric torso lean -0.0 deg (+ = back)
standing solve: nnls x in [0.00, 0.59], >0.1: 13 muscles
  top: tib_ant_r=0.59, tib_ant_l=0.58, ext_dig_r=0.36, ext_dig_l=0.35, add_long_r=0.30, per_tert_r=0.18, per_tert_l=0.17, glut_min1_r=0.14
Fmax range: 5..3396 N | L range sample: [0.229942 0.326094]
t=  1.00 max|qacc|=      23.4 max|qvel|=   2.99 ncon=  5 com_z=0.931 com_x=-0.163
t=  1.50 max|qacc|=      13.7 max|qvel|=   1.08 ncon=  5 com_z=0.948 com_x=-0.146
t=  2.00 max|qacc|=      23.9 max|qvel|=   0.86 ncon=  5 com_z=0.947 com_x=-0.132
t=  2.50 max|qacc|=      22.2 max|qvel|=   1.53 ncon=  7 com_z=0.950 com_x=-0.129
t=  3.00 max|qacc|=     165.8 max|qvel|=   0.52 ncon=  5 com_z=0.950 com_x=-0.134
t=  3.50 max|qacc|=      44.5 max|qvel|=   4.84 ncon=  4 com_z=0.947 com_x=-0.129
t=  4.00 max|qacc|=      13.1 max|qvel|=   0.28 ncon=  4 com_z=0.949 com_x=-0.133
t=  4.50 max|qacc|=      23.8 max|qvel|=   0.69 ncon=  4 com_z=0.950 com_x=-0.142
t=  5.00 max|qacc|=     566.0 max|qvel|=   0.83 ncon=  6 com_z=0.941 com_x=-0.147
t=  5.50 max|qacc|=     146.8 max|qvel|=   0.96 ncon=  3 com_z=0.944 com_x=-0.104
t=  6.00 max|qacc|=     143.9 max|qvel|=   4.62 ncon=  5 com_z=0.955 com_x=-0.097
t=  6.50 max|qacc|=      56.9 max|qvel|=   0.55 ncon=  6 com_z=0.958 com_x=-0.090
t=  7.00 max|qacc|=      42.3 max|qvel|=   3.61 ncon=  2 com_z=0.948 com_x=-0.100
t=  7.50 max|qacc|=      86.8 max|qvel|=   1.48 ncon=  2 com_z=0.956 com_x=-0.111
t=  8.00 max|qacc|=     307.9 max|qvel|=   5.91 ncon=  3 com_z=0.952 com_x=-0.098
t=  8.50 max|qacc|=      13.0 max|qvel|=   1.39 ncon=  4 com_z=0.955 com_x=-0.085
t=  9.00 max|qacc|=     999.2 max|qvel|=   0.95 ncon=  3 com_z=0.958 com_x=-0.088
t=  9.50 max|qacc|=      13.0 max|qvel|=   2.93 ncon=  2 com_z=0.951 com_x=-0.116
t= 10.00 max|qacc|=     109.9 max|qvel|=   0.46 ncon=  2 com_z=0.953 com_x=-0.110
t= 10.50 max|qacc|=     137.8 max|qvel|=   2.74 ncon=  4 com_z=0.941 com_x=-0.097
t= 11.00 max|qacc|=       9.1 max|qvel|=   0.42 ncon=  3 com_z=0.956 com_x=-0.093
t= 11.50 max|qacc|=     191.1 max|qvel|=   9.79 ncon=  2 com_z=0.959 com_x=-0.092
t= 12.00 max|qacc|=      44.3 max|qvel|=   1.02 ncon=  2 com_z=0.959 com_x=-0.118
t= 12.50 max|qacc|=      35.1 max|qvel|=   0.60 ncon=  4 com_z=0.943 com_x=-0.110
t= 13.00 max|qacc|=     463.9 max|qvel|=   2.39 ncon=  3 com_z=0.942 com_x=-0.100
t= 13.50 max|qacc|=      41.5 max|qvel|=   1.01 ncon=  5 com_z=0.959 com_x=-0.102
t= 14.00 max|qacc|=      58.4 max|qvel|=   6.61 ncon=  2 com_z=0.949 com_x=-0.119
t= 14.50 max|qacc|=     171.1 max|qvel|=   0.67 ncon=  2 com_z=0.938 com_x=-0.115
t= 15.00 max|qacc|=     162.4 max|qvel|=   1.10 ncon=  4 com_z=0.944 com_x=-0.111
t= 15.50 max|qacc|=      95.6 max|qvel|=   1.42 ncon=  3 com_z=0.957 com_x=-0.100
t= 16.00 max|qacc|=      92.2 max|qvel|=   1.24 ncon=  4 com_z=0.965 com_x=-0.111
t= 16.50 max|qacc|=     250.2 max|qvel|=   1.82 ncon=  4 com_z=0.955 com_x=-0.122
t= 17.00 max|qacc|=      19.1 max|qvel|=   0.46 ncon=  5 com_z=0.945 com_x=-0.114
t= 17.50 max|qacc|=       8.9 max|qvel|=   0.49 ncon=  4 com_z=0.945 com_x=-0.123
t= 18.00 max|qacc|=      26.4 max|qvel|=   0.40 ncon=  4 com_z=0.952 com_x=-0.129
t= 18.50 max|qacc|=      28.1 max|qvel|=   0.54 ncon=  5 com_z=0.952 com_x=-0.132
t= 19.00 max|qacc|=     354.8 max|qvel|=   0.63 ncon=  3 com_z=0.954 com_x=-0.135
t= 19.50 max|qacc|=      32.6 max|qvel|=   0.80 ncon=  5 com_z=0.948 com_x=-0.130
t= 20.00 max|qacc|=      25.4 max|qvel|=   0.99 ncon=  4 com_z=0.950 com_x=-0.137
t= 20.50 max|qacc|=      27.5 max|qvel|=   1.34 ncon=  4 com_z=0.949 com_x=-0.134
t= 21.00 max|qacc|=      35.3 max|qvel|=   1.37 ncon=  5 com_z=0.950 com_x=-0.137
t= 21.50 max|qacc|=      32.3 max|qvel|=   0.66 ncon=  4 com_z=0.953 com_x=-0.139

== summary ==
pelvis/COM height: start 0.98 m, min 0.93 m, final 0.95 m  (stayed up)
COM x: min -0.17 max -0.09 final -0.14 m
COM y: min -0.069 max +0.035 m
RG_F_r bursts during walk window: 5
RG_r: cycles in window 4, period 2.34 s (0.43 Hz), E-duty 0.15
RG_l: cycles in window 4, period 2.34 s (0.43 Hz), E-duty 0.04
peak ctrl: [0.39 0.76 0.74 0.7  0.51 0.59 0.5  0.47 0.5  0.23 0.37 0.75 0.73 0.71
 0.5  0.68 0.51 0.43 0.5  0.23] (('vas_lat_r', 'med_gas_r', 'soleus_r', 'tib_ant_r', 'psoas_r', 'semimem_r', 'glut_max2_r', 'rect_fem_r', 'sar_r', 'grac_r', 'vas_lat_l', 'med_gas_l', 'soleus_l', 'tib_ant_l', 'psoas_l', 'semimem_l', 'glut_max2_l', 'rect_fem_l', 'sar_l', 'grac_l'))
  hip_flexion_r          4.6 ..    49.3 deg
  knee_angle_r         -49.7 ..    12.1 deg
  ankle_angle_r        -61.6 ..    48.1 deg
  hip_adduction_r       -5.7 ..    10.4 deg
  subtalar_angle_r     -18.6 ..    43.0 deg
  hip_flexion_l        -23.9 ..    29.4 deg
  knee_angle_l         -56.6 ..    12.5 deg
  ankle_angle_l        -56.7 ..    10.0 deg
  hip_adduction_l       -4.8 ..    15.7 deg
  subtalar_angle_l     -23.5 ..    51.0 deg
  pelvis_tilt           -1.9 ..    17.9 deg
  pelvis_list           -6.3 ..    13.5 deg
  pelvis_rotation        1.1 ..     4.6 deg
saved spinal_run.npz
saved spinal_run.png
csv: trial=0 run=full22 kine_score=-80.334 duty=0.221 knee_min=-47.88 cadence=0.300 stayed_up=True
full22 capture: trial 0 kine_score -80.334 -> v8b_best_trial0.npz
start pose (normal.mot): applied 20 coordinates as given; IMU-metric torso lean -0.0 deg (+ = back)
standing solve: nnls x in [0.00, 0.59], >0.1: 14 muscles
  top: tib_ant_r=0.59, tib_ant_l=0.58, ext_dig_r=0.37, ext_dig_l=0.36, add_long_r=0.33, per_tert_r=0.18, glut_min1_r=0.17, per_tert_l=0.17
Fmax range: 5..3396 N | L range sample: [0.229942 0.326094]
csv: trial=1 run=eval kine_score=-25.000 duty=nan knee_min=nan cadence=0.000 stayed_up=True
NEW GLOBAL BEST -65.000 (trial 1) - running full 22 s capture
start pose (normal.mot): applied 20 coordinates as given; IMU-metric torso lean -0.0 deg (+ = back)
standing solve: nnls x in [0.00, 0.59], >0.1: 14 muscles
  top: tib_ant_r=0.59, tib_ant_l=0.58, ext_dig_r=0.37, ext_dig_l=0.36, add_long_r=0.33, per_tert_r=0.18, glut_min1_r=0.17, per_tert_l=0.17
Fmax range: 5..3396 N | L range sample: [0.229942 0.326094]
t=  1.00 max|qacc|=      28.0 max|qvel|=   4.67 ncon=  5 com_z=0.927 com_x=-0.169
t=  1.50 max|qacc|=      73.8 max|qvel|=   0.99 ncon=  5 com_z=0.946 com_x=-0.152
t=  2.00 max|qacc|=      28.6 max|qvel|=   1.66 ncon=  5 com_z=0.943 com_x=-0.131
t=  2.50 max|qacc|=      68.9 max|qvel|=   0.72 ncon=  6 com_z=0.949 com_x=-0.131
t=  3.00 max|qacc|=     252.2 max|qvel|=   1.34 ncon=  7 com_z=0.948 com_x=-0.132
t=  3.50 max|qacc|=      55.9 max|qvel|=   0.59 ncon=  5 com_z=0.946 com_x=-0.137
t=  4.00 max|qacc|=      23.8 max|qvel|=   0.72 ncon=  6 com_z=0.946 com_x=-0.134
t=  4.50 max|qacc|=      24.3 max|qvel|=   0.52 ncon=  6 com_z=0.943 com_x=-0.130
t=  5.00 max|qacc|=      55.9 max|qvel|=   0.26 ncon=  7 com_z=0.940 com_x=-0.131
t=  5.50 max|qacc|=      58.6 max|qvel|=   0.79 ncon=  4 com_z=0.941 com_x=-0.122
t=  6.00 max|qacc|=      23.1 max|qvel|=   0.68 ncon=  4 com_z=0.953 com_x=-0.138
t=  6.50 max|qacc|=      33.2 max|qvel|=   0.50 ncon=  3 com_z=0.951 com_x=-0.144
t=  7.00 max|qacc|=      14.2 max|qvel|=   2.14 ncon=  4 com_z=0.944 com_x=-0.174
t=  7.50 max|qacc|=      36.2 max|qvel|=   0.96 ncon=  3 com_z=0.928 com_x=-0.148
t=  8.00 max|qacc|=      31.8 max|qvel|=   1.50 ncon=  3 com_z=0.939 com_x=-0.123
t=  8.50 max|qacc|=     159.8 max|qvel|=   4.86 ncon=  3 com_z=0.957 com_x=-0.102
t=  9.00 max|qacc|=      30.0 max|qvel|=   0.97 ncon=  3 com_z=0.948 com_x=-0.130
t=  9.50 max|qacc|=      10.6 max|qvel|=   0.32 ncon=  3 com_z=0.946 com_x=-0.131
t= 10.00 max|qacc|=      53.2 max|qvel|=   4.53 ncon=  3 com_z=0.943 com_x=-0.142
t= 10.50 max|qacc|=      24.1 max|qvel|=   1.03 ncon=  2 com_z=0.931 com_x=-0.136
t= 11.00 max|qacc|=       4.4 max|qvel|=   0.97 ncon=  3 com_z=0.935 com_x=-0.112
t= 11.50 max|qacc|=     856.7 max|qvel|=   6.10 ncon=  3 com_z=0.961 com_x=-0.099
t= 12.00 max|qacc|=      86.6 max|qvel|=   1.17 ncon=  3 com_z=0.944 com_x=-0.114
t= 12.50 max|qacc|=     138.7 max|qvel|=   0.66 ncon=  3 com_z=0.946 com_x=-0.117
t= 13.00 max|qacc|=      81.1 max|qvel|=   4.03 ncon=  1 com_z=0.951 com_x=-0.119
t= 13.50 max|qacc|=      13.4 max|qvel|=   1.74 ncon=  3 com_z=0.933 com_x=-0.134
t= 14.00 max|qacc|=      30.1 max|qvel|=   0.63 ncon=  2 com_z=0.930 com_x=-0.102
t= 14.50 max|qacc|=      25.0 max|qvel|=   0.54 ncon=  2 com_z=0.960 com_x=-0.093
t= 15.00 max|qacc|=     324.5 max|qvel|=   6.81 ncon=  2 com_z=0.948 com_x=-0.110
t= 15.50 max|qacc|=      83.5 max|qvel|=   2.45 ncon=  5 com_z=0.947 com_x=-0.108
t= 16.00 max|qacc|=      34.2 max|qvel|=   1.58 ncon=  3 com_z=0.947 com_x=-0.116
t= 16.50 max|qacc|=     134.9 max|qvel|=   2.15 ncon=  2 com_z=0.940 com_x=-0.112
t= 17.00 max|qacc|=       4.8 max|qvel|=   0.44 ncon=  2 com_z=0.946 com_x=-0.111
t= 17.50 max|qacc|=      15.5 max|qvel|=   0.75 ncon=  3 com_z=0.951 com_x=-0.113
t= 18.00 max|qacc|=      13.4 max|qvel|=   0.56 ncon=  3 com_z=0.950 com_x=-0.118
t= 18.50 max|qacc|=       4.9 max|qvel|=   0.72 ncon=  3 com_z=0.948 com_x=-0.120
t= 19.00 max|qacc|=      26.4 max|qvel|=   0.68 ncon=  3 com_z=0.946 com_x=-0.117
t= 19.50 max|qacc|=      11.5 max|qvel|=   1.24 ncon=  4 com_z=0.946 com_x=-0.120
t= 20.00 max|qacc|=      30.0 max|qvel|=   0.55 ncon=  3 com_z=0.949 com_x=-0.121
t= 20.50 max|qacc|=      10.0 max|qvel|=   1.08 ncon=  4 com_z=0.948 com_x=-0.122
t= 21.00 max|qacc|=      22.5 max|qvel|=   0.66 ncon=  4 com_z=0.951 com_x=-0.124
t= 21.50 max|qacc|=      10.6 max|qvel|=   0.86 ncon=  5 com_z=0.947 com_x=-0.121

== summary ==
pelvis/COM height: start 0.98 m, min 0.92 m, final 0.95 m  (stayed up)
COM x: min -0.18 max -0.08 final -0.13 m
COM y: min -0.100 max +0.051 m
RG_F_r bursts during walk window: 4
RG_r: cycles in window 4, period 3.02 s (0.33 Hz), E-duty 0.10
RG_l: cycles in window 4, period 3.01 s (0.33 Hz), E-duty 0.03
peak ctrl: [0.36 0.81 0.77 0.8  0.55 0.73 0.5  0.45 0.54 0.28 0.42 0.93 0.88 0.82
 0.55 0.72 0.66 0.54 0.55 0.26] (('vas_lat_r', 'med_gas_r', 'soleus_r', 'tib_ant_r', 'psoas_r', 'semimem_r', 'glut_max2_r', 'rect_fem_r', 'sar_r', 'grac_r', 'vas_lat_l', 'med_gas_l', 'soleus_l', 'tib_ant_l', 'psoas_l', 'semimem_l', 'glut_max2_l', 'rect_fem_l', 'sar_l', 'grac_l'))
  hip_flexion_r          1.1 ..    55.6 deg
  knee_angle_r         -97.7 ..    10.1 deg
  ankle_angle_r        -64.8 ..    -1.7 deg
  hip_adduction_r       -4.2 ..    12.9 deg
  subtalar_angle_r      -0.4 ..    23.7 deg
  hip_flexion_l        -26.7 ..    19.6 deg
  knee_angle_l         -49.8 ..    12.5 deg
  ankle_angle_l        -57.9 ..     9.8 deg
  hip_adduction_l      -13.3 ..    18.5 deg
  subtalar_angle_l      -3.8 ..    35.3 deg
  pelvis_tilt           -1.9 ..    19.8 deg
  pelvis_list           -3.1 ..    16.4 deg
  pelvis_rotation        0.8 ..     4.8 deg
saved spinal_run.npz
saved spinal_run.png
csv: trial=1 run=full22 kine_score=nan duty=nan knee_min=nan cadence=0.000 stayed_up=True
full22 capture: trial 1 kine_score nan -> v8b_best_trial1.npz
start pose (normal.mot): applied 20 coordinates as given; IMU-metric torso lean -0.0 deg (+ = back)
standing solve: nnls x in [0.00, 0.60], >0.1: 29 muscles
  top: tib_ant_r=0.60, tib_ant_l=0.58, add_long_r=0.40, ext_dig_r=0.39, ext_dig_l=0.38, glut_min1_r=0.27, glut_min2_r=0.23, glut_min3_l=0.20
Fmax range: 5..3396 N | L range sample: [0.229942 0.326094]
csv: trial=2 run=eval kine_score=-76.843 duty=0.420 knee_min=-86.85 cadence=0.818 stayed_up=True
start pose (normal.mot): applied 20 coordinates as given; IMU-metric torso lean -0.0 deg (+ = back)
standing solve: nnls x in [0.00, 0.59], >0.1: 11 muscles
  top: tib_ant_r=0.59, tib_ant_l=0.58, ext_dig_r=0.36, ext_dig_l=0.35, add_long_r=0.29, per_tert_r=0.18, per_tert_l=0.17, ext_hal_r=0.13
Fmax range: 5..3396 N | L range sample: [0.229942 0.326094]
csv: trial=3 run=eval kine_score=-86.767 duty=0.177 knee_min=-79.65 cadence=0.636 stayed_up=True
start pose (normal.mot): applied 20 coordinates as given; IMU-metric torso lean -0.0 deg (+ = back)
