fitted baseline loaded: e2_pf=0.222 f1_df=0.098 f1_kf=0.148 post_kneext=0.011 post_hipext=0.068 desc_f=1.400 e2_adapt=1.700
seeded v9 winner into v10 (transient PRESET + ankle trim)
enqueued seed trial
start pose (normal.mot): applied 20 coordinates as given; IMU-metric torso lean -0.0 deg (+ = back)
standing solve: nnls x in [0.00, 0.71], >0.1: 16 muscles
  top: add_long_l=0.71, tib_ant_r=0.61, tib_ant_l=0.46, ext_dig_r=0.38, glut_min1_l=0.35, pect_l=0.33, glut_min2_l=0.33, ext_dig_l=0.25
Fmax range: 5..3396 N | L range sample: [0.229942 0.326094]
csv: trial=0 run=eval kine_score=-104.776 duty=0.086 knee_min=-58.08 cadence=0.364 stayed_up=True
NEW GLOBAL BEST -104.776 (trial 0) - running full 22 s capture
start pose (normal.mot): applied 20 coordinates as given; IMU-metric torso lean -0.0 deg (+ = back)
standing solve: nnls x in [0.00, 0.71], >0.1: 16 muscles
  top: add_long_l=0.71, tib_ant_r=0.61, tib_ant_l=0.46, ext_dig_r=0.38, glut_min1_l=0.35, pect_l=0.33, glut_min2_l=0.33, ext_dig_l=0.25
Fmax range: 5..3396 N | L range sample: [0.229942 0.326094]
t=  1.00 max|qacc|=      27.3 max|qvel|=   2.04 ncon=  7 com_z=0.920 com_x=-0.159
t=  1.50 max|qacc|=      40.5 max|qvel|=   0.78 ncon=  6 com_z=0.911 com_x=-0.147
t=  2.00 max|qacc|=     147.4 max|qvel|=   1.03 ncon=  5 com_z=0.912 com_x=-0.146
t=  2.50 max|qacc|=      28.8 max|qvel|=   0.97 ncon=  7 com_z=0.912 com_x=-0.139
t=  3.00 max|qacc|=      45.8 max|qvel|=   0.42 ncon=  5 com_z=0.913 com_x=-0.139
t=  3.50 max|qacc|=     143.5 max|qvel|=   1.25 ncon=  2 com_z=0.913 com_x=-0.144
t=  4.00 max|qacc|=      33.0 max|qvel|=   0.45 ncon=  2 com_z=0.913 com_x=-0.143
t=  4.50 max|qacc|=      81.2 max|qvel|=   1.11 ncon=  3 com_z=0.906 com_x=-0.144
t=  5.00 max|qacc|=     942.4 max|qvel|=   3.83 ncon=  4 com_z=0.904 com_x=-0.144
t=  5.50 max|qacc|=      25.1 max|qvel|=   1.30 ncon=  5 com_z=0.919 com_x=-0.150
t=  6.00 max|qacc|=     114.9 max|qvel|=   0.97 ncon=  5 com_z=0.910 com_x=-0.141
t=  6.50 max|qacc|=     188.8 max|qvel|=   5.16 ncon=  6 com_z=0.922 com_x=-0.130
t=  7.00 max|qacc|=     222.8 max|qvel|=   6.31 ncon=  5 com_z=0.915 com_x=-0.123
t=  7.50 max|qacc|=      35.0 max|qvel|=   1.17 ncon=  5 com_z=0.911 com_x=-0.141
t=  8.00 max|qacc|=      32.1 max|qvel|=   0.50 ncon=  3 com_z=0.919 com_x=-0.128
t=  8.50 max|qacc|=      41.4 max|qvel|=   2.08 ncon=  3 com_z=0.916 com_x=-0.142
t=  9.00 max|qacc|=      27.7 max|qvel|=   0.62 ncon=  6 com_z=0.921 com_x=-0.124
t=  9.50 max|qacc|=     213.6 max|qvel|=   3.73 ncon=  3 com_z=0.910 com_x=-0.125
t= 10.00 max|qacc|=      19.3 max|qvel|=   1.02 ncon=  3 com_z=0.919 com_x=-0.133
t= 10.50 max|qacc|=     158.0 max|qvel|=   8.47 ncon=  2 com_z=0.912 com_x=-0.123
t= 11.00 max|qacc|=     131.4 max|qvel|=   2.53 ncon=  7 com_z=0.926 com_x=-0.136
t= 11.50 max|qacc|=      27.6 max|qvel|=   0.67 ncon=  6 com_z=0.915 com_x=-0.116
t= 12.00 max|qacc|=      17.2 max|qvel|=   2.01 ncon=  4 com_z=0.904 com_x=-0.129
t= 12.50 max|qacc|=      27.8 max|qvel|=   1.18 ncon=  3 com_z=0.919 com_x=-0.125
t= 13.00 max|qacc|=     185.3 max|qvel|=   3.34 ncon=  6 com_z=0.904 com_x=-0.127
t= 13.50 max|qacc|=     171.2 max|qvel|=   1.77 ncon=  6 com_z=0.926 com_x=-0.126
t= 14.00 max|qacc|=      16.9 max|qvel|=   0.43 ncon=  5 com_z=0.911 com_x=-0.113
t= 14.50 max|qacc|=      29.2 max|qvel|=   1.13 ncon=  3 com_z=0.913 com_x=-0.121
t= 15.00 max|qacc|=      14.2 max|qvel|=   1.00 ncon=  3 com_z=0.917 com_x=-0.120
t= 15.50 max|qacc|=      49.2 max|qvel|=   2.39 ncon=  3 com_z=0.910 com_x=-0.136
t= 16.00 max|qacc|=      20.2 max|qvel|=   0.64 ncon=  6 com_z=0.924 com_x=-0.133
t= 16.50 max|qacc|=      13.7 max|qvel|=   0.91 ncon=  4 com_z=0.902 com_x=-0.128
t= 17.00 max|qacc|=      11.1 max|qvel|=   0.42 ncon=  4 com_z=0.914 com_x=-0.124
t= 17.50 max|qacc|=      15.0 max|qvel|=   0.29 ncon=  5 com_z=0.913 com_x=-0.123
t= 18.00 max|qacc|=     147.8 max|qvel|=   0.39 ncon=  5 com_z=0.916 com_x=-0.123
t= 18.50 max|qacc|=     315.8 max|qvel|=   0.71 ncon=  5 com_z=0.913 com_x=-0.126
t= 19.00 max|qacc|=       8.7 max|qvel|=   0.99 ncon=  5 com_z=0.909 com_x=-0.123
t= 19.50 max|qacc|=     160.3 max|qvel|=   1.00 ncon=  4 com_z=0.911 com_x=-0.119
t= 20.00 max|qacc|=     117.8 max|qvel|=   0.63 ncon=  5 com_z=0.915 com_x=-0.126
t= 20.50 max|qacc|=       9.3 max|qvel|=   0.76 ncon=  6 com_z=0.913 com_x=-0.126
t= 21.00 max|qacc|=     198.3 max|qvel|=   0.32 ncon=  5 com_z=0.910 com_x=-0.122
t= 21.50 max|qacc|=     129.8 max|qvel|=   0.51 ncon=  4 com_z=0.914 com_x=-0.125

== summary ==
pelvis/COM height: start 0.94 m, min 0.90 m, final 0.91 m  (stayed up)
COM x: min -0.16 max -0.11 final -0.13 m
COM y: min -0.088 max +0.063 m
RG_F_r bursts during walk window: 5
RG_r: cycles in window 5, period 2.38 s (0.42 Hz), E-duty 0.10
RG_l: cycles in window 5, period 2.38 s (0.42 Hz), E-duty 0.04
peak ctrl: [0.34 0.58 0.58 0.67 0.4  0.37 0.39 0.38 0.41 0.14 0.34 0.64 0.64 0.6
 0.4  0.39 0.47 0.39 0.42 0.14] (('vas_lat_r', 'med_gas_r', 'soleus_r', 'tib_ant_r', 'psoas_r', 'semimem_r', 'glut_max2_r', 'rect_fem_r', 'sar_r', 'grac_r', 'vas_lat_l', 'med_gas_l', 'soleus_l', 'tib_ant_l', 'psoas_l', 'semimem_l', 'glut_max2_l', 'rect_fem_l', 'sar_l', 'grac_l'))
  hip_flexion_r          5.6 ..    52.0 deg
  knee_angle_r         -56.8 ..    10.7 deg
  ankle_angle_r        -58.3 ..    14.5 deg
  hip_adduction_r      -10.5 ..     9.1 deg
  subtalar_angle_r       0.0 ..    34.4 deg
  hip_flexion_l        -18.1 ..     3.0 deg
  knee_angle_l         -17.3 ..    13.3 deg
  ankle_angle_l        -51.5 ..    12.6 deg
  hip_adduction_l      -10.5 ..    11.7 deg
  subtalar_angle_l       0.0 ..    37.8 deg
  pelvis_tilt           -2.4 ..    14.6 deg
  pelvis_list           -7.3 ..    13.0 deg
  pelvis_rotation        1.1 ..     5.3 deg
saved spinal_run.npz
saved spinal_run.png
csv: trial=0 run=full22 kine_score=-99.275 duty=0.147 knee_min=-54.15 cadence=0.400 stayed_up=True
full22 capture: trial 0 kine_score -99.275 -> v10_best_trial0.npz
start pose (normal.mot): applied 20 coordinates as given; IMU-metric torso lean -0.0 deg (+ = back)
standing solve: nnls x in [0.00, 0.76], >0.1: 25 muscles
  top: add_long_l=0.76, tib_ant_r=0.62, tib_ant_l=0.47, glut_min1_l=0.43, glut_min2_l=0.41, ext_dig_r=0.40, pect_l=0.37, ext_dig_l=0.28
Fmax range: 5..3396 N | L range sample: [0.229942 0.326094]
csv: trial=1 run=eval kine_score=-93.816 duty=0.464 knee_min=-92.79 cadence=0.455 stayed_up=True
NEW GLOBAL BEST -93.816 (trial 1) - running full 22 s capture
start pose (normal.mot): applied 20 coordinates as given; IMU-metric torso lean -0.0 deg (+ = back)
standing solve: nnls x in [0.00, 0.76], >0.1: 25 muscles
  top: add_long_l=0.76, tib_ant_r=0.62, tib_ant_l=0.47, glut_min1_l=0.43, glut_min2_l=0.41, ext_dig_r=0.40, pect_l=0.37, ext_dig_l=0.28
Fmax range: 5..3396 N | L range sample: [0.229942 0.326094]
t=  1.00 max|qacc|=     155.6 max|qvel|=   5.85 ncon=  7 com_z=0.903 com_x=-0.166
t=  1.50 max|qacc|=      26.3 max|qvel|=   0.86 ncon=  5 com_z=0.886 com_x=-0.145
t=  2.00 max|qacc|=      73.8 max|qvel|=   2.91 ncon=  5 com_z=0.880 com_x=-0.137
t=  2.50 max|qacc|=     185.5 max|qvel|=   1.07 ncon=  5 com_z=0.903 com_x=-0.142
t=  3.00 max|qacc|=      33.2 max|qvel|=   2.48 ncon=  5 com_z=0.909 com_x=-0.149
t=  3.50 max|qacc|=      21.9 max|qvel|=   1.02 ncon=  5 com_z=0.909 com_x=-0.152
t=  4.00 max|qacc|=       5.0 max|qvel|=   0.46 ncon=  5 com_z=0.883 com_x=-0.160
t=  4.50 max|qacc|=     254.3 max|qvel|=   2.03 ncon=  7 com_z=0.875 com_x=-0.162
t=  5.00 max|qacc|=      51.1 max|qvel|=   1.01 ncon=  4 com_z=0.893 com_x=-0.175
t=  5.50 max|qacc|=      47.0 max|qvel|=   5.20 ncon=  4 com_z=0.881 com_x=-0.188
t=  6.00 max|qacc|=       4.3 max|qvel|=   1.83 ncon=  3 com_z=0.903 com_x=-0.197
t=  6.50 max|qacc|=     116.3 max|qvel|=   2.87 ncon=  6 com_z=0.858 com_x=-0.150
t=  7.00 max|qacc|=     331.7 max|qvel|=   1.88 ncon=  3 com_z=0.881 com_x=-0.146
t=  7.50 max|qacc|=      43.7 max|qvel|=   5.25 ncon=  3 com_z=0.882 com_x=-0.138
t=  8.00 max|qacc|=       3.5 max|qvel|=   1.85 ncon=  3 com_z=0.911 com_x=-0.165
t=  8.50 max|qacc|=     139.2 max|qvel|=   2.84 ncon=  3 com_z=0.876 com_x=-0.127
t=  9.00 max|qacc|=     281.7 max|qvel|=   1.65 ncon=  3 com_z=0.875 com_x=-0.122
t=  9.50 max|qacc|=      51.3 max|qvel|=   5.08 ncon=  3 com_z=0.886 com_x=-0.117
t= 10.00 max|qacc|=       2.9 max|qvel|=   1.75 ncon=  3 com_z=0.910 com_x=-0.146
t= 10.50 max|qacc|=      71.9 max|qvel|=   3.17 ncon=  3 com_z=0.883 com_x=-0.112
t= 11.00 max|qacc|=      57.7 max|qvel|=   3.77 ncon=  6 com_z=0.871 com_x=-0.111
t= 11.50 max|qacc|=      66.2 max|qvel|=   4.76 ncon=  3 com_z=0.887 com_x=-0.108
t= 12.00 max|qacc|=       3.0 max|qvel|=   1.69 ncon=  3 com_z=0.912 com_x=-0.129
t= 12.50 max|qacc|=      85.7 max|qvel|=   3.33 ncon=  3 com_z=0.884 com_x=-0.103
t= 13.00 max|qacc|=     220.8 max|qvel|=   2.84 ncon=  6 com_z=0.872 com_x=-0.103
t= 13.50 max|qacc|=      85.3 max|qvel|=   4.22 ncon=  3 com_z=0.887 com_x=-0.103
t= 14.00 max|qacc|=       3.4 max|qvel|=   1.71 ncon=  3 com_z=0.912 com_x=-0.123
t= 14.50 max|qacc|=      96.3 max|qvel|=   3.13 ncon=  3 com_z=0.882 com_x=-0.098
t= 15.00 max|qacc|=     261.7 max|qvel|=   1.36 ncon=  6 com_z=0.872 com_x=-0.099
t= 15.50 max|qacc|=      23.7 max|qvel|=   6.61 ncon=  4 com_z=0.891 com_x=-0.105
t= 16.00 max|qacc|=      46.2 max|qvel|=   1.29 ncon=  2 com_z=0.925 com_x=-0.104
t= 16.50 max|qacc|=      49.4 max|qvel|=   0.88 ncon=  2 com_z=0.898 com_x=-0.090
t= 17.00 max|qacc|=     121.6 max|qvel|=   0.48 ncon=  3 com_z=0.908 com_x=-0.098
t= 17.50 max|qacc|=       2.8 max|qvel|=   0.18 ncon=  3 com_z=0.912 com_x=-0.107
t= 18.00 max|qacc|=       2.0 max|qvel|=   0.25 ncon=  3 com_z=0.911 com_x=-0.110
t= 18.50 max|qacc|=      24.3 max|qvel|=   0.65 ncon=  3 com_z=0.911 com_x=-0.108
t= 19.00 max|qacc|=       6.7 max|qvel|=   0.39 ncon=  3 com_z=0.907 com_x=-0.111
t= 19.50 max|qacc|=      69.9 max|qvel|=   0.67 ncon=  5 com_z=0.906 com_x=-0.113
t= 20.00 max|qacc|=      23.5 max|qvel|=   2.15 ncon=  4 com_z=0.907 com_x=-0.118
t= 20.50 max|qacc|=      12.7 max|qvel|=   1.00 ncon=  5 com_z=0.910 com_x=-0.116
t= 21.00 max|qacc|=      23.3 max|qvel|=   1.42 ncon=  3 com_z=0.910 com_x=-0.118
t= 21.50 max|qacc|=      12.1 max|qvel|=   0.96 ncon=  5 com_z=0.909 com_x=-0.120

== summary ==
pelvis/COM height: start 0.94 m, min 0.85 m, final 0.91 m  (stayed up)
COM x: min -0.21 max -0.08 final -0.12 m
COM y: min -0.122 max +0.080 m
RG_F_r bursts during walk window: 5
RG_r: cycles in window 6, period 2.00 s (0.50 Hz), E-duty 0.19
RG_l: cycles in window 6, period 1.99 s (0.50 Hz), E-duty 0.06
peak ctrl: [0.45 1.   0.95 0.87 0.65 0.88 0.73 0.6  0.67 0.41 0.48 1.   1.   0.81
 0.68 0.91 0.8  0.65 0.68 0.38] (('vas_lat_r', 'med_gas_r', 'soleus_r', 'tib_ant_r', 'psoas_r', 'semimem_r', 'glut_max2_r', 'rect_fem_r', 'sar_r', 'grac_r', 'vas_lat_l', 'med_gas_l', 'soleus_l', 'tib_ant_l', 'psoas_l', 'semimem_l', 'glut_max2_l', 'rect_fem_l', 'sar_l', 'grac_l'))
  hip_flexion_r         11.2 ..    61.5 deg
  knee_angle_r         -94.4 ..    10.0 deg
  ankle_angle_r        -69.1 ..     1.1 deg
  hip_adduction_r       -4.5 ..    15.8 deg
  subtalar_angle_r      -2.4 ..    36.6 deg
  hip_flexion_l        -16.6 ..     8.8 deg
  knee_angle_l          -8.2 ..    12.5 deg
  ankle_angle_l        -61.1 ..     9.8 deg
  hip_adduction_l      -15.4 ..    18.7 deg
  subtalar_angle_l      -3.1 ..    14.5 deg
  pelvis_tilt           -1.9 ..    26.3 deg
  pelvis_list           -8.7 ..    18.7 deg
  pelvis_rotation        2.0 ..     6.7 deg
saved spinal_run.npz
saved spinal_run.png
csv: trial=1 run=full22 kine_score=-93.924 duty=0.315 knee_min=-92.18 cadence=0.500 stayed_up=True
full22 capture: trial 1 kine_score -93.924 -> v10_best_trial1.npz
start pose (normal.mot): applied 20 coordinates as given; IMU-metric torso lean -0.0 deg (+ = back)
standing solve: nnls x in [0.00, 0.71], >0.1: 14 muscles
  top: add_long_l=0.71, tib_ant_r=0.61, tib_ant_l=0.46, ext_dig_r=0.38, glut_min1_l=0.34, pect_l=0.33, glut_min2_l=0.31, ext_dig_l=0.25
Fmax range: 5..3396 N | L range sample: [0.229942 0.326094]
csv: trial=2 run=eval kine_score=-71.354 duty=0.099 knee_min=-72.48 cadence=0.545 stayed_up=True
NEW GLOBAL BEST -71.354 (trial 2) - running full 22 s capture
start pose (normal.mot): applied 20 coordinates as given; IMU-metric torso lean -0.0 deg (+ = back)
standing solve: nnls x in [0.00, 0.71], >0.1: 14 muscles
  top: add_long_l=0.71, tib_ant_r=0.61, tib_ant_l=0.46, ext_dig_r=0.38, glut_min1_l=0.34, pect_l=0.33, glut_min2_l=0.31, ext_dig_l=0.25
Fmax range: 5..3396 N | L range sample: [0.229942 0.326094]
t=  1.00 max|qacc|=      31.9 max|qvel|=   0.81 ncon=  6 com_z=0.922 com_x=-0.155
t=  1.50 max|qacc|=     148.9 max|qvel|=   0.95 ncon=  5 com_z=0.917 com_x=-0.148
t=  2.00 max|qacc|=      86.1 max|qvel|=   0.95 ncon=  5 com_z=0.914 com_x=-0.144
t=  2.50 max|qacc|=     132.4 max|qvel|=   1.24 ncon=  5 com_z=0.918 com_x=-0.142
t=  3.00 max|qacc|=     215.7 max|qvel|=   1.89 ncon=  5 com_z=0.920 com_x=-0.144
t=  3.50 max|qacc|=      78.2 max|qvel|=   0.99 ncon=  5 com_z=0.922 com_x=-0.149
t=  4.00 max|qacc|=      67.5 max|qvel|=   0.92 ncon=  5 com_z=0.922 com_x=-0.152
t=  4.50 max|qacc|=      96.5 max|qvel|=   6.26 ncon=  5 com_z=0.914 com_x=-0.147
t=  4.57 precursor: max|qacc|=1.6e+03 max|qvel|=32.9 (dof 14), ncon=3, max ctrl=0.74
t=  4.58 precursor: max|qacc|=844 max|qvel|=34.4 (dof 14), ncon=3, max ctrl=0.74
t=  4.58 precursor: max|qacc|=126 max|qvel|=34.7 (dof 14), ncon=3, max ctrl=0.74
t=  4.58 precursor: max|qacc|=531 max|qvel|=33.7 (dof 14), ncon=3, max ctrl=0.74
t=  4.58 precursor: max|qacc|=1.1e+03 max|qvel|=31.8 (dof 14), ncon=3, max ctrl=0.74
t=  5.00 max|qacc|=      75.2 max|qvel|=   1.13 ncon=  3 com_z=0.920 com_x=-0.110
t=  5.50 max|qacc|=      69.7 max|qvel|=   1.29 ncon=  3 com_z=0.913 com_x=-0.124
t=  6.00 max|qacc|=      54.2 max|qvel|=   1.64 ncon=  2 com_z=0.925 com_x=-0.105
t=  6.14 precursor: max|qacc|=2.45e+03 max|qvel|=30.9 (dof 14), ncon=1, max ctrl=0.74
t=  6.14 precursor: max|qacc|=1.64e+03 max|qvel|=33.9 (dof 14), ncon=1, max ctrl=0.74
t=  6.14 precursor: max|qacc|=844 max|qvel|=35.4 (dof 14), ncon=1, max ctrl=0.74
t=  6.14 precursor: max|qacc|=172 max|qvel|=35.7 (dof 14), ncon=1, max ctrl=0.74
t=  6.15 precursor: max|qacc|=591 max|qvel|=34.6 (dof 14), ncon=1, max ctrl=0.74
t=  6.15 precursor: max|qacc|=1.18e+03 max|qvel|=32.6 (dof 14), ncon=1, max ctrl=0.74
t=  6.50 max|qacc|=     323.9 max|qvel|=   0.50 ncon=  2 com_z=0.913 com_x=-0.088
t=  7.00 max|qacc|=      46.6 max|qvel|=   6.50 ncon=  4 com_z=0.914 com_x=-0.087
t=  7.50 max|qacc|=     182.9 max|qvel|=   1.58 ncon=  2 com_z=0.926 com_x=-0.084
t=  7.83 precursor: max|qacc|=3.14e+03 max|qvel|=34 (dof 14), ncon=1, max ctrl=0.75
t=  7.83 precursor: max|qacc|=2.22e+03 max|qvel|=38 (dof 14), ncon=1, max ctrl=0.75
t=  7.83 precursor: max|qacc|=1.3e+03 max|qvel|=40.4 (dof 14), ncon=1, max ctrl=0.75
t=  7.84 precursor: max|qacc|=407 max|qvel|=41.2 (dof 14), ncon=1, max ctrl=0.75
t=  7.84 precursor: max|qacc|=415 max|qvel|=40.5 (dof 14), ncon=1, max ctrl=0.74
t=  7.84 precursor: max|qacc|=1.14e+03 max|qvel|=38.5 (dof 14), ncon=1, max ctrl=0.74
t=  7.84 precursor: max|qacc|=1.75e+03 max|qvel|=35.4 (dof 14), ncon=1, max ctrl=0.74
t=  7.84 precursor: max|qacc|=2.24e+03 max|qvel|=31.5 (dof 14), ncon=1, max ctrl=0.74
t=  8.00 max|qacc|=      52.7 max|qvel|=   1.03 ncon=  1 com_z=0.916 com_x=-0.061
t=  8.50 max|qacc|=      68.1 max|qvel|=   0.77 ncon=  2 com_z=0.918 com_x=-0.061
t=  9.00 max|qacc|=     283.8 max|qvel|=   1.53 ncon=  2 com_z=0.923 com_x=-0.069
t=  9.50 precursor: max|qacc|=2.69e+03 max|qvel|=32.9 (dof 14), ncon=1, max ctrl=0.73
t=  9.50 max|qacc|=    2685.7 max|qvel|=  32.88 ncon=  1 com_z=0.923 com_x=-0.051
t=  9.50 precursor: max|qacc|=1.82e+03 max|qvel|=36.2 (dof 14), ncon=1, max ctrl=0.74
t=  9.50 precursor: max|qacc|=959 max|qvel|=38 (dof 14), ncon=1, max ctrl=0.74
t=  9.51 precursor: max|qacc|=627 max|qvel|=38.3 (dof 14), ncon=1, max ctrl=0.74
t=  9.51 precursor: max|qacc|=597 max|qvel|=37.3 (dof 14), ncon=1, max ctrl=0.74
t=  9.51 precursor: max|qacc|=1.24e+03 max|qvel|=35.1 (dof 14), ncon=1, max ctrl=0.75
t=  9.51 precursor: max|qacc|=1.77e+03 max|qvel|=32 (dof 14), ncon=1, max ctrl=0.75
t= 10.00 max|qacc|=      41.9 max|qvel|=   0.55 ncon=  2 com_z=0.920 com_x=-0.053
t= 10.50 max|qacc|=      38.1 max|qvel|=   1.67 ncon=  2 com_z=0.912 com_x=-0.072
t= 11.00 max|qacc|=      37.6 max|qvel|=   0.60 ncon=  2 com_z=0.931 com_x=-0.056
t= 11.19 precursor: max|qacc|=3.01e+03 max|qvel|=34.5 (dof 14), ncon=1, max ctrl=0.72
t= 11.19 precursor: max|qacc|=2.09e+03 max|qvel|=38.3 (dof 14), ncon=1, max ctrl=0.73
t= 11.19 precursor: max|qacc|=1.16e+03 max|qvel|=40.4 (dof 14), ncon=1, max ctrl=0.73
t= 11.20 precursor: max|qacc|=321 max|qvel|=41 (dof 14), ncon=1, max ctrl=0.73
t= 11.20 precursor: max|qacc|=528 max|qvel|=40.1 (dof 14), ncon=1, max ctrl=0.74
t= 11.20 precursor: max|qacc|=1.24e+03 max|qvel|=37.9 (dof 14), ncon=1, max ctrl=0.74
t= 11.20 precursor: max|qacc|=1.83e+03 max|qvel|=34.7 (dof 14), ncon=1, max ctrl=0.74
t= 11.20 precursor: max|qacc|=2.29e+03 max|qvel|=30.7 (dof 14), ncon=1, max ctrl=0.74
t= 11.50 max|qacc|=     135.9 max|qvel|=   0.45 ncon=  2 com_z=0.915 com_x=-0.045
t= 12.00 max|qacc|=      23.1 max|qvel|=   7.92 ncon=  4 com_z=0.918 com_x=-0.054
t= 12.50 max|qacc|=      39.5 max|qvel|=   1.26 ncon=  2 com_z=0.926 com_x=-0.058
t= 12.87 precursor: max|qacc|=2.86e+03 max|qvel|=33.2 (dof 14), ncon=1, max ctrl=0.75
t= 12.87 precursor: max|qacc|=1.97e+03 max|qvel|=36.8 (dof 14), ncon=1, max ctrl=0.75
t= 12.87 precursor: max|qacc|=1.09e+03 max|qvel|=38.8 (dof 14), ncon=1, max ctrl=0.75
t= 12.87 precursor: max|qacc|=243 max|qvel|=39.3 (dof 14), ncon=1, max ctrl=0.75
t= 12.87 precursor: max|qacc|=619 max|qvel|=38.4 (dof 14), ncon=1, max ctrl=0.75
t= 12.88 precursor: max|qacc|=1.2e+03 max|qvel|=36.3 (dof 14), ncon=1, max ctrl=0.75
t= 12.88 precursor: max|qacc|=1.77e+03 max|qvel|=33.2 (dof 14), ncon=1, max ctrl=0.75
t= 13.00 max|qacc|=     225.9 max|qvel|=   1.42 ncon=  1 com_z=0.910 com_x=-0.050
t= 13.50 max|qacc|=     185.3 max|qvel|=   0.88 ncon=  2 com_z=0.920 com_x=-0.053
t= 14.00 max|qacc|=      16.6 max|qvel|=   1.51 ncon=  2 com_z=0.917 com_x=-0.069
t= 14.50 max|qacc|=     104.9 max|qvel|=   6.79 ncon=  2 com_z=0.924 com_x=-0.051
t= 14.55 precursor: max|qacc|=2.84e+03 max|qvel|=34 (dof 14), ncon=1, max ctrl=0.67
t= 14.55 precursor: max|qacc|=1.93e+03 max|qvel|=37.6 (dof 14), ncon=1, max ctrl=0.68
t= 14.56 precursor: max|qacc|=1.03e+03 max|qvel|=39.5 (dof 14), ncon=1, max ctrl=0.69
t= 14.56 precursor: max|qacc|=640 max|qvel|=39.8 (dof 14), ncon=1, max ctrl=0.70
t= 14.56 precursor: max|qacc|=598 max|qvel|=38.8 (dof 14), ncon=1, max ctrl=0.71
t= 14.56 precursor: max|qacc|=1.28e+03 max|qvel|=36.6 (dof 14), ncon=1, max ctrl=0.71
t= 14.56 precursor: max|qacc|=1.84e+03 max|qvel|=33.4 (dof 14), ncon=1, max ctrl=0.72
t= 15.00 max|qacc|=     246.4 max|qvel|=   0.61 ncon=  2 com_z=0.919 com_x=-0.046
t= 15.50 max|qacc|=      34.3 max|qvel|=   2.71 ncon=  2 com_z=0.915 com_x=-0.065
t= 16.00 max|qacc|=      33.8 max|qvel|=   0.64 ncon=  2 com_z=0.928 com_x=-0.060
t= 16.50 max|qacc|=      14.5 max|qvel|=   3.60 ncon=  3 com_z=0.910 com_x=-0.059
t= 17.00 max|qacc|=      27.2 max|qvel|=   0.84 ncon=  2 com_z=0.915 com_x=-0.074
t= 17.50 max|qacc|=     108.3 max|qvel|=   0.29 ncon=  2 com_z=0.917 com_x=-0.078
t= 18.00 max|qacc|=     141.6 max|qvel|=   0.30 ncon=  5 com_z=0.915 com_x=-0.087
t= 18.50 max|qacc|=      66.9 max|qvel|=   1.14 ncon=  5 com_z=0.917 com_x=-0.093
t= 19.00 max|qacc|=      90.5 max|qvel|=   0.52 ncon=  5 com_z=0.916 com_x=-0.097
t= 19.50 max|qacc|=      33.5 max|qvel|=   0.87 ncon=  4 com_z=0.918 com_x=-0.099
t= 20.00 max|qacc|=      21.2 max|qvel|=   1.51 ncon=  5 com_z=0.915 com_x=-0.100
t= 20.50 max|qacc|=      24.8 max|qvel|=   1.48 ncon=  5 com_z=0.914 com_x=-0.099
t= 21.00 max|qacc|=      45.4 max|qvel|=   1.22 ncon=  5 com_z=0.916 com_x=-0.103
t= 21.50 max|qacc|=       8.5 max|qvel|=   1.41 ncon=  5 com_z=0.916 com_x=-0.110

== summary ==
pelvis/COM height: start 0.94 m, min 0.91 m, final 0.92 m  (stayed up)
COM x: min -0.15 max -0.04 final -0.11 m
COM y: min -0.065 max +0.036 m
RG_F_r bursts during walk window: 7
RG_r: cycles in window 7, period 1.68 s (0.60 Hz), E-duty 0.10
RG_l: cycles in window 7, period 1.68 s (0.60 Hz), E-duty 0.05
peak ctrl: [0.35 0.6  0.62 0.62 0.39 0.25 0.41 0.35 0.41 0.11 0.3  0.59 0.6  0.57
 0.39 0.29 0.43 0.32 0.42 0.1 ] (('vas_lat_r', 'med_gas_r', 'soleus_r', 'tib_ant_r', 'psoas_r', 'semimem_r', 'glut_max2_r', 'rect_fem_r', 'sar_r', 'grac_r', 'vas_lat_l', 'med_gas_l', 'soleus_l', 'tib_ant_l', 'psoas_l', 'semimem_l', 'glut_max2_l', 'rect_fem_l', 'sar_l', 'grac_l'))
  hip_flexion_r        -13.5 ..    49.6 deg
  knee_angle_r         -77.7 ..    10.8 deg
  ankle_angle_r        -73.4 ..    -1.6 deg
  hip_adduction_r        1.1 ..    14.9 deg
  subtalar_angle_r      -1.7 ..    30.9 deg
  hip_flexion_l        -36.1 ..     0.1 deg
  knee_angle_l         -27.7 ..    12.0 deg
  ankle_angle_l        -63.6 ..     9.8 deg
  hip_adduction_l       -5.8 ..    17.0 deg
  subtalar_angle_l      -4.1 ..    13.7 deg
  pelvis_tilt           -2.7 ..    14.6 deg
  pelvis_list           -5.6 ..     9.2 deg
  pelvis_rotation        1.7 ..     5.0 deg
saved spinal_run.npz
saved spinal_run.png
csv: trial=2 run=full22 kine_score=-72.593 duty=0.157 knee_min=-72.36 cadence=0.600 stayed_up=True
full22 capture: trial 2 kine_score -72.593 -> v10_best_trial2.npz
start pose (normal.mot): applied 20 coordinates as given; IMU-metric torso lean -0.0 deg (+ = back)
standing solve: nnls x in [0.00, 0.71], >0.1: 15 muscles
  top: add_long_l=0.71, tib_ant_r=0.61, tib_ant_l=0.46, ext_dig_r=0.38, glut_min1_l=0.35, pect_l=0.33, glut_min2_l=0.32, ext_dig_l=0.25
Fmax range: 5..3396 N | L range sample: [0.229942 0.326094]
csv: trial=3 run=eval kine_score=-67.760 duty=0.083 knee_min=-70.20 cadence=0.364 stayed_up=True
NEW GLOBAL BEST -67.760 (trial 3) - running full 22 s capture
start pose (normal.mot): applied 20 coordinates as given; IMU-metric torso lean -0.0 deg (+ = back)
standing solve: nnls x in [0.00, 0.71], >0.1: 15 muscles
  top: add_long_l=0.71, tib_ant_r=0.61, tib_ant_l=0.46, ext_dig_r=0.38, glut_min1_l=0.35, pect_l=0.33, glut_min2_l=0.32, ext_dig_l=0.25
Fmax range: 5..3396 N | L range sample: [0.229942 0.326094]
t=  1.00 max|qacc|=     216.5 max|qvel|=   1.97 ncon=  5 com_z=0.920 com_x=-0.160
t=  1.50 max|qacc|=      27.4 max|qvel|=   1.11 ncon=  6 com_z=0.912 com_x=-0.147
t=  2.00 max|qacc|=      98.2 max|qvel|=   1.86 ncon=  5 com_z=0.910 com_x=-0.144
t=  2.50 max|qacc|=      19.2 max|qvel|=   1.01 ncon=  5 com_z=0.917 com_x=-0.145
t=  3.00 max|qacc|=      35.3 max|qvel|=   1.03 ncon=  5 com_z=0.919 com_x=-0.142
t=  3.50 max|qacc|=     141.6 max|qvel|=   0.33 ncon=  5 com_z=0.913 com_x=-0.134
t=  4.00 max|qacc|=       7.7 max|qvel|=   0.34 ncon=  5 com_z=0.913 com_x=-0.144
t=  4.50 max|qacc|=      16.0 max|qvel|=   0.38 ncon=  4 com_z=0.916 com_x=-0.143
t=  5.00 max|qacc|=     172.2 max|qvel|=   2.24 ncon=  4 com_z=0.910 com_x=-0.164
t=  5.50 max|qacc|=      63.3 max|qvel|=   0.87 ncon=  2 com_z=0.908 com_x=-0.144
t=  6.00 max|qacc|=      46.7 max|qvel|=   1.62 ncon=  2 com_z=0.900 com_x=-0.108
t=  6.50 max|qacc|=      20.3 max|qvel|=   1.05 ncon=  3 com_z=0.908 com_x=-0.102
t=  7.00 max|qacc|=      42.7 max|qvel|=   5.10 ncon=  3 com_z=0.893 com_x=-0.109
t=  7.50 max|qacc|=      18.6 max|qvel|=   1.29 ncon=  2 com_z=0.916 com_x=-0.099
t=  8.00 max|qacc|=     145.1 max|qvel|=   4.93 ncon=  4 com_z=0.900 com_x=-0.078
t=  8.50 max|qacc|=      39.9 max|qvel|=   1.16 ncon=  3 com_z=0.913 com_x=-0.070
t=  9.00 max|qacc|=      52.6 max|qvel|=   0.29 ncon=  3 com_z=0.894 com_x=-0.079
t=  9.50 max|qacc|=     114.3 max|qvel|=   1.48 ncon=  3 com_z=0.912 com_x=-0.091
t= 10.00 max|qacc|=       5.6 max|qvel|=   1.21 ncon=  2 com_z=0.899 com_x=-0.074
t= 10.44 precursor: max|qacc|=219 max|qvel|=30.4 (dof 14), ncon=2, max ctrl=0.75
t= 10.50 max|qacc|=    1383.6 max|qvel|=   5.76 ncon=  1 com_z=0.895 com_x=-0.071
t= 11.00 max|qacc|=      11.6 max|qvel|=   1.05 ncon=  3 com_z=0.912 com_x=-0.065
t= 11.50 max|qacc|=      87.9 max|qvel|=   7.31 ncon=  4 com_z=0.893 com_x=-0.071
t= 12.00 max|qacc|=      98.9 max|qvel|=   1.29 ncon=  2 com_z=0.918 com_x=-0.084
t= 12.50 max|qacc|=      20.6 max|qvel|=   0.77 ncon=  2 com_z=0.893 com_x=-0.061
t= 12.75 precursor: max|qacc|=1.4e+03 max|qvel|=30 (dof 14), ncon=2, max ctrl=0.66
t= 12.75 precursor: max|qacc|=745 max|qvel|=31.5 (dof 14), ncon=2, max ctrl=0.66
t= 12.75 precursor: max|qacc|=182 max|qvel|=31.8 (dof 14), ncon=2, max ctrl=0.66
t= 12.76 precursor: max|qacc|=477 max|qvel|=31 (dof 14), ncon=2, max ctrl=0.65
t= 13.00 max|qacc|=     309.2 max|qvel|=   2.81 ncon=  5 com_z=0.908 com_x=-0.055
t= 13.50 max|qacc|=      58.3 max|qvel|=   0.51 ncon=  2 com_z=0.901 com_x=-0.064
t= 14.00 max|qacc|=      30.9 max|qvel|=   3.11 ncon=  3 com_z=0.899 com_x=-0.085
t= 14.50 max|qacc|=      27.5 max|qvel|=   1.10 ncon=  2 com_z=0.908 com_x=-0.072
t= 15.00 max|qacc|=     134.5 max|qvel|=   6.69 ncon=  2 com_z=0.894 com_x=-0.060
t= 15.07 precursor: max|qacc|=721 max|qvel|=30.4 (dof 14), ncon=3, max ctrl=0.75
t= 15.07 precursor: max|qacc|=173 max|qvel|=30.7 (dof 14), ncon=3, max ctrl=0.75
t= 15.50 max|qacc|=      69.3 max|qvel|=   1.20 ncon=  3 com_z=0.912 com_x=-0.064
t= 16.00 max|qacc|=      25.5 max|qvel|=   2.43 ncon=  3 com_z=0.904 com_x=-0.074
t= 16.50 max|qacc|=      15.1 max|qvel|=   1.80 ncon=  2 com_z=0.923 com_x=-0.085
t= 17.00 max|qacc|=       5.3 max|qvel|=   0.33 ncon=  4 com_z=0.908 com_x=-0.085
t= 17.50 max|qacc|=      28.2 max|qvel|=   0.52 ncon=  4 com_z=0.908 com_x=-0.086
t= 18.00 max|qacc|=      32.3 max|qvel|=   0.37 ncon=  5 com_z=0.910 com_x=-0.094
t= 18.50 max|qacc|=      21.2 max|qvel|=   0.87 ncon=  5 com_z=0.916 com_x=-0.098
t= 19.00 max|qacc|=     418.1 max|qvel|=   1.06 ncon=  3 com_z=0.917 com_x=-0.101
t= 19.50 max|qacc|=      16.2 max|qvel|=   1.12 ncon=  5 com_z=0.912 com_x=-0.102
t= 20.00 max|qacc|=      50.2 max|qvel|=   0.50 ncon=  4 com_z=0.909 com_x=-0.102
t= 20.50 max|qacc|=       6.6 max|qvel|=   1.12 ncon=  5 com_z=0.912 com_x=-0.107
t= 21.00 max|qacc|=      29.4 max|qvel|=   0.65 ncon=  5 com_z=0.913 com_x=-0.110
t= 21.50 max|qacc|=      33.7 max|qvel|=   1.12 ncon=  5 com_z=0.913 com_x=-0.107

== summary ==
pelvis/COM height: start 0.94 m, min 0.89 m, final 0.91 m  (stayed up)
COM x: min -0.17 max -0.05 final -0.11 m
COM y: min -0.100 max +0.090 m
RG_F_r bursts during walk window: 5
RG_r: cycles in window 5, period 2.25 s (0.44 Hz), E-duty 0.09
RG_l: cycles in window 5, period 2.25 s (0.45 Hz), E-duty 0.04
peak ctrl: [0.39 0.67 0.65 0.68 0.43 0.46 0.47 0.44 0.45 0.19 0.34 0.65 0.64 0.63
 0.43 0.47 0.43 0.36 0.45 0.16] (('vas_lat_r', 'med_gas_r', 'soleus_r', 'tib_ant_r', 'psoas_r', 'semimem_r', 'glut_max2_r', 'rect_fem_r', 'sar_r', 'grac_r', 'vas_lat_l', 'med_gas_l', 'soleus_l', 'tib_ant_l', 'psoas_l', 'semimem_l', 'glut_max2_l', 'rect_fem_l', 'sar_l', 'grac_l'))
  hip_flexion_r         -4.5 ..    52.3 deg
  knee_angle_r         -71.9 ..    10.7 deg
  ankle_angle_r        -67.5 ..    -0.8 deg
  hip_adduction_r       -3.4 ..    13.3 deg
  subtalar_angle_r       0.0 ..    30.7 deg
  hip_flexion_l        -32.8 ..     1.6 deg
  knee_angle_l         -32.2 ..    12.4 deg
  ankle_angle_l        -59.1 ..     9.8 deg
  hip_adduction_l       -6.9 ..    20.3 deg
  subtalar_angle_l      -8.0 ..    14.2 deg
  pelvis_tilt           -2.3 ..    16.0 deg
  pelvis_list          -10.6 ..    13.3 deg
  pelvis_rotation        1.1 ..     5.1 deg
saved spinal_run.npz
saved spinal_run.png
csv: trial=3 run=full22 kine_score=-68.424 duty=0.156 knee_min=-69.42 cadence=0.400 stayed_up=True
full22 capture: trial 3 kine_score -68.424 -> v10_best_trial3.npz
start pose (normal.mot): applied 20 coordinates as given; IMU-metric torso lean -0.0 deg (+ = back)
standing solve: nnls x in [0.00, 0.71], >0.1: 14 muscles
  top: add_long_l=0.71, tib_ant_r=0.61, tib_ant_l=0.46, ext_dig_r=0.38, glut_min1_l=0.34, pect_l=0.33, glut_min2_l=0.31, ext_dig_l=0.25
Fmax range: 5..3396 N | L range sample: [0.229942 0.326094]
csv: trial=4 run=eval kine_score=-25.000 duty=nan knee_min=nan cadence=0.000 stayed_up=True
start pose (normal.mot): applied 20 coordinates as given; IMU-metric torso lean -0.0 deg (+ = back)
standing solve: nnls x in [0.00, 0.73], >0.1: 16 muscles
  top: add_long_l=0.73, tib_ant_r=0.61, tib_ant_l=0.47, ext_dig_r=0.39, glut_min1_l=0.38, glut_min2_l=0.36, pect_l=0.35, ext_dig_l=0.27
Fmax range: 5..3396 N | L range sample: [0.229942 0.326094]
csv: trial=5 run=eval kine_score=-25.000 duty=nan knee_min=nan cadence=0.000 stayed_up=True
start pose (normal.mot): applied 20 coordinates as given; IMU-metric torso lean -0.0 deg (+ = back)
standing solve: nnls x in [0.00, 0.71], >0.1: 15 muscles
  top: add_long_l=0.71, tib_ant_r=0.61, tib_ant_l=0.46, ext_dig_r=0.38, glut_min1_l=0.35, pect_l=0.33, glut_min2_l=0.33, ext_dig_l=0.25
Fmax range: 5..3396 N | L range sample: [0.229942 0.326094]
csv: trial=6 run=eval kine_score=-90.457 duty=0.253 knee_min=-62.14 cadence=1.091 stayed_up=True
start pose (normal.mot): applied 20 coordinates as given; IMU-metric torso lean -0.0 deg (+ = back)
standing solve: nnls x in [0.00, 0.70], >0.1: 14 muscles
  top: add_long_l=0.70, tib_ant_r=0.61, tib_ant_l=0.46, ext_dig_r=0.37, glut_min1_l=0.33, pect_l=0.32, glut_min2_l=0.31, ext_dig_l=0.25
Fmax range: 5..3396 N | L range sample: [0.229942 0.326094]
csv: trial=7 run=eval kine_score=-101.329 duty=0.091 knee_min=-74.15 cadence=0.636 stayed_up=True
start pose (normal.mot): applied 20 coordinates as given; IMU-metric torso lean -0.0 deg (+ = back)
standing solve: nnls x in [0.00, 0.71], >0.1: 14 muscles
  top: add_long_l=0.71, tib_ant_r=0.61, tib_ant_l=0.46, ext_dig_r=0.38, glut_min1_l=0.34, pect_l=0.33, glut_min2_l=0.31, ext_dig_l=0.25
Fmax range: 5..3396 N | L range sample: [0.229942 0.326094]
csv: trial=8 run=eval kine_score=-77.055 duty=0.248 knee_min=-54.71 cadence=0.364 stayed_up=True
start pose (normal.mot): applied 20 coordinates as given; IMU-metric torso lean -0.0 deg (+ = back)
standing solve: nnls x in [0.00, 0.71], >0.1: 14 muscles
  top: add_long_l=0.71, tib_ant_r=0.61, tib_ant_l=0.46, ext_dig_r=0.38, glut_min1_l=0.34, pect_l=0.33, glut_min2_l=0.31, ext_dig_l=0.25
Fmax range: 5..3396 N | L range sample: [0.229942 0.326094]
csv: trial=9 run=eval kine_score=-82.929 duty=0.331 knee_min=-69.91 cadence=0.818 stayed_up=True
start pose (normal.mot): applied 20 coordinates as given; IMU-metric torso lean -0.0 deg (+ = back)
standing solve: nnls x in [0.00, 0.76], >0.1: 25 muscles
  top: add_long_l=0.76, tib_ant_r=0.62, tib_ant_l=0.47, glut_min1_l=0.42, glut_min2_l=0.40, ext_dig_r=0.40, pect_l=0.36, ext_dig_l=0.28
Fmax range: 5..3396 N | L range sample: [0.229942 0.326094]
csv: trial=10 run=eval kine_score=-81.581 duty=0.187 knee_min=-62.50 cadence=0.727 stayed_up=True
start pose (normal.mot): applied 20 coordinates as given; IMU-metric torso lean -0.0 deg (+ = back)
standing solve: nnls x in [0.00, 0.71], >0.1: 14 muscles
  top: add_long_l=0.71, tib_ant_r=0.61, tib_ant_l=0.46, ext_dig_r=0.38, glut_min1_l=0.34, pect_l=0.33, glut_min2_l=0.31, ext_dig_l=0.25
Fmax range: 5..3396 N | L range sample: [0.229942 0.326094]
csv: trial=11 run=eval kine_score=-80.902 duty=0.097 knee_min=-70.02 cadence=0.545 stayed_up=True
start pose (normal.mot): applied 20 coordinates as given; IMU-metric torso lean -0.0 deg (+ = back)
standing solve: nnls x in [0.00, 0.71], >0.1: 14 muscles
  top: add_long_l=0.71, tib_ant_r=0.61, tib_ant_l=0.46, ext_dig_r=0.38, glut_min1_l=0.34, pect_l=0.33, glut_min2_l=0.32, ext_dig_l=0.25
Fmax range: 5..3396 N | L range sample: [0.229942 0.326094]
csv: trial=12 run=eval kine_score=-78.634 duty=0.090 knee_min=-81.18 cadence=0.455 stayed_up=True
start pose (normal.mot): applied 20 coordinates as given; IMU-metric torso lean -0.0 deg (+ = back)
standing solve: nnls x in [0.00, 0.71], >0.1: 14 muscles
  top: add_long_l=0.71, tib_ant_r=0.61, tib_ant_l=0.46, ext_dig_r=0.38, glut_min1_l=0.34, pect_l=0.33, glut_min2_l=0.31, ext_dig_l=0.25
Fmax range: 5..3396 N | L range sample: [0.229942 0.326094]
csv: trial=13 run=eval kine_score=-71.883 duty=0.087 knee_min=-72.04 cadence=0.455 stayed_up=True
start pose (normal.mot): applied 20 coordinates as given; IMU-metric torso lean -0.0 deg (+ = back)
standing solve: nnls x in [0.00, 0.72], >0.1: 16 muscles
  top: add_long_l=0.72, tib_ant_r=0.61, tib_ant_l=0.46, ext_dig_r=0.38, glut_min1_l=0.36, glut_min2_l=0.34, pect_l=0.34, ext_dig_l=0.26
Fmax range: 5..3396 N | L range sample: [0.229942 0.326094]
csv: trial=14 run=eval kine_score=-70.420 duty=0.085 knee_min=-88.41 cadence=0.455 stayed_up=True
start pose (normal.mot): applied 20 coordinates as given; IMU-metric torso lean -0.0 deg (+ = back)
standing solve: nnls x in [0.00, 0.72], >0.1: 16 muscles
  top: add_long_l=0.72, tib_ant_r=0.61, tib_ant_l=0.46, ext_dig_r=0.38, glut_min1_l=0.36, glut_min2_l=0.34, pect_l=0.34, ext_dig_l=0.26
Fmax range: 5..3396 N | L range sample: [0.229942 0.326094]
csv: trial=15 run=eval kine_score=-79.552 duty=0.181 knee_min=-58.37 cadence=0.727 stayed_up=True
start pose (normal.mot): applied 20 coordinates as given; IMU-metric torso lean -0.0 deg (+ = back)
standing solve: nnls x in [0.00, 0.70], >0.1: 14 muscles
  top: add_long_l=0.70, tib_ant_r=0.61, tib_ant_l=0.46, ext_dig_r=0.37, glut_min1_l=0.33, pect_l=0.32, glut_min2_l=0.31, ext_dig_l=0.25
Fmax range: 5..3396 N | L range sample: [0.229942 0.326094]
csv: trial=16 run=eval kine_score=-71.356 duty=0.088 knee_min=-73.60 cadence=0.455 stayed_up=True
start pose (normal.mot): applied 20 coordinates as given; IMU-metric torso lean -0.0 deg (+ = back)
standing solve: nnls x in [0.00, 0.73], >0.1: 15 muscles
  top: add_long_l=0.73, tib_ant_r=0.61, tib_ant_l=0.46, ext_dig_r=0.39, glut_min1_l=0.37, glut_min2_l=0.35, pect_l=0.34, ext_dig_l=0.26
Fmax range: 5..3396 N | L range sample: [0.229942 0.326094]
csv: trial=17 run=eval kine_score=-72.055 duty=0.091 knee_min=-84.53 cadence=0.636 stayed_up=True
start pose (normal.mot): applied 20 coordinates as given; IMU-metric torso lean -0.0 deg (+ = back)
standing solve: nnls x in [0.00, 0.73], >0.1: 15 muscles
  top: add_long_l=0.73, tib_ant_r=0.61, tib_ant_l=0.46, ext_dig_r=0.39, glut_min1_l=0.38, glut_min2_l=0.35, pect_l=0.34, ext_dig_l=0.26
Fmax range: 5..3396 N | L range sample: [0.229942 0.326094]
csv: trial=18 run=eval kine_score=-25.000 duty=nan knee_min=nan cadence=0.000 stayed_up=True
start pose (normal.mot): applied 20 coordinates as given; IMU-metric torso lean -0.0 deg (+ = back)
standing solve: nnls x in [0.00, 0.71], >0.1: 14 muscles
  top: add_long_l=0.71, tib_ant_r=0.61, tib_ant_l=0.46, ext_dig_r=0.38, glut_min1_l=0.35, pect_l=0.33, glut_min2_l=0.32, ext_dig_l=0.25
Fmax range: 5..3396 N | L range sample: [0.229942 0.326094]
csv: trial=19 run=eval kine_score=-76.512 duty=0.090 knee_min=-75.32 cadence=0.545 stayed_up=True
start pose (normal.mot): applied 20 coordinates as given; IMU-metric torso lean -0.0 deg (+ = back)
standing solve: nnls x in [0.00, 0.73], >0.1: 15 muscles
  top: add_long_l=0.73, tib_ant_r=0.61, tib_ant_l=0.46, ext_dig_r=0.39, glut_min1_l=0.37, glut_min2_l=0.35, pect_l=0.34, ext_dig_l=0.26
Fmax range: 5..3396 N | L range sample: [0.229942 0.326094]
csv: trial=20 run=eval kine_score=-84.003 duty=0.080 knee_min=-92.53 cadence=0.364 stayed_up=True
start pose (normal.mot): applied 20 coordinates as given; IMU-metric torso lean -0.0 deg (+ = back)
standing solve: nnls x in [0.00, 0.71], >0.1: 14 muscles
  top: add_long_l=0.71, tib_ant_r=0.61, tib_ant_l=0.46, ext_dig_r=0.38, glut_min1_l=0.34, pect_l=0.33, glut_min2_l=0.31, ext_dig_l=0.25
Fmax range: 5..3396 N | L range sample: [0.229942 0.326094]
csv: trial=21 run=eval kine_score=-80.644 duty=0.100 knee_min=-70.64 cadence=0.636 stayed_up=True
start pose (normal.mot): applied 20 coordinates as given; IMU-metric torso lean -0.0 deg (+ = back)
standing solve: nnls x in [0.00, 0.71], >0.1: 14 muscles
  top: add_long_l=0.71, tib_ant_r=0.61, tib_ant_l=0.46, ext_dig_r=0.38, glut_min1_l=0.34, pect_l=0.33, glut_min2_l=0.32, ext_dig_l=0.25
Fmax range: 5..3396 N | L range sample: [0.229942 0.326094]
csv: trial=22 run=eval kine_score=-82.552 duty=0.095 knee_min=-65.44 cadence=0.455 stayed_up=True
start pose (normal.mot): applied 20 coordinates as given; IMU-metric torso lean -0.0 deg (+ = back)
standing solve: nnls x in [0.00, 0.71], >0.1: 15 muscles
  top: add_long_l=0.71, tib_ant_r=0.61, tib_ant_l=0.46, ext_dig_r=0.38, glut_min1_l=0.35, pect_l=0.33, glut_min2_l=0.32, ext_dig_l=0.25
Fmax range: 5..3396 N | L range sample: [0.229942 0.326094]
csv: trial=23 run=eval kine_score=-86.720 duty=0.190 knee_min=-47.96 cadence=0.636 stayed_up=True
start pose (normal.mot): applied 20 coordinates as given; IMU-metric torso lean -0.0 deg (+ = back)
standing solve: nnls x in [0.00, 0.71], >0.1: 15 muscles
  top: add_long_l=0.71, tib_ant_r=0.61, tib_ant_l=0.46, ext_dig_r=0.38, glut_min1_l=0.35, pect_l=0.33, glut_min2_l=0.33, ext_dig_l=0.25
Fmax range: 5..3396 N | L range sample: [0.229942 0.326094]
csv: trial=24 run=eval kine_score=-98.161 duty=0.092 knee_min=-85.73 cadence=0.364 stayed_up=True
start pose (normal.mot): applied 20 coordinates as given; IMU-metric torso lean -0.0 deg (+ = back)
standing solve: nnls x in [0.00, 0.70], >0.1: 14 muscles
  top: add_long_l=0.70, tib_ant_r=0.61, tib_ant_l=0.46, ext_dig_r=0.38, glut_min1_l=0.33, pect_l=0.33, glut_min2_l=0.31, ext_dig_l=0.25
Fmax range: 5..3396 N | L range sample: [0.229942 0.326094]
csv: trial=25 run=eval kine_score=-69.644 duty=0.091 knee_min=-75.88 cadence=0.455 stayed_up=True
start pose (normal.mot): applied 20 coordinates as given; IMU-metric torso lean -0.0 deg (+ = back)
standing solve: nnls x in [0.00, 0.71], >0.1: 14 muscles
  top: add_long_l=0.71, tib_ant_r=0.61, tib_ant_l=0.46, ext_dig_r=0.38, glut_min1_l=0.34, pect_l=0.33, glut_min2_l=0.32, ext_dig_l=0.25
Fmax range: 5..3396 N | L range sample: [0.229942 0.326094]
csv: trial=26 run=eval kine_score=-78.458 duty=0.090 knee_min=-55.92 cadence=0.364 stayed_up=True
start pose (normal.mot): applied 20 coordinates as given; IMU-metric torso lean -0.0 deg (+ = back)
standing solve: nnls x in [0.00, 0.71], >0.1: 14 muscles
  top: add_long_l=0.71, tib_ant_r=0.61, tib_ant_l=0.46, ext_dig_r=0.38, glut_min1_l=0.34, pect_l=0.33, glut_min2_l=0.31, ext_dig_l=0.25
Fmax range: 5..3396 N | L range sample: [0.229942 0.326094]
csv: trial=27 run=eval kine_score=-25.000 duty=nan knee_min=nan cadence=0.000 stayed_up=True
start pose (normal.mot): applied 20 coordinates as given; IMU-metric torso lean -0.0 deg (+ = back)
standing solve: nnls x in [0.00, 0.71], >0.1: 14 muscles
  top: add_long_l=0.71, tib_ant_r=0.61, tib_ant_l=0.46, ext_dig_r=0.38, glut_min1_l=0.34, pect_l=0.33, glut_min2_l=0.31, ext_dig_l=0.25
Fmax range: 5..3396 N | L range sample: [0.229942 0.326094]
csv: trial=28 run=eval kine_score=-77.023 duty=0.185 knee_min=-74.45 cadence=0.545 stayed_up=True
start pose (normal.mot): applied 20 coordinates as given; IMU-metric torso lean -0.0 deg (+ = back)
standing solve: nnls x in [0.00, 0.71], >0.1: 14 muscles
  top: add_long_l=0.71, tib_ant_r=0.61, tib_ant_l=0.46, ext_dig_r=0.38, glut_min1_l=0.34, pect_l=0.33, glut_min2_l=0.31, ext_dig_l=0.25
Fmax range: 5..3396 N | L range sample: [0.229942 0.326094]
csv: trial=29 run=eval kine_score=-73.762 duty=0.080 knee_min=-71.98 cadence=0.455 stayed_up=True
start pose (normal.mot): applied 20 coordinates as given; IMU-metric torso lean -0.0 deg (+ = back)
standing solve: nnls x in [0.00, 0.73], >0.1: 15 muscles
  top: add_long_l=0.73, tib_ant_r=0.61, tib_ant_l=0.46, ext_dig_r=0.39, glut_min1_l=0.38, glut_min2_l=0.36, pect_l=0.34, ext_dig_l=0.26
Fmax range: 5..3396 N | L range sample: [0.229942 0.326094]
csv: trial=30 run=eval kine_score=-75.855 duty=0.087 knee_min=-93.42 cadence=0.455 stayed_up=True
start pose (normal.mot): applied 20 coordinates as given; IMU-metric torso lean -0.0 deg (+ = back)
standing solve: nnls x in [0.00, 0.71], >0.1: 14 muscles
  top: add_long_l=0.71, tib_ant_r=0.61, tib_ant_l=0.46, ext_dig_r=0.38, glut_min1_l=0.34, pect_l=0.33, glut_min2_l=0.31, ext_dig_l=0.25
Fmax range: 5..3396 N | L range sample: [0.229942 0.326094]
csv: trial=31 run=eval kine_score=-69.685 duty=0.089 knee_min=-75.27 cadence=0.455 stayed_up=True
start pose (normal.mot): applied 20 coordinates as given; IMU-metric torso lean -0.0 deg (+ = back)
standing solve: nnls x in [0.00, 0.71], >0.1: 14 muscles
  top: add_long_l=0.71, tib_ant_r=0.61, tib_ant_l=0.46, ext_dig_r=0.38, glut_min1_l=0.34, pect_l=0.33, glut_min2_l=0.32, ext_dig_l=0.25
Fmax range: 5..3396 N | L range sample: [0.229942 0.326094]
csv: trial=32 run=eval kine_score=-73.334 duty=0.096 knee_min=-75.73 cadence=0.545 stayed_up=True
start pose (normal.mot): applied 20 coordinates as given; IMU-metric torso lean -0.0 deg (+ = back)
standing solve: nnls x in [0.00, 0.71], >0.1: 14 muscles
  top: add_long_l=0.71, tib_ant_r=0.61, tib_ant_l=0.46, ext_dig_r=0.38, glut_min1_l=0.34, pect_l=0.33, glut_min2_l=0.31, ext_dig_l=0.25
Fmax range: 5..3396 N | L range sample: [0.229942 0.326094]
csv: trial=33 run=eval kine_score=-71.472 duty=0.092 knee_min=-77.84 cadence=0.455 stayed_up=True
start pose (normal.mot): applied 20 coordinates as given; IMU-metric torso lean -0.0 deg (+ = back)
standing solve: nnls x in [0.00, 0.71], >0.1: 14 muscles
  top: add_long_l=0.71, tib_ant_r=0.61, tib_ant_l=0.46, ext_dig_r=0.38, glut_min1_l=0.34, pect_l=0.33, glut_min2_l=0.32, ext_dig_l=0.25
Fmax range: 5..3396 N | L range sample: [0.229942 0.326094]
csv: trial=34 run=eval kine_score=-81.957 duty=0.101 knee_min=-70.69 cadence=0.545 stayed_up=True
start pose (normal.mot): applied 20 coordinates as given; IMU-metric torso lean -0.0 deg (+ = back)
standing solve: nnls x in [0.00, 0.70], >0.1: 14 muscles
  top: add_long_l=0.70, tib_ant_r=0.61, tib_ant_l=0.46, ext_dig_r=0.37, glut_min1_l=0.33, pect_l=0.32, glut_min2_l=0.31, ext_dig_l=0.25
Fmax range: 5..3396 N | L range sample: [0.229942 0.326094]
csv: trial=35 run=eval kine_score=-75.493 duty=0.090 knee_min=-54.87 cadence=0.364 stayed_up=True
start pose (normal.mot): applied 20 coordinates as given; IMU-metric torso lean -0.0 deg (+ = back)
standing solve: nnls x in [0.00, 0.71], >0.1: 14 muscles
  top: add_long_l=0.71, tib_ant_r=0.61, tib_ant_l=0.46, ext_dig_r=0.38, glut_min1_l=0.34, pect_l=0.33, glut_min2_l=0.31, ext_dig_l=0.25
Fmax range: 5..3396 N | L range sample: [0.229942 0.326094]
csv: trial=36 run=eval kine_score=-75.462 duty=0.088 knee_min=-72.27 cadence=0.455 stayed_up=True
start pose (normal.mot): applied 20 coordinates as given; IMU-metric torso lean -0.0 deg (+ = back)
standing solve: nnls x in [0.00, 0.71], >0.1: 14 muscles
  top: add_long_l=0.71, tib_ant_r=0.61, tib_ant_l=0.46, ext_dig_r=0.38, glut_min1_l=0.34, pect_l=0.33, glut_min2_l=0.31, ext_dig_l=0.25
Fmax range: 5..3396 N | L range sample: [0.229942 0.326094]
csv: trial=37 run=eval kine_score=-70.648 duty=0.087 knee_min=-72.23 cadence=0.455 stayed_up=True
start pose (normal.mot): applied 20 coordinates as given; IMU-metric torso lean -0.0 deg (+ = back)
standing solve: nnls x in [0.00, 0.71], >0.1: 14 muscles
  top: add_long_l=0.71, tib_ant_r=0.61, tib_ant_l=0.46, ext_dig_r=0.38, glut_min1_l=0.34, pect_l=0.33, glut_min2_l=0.31, ext_dig_l=0.25
Fmax range: 5..3396 N | L range sample: [0.229942 0.326094]
csv: trial=38 run=eval kine_score=-69.674 duty=0.084 knee_min=-74.99 cadence=0.364 stayed_up=True
start pose (normal.mot): applied 20 coordinates as given; IMU-metric torso lean -0.0 deg (+ = back)
standing solve: nnls x in [0.00, 0.71], >0.1: 14 muscles
  top: add_long_l=0.71, tib_ant_r=0.61, tib_ant_l=0.46, ext_dig_r=0.38, glut_min1_l=0.34, pect_l=0.33, glut_min2_l=0.32, ext_dig_l=0.25
Fmax range: 5..3396 N | L range sample: [0.229942 0.326094]
csv: trial=39 run=eval kine_score=-86.420 duty=0.090 knee_min=-84.68 cadence=0.455 stayed_up=True
start pose (normal.mot): applied 20 coordinates as given; IMU-metric torso lean -0.0 deg (+ = back)
standing solve: nnls x in [0.00, 0.71], >0.1: 15 muscles
  top: add_long_l=0.71, tib_ant_r=0.61, tib_ant_l=0.46, ext_dig_r=0.38, glut_min1_l=0.35, pect_l=0.33, glut_min2_l=0.32, ext_dig_l=0.25
Fmax range: 5..3396 N | L range sample: [0.229942 0.326094]
csv: trial=40 run=eval kine_score=-85.136 duty=0.088 knee_min=-86.03 cadence=0.364 stayed_up=True
start pose (normal.mot): applied 20 coordinates as given; IMU-metric torso lean -0.0 deg (+ = back)
standing solve: nnls x in [0.00, 0.71], >0.1: 14 muscles
  top: add_long_l=0.71, tib_ant_r=0.61, tib_ant_l=0.46, ext_dig_r=0.38, glut_min1_l=0.34, pect_l=0.33, glut_min2_l=0.31, ext_dig_l=0.25
Fmax range: 5..3396 N | L range sample: [0.229942 0.326094]
csv: trial=41 run=eval kine_score=-25.000 duty=nan knee_min=nan cadence=0.000 stayed_up=True
start pose (normal.mot): applied 20 coordinates as given; IMU-metric torso lean -0.0 deg (+ = back)
standing solve: nnls x in [0.00, 0.71], >0.1: 14 muscles
  top: add_long_l=0.71, tib_ant_r=0.61, tib_ant_l=0.46, ext_dig_r=0.38, glut_min1_l=0.34, pect_l=0.33, glut_min2_l=0.31, ext_dig_l=0.25
Fmax range: 5..3396 N | L range sample: [0.229942 0.326094]
csv: trial=42 run=eval kine_score=-77.305 duty=0.090 knee_min=-72.13 cadence=0.455 stayed_up=True
start pose (normal.mot): applied 20 coordinates as given; IMU-metric torso lean -0.0 deg (+ = back)
standing solve: nnls x in [0.00, 0.71], >0.1: 14 muscles
  top: add_long_l=0.71, tib_ant_r=0.61, tib_ant_l=0.46, ext_dig_r=0.38, glut_min1_l=0.34, pect_l=0.33, glut_min2_l=0.31, ext_dig_l=0.25
Fmax range: 5..3396 N | L range sample: [0.229942 0.326094]
csv: trial=43 run=eval kine_score=-70.700 duty=0.097 knee_min=-73.40 cadence=0.545 stayed_up=True
start pose (normal.mot): applied 20 coordinates as given; IMU-metric torso lean -0.0 deg (+ = back)
standing solve: nnls x in [0.00, 0.70], >0.1: 14 muscles
  top: add_long_l=0.70, tib_ant_r=0.61, tib_ant_l=0.46, ext_dig_r=0.37, glut_min1_l=0.33, pect_l=0.32, glut_min2_l=0.31, ext_dig_l=0.25
Fmax range: 5..3396 N | L range sample: [0.229942 0.326094]
csv: trial=44 run=eval kine_score=-75.033 duty=0.201 knee_min=-76.10 cadence=0.182 stayed_up=True
start pose (normal.mot): applied 20 coordinates as given; IMU-metric torso lean -0.0 deg (+ = back)
standing solve: nnls x in [0.00, 0.71], >0.1: 15 muscles
  top: add_long_l=0.71, tib_ant_r=0.61, tib_ant_l=0.46, ext_dig_r=0.38, glut_min1_l=0.35, pect_l=0.33, glut_min2_l=0.32, ext_dig_l=0.25
Fmax range: 5..3396 N | L range sample: [0.229942 0.326094]
csv: trial=45 run=eval kine_score=-68.188 duty=0.083 knee_min=-79.27 cadence=0.545 stayed_up=True
start pose (normal.mot): applied 20 coordinates as given; IMU-metric torso lean -0.0 deg (+ = back)
standing solve: nnls x in [0.00, 0.71], >0.1: 14 muscles
  top: add_long_l=0.71, tib_ant_r=0.61, tib_ant_l=0.46, ext_dig_r=0.38, glut_min1_l=0.34, pect_l=0.33, glut_min2_l=0.31, ext_dig_l=0.25
Fmax range: 5..3396 N | L range sample: [0.229942 0.326094]
csv: trial=46 run=eval kine_score=-66.205 duty=0.092 knee_min=-77.90 cadence=0.455 stayed_up=True
NEW GLOBAL BEST -66.205 (trial 46) - running full 22 s capture
start pose (normal.mot): applied 20 coordinates as given; IMU-metric torso lean -0.0 deg (+ = back)
standing solve: nnls x in [0.00, 0.71], >0.1: 14 muscles
  top: add_long_l=0.71, tib_ant_r=0.61, tib_ant_l=0.46, ext_dig_r=0.38, glut_min1_l=0.34, pect_l=0.33, glut_min2_l=0.31, ext_dig_l=0.25
Fmax range: 5..3396 N | L range sample: [0.229942 0.326094]
t=  1.00 max|qacc|=     115.0 max|qvel|=   0.85 ncon=  6 com_z=0.921 com_x=-0.156
t=  1.50 max|qacc|=      33.9 max|qvel|=   1.22 ncon=  5 com_z=0.915 com_x=-0.148
t=  2.00 max|qacc|=      56.9 max|qvel|=   1.04 ncon=  5 com_z=0.912 com_x=-0.143
t=  2.50 max|qacc|=      47.0 max|qvel|=   2.19 ncon=  5 com_z=0.919 com_x=-0.144
t=  3.00 max|qacc|=     150.8 max|qvel|=   0.62 ncon=  5 com_z=0.920 com_x=-0.145
t=  3.50 max|qacc|=      22.7 max|qvel|=   1.03 ncon=  5 com_z=0.912 com_x=-0.131
t=  4.00 max|qacc|=       2.8 max|qvel|=   0.39 ncon=  5 com_z=0.914 com_x=-0.141
t=  4.50 max|qacc|=     154.3 max|qvel|=   5.57 ncon=  4 com_z=0.915 com_x=-0.143
t=  5.00 max|qacc|=     624.9 max|qvel|=   4.80 ncon=  3 com_z=0.919 com_x=-0.158
t=  5.50 max|qacc|=    2905.4 max|qvel|=  29.43 ncon=  2 com_z=0.891 com_x=-0.137
t=  5.50 precursor: max|qacc|=2.12e+03 max|qvel|=33.3 (dof 14), ncon=2, max ctrl=0.75
t=  5.50 precursor: max|qacc|=1.33e+03 max|qvel|=35.8 (dof 14), ncon=2, max ctrl=0.75
t=  5.51 precursor: max|qacc|=552 max|qvel|=36.9 (dof 14), ncon=2, max ctrl=0.75
t=  5.51 precursor: max|qacc|=199 max|qvel|=36.6 (dof 14), ncon=2, max ctrl=0.75
t=  5.51 precursor: max|qacc|=826 max|qvel|=35.2 (dof 14), ncon=3, max ctrl=0.75
t=  5.51 precursor: max|qacc|=1.39e+03 max|qvel|=32.8 (dof 14), ncon=3, max ctrl=0.75
t=  6.00 max|qacc|=      20.0 max|qvel|=   1.13 ncon=  3 com_z=0.917 com_x=-0.094
t=  6.50 max|qacc|=      36.9 max|qvel|=   3.24 ncon=  4 com_z=0.887 com_x=-0.109
t=  7.00 max|qacc|=     328.5 max|qvel|=   1.28 ncon=  2 com_z=0.920 com_x=-0.098
t=  7.36 precursor: max|qacc|=3.04e+03 max|qvel|=32 (dof 14), ncon=1, max ctrl=0.72
t=  7.36 precursor: max|qacc|=2.22e+03 max|qvel|=36.1 (dof 14), ncon=1, max ctrl=0.72
t=  7.37 precursor: max|qacc|=1.36e+03 max|qvel|=38.6 (dof 14), ncon=1, max ctrl=0.73
t=  7.37 precursor: max|qacc|=520 max|qvel|=39.6 (dof 14), ncon=1, max ctrl=0.73
t=  7.37 precursor: max|qacc|=267 max|qvel|=39.2 (dof 14), ncon=1, max ctrl=0.73
t=  7.37 precursor: max|qacc|=974 max|qvel|=37.5 (dof 14), ncon=1, max ctrl=0.73
t=  7.37 precursor: max|qacc|=1.58e+03 max|qvel|=34.8 (dof 14), ncon=1, max ctrl=0.73
t=  7.38 precursor: max|qacc|=2.06e+03 max|qvel|=31.1 (dof 14), ncon=1, max ctrl=0.74
t=  7.50 max|qacc|=     398.9 max|qvel|=   3.32 ncon=  1 com_z=0.898 com_x=-0.070
t=  8.00 max|qacc|=     249.2 max|qvel|=   1.07 ncon=  2 com_z=0.916 com_x=-0.070
t=  8.50 max|qacc|=      33.3 max|qvel|=   1.72 ncon=  3 com_z=0.899 com_x=-0.093
t=  9.00 max|qacc|=       9.4 max|qvel|=   1.63 ncon=  2 com_z=0.928 com_x=-0.081
t=  9.32 precursor: max|qacc|=2.94e+03 max|qvel|=31.2 (dof 14), ncon=1, max ctrl=0.75
t=  9.32 precursor: max|qacc|=2.14e+03 max|qvel|=35.1 (dof 14), ncon=1, max ctrl=0.75
t=  9.32 precursor: max|qacc|=1.32e+03 max|qvel|=37.6 (dof 14), ncon=1, max ctrl=0.75
t=  9.32 precursor: max|qacc|=510 max|qvel|=38.6 (dof 14), ncon=1, max ctrl=0.75
t=  9.32 precursor: max|qacc|=250 max|qvel|=38.1 (dof 14), ncon=1, max ctrl=0.75
t=  9.33 precursor: max|qacc|=935 max|qvel|=36.5 (dof 14), ncon=1, max ctrl=0.75
t=  9.33 precursor: max|qacc|=1.52e+03 max|qvel|=33.8 (dof 14), ncon=1, max ctrl=0.75
t=  9.33 precursor: max|qacc|=2e+03 max|qvel|=30.3 (dof 14), ncon=1, max ctrl=0.75
t=  9.50 max|qacc|=      56.9 max|qvel|=   1.20 ncon=  1 com_z=0.908 com_x=-0.052
t= 10.00 max|qacc|=      41.4 max|qvel|=   0.97 ncon=  2 com_z=0.915 com_x=-0.056
t= 10.50 max|qacc|=     165.3 max|qvel|=   0.97 ncon=  3 com_z=0.911 com_x=-0.068
t= 11.00 max|qacc|=      25.2 max|qvel|=   0.79 ncon=  2 com_z=0.913 com_x=-0.047
t= 11.14 precursor: max|qacc|=3.07e+03 max|qvel|=32.6 (dof 14), ncon=1, max ctrl=0.76
t= 11.14 precursor: max|qacc|=2.19e+03 max|qvel|=36.6 (dof 14), ncon=1, max ctrl=0.76
t= 11.14 precursor: max|qacc|=1.3e+03 max|qvel|=39 (dof 14), ncon=1, max ctrl=0.76
t= 11.14 precursor: max|qacc|=437 max|qvel|=39.9 (dof 14), ncon=1, max ctrl=0.76
t= 11.14 precursor: max|qacc|=359 max|qvel|=39.3 (dof 14), ncon=1, max ctrl=0.76
t= 11.15 precursor: max|qacc|=1.07e+03 max|qvel|=37.5 (dof 14), ncon=1, max ctrl=0.76
t= 11.15 precursor: max|qacc|=1.66e+03 max|qvel|=34.5 (dof 14), ncon=1, max ctrl=0.76
t= 11.15 precursor: max|qacc|=2.14e+03 max|qvel|=30.8 (dof 14), ncon=1, max ctrl=0.76
t= 11.50 max|qacc|=     135.7 max|qvel|=   0.87 ncon=  2 com_z=0.897 com_x=-0.062
t= 12.00 max|qacc|=      73.8 max|qvel|=   1.34 ncon=  2 com_z=0.912 com_x=-0.060
t= 12.50 max|qacc|=      41.1 max|qvel|=   1.11 ncon=  2 com_z=0.913 com_x=-0.086
t= 13.00 max|qacc|=     153.3 max|qvel|=   3.77 ncon=  2 com_z=0.921 com_x=-0.066
t= 13.12 precursor: max|qacc|=3.15e+03 max|qvel|=32 (dof 14), ncon=1, max ctrl=0.75
t= 13.12 precursor: max|qacc|=2.3e+03 max|qvel|=36.2 (dof 14), ncon=1, max ctrl=0.75
t= 13.12 precursor: max|qacc|=1.44e+03 max|qvel|=38.9 (dof 14), ncon=1, max ctrl=0.75
t= 13.12 precursor: max|qacc|=589 max|qvel|=40 (dof 14), ncon=1, max ctrl=0.75
t= 13.13 precursor: max|qacc|=257 max|qvel|=39.7 (dof 14), ncon=1, max ctrl=0.75
t= 13.13 precursor: max|qacc|=933 max|qvel|=38 (dof 14), ncon=1, max ctrl=0.75
t= 13.13 precursor: max|qacc|=1.55e+03 max|qvel|=35.3 (dof 14), ncon=1, max ctrl=0.75
t= 13.13 precursor: max|qacc|=2.06e+03 max|qvel|=31.7 (dof 14), ncon=1, max ctrl=0.75
t= 13.50 max|qacc|=      33.5 max|qvel|=   1.99 ncon=  2 com_z=0.911 com_x=-0.041
t= 14.00 max|qacc|=      32.0 max|qvel|=   9.40 ncon=  4 com_z=0.908 com_x=-0.048
t= 14.50 max|qacc|=     249.7 max|qvel|=   1.37 ncon=  2 com_z=0.921 com_x=-0.062
t= 14.98 precursor: max|qacc|=3.16e+03 max|qvel|=34.1 (dof 14), ncon=1, max ctrl=0.75
t= 14.98 precursor: max|qacc|=2.24e+03 max|qvel|=38.2 (dof 14), ncon=1, max ctrl=0.75
t= 14.98 precursor: max|qacc|=1.31e+03 max|qvel|=40.7 (dof 14), ncon=1, max ctrl=0.75
t= 14.98 precursor: max|qacc|=418 max|qvel|=41.5 (dof 14), ncon=1, max ctrl=0.76
t= 14.99 precursor: max|qacc|=408 max|qvel|=40.8 (dof 14), ncon=1, max ctrl=0.76
t= 14.99 precursor: max|qacc|=1.14e+03 max|qvel|=38.9 (dof 14), ncon=1, max ctrl=0.76
t= 14.99 precursor: max|qacc|=1.76e+03 max|qvel|=35.8 (dof 14), ncon=1, max ctrl=0.76
t= 14.99 precursor: max|qacc|=2.25e+03 max|qvel|=31.8 (dof 14), ncon=1, max ctrl=0.76
t= 15.00 max|qacc|=    2903.1 max|qvel|=  11.87 ncon=  1 com_z=0.898 com_x=-0.039
t= 15.50 max|qacc|=      28.1 max|qvel|=   0.98 ncon=  3 com_z=0.911 com_x=-0.057
t= 16.00 max|qacc|=     178.7 max|qvel|=   1.66 ncon=  2 com_z=0.914 com_x=-0.072
t= 16.50 max|qacc|=     170.5 max|qvel|=   2.99 ncon=  2 com_z=0.922 com_x=-0.078
t= 17.00 max|qacc|=      16.7 max|qvel|=   0.74 ncon=  4 com_z=0.912 com_x=-0.080
t= 17.50 max|qacc|=      23.5 max|qvel|=   0.72 ncon=  3 com_z=0.911 com_x=-0.083
t= 18.00 max|qacc|=     147.3 max|qvel|=   0.88 ncon=  4 com_z=0.911 com_x=-0.094
t= 18.50 max|qacc|=     142.8 max|qvel|=   1.94 ncon=  3 com_z=0.916 com_x=-0.098
t= 19.00 max|qacc|=      52.4 max|qvel|=   0.71 ncon=  4 com_z=0.914 com_x=-0.101
t= 19.50 max|qacc|=      26.2 max|qvel|=   1.25 ncon=  3 com_z=0.913 com_x=-0.100
t= 20.00 max|qacc|=      35.7 max|qvel|=   0.55 ncon=  4 com_z=0.910 com_x=-0.102
t= 20.50 max|qacc|=       7.0 max|qvel|=   1.17 ncon=  4 com_z=0.913 com_x=-0.108
t= 21.00 max|qacc|=      56.1 max|qvel|=   0.67 ncon=  4 com_z=0.914 com_x=-0.109
t= 21.50 max|qacc|=      16.6 max|qvel|=   1.08 ncon=  4 com_z=0.914 com_x=-0.109

== summary ==
pelvis/COM height: start 0.94 m, min 0.89 m, final 0.91 m  (stayed up)
COM x: min -0.16 max -0.04 final -0.11 m
COM y: min -0.096 max +0.079 m
RG_F_r bursts during walk window: 6
RG_r: cycles in window 6, period 1.88 s (0.53 Hz), E-duty 0.12
RG_l: cycles in window 6, period 1.88 s (0.53 Hz), E-duty 0.05
peak ctrl: [0.35 0.66 0.65 0.63 0.41 0.36 0.46 0.39 0.43 0.15 0.34 0.66 0.66 0.58
 0.42 0.38 0.45 0.35 0.45 0.13] (('vas_lat_r', 'med_gas_r', 'soleus_r', 'tib_ant_r', 'psoas_r', 'semimem_r', 'glut_max2_r', 'rect_fem_r', 'sar_r', 'grac_r', 'vas_lat_l', 'med_gas_l', 'soleus_l', 'tib_ant_l', 'psoas_l', 'semimem_l', 'glut_max2_l', 'rect_fem_l', 'sar_l', 'grac_l'))
  hip_flexion_r        -11.7 ..    51.8 deg
  knee_angle_r         -85.6 ..    11.0 deg
  ankle_angle_r        -74.0 ..    -1.6 deg
  hip_adduction_r       -2.0 ..    15.7 deg
  subtalar_angle_r       0.0 ..    31.9 deg
  hip_flexion_l        -34.2 ..     1.3 deg
  knee_angle_l         -30.0 ..    11.9 deg
  ankle_angle_l        -64.2 ..     9.8 deg
  hip_adduction_l       -7.9 ..    21.2 deg
  subtalar_angle_l      -6.3 ..    13.4 deg
  pelvis_tilt           -2.5 ..    16.8 deg
  pelvis_list          -10.3 ..    12.6 deg
  pelvis_rotation        1.3 ..     4.9 deg
saved spinal_run.npz
saved spinal_run.png
csv: trial=46 run=full22 kine_score=-67.818 duty=0.212 knee_min=-77.46 cadence=0.500 stayed_up=True
full22 capture: trial 46 kine_score -67.818 -> v10_best_trial46.npz
start pose (normal.mot): applied 20 coordinates as given; IMU-metric torso lean -0.0 deg (+ = back)
standing solve: nnls x in [0.00, 0.71], >0.1: 14 muscles
  top: add_long_l=0.71, tib_ant_r=0.61, tib_ant_l=0.46, ext_dig_r=0.38, glut_min1_l=0.34, pect_l=0.33, glut_min2_l=0.31, ext_dig_l=0.25
Fmax range: 5..3396 N | L range sample: [0.229942 0.326094]
csv: trial=47 run=eval kine_score=-72.677 duty=0.089 knee_min=-73.69 cadence=0.455 stayed_up=True
start pose (normal.mot): applied 20 coordinates as given; IMU-metric torso lean -0.0 deg (+ = back)
standing solve: nnls x in [0.00, 0.71], >0.1: 14 muscles
  top: add_long_l=0.71, tib_ant_r=0.61, tib_ant_l=0.46, ext_dig_r=0.38, glut_min1_l=0.34, pect_l=0.33, glut_min2_l=0.31, ext_dig_l=0.25
Fmax range: 5..3396 N | L range sample: [0.229942 0.326094]
csv: trial=48 run=eval kine_score=-71.652 duty=0.095 knee_min=-78.38 cadence=0.545 stayed_up=True
start pose (normal.mot): applied 20 coordinates as given; IMU-metric torso lean -0.0 deg (+ = back)
standing solve: nnls x in [0.00, 0.71], >0.1: 14 muscles
  top: add_long_l=0.71, tib_ant_r=0.61, tib_ant_l=0.46, ext_dig_r=0.38, glut_min1_l=0.34, pect_l=0.33, glut_min2_l=0.31, ext_dig_l=0.25
Fmax range: 5..3396 N | L range sample: [0.229942 0.326094]
csv: trial=49 run=eval kine_score=-68.657 duty=0.084 knee_min=-76.93 cadence=0.455 stayed_up=True
start pose (normal.mot): applied 20 coordinates as given; IMU-metric torso lean -0.0 deg (+ = back)
standing solve: nnls x in [0.00, 0.71], >0.1: 14 muscles
  top: add_long_l=0.71, tib_ant_r=0.61, tib_ant_l=0.46, ext_dig_r=0.38, glut_min1_l=0.34, pect_l=0.33, glut_min2_l=0.32, ext_dig_l=0.25
Fmax range: 5..3396 N | L range sample: [0.229942 0.326094]
csv: trial=50 run=eval kine_score=-67.233 duty=0.194 knee_min=-79.28 cadence=0.545 stayed_up=True
start pose (normal.mot): applied 20 coordinates as given; IMU-metric torso lean -0.0 deg (+ = back)
standing solve: nnls x in [0.00, 0.71], >0.1: 14 muscles
  top: add_long_l=0.71, tib_ant_r=0.61, tib_ant_l=0.46, ext_dig_r=0.38, glut_min1_l=0.34, pect_l=0.33, glut_min2_l=0.32, ext_dig_l=0.25
Fmax range: 5..3396 N | L range sample: [0.229942 0.326094]
csv: trial=51 run=eval kine_score=-98.345 duty=0.088 knee_min=-87.42 cadence=0.455 stayed_up=True
start pose (normal.mot): applied 20 coordinates as given; IMU-metric torso lean -0.0 deg (+ = back)
standing solve: nnls x in [0.00, 0.71], >0.1: 14 muscles
  top: add_long_l=0.71, tib_ant_r=0.61, tib_ant_l=0.46, ext_dig_r=0.38, glut_min1_l=0.34, pect_l=0.33, glut_min2_l=0.31, ext_dig_l=0.25
Fmax range: 5..3396 N | L range sample: [0.229942 0.326094]
csv: trial=52 run=eval kine_score=-65.821 duty=0.088 knee_min=-76.91 cadence=0.455 stayed_up=True
NEW GLOBAL BEST -65.821 (trial 52) - running full 22 s capture
start pose (normal.mot): applied 20 coordinates as given; IMU-metric torso lean -0.0 deg (+ = back)
standing solve: nnls x in [0.00, 0.71], >0.1: 14 muscles
  top: add_long_l=0.71, tib_ant_r=0.61, tib_ant_l=0.46, ext_dig_r=0.38, glut_min1_l=0.34, pect_l=0.33, glut_min2_l=0.31, ext_dig_l=0.25
Fmax range: 5..3396 N | L range sample: [0.229942 0.326094]
t=  1.00 max|qacc|=     101.9 max|qvel|=   1.08 ncon=  6 com_z=0.922 com_x=-0.155
t=  1.50 max|qacc|=      25.9 max|qvel|=   1.44 ncon=  5 com_z=0.916 com_x=-0.148
t=  2.00 max|qacc|=      29.6 max|qvel|=   0.93 ncon=  5 com_z=0.912 com_x=-0.143
t=  2.50 max|qacc|=      40.4 max|qvel|=   2.09 ncon=  5 com_z=0.919 com_x=-0.143
t=  3.00 max|qacc|=      37.1 max|qvel|=   1.00 ncon=  5 com_z=0.920 com_x=-0.145
t=  3.50 max|qacc|=      12.7 max|qvel|=   1.08 ncon=  5 com_z=0.912 com_x=-0.132
t=  4.00 max|qacc|=       8.7 max|qvel|=   0.36 ncon=  5 com_z=0.914 com_x=-0.140
t=  4.50 max|qacc|=      42.0 max|qvel|=   0.33 ncon=  4 com_z=0.916 com_x=-0.141
t=  5.00 max|qacc|=       7.8 max|qvel|=   2.91 ncon=  3 com_z=0.922 com_x=-0.158
t=  5.50 max|qacc|=     103.4 max|qvel|=   2.68 ncon=  2 com_z=0.905 com_x=-0.136
t=  5.60 precursor: max|qacc|=2.93e+03 max|qvel|=32.2 (dof 14), ncon=1, max ctrl=0.75
t=  5.61 precursor: max|qacc|=2.08e+03 max|qvel|=36 (dof 14), ncon=1, max ctrl=0.75
t=  5.61 precursor: max|qacc|=1.23e+03 max|qvel|=38.3 (dof 14), ncon=1, max ctrl=0.75
t=  5.61 precursor: max|qacc|=712 max|qvel|=39.1 (dof 14), ncon=1, max ctrl=0.75
t=  5.61 precursor: max|qacc|=720 max|qvel|=38.5 (dof 14), ncon=1, max ctrl=0.75
t=  5.61 precursor: max|qacc|=1.02e+03 max|qvel|=36.7 (dof 14), ncon=1, max ctrl=0.75
t=  5.62 precursor: max|qacc|=1.6e+03 max|qvel|=33.9 (dof 14), ncon=1, max ctrl=0.75
t=  5.62 precursor: max|qacc|=2.06e+03 max|qvel|=30.3 (dof 14), ncon=1, max ctrl=0.75
t=  6.00 max|qacc|=     158.5 max|qvel|=   1.19 ncon=  2 com_z=0.910 com_x=-0.102
t=  6.50 max|qacc|=     154.3 max|qvel|=   6.78 ncon=  3 com_z=0.899 com_x=-0.089
t=  7.00 max|qacc|=      42.7 max|qvel|=   1.06 ncon=  2 com_z=0.918 com_x=-0.101
t=  7.50 max|qacc|=     105.8 max|qvel|=   2.03 ncon=  2 com_z=0.918 com_x=-0.072
t=  7.61 precursor: max|qacc|=4.89e+03 max|qvel|=30.3 (dof 14), ncon=1, max ctrl=0.76
t=  7.61 precursor: max|qacc|=3.91e+03 max|qvel|=37.5 (dof 14), ncon=1, max ctrl=0.76
t=  7.61 precursor: max|qacc|=1.59e+03 max|qvel|=34.4 (dof 14), ncon=2, max ctrl=0.76
t=  7.61 precursor: max|qacc|=1.54e+03 max|qvel|=31.6 (dof 14), ncon=2, max ctrl=0.76
t=  7.62 precursor: max|qacc|=1.77e+03 max|qvel|=35 (dof 14), ncon=1, max ctrl=0.76
t=  7.62 precursor: max|qacc|=1e+03 max|qvel|=36.9 (dof 14), ncon=1, max ctrl=0.76
t=  7.62 precursor: max|qacc|=244 max|qvel|=37.4 (dof 14), ncon=1, max ctrl=0.76
t=  7.62 precursor: max|qacc|=462 max|qvel|=36.6 (dof 14), ncon=1, max ctrl=0.76
t=  7.62 precursor: max|qacc|=1.09e+03 max|qvel|=34.7 (dof 14), ncon=1, max ctrl=0.76
t=  7.63 precursor: max|qacc|=1.62e+03 max|qvel|=31.9 (dof 14), ncon=1, max ctrl=0.75
t=  8.00 max|qacc|=      65.1 max|qvel|=   0.94 ncon=  3 com_z=0.910 com_x=-0.060
t=  8.50 max|qacc|=      29.6 max|qvel|=   1.31 ncon=  2 com_z=0.910 com_x=-0.064
t=  9.00 max|qacc|=      46.7 max|qvel|=   1.07 ncon=  2 com_z=0.920 com_x=-0.079
t=  9.50 max|qacc|=      52.8 max|qvel|=   1.88 ncon=  2 com_z=0.921 com_x=-0.060
t=  9.67 precursor: max|qacc|=3.87e+03 max|qvel|=33.5 (dof 14), ncon=1, max ctrl=0.75
t=  9.67 precursor: max|qacc|=2.94e+03 max|qvel|=38.9 (dof 14), ncon=1, max ctrl=0.75
t=  9.67 precursor: max|qacc|=1.96e+03 max|qvel|=42.5 (dof 14), ncon=1, max ctrl=0.75
t=  9.68 precursor: max|qacc|=989 max|qvel|=44.3 (dof 14), ncon=1, max ctrl=0.75
t=  9.68 precursor: max|qacc|=392 max|qvel|=44.5 (dof 14), ncon=1, max ctrl=0.75
t=  9.68 precursor: max|qacc|=790 max|qvel|=43.1 (dof 14), ncon=1, max ctrl=0.75
t=  9.68 precursor: max|qacc|=1.53e+03 max|qvel|=40.4 (dof 14), ncon=1, max ctrl=0.75
t=  9.68 precursor: max|qacc|=2.14e+03 max|qvel|=36.6 (dof 14), ncon=1, max ctrl=0.75
t=  9.69 precursor: max|qacc|=2.6e+03 max|qvel|=32 (dof 14), ncon=1, max ctrl=0.75
t= 10.00 max|qacc|=      50.6 max|qvel|=   8.51 ncon=  1 com_z=0.905 com_x=-0.051
t= 10.50 max|qacc|=      97.1 max|qvel|=   1.03 ncon=  2 com_z=0.912 com_x=-0.053
t= 11.00 max|qacc|=      64.6 max|qvel|=   1.76 ncon=  2 com_z=0.916 com_x=-0.063
t= 11.50 max|qacc|=      40.1 max|qvel|=   0.72 ncon=  2 com_z=0.915 com_x=-0.045
t= 11.68 precursor: max|qacc|=4.76e+03 max|qvel|=31 (dof 14), ncon=1, max ctrl=0.75
t= 11.68 precursor: max|qacc|=3.76e+03 max|qvel|=37.8 (dof 14), ncon=1, max ctrl=0.75
t= 11.69 precursor: max|qacc|=1.53e+03 max|qvel|=34.9 (dof 14), ncon=2, max ctrl=0.75
t= 11.69 precursor: max|qacc|=2.1e+03 max|qvel|=38.8 (dof 14), ncon=1, max ctrl=0.75
t= 11.69 precursor: max|qacc|=1.2e+03 max|qvel|=41.1 (dof 14), ncon=1, max ctrl=0.75
t= 11.69 precursor: max|qacc|=319 max|qvel|=41.7 (dof 14), ncon=1, max ctrl=0.75
t= 11.69 precursor: max|qacc|=496 max|qvel|=40.9 (dof 14), ncon=1, max ctrl=0.75
t= 11.70 precursor: max|qacc|=1.22e+03 max|qvel|=38.8 (dof 14), ncon=1, max ctrl=0.75
t= 11.70 precursor: max|qacc|=1.82e+03 max|qvel|=35.6 (dof 14), ncon=1, max ctrl=0.75
t= 11.70 precursor: max|qacc|=2.3e+03 max|qvel|=31.5 (dof 14), ncon=1, max ctrl=0.75
t= 12.00 max|qacc|=     344.6 max|qvel|=   5.67 ncon=  1 com_z=0.904 com_x=-0.041
t= 12.50 max|qacc|=      20.8 max|qvel|=   0.77 ncon=  2 com_z=0.916 com_x=-0.050
t= 13.00 max|qacc|=     105.5 max|qvel|=   1.87 ncon=  2 com_z=0.917 com_x=-0.068
t= 13.50 max|qacc|=     147.7 max|qvel|=   1.09 ncon=  2 com_z=0.916 com_x=-0.053
t= 13.73 precursor: max|qacc|=3.79e+03 max|qvel|=31.9 (dof 14), ncon=1, max ctrl=0.75
t= 13.74 precursor: max|qacc|=2.89e+03 max|qvel|=37.2 (dof 14), ncon=1, max ctrl=0.75
t= 13.74 precursor: max|qacc|=1.94e+03 max|qvel|=40.8 (dof 14), ncon=1, max ctrl=0.75
t= 13.74 precursor: max|qacc|=1e+03 max|qvel|=42.7 (dof 14), ncon=1, max ctrl=0.75
t= 13.74 precursor: max|qacc|=175 max|qvel|=42.9 (dof 14), ncon=1, max ctrl=0.75
t= 13.74 precursor: max|qacc|=720 max|qvel|=41.6 (dof 14), ncon=1, max ctrl=0.75
t= 13.75 precursor: max|qacc|=1.44e+03 max|qvel|=39.1 (dof 14), ncon=1, max ctrl=0.75
t= 13.75 precursor: max|qacc|=2.03e+03 max|qvel|=35.5 (dof 14), ncon=1, max ctrl=0.75
t= 13.75 precursor: max|qacc|=2.48e+03 max|qvel|=31.1 (dof 14), ncon=1, max ctrl=0.75
t= 14.00 max|qacc|=     164.7 max|qvel|=   5.46 ncon=  4 com_z=0.902 com_x=-0.035
t= 14.50 max|qacc|=      35.0 max|qvel|=   0.83 ncon=  3 com_z=0.916 com_x=-0.043
t= 15.00 max|qacc|=     106.3 max|qvel|=   1.29 ncon=  2 com_z=0.912 com_x=-0.065
t= 15.50 max|qacc|=     120.7 max|qvel|=   3.23 ncon=  2 com_z=0.913 com_x=-0.045
t= 15.61 precursor: max|qacc|=1.45e+03 max|qvel|=31.8 (dof 14), ncon=1, max ctrl=0.75
t= 15.61 precursor: max|qacc|=748 max|qvel|=33.2 (dof 14), ncon=1, max ctrl=0.75
t= 15.61 precursor: max|qacc|=116 max|qvel|=33.4 (dof 14), ncon=1, max ctrl=0.75
t= 15.61 precursor: max|qacc|=547 max|qvel|=32.5 (dof 14), ncon=1, max ctrl=0.75
t= 15.62 precursor: max|qacc|=1.09e+03 max|qvel|=30.6 (dof 14), ncon=1, max ctrl=0.75
t= 16.00 max|qacc|=      52.1 max|qvel|=   1.20 ncon=  3 com_z=0.902 com_x=-0.053
t= 16.50 max|qacc|=     104.3 max|qvel|=   1.60 ncon=  2 com_z=0.922 com_x=-0.069
t= 17.00 max|qacc|=      65.1 max|qvel|=   0.95 ncon=  3 com_z=0.919 com_x=-0.077
t= 17.50 max|qacc|=      81.3 max|qvel|=   0.29 ncon=  4 com_z=0.915 com_x=-0.081
t= 18.00 max|qacc|=     206.9 max|qvel|=   0.79 ncon=  4 com_z=0.911 com_x=-0.087
t= 18.50 max|qacc|=     124.0 max|qvel|=   1.91 ncon=  4 com_z=0.911 com_x=-0.090
t= 19.00 max|qacc|=      29.0 max|qvel|=   0.74 ncon=  5 com_z=0.911 com_x=-0.093
t= 19.50 max|qacc|=       7.2 max|qvel|=   1.04 ncon=  5 com_z=0.915 com_x=-0.101
t= 20.00 max|qacc|=      85.1 max|qvel|=   0.45 ncon=  5 com_z=0.915 com_x=-0.103
t= 20.50 max|qacc|=      16.2 max|qvel|=   1.09 ncon=  5 com_z=0.914 com_x=-0.104
t= 21.00 max|qacc|=      18.0 max|qvel|=   1.56 ncon=  4 com_z=0.913 com_x=-0.103
t= 21.50 max|qacc|=      28.5 max|qvel|=   0.82 ncon=  4 com_z=0.911 com_x=-0.106

== summary ==
pelvis/COM height: start 0.94 m, min 0.89 m, final 0.91 m  (stayed up)
COM x: min -0.16 max -0.03 final -0.11 m
COM y: min -0.091 max +0.075 m
RG_F_r bursts during walk window: 6
RG_r: cycles in window 5, period 2.04 s (0.49 Hz), E-duty 0.11
RG_l: cycles in window 5, period 2.04 s (0.49 Hz), E-duty 0.04
peak ctrl: [0.36 0.65 0.65 0.63 0.4  0.34 0.46 0.39 0.42 0.15 0.34 0.65 0.65 0.58
 0.41 0.36 0.45 0.35 0.44 0.13] (('vas_lat_r', 'med_gas_r', 'soleus_r', 'tib_ant_r', 'psoas_r', 'semimem_r', 'glut_max2_r', 'rect_fem_r', 'sar_r', 'grac_r', 'vas_lat_l', 'med_gas_l', 'soleus_l', 'tib_ant_l', 'psoas_l', 'semimem_l', 'glut_max2_l', 'rect_fem_l', 'sar_l', 'grac_l'))
  hip_flexion_r        -13.0 ..    52.0 deg
  knee_angle_r         -83.3 ..    11.1 deg
  ankle_angle_r        -78.3 ..    -1.6 deg
  hip_adduction_r       -0.2 ..    14.3 deg
  subtalar_angle_r      -0.7 ..    31.8 deg
  hip_flexion_l        -36.3 ..     1.3 deg
  knee_angle_l         -30.7 ..    11.9 deg
  ankle_angle_l        -64.2 ..     9.8 deg
  hip_adduction_l       -5.9 ..    21.5 deg
  subtalar_angle_l      -6.0 ..    13.3 deg
  pelvis_tilt           -2.6 ..    16.3 deg
  pelvis_list           -9.7 ..    11.8 deg
  pelvis_rotation        1.2 ..     4.8 deg
saved spinal_run.npz
saved spinal_run.png
csv: trial=52 run=full22 kine_score=-67.512 duty=0.187 knee_min=-79.02 cadence=0.400 stayed_up=True
full22 capture: trial 52 kine_score -67.512 -> v10_best_trial52.npz
start pose (normal.mot): applied 20 coordinates as given; IMU-metric torso lean -0.0 deg (+ = back)
standing solve: nnls x in [0.00, 0.71], >0.1: 14 muscles
  top: add_long_l=0.71, tib_ant_r=0.61, tib_ant_l=0.46, ext_dig_r=0.38, glut_min1_l=0.34, pect_l=0.33, glut_min2_l=0.31, ext_dig_l=0.25
Fmax range: 5..3396 N | L range sample: [0.229942 0.326094]
csv: trial=53 run=eval kine_score=-72.069 duty=0.089 knee_min=-75.29 cadence=0.545 stayed_up=True
start pose (normal.mot): applied 20 coordinates as given; IMU-metric torso lean -0.0 deg (+ = back)
standing solve: nnls x in [0.00, 0.71], >0.1: 14 muscles
  top: add_long_l=0.71, tib_ant_r=0.61, tib_ant_l=0.46, ext_dig_r=0.38, glut_min1_l=0.34, pect_l=0.33, glut_min2_l=0.32, ext_dig_l=0.25
Fmax range: 5..3396 N | L range sample: [0.229942 0.326094]
csv: trial=54 run=eval kine_score=-75.155 duty=0.088 knee_min=-83.77 cadence=0.455 stayed_up=True
start pose (normal.mot): applied 20 coordinates as given; IMU-metric torso lean -0.0 deg (+ = back)
standing solve: nnls x in [0.00, 0.71], >0.1: 14 muscles
  top: add_long_l=0.71, tib_ant_r=0.61, tib_ant_l=0.46, ext_dig_r=0.38, glut_min1_l=0.34, pect_l=0.33, glut_min2_l=0.32, ext_dig_l=0.25
Fmax range: 5..3396 N | L range sample: [0.229942 0.326094]
csv: trial=55 run=eval kine_score=-68.769 duty=0.086 knee_min=-80.85 cadence=0.455 stayed_up=True
start pose (normal.mot): applied 20 coordinates as given; IMU-metric torso lean -0.0 deg (+ = back)
standing solve: nnls x in [0.00, 0.70], >0.1: 14 muscles
  top: add_long_l=0.70, tib_ant_r=0.61, tib_ant_l=0.46, ext_dig_r=0.37, glut_min1_l=0.33, pect_l=0.32, glut_min2_l=0.31, ext_dig_l=0.25
Fmax range: 5..3396 N | L range sample: [0.229942 0.326094]
csv: trial=56 run=eval kine_score=-65.375 duty=0.086 knee_min=-77.08 cadence=0.455 stayed_up=True
NEW GLOBAL BEST -65.375 (trial 56) - running full 22 s capture
start pose (normal.mot): applied 20 coordinates as given; IMU-metric torso lean -0.0 deg (+ = back)
standing solve: nnls x in [0.00, 0.70], >0.1: 14 muscles
  top: add_long_l=0.70, tib_ant_r=0.61, tib_ant_l=0.46, ext_dig_r=0.37, glut_min1_l=0.33, pect_l=0.32, glut_min2_l=0.31, ext_dig_l=0.25
Fmax range: 5..3396 N | L range sample: [0.229942 0.326094]
t=  1.00 max|qacc|=     146.4 max|qvel|=   1.73 ncon=  7 com_z=0.921 com_x=-0.158
t=  1.50 max|qacc|=      39.2 max|qvel|=   1.20 ncon=  5 com_z=0.914 com_x=-0.148
t=  2.00 max|qacc|=      95.2 max|qvel|=   1.20 ncon=  5 com_z=0.912 com_x=-0.144
t=  2.50 max|qacc|=      81.1 max|qvel|=   2.01 ncon=  5 com_z=0.918 com_x=-0.146
t=  3.00 max|qacc|=      85.5 max|qvel|=   0.77 ncon=  5 com_z=0.920 com_x=-0.144
t=  3.50 max|qacc|=      43.5 max|qvel|=   0.42 ncon=  6 com_z=0.912 com_x=-0.130
t=  4.00 max|qacc|=      25.5 max|qvel|=   0.37 ncon=  5 com_z=0.914 com_x=-0.139
t=  4.50 max|qacc|=      14.4 max|qvel|=   0.42 ncon=  4 com_z=0.916 com_x=-0.141
t=  5.00 max|qacc|=      29.0 max|qvel|=   2.58 ncon=  4 com_z=0.915 com_x=-0.164
t=  5.50 max|qacc|=      62.6 max|qvel|=   1.47 ncon=  2 com_z=0.908 com_x=-0.140
t=  5.78 precursor: max|qacc|=2.94e+03 max|qvel|=33 (dof 14), ncon=1, max ctrl=0.75
t=  5.78 precursor: max|qacc|=2.08e+03 max|qvel|=36.8 (dof 14), ncon=1, max ctrl=0.75
t=  5.78 precursor: max|qacc|=1.22e+03 max|qvel|=39.1 (dof 14), ncon=1, max ctrl=0.75
t=  5.78 precursor: max|qacc|=383 max|qvel|=39.8 (dof 14), ncon=1, max ctrl=0.75
t=  5.78 precursor: max|qacc|=389 max|qvel|=39.2 (dof 14), ncon=1, max ctrl=0.75
t=  5.79 precursor: max|qacc|=1.08e+03 max|qvel|=37.3 (dof 14), ncon=1, max ctrl=0.75
t=  5.79 precursor: max|qacc|=1.66e+03 max|qvel|=34.4 (dof 14), ncon=1, max ctrl=0.75
t=  5.79 precursor: max|qacc|=2.13e+03 max|qvel|=30.6 (dof 14), ncon=1, max ctrl=0.75
t=  6.00 max|qacc|=      48.5 max|qvel|=   2.25 ncon=  2 com_z=0.907 com_x=-0.098
t=  6.50 max|qacc|=      35.8 max|qvel|=   0.88 ncon=  2 com_z=0.909 com_x=-0.095
t=  7.00 max|qacc|=      44.2 max|qvel|=   1.89 ncon=  3 com_z=0.893 com_x=-0.107
t=  7.50 max|qacc|=     293.9 max|qvel|=   1.48 ncon=  2 com_z=0.923 com_x=-0.082
t=  7.96 precursor: max|qacc|=5.08e+03 max|qvel|=30.3 (dof 14), ncon=1, max ctrl=0.76
t=  7.97 precursor: max|qacc|=3.12e+03 max|qvel|=32.4 (dof 14), ncon=1, max ctrl=0.76
t=  7.97 precursor: max|qacc|=2.28e+03 max|qvel|=36.6 (dof 14), ncon=1, max ctrl=0.75
t=  7.97 precursor: max|qacc|=1.41e+03 max|qvel|=39.2 (dof 14), ncon=1, max ctrl=0.75
t=  7.98 precursor: max|qacc|=552 max|qvel|=40.3 (dof 14), ncon=1, max ctrl=0.75
t=  7.98 precursor: max|qacc|=252 max|qvel|=39.9 (dof 14), ncon=1, max ctrl=0.75
t=  7.98 precursor: max|qacc|=975 max|qvel|=38.2 (dof 14), ncon=1, max ctrl=0.75
t=  7.98 precursor: max|qacc|=1.59e+03 max|qvel|=35.4 (dof 14), ncon=1, max ctrl=0.75
t=  7.98 precursor: max|qacc|=2.09e+03 max|qvel|=31.7 (dof 14), ncon=1, max ctrl=0.75
t=  8.00 max|qacc|=    2008.7 max|qvel|=   5.66 ncon=  1 com_z=0.896 com_x=-0.064
t=  8.50 max|qacc|=      14.4 max|qvel|=   1.03 ncon=  3 com_z=0.918 com_x=-0.056
t=  9.00 max|qacc|=      83.8 max|qvel|=   7.15 ncon=  3 com_z=0.895 com_x=-0.066
t=  9.50 max|qacc|=     340.7 max|qvel|=   1.31 ncon=  2 com_z=0.923 com_x=-0.077
t= 10.00 max|qacc|=      64.3 max|qvel|=   1.50 ncon=  2 com_z=0.906 com_x=-0.059
t= 10.22 precursor: max|qacc|=3.01e+03 max|qvel|=35.1 (dof 14), ncon=1, max ctrl=0.66
t= 10.22 precursor: max|qacc|=2.11e+03 max|qvel|=39 (dof 14), ncon=1, max ctrl=0.67
t= 10.22 precursor: max|qacc|=1.2e+03 max|qvel|=41.2 (dof 14), ncon=1, max ctrl=0.67
t= 10.22 precursor: max|qacc|=314 max|qvel|=41.8 (dof 14), ncon=1, max ctrl=0.67
t= 10.23 precursor: max|qacc|=503 max|qvel|=41 (dof 14), ncon=1, max ctrl=0.68
t= 10.23 precursor: max|qacc|=1.23e+03 max|qvel|=38.8 (dof 14), ncon=1, max ctrl=0.68
t= 10.23 precursor: max|qacc|=1.83e+03 max|qvel|=35.6 (dof 14), ncon=1, max ctrl=0.68
t= 10.23 precursor: max|qacc|=2.31e+03 max|qvel|=31.5 (dof 14), ncon=1, max ctrl=0.69
t= 10.50 max|qacc|=     336.0 max|qvel|=   3.19 ncon=  4 com_z=0.909 com_x=-0.041
t= 11.00 max|qacc|=      48.9 max|qvel|=   0.65 ncon=  2 com_z=0.902 com_x=-0.047
t= 11.50 max|qacc|=      53.2 max|qvel|=   1.49 ncon=  2 com_z=0.904 com_x=-0.071
t= 12.00 max|qacc|=      42.6 max|qvel|=   0.96 ncon=  2 com_z=0.907 com_x=-0.044
t= 12.38 precursor: max|qacc|=4.22e+03 max|qvel|=30.3 (dof 14), ncon=1, max ctrl=0.68
t= 12.38 precursor: max|qacc|=3.29e+03 max|qvel|=36.3 (dof 14), ncon=1, max ctrl=0.68
t= 12.39 precursor: max|qacc|=2.3e+03 max|qvel|=40.5 (dof 14), ncon=1, max ctrl=0.68
t= 12.39 precursor: max|qacc|=1.32e+03 max|qvel|=42.9 (dof 14), ncon=1, max ctrl=0.68
t= 12.39 precursor: max|qacc|=372 max|qvel|=43.6 (dof 14), ncon=1, max ctrl=0.68
t= 12.39 precursor: max|qacc|=500 max|qvel|=42.8 (dof 14), ncon=1, max ctrl=0.67
t= 12.39 precursor: max|qacc|=1.27e+03 max|qvel|=40.6 (dof 14), ncon=1, max ctrl=0.67
t= 12.40 precursor: max|qacc|=1.91e+03 max|qvel|=37.2 (dof 14), ncon=1, max ctrl=0.67
t= 12.40 precursor: max|qacc|=2.42e+03 max|qvel|=33 (dof 14), ncon=1, max ctrl=0.67
t= 12.50 max|qacc|=    1305.5 max|qvel|=   5.44 ncon=  1 com_z=0.888 com_x=-0.037
t= 13.00 max|qacc|=      32.6 max|qvel|=   1.09 ncon=  2 com_z=0.918 com_x=-0.053
t= 13.50 max|qacc|=      30.1 max|qvel|=   7.58 ncon=  4 com_z=0.894 com_x=-0.066
t= 14.00 max|qacc|=      61.1 max|qvel|=   1.34 ncon=  2 com_z=0.924 com_x=-0.068
t= 14.50 max|qacc|=      63.2 max|qvel|=   2.65 ncon=  2 com_z=0.899 com_x=-0.059
t= 14.66 precursor: max|qacc|=2.8e+03 max|qvel|=34.5 (dof 14), ncon=1, max ctrl=0.75
t= 14.66 precursor: max|qacc|=1.94e+03 max|qvel|=38.1 (dof 14), ncon=1, max ctrl=0.75
t= 14.66 precursor: max|qacc|=1.07e+03 max|qvel|=40 (dof 14), ncon=1, max ctrl=0.75
t= 14.66 precursor: max|qacc|=230 max|qvel|=40.5 (dof 14), ncon=1, max ctrl=0.75
t= 14.67 precursor: max|qacc|=547 max|qvel|=39.6 (dof 14), ncon=1, max ctrl=0.75
t= 14.67 precursor: max|qacc|=1.23e+03 max|qvel|=37.4 (dof 14), ncon=1, max ctrl=0.75
t= 14.67 precursor: max|qacc|=1.81e+03 max|qvel|=34.2 (dof 14), ncon=1, max ctrl=0.75
t= 14.67 precursor: max|qacc|=2.26e+03 max|qvel|=30.2 (dof 14), ncon=1, max ctrl=0.75
t= 15.00 max|qacc|=     135.4 max|qvel|=   2.75 ncon=  3 com_z=0.913 com_x=-0.035
t= 15.50 max|qacc|=     109.3 max|qvel|=   8.41 ncon=  3 com_z=0.908 com_x=-0.046
t= 16.00 max|qacc|=      31.6 max|qvel|=   1.01 ncon=  2 com_z=0.924 com_x=-0.061
t= 16.50 max|qacc|=     370.1 max|qvel|=   2.98 ncon=  2 com_z=0.906 com_x=-0.053
t= 17.00 max|qacc|=      30.2 max|qvel|=   0.49 ncon=  2 com_z=0.908 com_x=-0.068
t= 17.50 max|qacc|=     153.8 max|qvel|=   0.27 ncon=  3 com_z=0.913 com_x=-0.077
t= 18.00 max|qacc|=      36.4 max|qvel|=   1.18 ncon=  3 com_z=0.915 com_x=-0.087
t= 18.50 max|qacc|=      16.4 max|qvel|=   1.06 ncon=  2 com_z=0.916 com_x=-0.092
t= 19.00 max|qacc|=      10.6 max|qvel|=   1.22 ncon=  3 com_z=0.911 com_x=-0.094
t= 19.50 max|qacc|=      25.3 max|qvel|=   0.84 ncon=  5 com_z=0.909 com_x=-0.097
t= 20.00 max|qacc|=      16.8 max|qvel|=   0.96 ncon=  5 com_z=0.913 com_x=-0.101
t= 20.50 max|qacc|=      61.3 max|qvel|=   0.59 ncon=  5 com_z=0.914 com_x=-0.104
t= 21.00 max|qacc|=      25.6 max|qvel|=   1.41 ncon=  4 com_z=0.915 com_x=-0.103
t= 21.50 max|qacc|=      42.1 max|qvel|=   0.45 ncon=  4 com_z=0.911 com_x=-0.103

== summary ==
pelvis/COM height: start 0.94 m, min 0.88 m, final 0.91 m  (stayed up)
COM x: min -0.16 max -0.03 final -0.11 m
COM y: min -0.100 max +0.092 m
RG_F_r bursts during walk window: 5
RG_r: cycles in window 5, period 2.18 s (0.46 Hz), E-duty 0.12
RG_l: cycles in window 5, period 2.18 s (0.46 Hz), E-duty 0.04
peak ctrl: [0.37 0.66 0.67 0.63 0.4  0.33 0.46 0.39 0.42 0.15 0.33 0.65 0.66 0.57
 0.4  0.35 0.45 0.32 0.44 0.11] (('vas_lat_r', 'med_gas_r', 'soleus_r', 'tib_ant_r', 'psoas_r', 'semimem_r', 'glut_max2_r', 'rect_fem_r', 'sar_r', 'grac_r', 'vas_lat_l', 'med_gas_l', 'soleus_l', 'tib_ant_l', 'psoas_l', 'semimem_l', 'glut_max2_l', 'rect_fem_l', 'sar_l', 'grac_l'))
  hip_flexion_r        -15.0 ..    53.6 deg
  knee_angle_r         -83.0 ..    11.1 deg
  ankle_angle_r        -78.3 ..    -1.6 deg
  hip_adduction_r       -1.0 ..    17.6 deg
  subtalar_angle_r      -1.1 ..    39.5 deg
  hip_flexion_l        -35.8 ..     1.5 deg
  knee_angle_l         -32.2 ..    12.1 deg
  ankle_angle_l        -64.5 ..     9.8 deg
  hip_adduction_l       -5.6 ..    23.3 deg
  subtalar_angle_l      -6.4 ..    13.0 deg
  pelvis_tilt           -2.5 ..    15.7 deg
  pelvis_list          -10.2 ..    14.1 deg
  pelvis_rotation        0.9 ..     4.9 deg
saved spinal_run.npz
saved spinal_run.png
csv: trial=56 run=full22 kine_score=-69.423 duty=0.186 knee_min=-74.97 cadence=0.400 stayed_up=True
full22 capture: trial 56 kine_score -69.423 -> v10_best_trial56.npz
start pose (normal.mot): applied 20 coordinates as given; IMU-metric torso lean -0.0 deg (+ = back)
standing solve: nnls x in [0.00, 0.70], >0.1: 14 muscles
  top: add_long_l=0.70, tib_ant_r=0.61, tib_ant_l=0.46, ext_dig_r=0.37, glut_min1_l=0.33, pect_l=0.32, glut_min2_l=0.31, ext_dig_l=0.25
Fmax range: 5..3396 N | L range sample: [0.229942 0.326094]
csv: trial=57 run=eval kine_score=-74.555 duty=0.096 knee_min=-73.50 cadence=0.636 stayed_up=True
start pose (normal.mot): applied 20 coordinates as given; IMU-metric torso lean -0.0 deg (+ = back)
standing solve: nnls x in [0.00, 0.71], >0.1: 14 muscles
  top: add_long_l=0.71, tib_ant_r=0.61, tib_ant_l=0.46, ext_dig_r=0.38, glut_min1_l=0.34, pect_l=0.33, glut_min2_l=0.32, ext_dig_l=0.25
Fmax range: 5..3396 N | L range sample: [0.229942 0.326094]
csv: trial=58 run=eval kine_score=-68.499 duty=0.091 knee_min=-82.68 cadence=0.545 stayed_up=True
start pose (normal.mot): applied 20 coordinates as given; IMU-metric torso lean -0.0 deg (+ = back)
standing solve: nnls x in [0.00, 0.71], >0.1: 14 muscles
  top: add_long_l=0.71, tib_ant_r=0.61, tib_ant_l=0.46, ext_dig_r=0.38, glut_min1_l=0.34, pect_l=0.33, glut_min2_l=0.32, ext_dig_l=0.25
Fmax range: 5..3396 N | L range sample: [0.229942 0.326094]
csv: trial=59 run=eval kine_score=-72.108 duty=0.094 knee_min=-76.10 cadence=0.545 stayed_up=True

== best kine_score -65.375 (trial 56)
  drive           2.9291
  rg_adapt        1.2954
  desc_e          1.2868
  desc_f          1.9632
  rg_to_pf        2.7691
  pf_gain         0.4147
  e2_pf           1.9590
  f1_df           1.5231
  f1_kf           1.1382
  e2_adapt        2.5651
  post_kneext     1.5031
  post_hipext     0.5190
  kx              268.6976
  phase_reset_e   0.4785
  phase_reset_f   1.4768
  f1_kneext_inh   1.5836
  f1_anklepf_inh  0.0110
  ankle_post_walk_trim 0.0969
saved best_walk_params_v10.json (runner --best10 reproduces)
