fitted baseline loaded: e2_pf=0.222 f1_df=0.098 f1_kf=0.148 post_kneext=0.011 post_hipext=0.068 desc_f=1.400 e2_adapt=1.700
seeded v5 winner into v6 (f1_kneext_inh 0)
enqueued seed trial
standing solve: nnls x in [0.00, 0.61], >0.1: 20 muscles
  top: tib_ant_r=0.61, tib_ant_l=0.60, ext_dig_r=0.39, ext_dig_l=0.39, ercspn_r=0.18, ercspn_l=0.18, per_tert_r=0.17, per_tert_l=0.17
Fmax range: 5..3396 N | L range sample: [0.229942 0.326094]
csv: trial=0 run=eval kine_score=-60.987 duty=0.481 knee_min=10.46 cadence=0.933 stayed_up=True
NEW GLOBAL BEST -60.987 (trial 0) - running full 22 s capture
standing solve: nnls x in [0.00, 0.61], >0.1: 20 muscles
  top: tib_ant_r=0.61, tib_ant_l=0.60, ext_dig_r=0.39, ext_dig_l=0.39, ercspn_r=0.18, ercspn_l=0.18, per_tert_r=0.17, per_tert_l=0.17
Fmax range: 5..3396 N | L range sample: [0.229942 0.326094]
t=  1.00 max|qacc|=      11.6 max|qvel|=   0.68 ncon=  8 com_z=0.945 com_x=-0.147
t=  1.50 max|qacc|=      12.5 max|qvel|=   0.29 ncon=  8 com_z=0.927 com_x=-0.197
t=  2.00 max|qacc|=      48.0 max|qvel|=   0.25 ncon=  8 com_z=0.926 com_x=-0.207
t=  2.50 max|qacc|=      70.4 max|qvel|=   0.29 ncon=  8 com_z=0.924 com_x=-0.216
t=  3.00 max|qacc|=      64.6 max|qvel|=   0.45 ncon=  8 com_z=0.922 com_x=-0.225
t=  3.50 max|qacc|=       4.8 max|qvel|=   0.21 ncon=  7 com_z=0.914 com_x=-0.234
t=  4.00 max|qacc|=      14.9 max|qvel|=   0.36 ncon=  8 com_z=0.887 com_x=-0.264
t=  4.50 max|qacc|=      14.1 max|qvel|=   0.48 ncon=  9 com_z=0.876 com_x=-0.280
t=  5.00 max|qacc|=      13.5 max|qvel|=   0.51 ncon=  8 com_z=0.874 com_x=-0.286
t=  5.50 max|qacc|=      12.2 max|qvel|=   0.35 ncon=  8 com_z=0.860 com_x=-0.301
t=  6.00 max|qacc|=      13.0 max|qvel|=   0.35 ncon=  7 com_z=0.863 com_x=-0.299
t=  6.50 max|qacc|=      58.4 max|qvel|=   0.59 ncon=  7 com_z=0.860 com_x=-0.296
t=  7.00 max|qacc|=      72.3 max|qvel|=   1.32 ncon=  8 com_z=0.857 com_x=-0.293
t=  7.50 max|qacc|=     354.7 max|qvel|=   1.07 ncon=  8 com_z=0.857 com_x=-0.286
t=  8.00 max|qacc|=     105.2 max|qvel|=   0.61 ncon=  7 com_z=0.855 com_x=-0.281
t=  8.50 max|qacc|=      53.2 max|qvel|=   0.61 ncon=  8 com_z=0.854 com_x=-0.273
t=  9.00 max|qacc|=      38.5 max|qvel|=   0.35 ncon=  8 com_z=0.852 com_x=-0.267
t=  9.50 max|qacc|=       9.3 max|qvel|=   0.46 ncon=  8 com_z=0.852 com_x=-0.260
t= 10.00 max|qacc|=      20.0 max|qvel|=   0.36 ncon=  7 com_z=0.851 com_x=-0.252
t= 10.50 max|qacc|=      77.4 max|qvel|=   0.44 ncon=  7 com_z=0.849 com_x=-0.245
t= 11.00 max|qacc|=      12.8 max|qvel|=   0.28 ncon=  7 com_z=0.849 com_x=-0.238
t= 11.50 max|qacc|=      14.2 max|qvel|=   0.36 ncon=  6 com_z=0.847 com_x=-0.232
t= 12.00 max|qacc|=      60.5 max|qvel|=   0.36 ncon=  5 com_z=0.847 com_x=-0.225
t= 12.50 max|qacc|=      92.1 max|qvel|=   1.41 ncon=  6 com_z=0.845 com_x=-0.218
t= 13.00 max|qacc|=      38.4 max|qvel|=   1.17 ncon=  6 com_z=0.845 com_x=-0.211
t= 13.50 max|qacc|=      45.6 max|qvel|=   0.60 ncon=  5 com_z=0.844 com_x=-0.205
t= 14.00 max|qacc|=      64.3 max|qvel|=   0.82 ncon=  6 com_z=0.844 com_x=-0.198
t= 14.50 max|qacc|=      21.5 max|qvel|=   0.26 ncon=  6 com_z=0.844 com_x=-0.193
t= 15.00 max|qacc|=      11.9 max|qvel|=   0.14 ncon=  6 com_z=0.843 com_x=-0.188
t= 15.50 max|qacc|=      13.7 max|qvel|=   0.33 ncon=  5 com_z=0.845 com_x=-0.182
t= 16.00 max|qacc|=      24.6 max|qvel|=   0.32 ncon=  4 com_z=0.859 com_x=-0.168
t= 16.50 max|qacc|=      64.1 max|qvel|=   0.56 ncon=  2 com_z=0.879 com_x=-0.151
t= 17.00 max|qacc|=       4.0 max|qvel|=   0.76 ncon=  3 com_z=0.901 com_x=-0.128
t= 17.50 max|qacc|=       0.8 max|qvel|=   0.12 ncon=  2 com_z=0.906 com_x=-0.119
t= 18.00 max|qacc|=      13.1 max|qvel|=   0.74 ncon=  3 com_z=0.896 com_x=-0.129
t= 18.50 max|qacc|=     302.7 max|qvel|=   0.90 ncon=  2 com_z=0.890 com_x=-0.139
t= 19.00 max|qacc|=      15.4 max|qvel|=   1.31 ncon=  3 com_z=0.890 com_x=-0.138
t= 19.50 max|qacc|=      20.1 max|qvel|=   0.89 ncon=  3 com_z=0.891 com_x=-0.137
t= 20.00 max|qacc|=      68.9 max|qvel|=   1.57 ncon=  3 com_z=0.891 com_x=-0.136
t= 20.50 max|qacc|=      22.2 max|qvel|=   0.72 ncon=  3 com_z=0.891 com_x=-0.135
t= 21.00 max|qacc|=      18.1 max|qvel|=   1.71 ncon=  2 com_z=0.891 com_x=-0.135
t= 21.50 max|qacc|=      50.1 max|qvel|=   1.11 ncon=  3 com_z=0.892 com_x=-0.134

== summary ==
pelvis/COM height: start 0.96 m, min 0.84 m, final 0.89 m  (stayed up)
COM x: min -0.30 max -0.09 final -0.14 m
COM y: min -0.015 max +0.014 m
RG_F_r bursts during walk window: 11
RG_r: cycles in window 12, period 0.92 s (1.09 Hz), E-duty 0.28
RG_l: cycles in window 12, period 0.92 s (1.09 Hz), E-duty 0.11
peak ctrl: [0.37 0.77 0.65 0.83 0.44 0.7  0.7  0.51 0.44 0.24 0.37 0.77 0.65 0.82
 0.44 0.7  0.67 0.5  0.44 0.24] (('vas_lat_r', 'med_gas_r', 'soleus_r', 'tib_ant_r', 'psoas_r', 'semimem_r', 'glut_max2_r', 'rect_fem_r', 'sar_r', 'grac_r', 'vas_lat_l', 'med_gas_l', 'soleus_l', 'tib_ant_l', 'psoas_l', 'semimem_l', 'glut_max2_l', 'rect_fem_l', 'sar_l', 'grac_l'))
  hip_flexion_r         -6.9 ..    30.1 deg
  knee_angle_r         -15.7 ..    29.8 deg
  ankle_angle_r        -42.1 ..     0.0 deg
  hip_adduction_r       -2.1 ..    13.1 deg
  subtalar_angle_r      -1.4 ..    17.9 deg
  hip_flexion_l         -5.2 ..    28.3 deg
  knee_angle_l         -12.0 ..    30.6 deg
  ankle_angle_l        -45.4 ..     0.0 deg
  hip_adduction_l       -2.4 ..    13.9 deg
  subtalar_angle_l       0.0 ..    17.8 deg
  pelvis_tilt           -0.0 ..    36.6 deg
  pelvis_list           -1.4 ..     1.5 deg
  pelvis_rotation       -1.7 ..     2.1 deg
saved spinal_run.npz
saved spinal_run.png
csv: trial=0 run=full22 kine_score=-62.708 duty=0.456 knee_min=10.00 cadence=1.100 stayed_up=True
full22 capture: trial 0 kine_score -62.708 -> v6_best_trial0.npz
standing solve: nnls x in [0.00, 0.60], >0.1: 8 muscles
  top: tib_ant_r=0.60, tib_ant_l=0.59, ext_dig_r=0.37, ext_dig_l=0.37, ercspn_r=0.18, ercspn_l=0.18, per_tert_r=0.18, per_tert_l=0.18
Fmax range: 5..3396 N | L range sample: [0.229942 0.326094]
csv: trial=1 run=eval kine_score=-64.415 duty=0.210 knee_min=11.32 cadence=0.400 stayed_up=True
standing solve: nnls x in [0.00, 0.60], >0.1: 8 muscles
  top: tib_ant_r=0.60, tib_ant_l=0.59, ext_dig_r=0.36, ext_dig_l=0.36, ercspn_r=0.18, ercspn_l=0.18, per_tert_r=0.18, per_tert_l=0.18
Fmax range: 5..3396 N | L range sample: [0.229942 0.326094]
csv: trial=2 run=eval kine_score=-66.414 duty=0.094 knee_min=16.88 cadence=0.400 stayed_up=True
standing solve: nnls x in [0.00, 0.60], >0.1: 8 muscles
  top: tib_ant_r=0.60, tib_ant_l=0.59, ext_dig_r=0.36, ext_dig_l=0.36, ercspn_r=0.18, ercspn_l=0.18, per_tert_r=0.18, per_tert_l=0.18
Fmax range: 5..3396 N | L range sample: [0.229942 0.326094]
csv: trial=3 run=eval kine_score=-25.000 duty=nan knee_min=nan cadence=0.000 stayed_up=True
standing solve: nnls x in [0.00, 0.60], >0.1: 8 muscles
  top: tib_ant_r=0.60, tib_ant_l=0.59, ext_dig_r=0.36, ext_dig_l=0.36, ercspn_r=0.18, ercspn_l=0.18, per_tert_r=0.18, per_tert_l=0.18
Fmax range: 5..3396 N | L range sample: [0.229942 0.326094]
csv: trial=4 run=eval kine_score=-63.945 duty=0.233 knee_min=12.52 cadence=0.667 stayed_up=True
standing solve: nnls x in [0.00, 0.61], >0.1: 31 muscles
  top: tib_ant_r=0.61, tib_ant_l=0.60, ext_dig_r=0.40, ext_dig_l=0.40, add_long_l=0.20, quad_fem_r=0.20, quad_fem_l=0.20, gem_r=0.20
Fmax range: 5..3396 N | L range sample: [0.229942 0.326094]
csv: trial=5 run=eval kine_score=-68.156 duty=0.142 knee_min=15.89 cadence=0.533 stayed_up=True
standing solve: nnls x in [0.00, 0.60], >0.1: 8 muscles
  top: tib_ant_r=0.60, tib_ant_l=0.59, ext_dig_r=0.36, ext_dig_l=0.36, ercspn_r=0.18, ercspn_l=0.18, per_tert_r=0.18, per_tert_l=0.18
Fmax range: 5..3396 N | L range sample: [0.229942 0.326094]
csv: trial=6 run=eval kine_score=-67.510 duty=0.109 knee_min=14.98 cadence=0.267 stayed_up=True
standing solve: nnls x in [0.00, 0.61], >0.1: 30 muscles
  top: tib_ant_r=0.61, tib_ant_l=0.61, ext_dig_r=0.41, ext_dig_l=0.41, glut_min1_l=0.22, glut_min3_l=0.22, glut_min3_r=0.22, glut_min1_r=0.22
Fmax range: 5..3396 N | L range sample: [0.229942 0.326094]

!! qacc/qvel non-finite at t=3.550, dofs: [ 0  1  2  3  4  5  6  7  8  9 10 11]
   dof 0: joint pelvis_tx
   dof 1: joint pelvis_ty
   dof 2: joint pelvis_tz
   dof 3: joint pelvis_tilt
   dof 4: joint pelvis_list
   dof 5: joint pelvis_rotation
   dof 6: joint hip_flexion_r
   dof 7: joint hip_adduction_r
   dof 8: joint hip_rotation_r
   dof 9: joint knee_r_translation1
   dof 10: joint knee_r_translation2
   dof 11: joint knee_angle_r
   ncon=7
csv: trial=7 run=eval kine_score=-25.000 duty=nan knee_min=nan cadence=0.000 stayed_up=True
standing solve: nnls x in [0.00, 0.60], >0.1: 16 muscles
  top: tib_ant_r=0.60, tib_ant_l=0.60, ext_dig_r=0.38, ext_dig_l=0.38, ercspn_r=0.18, ercspn_l=0.18, per_tert_r=0.18, per_tert_l=0.18
Fmax range: 5..3396 N | L range sample: [0.229942 0.326094]
csv: trial=8 run=eval kine_score=-62.575 duty=0.428 knee_min=14.07 cadence=0.933 stayed_up=True
standing solve: nnls x in [0.00, 0.60], >0.1: 8 muscles
  top: tib_ant_r=0.60, tib_ant_l=0.59, ext_dig_r=0.36, ext_dig_l=0.36, ercspn_r=0.18, ercspn_l=0.18, per_tert_r=0.18, per_tert_l=0.18
Fmax range: 5..3396 N | L range sample: [0.229942 0.326094]
csv: trial=9 run=eval kine_score=-64.413 duty=0.246 knee_min=11.74 cadence=0.400 stayed_up=True
standing solve: nnls x in [0.00, 0.60], >0.1: 8 muscles
  top: tib_ant_r=0.60, tib_ant_l=0.59, ext_dig_r=0.36, ext_dig_l=0.36, ercspn_r=0.18, ercspn_l=0.18, per_tert_r=0.18, per_tert_l=0.18
Fmax range: 5..3396 N | L range sample: [0.229942 0.326094]
csv: trial=10 run=eval kine_score=-63.095 duty=0.433 knee_min=11.20 cadence=0.667 stayed_up=True
standing solve: nnls x in [0.00, 0.60], >0.1: 8 muscles
  top: tib_ant_r=0.60, tib_ant_l=0.60, ext_dig_r=0.37, ext_dig_l=0.37, ercspn_r=0.18, ercspn_l=0.18, per_tert_r=0.18, per_tert_l=0.18
Fmax range: 5..3396 N | L range sample: [0.229942 0.326094]
csv: trial=11 run=eval kine_score=-63.383 duty=0.301 knee_min=12.60 cadence=0.800 stayed_up=True
standing solve: nnls x in [0.00, 0.60], >0.1: 8 muscles
  top: tib_ant_r=0.60, tib_ant_l=0.60, ext_dig_r=0.37, ext_dig_l=0.37, ercspn_r=0.18, ercspn_l=0.18, per_tert_r=0.18, per_tert_l=0.18
Fmax range: 5..3396 N | L range sample: [0.229942 0.326094]
csv: trial=12 run=eval kine_score=-64.260 duty=0.136 knee_min=15.48 cadence=0.667 stayed_up=True
standing solve: nnls x in [0.00, 0.60], >0.1: 14 muscles
  top: tib_ant_r=0.60, tib_ant_l=0.60, ext_dig_r=0.38, ext_dig_l=0.38, ercspn_r=0.18, ercspn_l=0.18, per_tert_r=0.18, per_tert_l=0.18
Fmax range: 5..3396 N | L range sample: [0.229942 0.326094]
csv: trial=13 run=eval kine_score=-61.747 duty=0.411 knee_min=10.54 cadence=0.533 stayed_up=True
standing solve: nnls x in [0.00, 0.60], >0.1: 8 muscles
  top: tib_ant_r=0.60, tib_ant_l=0.60, ext_dig_r=0.37, ext_dig_l=0.37, ercspn_r=0.18, ercspn_l=0.18, per_tert_r=0.18, per_tert_l=0.18
Fmax range: 5..3396 N | L range sample: [0.229942 0.326094]
csv: trial=14 run=eval kine_score=-63.042 duty=0.471 knee_min=11.81 cadence=0.800 stayed_up=True
standing solve: nnls x in [0.00, 0.61], >0.1: 30 muscles
  top: tib_ant_r=0.61, tib_ant_l=0.61, ext_dig_r=0.40, ext_dig_l=0.40, add_long_l=0.20, glut_min1_l=0.20, glut_min1_r=0.19, glut_min3_l=0.19
Fmax range: 5..3396 N | L range sample: [0.229942 0.326094]
csv: trial=15 run=eval kine_score=-60.954 duty=0.488 knee_min=11.25 cadence=1.200 stayed_up=True
NEW GLOBAL BEST -60.954 (trial 15) - running full 22 s capture
standing solve: nnls x in [0.00, 0.61], >0.1: 30 muscles
  top: tib_ant_r=0.61, tib_ant_l=0.61, ext_dig_r=0.40, ext_dig_l=0.40, add_long_l=0.20, glut_min1_l=0.20, glut_min1_r=0.19, glut_min3_l=0.19
Fmax range: 5..3396 N | L range sample: [0.229942 0.326094]
t=  1.00 max|qacc|=       9.2 max|qvel|=   0.71 ncon=  8 com_z=0.940 com_x=-0.151
t=  1.50 max|qacc|=      79.0 max|qvel|=   0.33 ncon=  8 com_z=0.914 com_x=-0.208
t=  2.00 max|qacc|=      17.7 max|qvel|=   0.42 ncon=  8 com_z=0.919 com_x=-0.211
t=  2.50 max|qacc|=       9.0 max|qvel|=   0.25 ncon=  8 com_z=0.916 com_x=-0.220
t=  3.00 max|qacc|=       7.2 max|qvel|=   0.14 ncon=  8 com_z=0.913 com_x=-0.230
t=  3.50 max|qacc|=      22.3 max|qvel|=   0.25 ncon=  7 com_z=0.907 com_x=-0.238
t=  4.00 max|qacc|=     111.4 max|qvel|=   1.76 ncon=  8 com_z=0.881 com_x=-0.268
t=  4.50 max|qacc|=      73.5 max|qvel|=   2.58 ncon=  8 com_z=0.876 com_x=-0.282
t=  5.00 max|qacc|=      35.0 max|qvel|=   0.87 ncon=  7 com_z=0.871 com_x=-0.294
t=  5.50 max|qacc|=      93.9 max|qvel|=   1.88 ncon=  8 com_z=0.858 com_x=-0.311
t=  6.00 max|qacc|=      29.2 max|qvel|=   1.79 ncon=  8 com_z=0.858 com_x=-0.315
t=  6.50 max|qacc|=     105.5 max|qvel|=   0.92 ncon=  7 com_z=0.851 com_x=-0.320
t=  7.00 max|qacc|=      73.7 max|qvel|=   0.96 ncon=  7 com_z=0.847 com_x=-0.315
t=  7.50 max|qacc|=      14.6 max|qvel|=   1.41 ncon=  8 com_z=0.845 com_x=-0.309
t=  8.00 max|qacc|=     156.1 max|qvel|=   1.52 ncon=  7 com_z=0.843 com_x=-0.302
t=  8.50 max|qacc|=      37.0 max|qvel|=   1.01 ncon=  7 com_z=0.842 com_x=-0.291
t=  9.00 max|qacc|=      47.4 max|qvel|=   0.93 ncon=  7 com_z=0.840 com_x=-0.282
t=  9.50 max|qacc|=      74.0 max|qvel|=   1.22 ncon=  6 com_z=0.839 com_x=-0.272
t= 10.00 max|qacc|=     113.4 max|qvel|=   0.25 ncon=  7 com_z=0.838 com_x=-0.262
t= 10.50 max|qacc|=      62.6 max|qvel|=   1.39 ncon=  6 com_z=0.837 com_x=-0.253
t= 11.00 max|qacc|=      46.8 max|qvel|=   1.22 ncon=  6 com_z=0.837 com_x=-0.243
t= 11.50 max|qacc|=      11.7 max|qvel|=   0.24 ncon=  7 com_z=0.836 com_x=-0.236
t= 12.00 max|qacc|=      54.1 max|qvel|=   1.86 ncon=  5 com_z=0.834 com_x=-0.228
t= 12.50 max|qacc|=      29.3 max|qvel|=   0.52 ncon=  6 com_z=0.834 com_x=-0.219
t= 13.00 max|qacc|=     262.1 max|qvel|=   0.82 ncon=  6 com_z=0.833 com_x=-0.213
t= 13.50 max|qacc|=      82.2 max|qvel|=   0.72 ncon=  5 com_z=0.832 com_x=-0.206
t= 14.00 max|qacc|=     264.5 max|qvel|=   0.48 ncon=  6 com_z=0.833 com_x=-0.199
t= 14.50 max|qacc|=      82.3 max|qvel|=   1.32 ncon=  4 com_z=0.832 com_x=-0.195
t= 15.00 max|qacc|=      45.0 max|qvel|=   1.07 ncon=  5 com_z=0.832 com_x=-0.189
t= 15.50 max|qacc|=      15.6 max|qvel|=   0.48 ncon=  5 com_z=0.833 com_x=-0.184
t= 16.00 max|qacc|=      74.8 max|qvel|=   0.64 ncon=  4 com_z=0.848 com_x=-0.171
t= 16.50 max|qacc|=      20.4 max|qvel|=   0.49 ncon=  3 com_z=0.865 com_x=-0.156
t= 17.00 max|qacc|=       4.6 max|qvel|=   0.70 ncon=  4 com_z=0.887 com_x=-0.135
t= 17.50 max|qacc|=       3.5 max|qvel|=   0.08 ncon=  3 com_z=0.897 com_x=-0.123
t= 18.00 max|qacc|=     128.5 max|qvel|=   1.10 ncon=  5 com_z=0.881 com_x=-0.141
t= 18.50 max|qacc|=      17.8 max|qvel|=   0.55 ncon=  4 com_z=0.874 com_x=-0.148
t= 19.00 max|qacc|=     229.7 max|qvel|=   1.24 ncon=  3 com_z=0.878 com_x=-0.145
t= 19.50 max|qacc|=      28.2 max|qvel|=   0.96 ncon=  4 com_z=0.878 com_x=-0.143
t= 20.00 max|qacc|=      57.5 max|qvel|=   0.69 ncon=  3 com_z=0.878 com_x=-0.143
t= 20.50 max|qacc|=      25.8 max|qvel|=   0.73 ncon=  3 com_z=0.878 com_x=-0.142
t= 21.00 max|qacc|=      73.4 max|qvel|=   0.63 ncon=  3 com_z=0.878 com_x=-0.142
t= 21.50 max|qacc|=      24.2 max|qvel|=   1.35 ncon=  3 com_z=0.878 com_x=-0.141

== summary ==
pelvis/COM height: start 0.96 m, min 0.83 m, final 0.88 m  (stayed up)
COM x: min -0.32 max -0.09 final -0.14 m
COM y: min -0.016 max +0.010 m
RG_F_r bursts during walk window: 14
RG_r: cycles in window 15, period 0.72 s (1.38 Hz), E-duty 0.30
RG_l: cycles in window 15, period 0.72 s (1.38 Hz), E-duty 0.17
peak ctrl: [0.4  0.97 0.88 0.86 0.52 0.83 0.75 0.56 0.52 0.3  0.4  0.98 0.88 0.85
 0.52 0.83 0.77 0.57 0.52 0.3 ] (('vas_lat_r', 'med_gas_r', 'soleus_r', 'tib_ant_r', 'psoas_r', 'semimem_r', 'glut_max2_r', 'rect_fem_r', 'sar_r', 'grac_r', 'vas_lat_l', 'med_gas_l', 'soleus_l', 'tib_ant_l', 'psoas_l', 'semimem_l', 'glut_max2_l', 'rect_fem_l', 'sar_l', 'grac_l'))
  hip_flexion_r         -0.4 ..    33.9 deg
  knee_angle_r          -8.8 ..    35.5 deg
  ankle_angle_r        -47.9 ..     0.0 deg
  hip_adduction_r       -4.9 ..    10.6 deg
  subtalar_angle_r      -0.9 ..    18.7 deg
  hip_flexion_l         -0.0 ..    34.0 deg
  knee_angle_l          -5.0 ..    35.2 deg
  ankle_angle_l        -51.0 ..     0.0 deg
  hip_adduction_l       -5.0 ..    11.1 deg
  subtalar_angle_l       0.0 ..    18.4 deg
  pelvis_tilt           -0.0 ..    39.8 deg
  pelvis_list           -1.6 ..     1.7 deg
  pelvis_rotation       -1.7 ..     2.4 deg
saved spinal_run.npz
saved spinal_run.png
csv: trial=15 run=full22 kine_score=-63.013 duty=0.489 knee_min=10.04 cadence=1.400 stayed_up=True
full22 capture: trial 15 kine_score -63.013 -> v6_best_trial15.npz
standing solve: nnls x in [0.00, 0.61], >0.1: 22 muscles
  top: tib_ant_r=0.61, tib_ant_l=0.60, ext_dig_r=0.40, ext_dig_l=0.40, ercspn_r=0.18, ercspn_l=0.18, glut_min1_l=0.18, glut_min3_l=0.18
Fmax range: 5..3396 N | L range sample: [0.229942 0.326094]
csv: trial=16 run=eval kine_score=-60.080 duty=0.447 knee_min=11.53 cadence=1.200 stayed_up=True
NEW GLOBAL BEST -60.080 (trial 16) - running full 22 s capture
standing solve: nnls x in [0.00, 0.61], >0.1: 22 muscles
  top: tib_ant_r=0.61, tib_ant_l=0.60, ext_dig_r=0.40, ext_dig_l=0.40, ercspn_r=0.18, ercspn_l=0.18, glut_min1_l=0.18, glut_min3_l=0.18
Fmax range: 5..3396 N | L range sample: [0.229942 0.326094]
t=  1.00 max|qacc|=      12.2 max|qvel|=   0.63 ncon=  8 com_z=0.945 com_x=-0.147
t=  1.50 max|qacc|=      42.7 max|qvel|=   0.11 ncon=  8 com_z=0.926 com_x=-0.199
t=  2.00 max|qacc|=      24.6 max|qvel|=   0.19 ncon=  8 com_z=0.925 com_x=-0.209
t=  2.50 max|qacc|=      73.9 max|qvel|=   0.35 ncon=  8 com_z=0.921 com_x=-0.220
t=  3.00 max|qacc|=      10.1 max|qvel|=   0.34 ncon=  8 com_z=0.918 com_x=-0.231
t=  3.50 max|qacc|=       9.3 max|qvel|=   0.29 ncon=  7 com_z=0.912 com_x=-0.237
t=  4.00 max|qacc|=      45.4 max|qvel|=   0.88 ncon=  7 com_z=0.880 com_x=-0.270
t=  4.50 max|qacc|=     103.4 max|qvel|=   3.10 ncon=  8 com_z=0.874 com_x=-0.280
t=  5.00 max|qacc|=      90.2 max|qvel|=   0.89 ncon=  8 com_z=0.872 com_x=-0.285
t=  5.50 max|qacc|=      80.5 max|qvel|=   1.99 ncon=  8 com_z=0.860 com_x=-0.299
t=  6.00 max|qacc|=      30.9 max|qvel|=   2.39 ncon=  7 com_z=0.863 com_x=-0.300
t=  6.50 max|qacc|=      42.4 max|qvel|=   1.01 ncon=  6 com_z=0.858 com_x=-0.303
t=  7.00 max|qacc|=     111.9 max|qvel|=   1.23 ncon=  6 com_z=0.854 com_x=-0.301
t=  7.50 max|qacc|=     100.9 max|qvel|=   1.54 ncon=  8 com_z=0.852 com_x=-0.296
t=  8.00 max|qacc|=     149.6 max|qvel|=   0.89 ncon=  8 com_z=0.850 com_x=-0.290
t=  8.50 max|qacc|=      45.7 max|qvel|=   0.81 ncon=  8 com_z=0.849 com_x=-0.284
t=  9.00 max|qacc|=      35.2 max|qvel|=   1.06 ncon=  7 com_z=0.847 com_x=-0.279
t=  9.50 max|qacc|=     100.1 max|qvel|=   0.98 ncon=  6 com_z=0.846 com_x=-0.272
t= 10.00 max|qacc|=     121.5 max|qvel|=   1.82 ncon=  7 com_z=0.843 com_x=-0.262
t= 10.50 max|qacc|=      28.8 max|qvel|=   1.29 ncon=  7 com_z=0.844 com_x=-0.253
t= 11.00 max|qacc|=     136.8 max|qvel|=   0.21 ncon=  7 com_z=0.843 com_x=-0.245
t= 11.50 max|qacc|=      16.3 max|qvel|=   0.95 ncon=  6 com_z=0.841 com_x=-0.238
t= 12.00 max|qacc|=      81.6 max|qvel|=   0.89 ncon=  5 com_z=0.840 com_x=-0.232
t= 12.50 max|qacc|=     289.1 max|qvel|=   2.71 ncon=  5 com_z=0.839 com_x=-0.223
t= 13.00 max|qacc|=      23.4 max|qvel|=   1.03 ncon=  6 com_z=0.839 com_x=-0.215
t= 13.50 max|qacc|=     156.9 max|qvel|=   0.17 ncon=  6 com_z=0.838 com_x=-0.208
t= 14.00 max|qacc|=      47.8 max|qvel|=   0.31 ncon=  6 com_z=0.838 com_x=-0.202
t= 14.50 max|qacc|=      97.6 max|qvel|=   0.83 ncon=  5 com_z=0.837 com_x=-0.198
t= 15.00 max|qacc|=      62.9 max|qvel|=   1.42 ncon=  5 com_z=0.836 com_x=-0.193
t= 15.50 max|qacc|=      36.4 max|qvel|=   0.72 ncon=  5 com_z=0.838 com_x=-0.185
t= 16.00 max|qacc|=      31.4 max|qvel|=   0.60 ncon=  5 com_z=0.853 com_x=-0.172
t= 16.50 max|qacc|=      15.5 max|qvel|=   0.49 ncon=  2 com_z=0.874 com_x=-0.154
t= 17.00 max|qacc|=       3.4 max|qvel|=   0.83 ncon=  3 com_z=0.897 com_x=-0.130
t= 17.50 max|qacc|=       0.9 max|qvel|=   0.18 ncon=  2 com_z=0.906 com_x=-0.117
t= 18.00 max|qacc|=      12.8 max|qvel|=   1.39 ncon=  3 com_z=0.894 com_x=-0.129
t= 18.50 max|qacc|=     229.4 max|qvel|=   0.67 ncon=  3 com_z=0.885 com_x=-0.142
t= 19.00 max|qacc|=     156.3 max|qvel|=   3.08 ncon=  3 com_z=0.885 com_x=-0.142
t= 19.50 max|qacc|=      33.5 max|qvel|=   1.28 ncon=  3 com_z=0.887 com_x=-0.138
t= 20.00 max|qacc|=      45.5 max|qvel|=   0.89 ncon=  2 com_z=0.887 com_x=-0.138
t= 20.50 max|qacc|=      18.8 max|qvel|=   1.56 ncon=  2 com_z=0.886 com_x=-0.138
t= 21.00 max|qacc|=      20.0 max|qvel|=   0.71 ncon=  3 com_z=0.888 com_x=-0.137
t= 21.50 max|qacc|=      62.9 max|qvel|=   0.87 ncon=  3 com_z=0.887 com_x=-0.137

== summary ==
pelvis/COM height: start 0.96 m, min 0.84 m, final 0.89 m  (stayed up)
COM x: min -0.30 max -0.09 final -0.14 m
COM y: min -0.024 max +0.020 m
RG_F_r bursts during walk window: 12
RG_r: cycles in window 12, period 0.83 s (1.20 Hz), E-duty 0.29
RG_l: cycles in window 13, period 0.83 s (1.20 Hz), E-duty 0.13
peak ctrl: [0.4  0.91 0.8  0.85 0.5  0.8  0.74 0.55 0.5  0.29 0.38 0.89 0.79 0.84
 0.49 0.79 0.73 0.54 0.49 0.28] (('vas_lat_r', 'med_gas_r', 'soleus_r', 'tib_ant_r', 'psoas_r', 'semimem_r', 'glut_max2_r', 'rect_fem_r', 'sar_r', 'grac_r', 'vas_lat_l', 'med_gas_l', 'soleus_l', 'tib_ant_l', 'psoas_l', 'semimem_l', 'glut_max2_l', 'rect_fem_l', 'sar_l', 'grac_l'))
  hip_flexion_r         -6.9 ..    34.2 deg
  knee_angle_r         -18.0 ..    37.1 deg
  ankle_angle_r        -51.1 ..     0.0 deg
  hip_adduction_r       -3.4 ..    12.9 deg
  subtalar_angle_r      -0.9 ..    19.0 deg
  hip_flexion_l         -6.3 ..    34.1 deg
  knee_angle_l         -12.6 ..    36.8 deg
  ankle_angle_l        -53.5 ..     0.0 deg
  hip_adduction_l       -3.8 ..    13.6 deg
  subtalar_angle_l       0.0 ..    18.4 deg
  pelvis_tilt           -0.0 ..    38.5 deg
  pelvis_list           -2.3 ..     1.8 deg
  pelvis_rotation       -2.4 ..     3.0 deg
saved spinal_run.npz
saved spinal_run.png
csv: trial=16 run=full22 kine_score=-61.127 duty=0.473 knee_min=10.01 cadence=1.100 stayed_up=True
full22 capture: trial 16 kine_score -61.127 -> v6_best_trial16.npz
standing solve: nnls x in [0.00, 0.61], >0.1: 28 muscles
  top: tib_ant_r=0.61, tib_ant_l=0.60, ext_dig_r=0.39, ext_dig_l=0.39, ercspn_r=0.18, ercspn_l=0.18, glut_min1_l=0.18, glut_min1_r=0.18
Fmax range: 5..3396 N | L range sample: [0.229942 0.326094]
csv: trial=17 run=eval kine_score=-59.834 duty=0.486 knee_min=11.32 cadence=0.933 stayed_up=True
NEW GLOBAL BEST -59.834 (trial 17) - running full 22 s capture
standing solve: nnls x in [0.00, 0.61], >0.1: 28 muscles
  top: tib_ant_r=0.61, tib_ant_l=0.60, ext_dig_r=0.39, ext_dig_l=0.39, ercspn_r=0.18, ercspn_l=0.18, glut_min1_l=0.18, glut_min1_r=0.18
Fmax range: 5..3396 N | L range sample: [0.229942 0.326094]
t=  1.00 max|qacc|=       3.4 max|qvel|=   0.71 ncon=  8 com_z=0.942 com_x=-0.151
t=  1.50 max|qacc|=      16.7 max|qvel|=   0.12 ncon=  8 com_z=0.920 com_x=-0.204
t=  2.00 max|qacc|=      31.2 max|qvel|=   0.23 ncon=  8 com_z=0.923 com_x=-0.209
t=  2.50 max|qacc|=       7.6 max|qvel|=   0.26 ncon=  8 com_z=0.919 com_x=-0.221
t=  3.00 max|qacc|=      54.7 max|qvel|=   0.33 ncon=  8 com_z=0.916 com_x=-0.230
t=  3.50 max|qacc|=       7.7 max|qvel|=   0.34 ncon=  7 com_z=0.909 com_x=-0.238
t=  4.00 max|qacc|=      66.2 max|qvel|=   0.49 ncon=  6 com_z=0.881 com_x=-0.268
t=  4.50 max|qacc|=      17.8 max|qvel|=   0.51 ncon=  6 com_z=0.876 com_x=-0.279
t=  5.00 max|qacc|=      14.0 max|qvel|=   0.44 ncon=  7 com_z=0.869 com_x=-0.288
t=  5.50 max|qacc|=      85.2 max|qvel|=   0.78 ncon=  6 com_z=0.860 com_x=-0.303
t=  6.00 max|qacc|=     152.5 max|qvel|=   2.78 ncon=  7 com_z=0.860 com_x=-0.305
t=  6.50 max|qacc|=      59.8 max|qvel|=   1.16 ncon=  8 com_z=0.856 com_x=-0.306
t=  7.00 max|qacc|=      62.8 max|qvel|=   1.05 ncon=  8 com_z=0.853 com_x=-0.303
t=  7.50 max|qacc|=      57.5 max|qvel|=   0.86 ncon=  8 com_z=0.851 com_x=-0.299
t=  8.00 max|qacc|=      31.4 max|qvel|=   1.37 ncon=  8 com_z=0.849 com_x=-0.294
t=  8.50 max|qacc|=       6.9 max|qvel|=   1.05 ncon=  7 com_z=0.848 com_x=-0.287
t=  9.00 max|qacc|=      25.1 max|qvel|=   0.88 ncon=  7 com_z=0.845 com_x=-0.281
t=  9.50 max|qacc|=      21.3 max|qvel|=   0.62 ncon=  6 com_z=0.845 com_x=-0.273
t= 10.00 max|qacc|=     112.3 max|qvel|=   2.02 ncon=  5 com_z=0.842 com_x=-0.265
t= 10.50 max|qacc|=     467.1 max|qvel|=   3.54 ncon=  6 com_z=0.842 com_x=-0.256
t= 11.00 max|qacc|=     124.4 max|qvel|=   1.00 ncon=  7 com_z=0.839 com_x=-0.247
t= 11.50 max|qacc|=      51.6 max|qvel|=   1.11 ncon=  6 com_z=0.841 com_x=-0.238
t= 12.00 max|qacc|=     260.8 max|qvel|=   0.32 ncon=  7 com_z=0.839 com_x=-0.230
t= 12.50 max|qacc|=       9.0 max|qvel|=   0.32 ncon=  6 com_z=0.839 com_x=-0.222
t= 13.00 max|qacc|=       7.5 max|qvel|=   0.34 ncon=  6 com_z=0.838 com_x=-0.216
t= 13.50 max|qacc|=      17.5 max|qvel|=   0.64 ncon=  6 com_z=0.837 com_x=-0.209
t= 14.00 max|qacc|=      66.9 max|qvel|=   1.17 ncon=  5 com_z=0.836 com_x=-0.204
t= 14.50 max|qacc|=     123.2 max|qvel|=   2.51 ncon=  5 com_z=0.835 com_x=-0.198
t= 15.00 max|qacc|=      73.4 max|qvel|=   0.87 ncon=  5 com_z=0.836 com_x=-0.192
t= 15.50 max|qacc|=     182.9 max|qvel|=   0.74 ncon=  5 com_z=0.836 com_x=-0.186
t= 16.00 max|qacc|=      13.2 max|qvel|=   0.32 ncon=  4 com_z=0.853 com_x=-0.171
t= 16.50 max|qacc|=      35.6 max|qvel|=   0.45 ncon=  2 com_z=0.876 com_x=-0.151
t= 17.00 max|qacc|=       2.8 max|qvel|=   0.65 ncon=  4 com_z=0.897 com_x=-0.128
t= 17.50 max|qacc|=       0.8 max|qvel|=   0.10 ncon=  2 com_z=0.899 com_x=-0.122
t= 18.00 max|qacc|=       3.7 max|qvel|=   0.23 ncon=  2 com_z=0.895 com_x=-0.125
t= 18.50 max|qacc|=      42.2 max|qvel|=   1.46 ncon=  2 com_z=0.891 com_x=-0.134
t= 19.00 max|qacc|=      22.8 max|qvel|=   1.87 ncon=  3 com_z=0.880 com_x=-0.144
t= 19.50 max|qacc|=     106.0 max|qvel|=   0.95 ncon=  3 com_z=0.882 com_x=-0.142
t= 20.00 max|qacc|=      60.8 max|qvel|=   1.29 ncon=  3 com_z=0.885 com_x=-0.138
t= 20.50 max|qacc|=      52.5 max|qvel|=   0.91 ncon=  3 com_z=0.883 com_x=-0.140
t= 21.00 max|qacc|=      25.0 max|qvel|=   0.77 ncon=  3 com_z=0.885 com_x=-0.138
t= 21.50 max|qacc|=      12.3 max|qvel|=   1.75 ncon=  3 com_z=0.884 com_x=-0.138

== summary ==
pelvis/COM height: start 0.96 m, min 0.83 m, final 0.89 m  (stayed up)
COM x: min -0.31 max -0.09 final -0.14 m
COM y: min -0.031 max +0.031 m
RG_F_r bursts during walk window: 1
RG_r: cycles in window 12, period 0.89 s (1.12 Hz), E-duty 0.30
RG_l: cycles in window 12, period 0.89 s (1.12 Hz), E-duty 0.15
peak ctrl: [0.41 0.96 0.86 0.86 0.54 0.82 0.73 0.56 0.53 0.31 0.4  0.96 0.86 0.85
 0.52 0.83 0.76 0.57 0.52 0.31] (('vas_lat_r', 'med_gas_r', 'soleus_r', 'tib_ant_r', 'psoas_r', 'semimem_r', 'glut_max2_r', 'rect_fem_r', 'sar_r', 'grac_r', 'vas_lat_l', 'med_gas_l', 'soleus_l', 'tib_ant_l', 'psoas_l', 'semimem_l', 'glut_max2_l', 'rect_fem_l', 'sar_l', 'grac_l'))
  hip_flexion_r         -4.7 ..    35.0 deg
  knee_angle_r         -16.7 ..    37.9 deg
  ankle_angle_r        -51.9 ..     0.0 deg
  hip_adduction_r       -5.0 ..    12.2 deg
  subtalar_angle_r      -0.6 ..    19.3 deg
  hip_flexion_l         -3.4 ..    35.0 deg
  knee_angle_l         -11.1 ..    39.4 deg
  ankle_angle_l        -56.1 ..     0.0 deg
  hip_adduction_l       -5.3 ..    13.1 deg
  subtalar_angle_l       0.0 ..    18.4 deg
  pelvis_tilt           -0.0 ..    38.8 deg
  pelvis_list           -2.1 ..     3.8 deg
  pelvis_rotation       -3.5 ..     3.4 deg
saved spinal_run.npz
saved spinal_run.png
csv: trial=17 run=full22 kine_score=-61.331 duty=0.487 knee_min=10.01 cadence=1.100 stayed_up=True
full22 capture: trial 17 kine_score -61.331 -> v6_best_trial17.npz
standing solve: nnls x in [0.00, 0.60], >0.1: 22 muscles
  top: tib_ant_r=0.60, tib_ant_l=0.60, ext_dig_r=0.38, ext_dig_l=0.38, ercspn_r=0.18, ercspn_l=0.18, per_tert_r=0.18, per_tert_l=0.17
Fmax range: 5..3396 N | L range sample: [0.229942 0.326094]
csv: trial=18 run=eval kine_score=-65.633 duty=0.209 knee_min=12.03 cadence=0.667 stayed_up=True
standing solve: nnls x in [0.00, 0.60], >0.1: 14 muscles
  top: tib_ant_r=0.60, tib_ant_l=0.60, ext_dig_r=0.38, ext_dig_l=0.38, ercspn_r=0.18, ercspn_l=0.18, per_tert_r=0.18, per_tert_l=0.18
Fmax range: 5..3396 N | L range sample: [0.229942 0.326094]
csv: trial=19 run=eval kine_score=-60.250 duty=0.473 knee_min=11.61 cadence=1.067 stayed_up=True
standing solve: nnls x in [0.00, 0.61], >0.1: 22 muscles
  top: tib_ant_r=0.61, tib_ant_l=0.60, ext_dig_r=0.39, ext_dig_l=0.39, ercspn_r=0.18, ercspn_l=0.18, per_tert_r=0.17, per_tert_l=0.17
Fmax range: 5..3396 N | L range sample: [0.229942 0.326094]
csv: trial=20 run=eval kine_score=-63.082 duty=0.445 knee_min=11.51 cadence=0.800 stayed_up=True
standing solve: nnls x in [0.00, 0.60], >0.1: 8 muscles
  top: tib_ant_r=0.60, tib_ant_l=0.59, ext_dig_r=0.37, ext_dig_l=0.37, ercspn_r=0.18, ercspn_l=0.18, per_tert_r=0.18, per_tert_l=0.18
Fmax range: 5..3396 N | L range sample: [0.229942 0.326094]
csv: trial=21 run=eval kine_score=-59.822 duty=0.486 knee_min=11.56 cadence=1.333 stayed_up=True
NEW GLOBAL BEST -59.822 (trial 21) - running full 22 s capture
standing solve: nnls x in [0.00, 0.60], >0.1: 8 muscles
  top: tib_ant_r=0.60, tib_ant_l=0.59, ext_dig_r=0.37, ext_dig_l=0.37, ercspn_r=0.18, ercspn_l=0.18, per_tert_r=0.18, per_tert_l=0.18
Fmax range: 5..3396 N | L range sample: [0.229942 0.326094]
t=  1.00 max|qacc|=      31.2 max|qvel|=   0.81 ncon=  8 com_z=0.952 com_x=-0.137
t=  1.50 max|qacc|=      14.0 max|qvel|=   0.26 ncon=  8 com_z=0.945 com_x=-0.174
t=  2.00 max|qacc|=      33.3 max|qvel|=   0.27 ncon=  8 com_z=0.940 com_x=-0.194
t=  2.50 max|qacc|=      32.8 max|qvel|=   0.33 ncon=  8 com_z=0.936 com_x=-0.208
t=  3.00 max|qacc|=      24.1 max|qvel|=   0.36 ncon=  8 com_z=0.935 com_x=-0.215
t=  3.50 max|qacc|=     236.3 max|qvel|=   1.65 ncon=  8 com_z=0.928 com_x=-0.224
t=  4.00 max|qacc|=      12.6 max|qvel|=   1.75 ncon=  8 com_z=0.899 com_x=-0.258
t=  4.50 max|qacc|=      39.8 max|qvel|=   0.43 ncon=  7 com_z=0.884 com_x=-0.274
t=  5.00 max|qacc|=      66.3 max|qvel|=   0.83 ncon=  8 com_z=0.883 com_x=-0.271
t=  5.50 max|qacc|=      32.8 max|qvel|=   1.34 ncon=  7 com_z=0.872 com_x=-0.279
t=  6.00 max|qacc|=      47.6 max|qvel|=   0.88 ncon=  8 com_z=0.875 com_x=-0.274
t=  6.50 max|qacc|=     246.9 max|qvel|=   1.64 ncon=  7 com_z=0.873 com_x=-0.271
t=  7.00 max|qacc|=      55.1 max|qvel|=   1.78 ncon=  7 com_z=0.870 com_x=-0.269
t=  7.50 max|qacc|=      11.0 max|qvel|=   1.14 ncon=  7 com_z=0.870 com_x=-0.264
t=  8.00 max|qacc|=      70.3 max|qvel|=   1.80 ncon=  7 com_z=0.867 com_x=-0.262
t=  8.50 max|qacc|=      32.8 max|qvel|=   1.12 ncon=  8 com_z=0.866 com_x=-0.256
t=  9.00 max|qacc|=      95.9 max|qvel|=   0.61 ncon=  6 com_z=0.865 com_x=-0.252
t=  9.50 max|qacc|=      45.3 max|qvel|=   0.37 ncon=  7 com_z=0.864 com_x=-0.246
t= 10.00 max|qacc|=      24.1 max|qvel|=   0.82 ncon=  7 com_z=0.862 com_x=-0.242
t= 10.50 max|qacc|=      94.1 max|qvel|=   1.23 ncon=  6 com_z=0.862 com_x=-0.235
t= 11.00 max|qacc|=      39.0 max|qvel|=   0.71 ncon=  7 com_z=0.861 com_x=-0.230
t= 11.50 max|qacc|=     189.0 max|qvel|=   1.03 ncon=  7 com_z=0.860 com_x=-0.223
t= 12.00 max|qacc|=       7.0 max|qvel|=   0.92 ncon=  6 com_z=0.859 com_x=-0.218
t= 12.50 max|qacc|=      87.2 max|qvel|=   1.83 ncon=  6 com_z=0.859 com_x=-0.213
t= 13.00 max|qacc|=      30.6 max|qvel|=   0.27 ncon=  6 com_z=0.858 com_x=-0.208
t= 13.50 max|qacc|=      49.4 max|qvel|=   1.84 ncon=  5 com_z=0.857 com_x=-0.203
t= 14.00 max|qacc|=      66.7 max|qvel|=   0.23 ncon=  6 com_z=0.857 com_x=-0.198
t= 14.50 max|qacc|=      78.5 max|qvel|=   0.86 ncon=  5 com_z=0.856 com_x=-0.194
t= 15.00 max|qacc|=      81.2 max|qvel|=   0.52 ncon=  5 com_z=0.855 com_x=-0.189
t= 15.50 max|qacc|=      31.4 max|qvel|=   0.46 ncon=  4 com_z=0.857 com_x=-0.184
t= 16.00 max|qacc|=      14.4 max|qvel|=   0.27 ncon=  3 com_z=0.869 com_x=-0.170
t= 16.50 max|qacc|=      30.1 max|qvel|=   0.66 ncon=  2 com_z=0.886 com_x=-0.154
t= 17.00 max|qacc|=       5.7 max|qvel|=   1.23 ncon=  2 com_z=0.909 com_x=-0.131
t= 17.50 max|qacc|=       9.3 max|qvel|=   0.63 ncon=  2 com_z=0.924 com_x=-0.106
t= 18.00 max|qacc|=      16.2 max|qvel|=   1.15 ncon=  2 com_z=0.910 com_x=-0.126
t= 18.50 max|qacc|=      14.4 max|qvel|=   1.45 ncon=  2 com_z=0.905 com_x=-0.130
t= 19.00 max|qacc|=      15.7 max|qvel|=   1.09 ncon=  2 com_z=0.909 com_x=-0.125
t= 19.50 max|qacc|=      22.7 max|qvel|=   0.92 ncon=  2 com_z=0.908 com_x=-0.124
t= 20.00 max|qacc|=      28.8 max|qvel|=   0.42 ncon=  2 com_z=0.908 com_x=-0.124
t= 20.50 max|qacc|=      77.7 max|qvel|=   1.04 ncon=  2 com_z=0.908 com_x=-0.122
t= 21.00 max|qacc|=      75.2 max|qvel|=   1.48 ncon=  2 com_z=0.908 com_x=-0.121
t= 21.50 max|qacc|=      11.3 max|qvel|=   1.65 ncon=  2 com_z=0.907 com_x=-0.121

== summary ==
pelvis/COM height: start 0.96 m, min 0.86 m, final 0.91 m  (stayed up)
COM x: min -0.28 max -0.09 final -0.12 m
COM y: min -0.005 max +0.006 m
RG_F_r bursts during walk window: 14
RG_r: cycles in window 16, period 0.69 s (1.46 Hz), E-duty 0.30
RG_l: cycles in window 16, period 0.69 s (1.46 Hz), E-duty 0.15
peak ctrl: [0.31 0.62 0.57 0.78 0.29 0.42 0.58 0.38 0.29 0.14 0.31 0.63 0.58 0.77
 0.29 0.43 0.57 0.39 0.29 0.14] (('vas_lat_r', 'med_gas_r', 'soleus_r', 'tib_ant_r', 'psoas_r', 'semimem_r', 'glut_max2_r', 'rect_fem_r', 'sar_r', 'grac_r', 'vas_lat_l', 'med_gas_l', 'soleus_l', 'tib_ant_l', 'psoas_l', 'semimem_l', 'glut_max2_l', 'rect_fem_l', 'sar_l', 'grac_l'))
  hip_flexion_r        -15.4 ..    27.9 deg
  knee_angle_r         -22.4 ..    28.3 deg
  ankle_angle_r        -42.9 ..     0.0 deg
  hip_adduction_r       -1.7 ..    12.5 deg
  subtalar_angle_r       0.0 ..    17.1 deg
  hip_flexion_l        -14.5 ..    25.9 deg
  knee_angle_l         -18.4 ..    28.0 deg
  ankle_angle_l        -46.6 ..     0.0 deg
  hip_adduction_l       -0.9 ..    13.3 deg
  subtalar_angle_l       0.0 ..    17.3 deg
  pelvis_tilt           -0.0 ..    32.9 deg
  pelvis_list           -1.4 ..     0.9 deg
  pelvis_rotation       -1.1 ..     1.1 deg
saved spinal_run.npz
saved spinal_run.png
csv: trial=21 run=full22 kine_score=-61.177 duty=0.478 knee_min=10.15 cadence=1.500 stayed_up=True
full22 capture: trial 21 kine_score -61.177 -> v6_best_trial21.npz
standing solve: nnls x in [0.00, 0.61], >0.1: 20 muscles
  top: tib_ant_r=0.61, tib_ant_l=0.60, ext_dig_r=0.39, ext_dig_l=0.39, ercspn_r=0.18, ercspn_l=0.18, per_tert_r=0.17, per_tert_l=0.17
Fmax range: 5..3396 N | L range sample: [0.229942 0.326094]
csv: trial=22 run=eval kine_score=-61.328 duty=0.449 knee_min=11.05 cadence=0.933 stayed_up=True
standing solve: nnls x in [0.00, 0.60], >0.1: 8 muscles
  top: tib_ant_r=0.60, tib_ant_l=0.60, ext_dig_r=0.37, ext_dig_l=0.37, ercspn_r=0.18, ercspn_l=0.18, per_tert_r=0.18, per_tert_l=0.18
Fmax range: 5..3396 N | L range sample: [0.229942 0.326094]
csv: trial=23 run=eval kine_score=-60.160 duty=0.470 knee_min=12.62 cadence=1.333 stayed_up=True
standing solve: nnls x in [0.00, 0.60], >0.1: 15 muscles
  top: tib_ant_r=0.60, tib_ant_l=0.60, ext_dig_r=0.38, ext_dig_l=0.38, ercspn_r=0.18, ercspn_l=0.18, per_tert_r=0.18, per_tert_l=0.18
Fmax range: 5..3396 N | L range sample: [0.229942 0.326094]
csv: trial=24 run=eval kine_score=-61.858 duty=0.449 knee_min=11.99 cadence=0.933 stayed_up=True
standing solve: nnls x in [0.00, 0.61], >0.1: 36 muscles
  top: tib_ant_r=0.61, tib_ant_l=0.61, ext_dig_r=0.40, ext_dig_l=0.40, add_long_l=0.22, glut_min1_l=0.22, glut_min1_r=0.22, add_long_r=0.22
Fmax range: 5..3396 N | L range sample: [0.229942 0.326094]
csv: trial=25 run=eval kine_score=-61.236 duty=0.452 knee_min=13.03 cadence=0.933 stayed_up=True
standing solve: nnls x in [0.00, 0.60], >0.1: 16 muscles
  top: tib_ant_r=0.60, tib_ant_l=0.60, ext_dig_r=0.38, ext_dig_l=0.38, ercspn_r=0.18, ercspn_l=0.18, per_tert_r=0.18, per_tert_l=0.18
Fmax range: 5..3396 N | L range sample: [0.229942 0.326094]
csv: trial=26 run=eval kine_score=-61.281 duty=0.413 knee_min=12.61 cadence=0.933 stayed_up=True
standing solve: nnls x in [0.00, 0.60], >0.1: 8 muscles
  top: tib_ant_r=0.60, tib_ant_l=0.59, ext_dig_r=0.36, ext_dig_l=0.36, ercspn_r=0.18, ercspn_l=0.18, per_tert_r=0.18, per_tert_l=0.18
Fmax range: 5..3396 N | L range sample: [0.229942 0.326094]
csv: trial=27 run=eval kine_score=-60.141 duty=0.476 knee_min=11.69 cadence=1.333 stayed_up=True
standing solve: nnls x in [0.00, 0.60], >0.1: 8 muscles
  top: tib_ant_r=0.60, tib_ant_l=0.60, ext_dig_r=0.37, ext_dig_l=0.37, ercspn_r=0.18, ercspn_l=0.18, per_tert_r=0.18, per_tert_l=0.18
Fmax range: 5..3396 N | L range sample: [0.229942 0.326094]
csv: trial=28 run=eval kine_score=-60.320 duty=0.473 knee_min=12.57 cadence=1.067 stayed_up=True
standing solve: nnls x in [0.00, 0.61], >0.1: 22 muscles
  top: tib_ant_r=0.61, tib_ant_l=0.60, ext_dig_r=0.39, ext_dig_l=0.39, ercspn_r=0.18, ercspn_l=0.18, per_tert_r=0.17, per_tert_l=0.17
Fmax range: 5..3396 N | L range sample: [0.229942 0.326094]
csv: trial=29 run=eval kine_score=-60.996 duty=0.449 knee_min=11.67 cadence=0.933 stayed_up=True
standing solve: nnls x in [0.00, 0.60], >0.1: 16 muscles
  top: tib_ant_r=0.60, tib_ant_l=0.60, ext_dig_r=0.38, ext_dig_l=0.38, ercspn_r=0.18, ercspn_l=0.18, per_tert_r=0.18, per_tert_l=0.18
Fmax range: 5..3396 N | L range sample: [0.229942 0.326094]
csv: trial=30 run=eval kine_score=-60.110 duty=0.489 knee_min=11.17 cadence=0.933 stayed_up=True
standing solve: nnls x in [0.00, 0.61], >0.1: 22 muscles
  top: tib_ant_r=0.61, tib_ant_l=0.60, ext_dig_r=0.39, ext_dig_l=0.39, ercspn_r=0.18, ercspn_l=0.18, glut_min1_l=0.18, glut_min3_r=0.18
Fmax range: 5..3396 N | L range sample: [0.229942 0.326094]
csv: trial=31 run=eval kine_score=-61.347 duty=0.435 knee_min=12.81 cadence=0.933 stayed_up=True
standing solve: nnls x in [0.00, 0.61], >0.1: 34 muscles
  top: tib_ant_r=0.61, tib_ant_l=0.61, ext_dig_r=0.40, ext_dig_l=0.40, glut_min1_l=0.22, glut_min1_r=0.21, add_long_l=0.21, glut_min3_l=0.21
Fmax range: 5..3396 N | L range sample: [0.229942 0.326094]
csv: trial=32 run=eval kine_score=-60.056 duty=0.481 knee_min=11.31 cadence=0.933 stayed_up=True
standing solve: nnls x in [0.00, 0.60], >0.1: 8 muscles
  top: tib_ant_r=0.60, tib_ant_l=0.60, ext_dig_r=0.37, ext_dig_l=0.37, ercspn_r=0.18, ercspn_l=0.18, per_tert_r=0.18, per_tert_l=0.18
Fmax range: 5..3396 N | L range sample: [0.229942 0.326094]
csv: trial=33 run=eval kine_score=-61.208 duty=0.482 knee_min=11.28 cadence=1.467 stayed_up=True
standing solve: nnls x in [0.00, 0.61], >0.1: 24 muscles
  top: tib_ant_r=0.61, tib_ant_l=0.61, ext_dig_r=0.40, ext_dig_l=0.40, glut_min1_l=0.19, glut_min3_l=0.19, glut_min3_r=0.19, glut_min1_r=0.19
Fmax range: 5..3396 N | L range sample: [0.229942 0.326094]
csv: trial=34 run=eval kine_score=-60.718 duty=0.466 knee_min=11.33 cadence=1.200 stayed_up=True
standing solve: nnls x in [0.00, 0.61], >0.1: 28 muscles
  top: tib_ant_r=0.61, tib_ant_l=0.60, ext_dig_r=0.39, ext_dig_l=0.39, ercspn_r=0.18, ercspn_l=0.18, per_tert_r=0.17, per_tert_l=0.17
Fmax range: 5..3396 N | L range sample: [0.229942 0.326094]
csv: trial=35 run=eval kine_score=-62.191 duty=0.280 knee_min=11.66 cadence=0.800 stayed_up=True
standing solve: nnls x in [0.00, 0.60], >0.1: 8 muscles
  top: tib_ant_r=0.60, tib_ant_l=0.59, ext_dig_r=0.36, ext_dig_l=0.36, ercspn_r=0.18, ercspn_l=0.18, per_tert_r=0.18, per_tert_l=0.18
Fmax range: 5..3396 N | L range sample: [0.229942 0.326094]
csv: trial=36 run=eval kine_score=-60.121 duty=0.480 knee_min=12.10 cadence=1.467 stayed_up=True
standing solve: nnls x in [0.00, 0.61], >0.1: 32 muscles
  top: tib_ant_r=0.61, tib_ant_l=0.61, ext_dig_r=0.40, ext_dig_l=0.40, add_long_l=0.20, glut_min1_l=0.20, glut_min1_r=0.20, add_long_r=0.20
Fmax range: 5..3396 N | L range sample: [0.229942 0.326094]
csv: trial=37 run=eval kine_score=-60.227 duty=0.483 knee_min=11.30 cadence=1.067 stayed_up=True
standing solve: nnls x in [0.00, 0.61], >0.1: 32 muscles
  top: tib_ant_r=0.61, tib_ant_l=0.61, ext_dig_r=0.40, ext_dig_l=0.40, glut_min1_l=0.21, glut_min1_r=0.20, add_long_l=0.20, glut_min3_l=0.20
Fmax range: 5..3396 N | L range sample: [0.229942 0.326094]
csv: trial=38 run=eval kine_score=-61.666 duty=0.467 knee_min=11.03 cadence=0.800 stayed_up=True
standing solve: nnls x in [0.00, 0.60], >0.1: 8 muscles
  top: tib_ant_r=0.60, tib_ant_l=0.59, ext_dig_r=0.37, ext_dig_l=0.37, ercspn_r=0.18, ercspn_l=0.18, per_tert_r=0.18, per_tert_l=0.18
Fmax range: 5..3396 N | L range sample: [0.229942 0.326094]
csv: trial=39 run=eval kine_score=-60.167 duty=0.472 knee_min=12.60 cadence=1.333 stayed_up=True
standing solve: nnls x in [0.00, 0.61], >0.1: 32 muscles
  top: tib_ant_r=0.61, tib_ant_l=0.61, ext_dig_r=0.40, ext_dig_l=0.40, glut_min1_l=0.20, glut_min1_r=0.20, glut_min3_l=0.20, glut_min3_r=0.20
Fmax range: 5..3396 N | L range sample: [0.229942 0.326094]
csv: trial=40 run=eval kine_score=-61.412 duty=0.468 knee_min=10.94 cadence=0.800 stayed_up=True
standing solve: nnls x in [0.00, 0.61], >0.1: 28 muscles
  top: tib_ant_r=0.61, tib_ant_l=0.60, ext_dig_r=0.39, ext_dig_l=0.39, ercspn_r=0.18, ercspn_l=0.18, add_long_l=0.18, glut_min1_l=0.18
Fmax range: 5..3396 N | L range sample: [0.229942 0.326094]
csv: trial=41 run=eval kine_score=-60.982 duty=0.470 knee_min=11.41 cadence=0.800 stayed_up=True
standing solve: nnls x in [0.00, 0.60], >0.1: 15 muscles
  top: tib_ant_r=0.60, tib_ant_l=0.60, ext_dig_r=0.38, ext_dig_l=0.38, ercspn_r=0.18, ercspn_l=0.18, per_tert_r=0.18, per_tert_l=0.18
Fmax range: 5..3396 N | L range sample: [0.229942 0.326094]
csv: trial=42 run=eval kine_score=-61.429 duty=0.472 knee_min=10.94 cadence=0.800 stayed_up=True
standing solve: nnls x in [0.00, 0.62], >0.1: 30 muscles
  top: tib_ant_r=0.62, tib_ant_l=0.61, ext_dig_r=0.41, ext_dig_l=0.41, glut_min3_l=0.23, glut_min3_r=0.23, glut_min1_l=0.23, glut_min1_r=0.23
Fmax range: 5..3396 N | L range sample: [0.229942 0.326094]
csv: trial=43 run=eval kine_score=-60.380 duty=0.483 knee_min=10.78 cadence=0.933 stayed_up=True
standing solve: nnls x in [0.00, 0.61], >0.1: 28 muscles
  top: tib_ant_r=0.61, tib_ant_l=0.60, ext_dig_r=0.40, ext_dig_l=0.39, ercspn_r=0.18, ercspn_l=0.18, glut_min1_l=0.18, glut_min1_r=0.18
Fmax range: 5..3396 N | L range sample: [0.229942 0.326094]
csv: trial=44 run=eval kine_score=-60.105 duty=0.457 knee_min=10.82 cadence=0.933 stayed_up=True
standing solve: nnls x in [0.00, 0.61], >0.1: 36 muscles
  top: tib_ant_r=0.61, tib_ant_l=0.61, ext_dig_r=0.40, ext_dig_l=0.40, add_long_l=0.22, glut_min1_l=0.21, glut_min1_r=0.21, add_long_r=0.21
Fmax range: 5..3396 N | L range sample: [0.229942 0.326094]

!! qacc/qvel non-finite at t=2.514, dofs: [ 0  1  2  3  4  5  6  7  8  9 10 11]
   dof 0: joint pelvis_tx
   dof 1: joint pelvis_ty
   dof 2: joint pelvis_tz
   dof 3: joint pelvis_tilt
   dof 4: joint pelvis_list
   dof 5: joint pelvis_rotation
   dof 6: joint hip_flexion_r
   dof 7: joint hip_adduction_r
   dof 8: joint hip_rotation_r
   dof 9: joint knee_r_translation1
   dof 10: joint knee_r_translation2
   dof 11: joint knee_angle_r
   ncon=8
csv: trial=45 run=eval kine_score=-25.000 duty=nan knee_min=nan cadence=0.000 stayed_up=True
standing solve: nnls x in [0.00, 0.61], >0.1: 36 muscles
  top: tib_ant_r=0.61, tib_ant_l=0.61, ext_dig_r=0.40, ext_dig_l=0.40, add_long_l=0.22, glut_min1_l=0.22, glut_min1_r=0.21, add_long_r=0.21
Fmax range: 5..3396 N | L range sample: [0.229942 0.326094]

!! qacc/qvel non-finite at t=3.228, dofs: [ 0  1  2  3  4  5  6  7  8  9 10 11]
   dof 0: joint pelvis_tx
   dof 1: joint pelvis_ty
   dof 2: joint pelvis_tz
   dof 3: joint pelvis_tilt
   dof 4: joint pelvis_list
   dof 5: joint pelvis_rotation
   dof 6: joint hip_flexion_r
   dof 7: joint hip_adduction_r
   dof 8: joint hip_rotation_r
   dof 9: joint knee_r_translation1
   dof 10: joint knee_r_translation2
   dof 11: joint knee_angle_r
   ncon=8
csv: trial=46 run=eval kine_score=-25.000 duty=nan knee_min=nan cadence=0.000 stayed_up=True
standing solve: nnls x in [0.00, 0.61], >0.1: 28 muscles
  top: tib_ant_r=0.61, tib_ant_l=0.60, ext_dig_r=0.39, ext_dig_l=0.39, ercspn_r=0.18, ercspn_l=0.18, glut_min1_l=0.18, glut_min1_r=0.17
Fmax range: 5..3396 N | L range sample: [0.229942 0.326094]
csv: trial=47 run=eval kine_score=-61.074 duty=0.435 knee_min=11.71 cadence=1.067 stayed_up=True
standing solve: nnls x in [0.00, 0.60], >0.1: 8 muscles
  top: tib_ant_r=0.60, tib_ant_l=0.60, ext_dig_r=0.37, ext_dig_l=0.37, ercspn_r=0.18, ercspn_l=0.18, per_tert_r=0.18, per_tert_l=0.18
Fmax range: 5..3396 N | L range sample: [0.229942 0.326094]
csv: trial=48 run=eval kine_score=-60.141 duty=0.463 knee_min=11.58 cadence=1.200 stayed_up=True
standing solve: nnls x in [0.00, 0.61], >0.1: 28 muscles
  top: tib_ant_r=0.61, tib_ant_l=0.61, ext_dig_r=0.40, ext_dig_l=0.40, glut_min1_l=0.19, add_long_l=0.19, glut_min1_r=0.19, glut_min3_l=0.18
Fmax range: 5..3396 N | L range sample: [0.229942 0.326094]
csv: trial=49 run=eval kine_score=-61.295 duty=0.455 knee_min=12.49 cadence=0.933 stayed_up=True
standing solve: nnls x in [0.00, 0.61], >0.1: 28 muscles
  top: tib_ant_r=0.61, tib_ant_l=0.60, ext_dig_r=0.39, ext_dig_l=0.39, ercspn_r=0.18, ercspn_l=0.18, per_tert_r=0.17, per_tert_l=0.17
Fmax range: 5..3396 N | L range sample: [0.229942 0.326094]
csv: trial=50 run=eval kine_score=-61.340 duty=0.475 knee_min=10.61 cadence=0.667 stayed_up=True
standing solve: nnls x in [0.00, 0.61], >0.1: 34 muscles
  top: tib_ant_r=0.61, tib_ant_l=0.61, ext_dig_r=0.40, ext_dig_l=0.40, add_long_l=0.21, glut_min1_l=0.20, glut_min1_r=0.20, add_long_r=0.20
Fmax range: 5..3396 N | L range sample: [0.229942 0.326094]
csv: trial=51 run=eval kine_score=-60.279 duty=0.454 knee_min=11.91 cadence=1.067 stayed_up=True
standing solve: nnls x in [0.00, 0.62], >0.1: 36 muscles
  top: tib_ant_r=0.62, tib_ant_l=0.61, ext_dig_r=0.41, ext_dig_l=0.41, glut_min1_l=0.24, glut_min3_l=0.23, glut_min3_r=0.23, glut_min1_r=0.23
Fmax range: 5..3396 N | L range sample: [0.229942 0.326094]

!! qacc/qvel non-finite at t=2.524, dofs: [ 0  1  2  3  4  5  6  7  8  9 10 11]
   dof 0: joint pelvis_tx
   dof 1: joint pelvis_ty
   dof 2: joint pelvis_tz
   dof 3: joint pelvis_tilt
   dof 4: joint pelvis_list
   dof 5: joint pelvis_rotation
   dof 6: joint hip_flexion_r
   dof 7: joint hip_adduction_r
   dof 8: joint hip_rotation_r
   dof 9: joint knee_r_translation1
   dof 10: joint knee_r_translation2
   dof 11: joint knee_angle_r
   ncon=18
csv: trial=52 run=eval kine_score=-25.000 duty=nan knee_min=nan cadence=0.000 stayed_up=False
standing solve: nnls x in [0.00, 0.61], >0.1: 32 muscles
  top: tib_ant_r=0.61, tib_ant_l=0.61, ext_dig_r=0.40, ext_dig_l=0.40, glut_min1_l=0.20, add_long_l=0.20, glut_min1_r=0.20, glut_min3_l=0.20
Fmax range: 5..3396 N | L range sample: [0.229942 0.326094]
csv: trial=53 run=eval kine_score=-61.561 duty=0.392 knee_min=11.34 cadence=0.933 stayed_up=True
standing solve: nnls x in [0.00, 0.61], >0.1: 28 muscles
  top: tib_ant_r=0.61, tib_ant_l=0.60, ext_dig_r=0.39, ext_dig_l=0.39, ercspn_r=0.18, ercspn_l=0.18, per_tert_r=0.17, per_tert_l=0.17
Fmax range: 5..3396 N | L range sample: [0.229942 0.326094]
csv: trial=54 run=eval kine_score=-59.810 duty=0.476 knee_min=11.52 cadence=1.200 stayed_up=True
NEW GLOBAL BEST -59.810 (trial 54) - running full 22 s capture
standing solve: nnls x in [0.00, 0.61], >0.1: 28 muscles
  top: tib_ant_r=0.61, tib_ant_l=0.60, ext_dig_r=0.39, ext_dig_l=0.39, ercspn_r=0.18, ercspn_l=0.18, per_tert_r=0.17, per_tert_l=0.17
Fmax range: 5..3396 N | L range sample: [0.229942 0.326094]
t=  1.00 max|qacc|=      10.1 max|qvel|=   0.66 ncon=  8 com_z=0.944 com_x=-0.148
t=  1.50 max|qacc|=       3.9 max|qvel|=   0.20 ncon=  8 com_z=0.924 com_x=-0.200
t=  2.00 max|qacc|=     397.6 max|qvel|=   0.37 ncon=  8 com_z=0.923 com_x=-0.211
t=  2.50 max|qacc|=      69.6 max|qvel|=   0.29 ncon=  8 com_z=0.922 com_x=-0.218
t=  3.00 max|qacc|=      20.1 max|qvel|=   0.15 ncon=  8 com_z=0.919 com_x=-0.227
t=  3.50 max|qacc|=      13.9 max|qvel|=   0.46 ncon=  7 com_z=0.912 com_x=-0.237
t=  4.00 max|qacc|=      16.6 max|qvel|=   0.40 ncon=  7 com_z=0.883 com_x=-0.266
t=  4.50 max|qacc|=      94.0 max|qvel|=   2.38 ncon=  7 com_z=0.877 com_x=-0.277
t=  5.00 max|qacc|=      85.8 max|qvel|=   1.19 ncon=  9 com_z=0.873 com_x=-0.282
t=  5.50 max|qacc|=      67.4 max|qvel|=   2.02 ncon=  8 com_z=0.863 com_x=-0.295
t=  6.00 max|qacc|=      45.3 max|qvel|=   2.40 ncon=  7 com_z=0.865 com_x=-0.296
t=  6.50 max|qacc|=      25.5 max|qvel|=   0.60 ncon=  6 com_z=0.861 com_x=-0.297
t=  7.00 max|qacc|=     118.7 max|qvel|=   2.46 ncon=  7 com_z=0.857 com_x=-0.297
t=  7.50 max|qacc|=      56.1 max|qvel|=   0.90 ncon=  8 com_z=0.856 com_x=-0.291
t=  8.00 max|qacc|=     256.1 max|qvel|=   1.03 ncon=  8 com_z=0.854 com_x=-0.287
t=  8.50 max|qacc|=      20.6 max|qvel|=   1.27 ncon=  7 com_z=0.852 com_x=-0.283
t=  9.00 max|qacc|=      96.1 max|qvel|=   0.85 ncon=  6 com_z=0.850 com_x=-0.277
t=  9.50 max|qacc|=     116.5 max|qvel|=   1.66 ncon=  7 com_z=0.848 com_x=-0.268
t= 10.00 max|qacc|=      28.3 max|qvel|=   1.09 ncon=  7 com_z=0.848 com_x=-0.260
t= 10.50 max|qacc|=      20.8 max|qvel|=   0.43 ncon=  7 com_z=0.847 com_x=-0.254
t= 11.00 max|qacc|=      20.2 max|qvel|=   0.89 ncon=  6 com_z=0.845 com_x=-0.247
t= 11.50 max|qacc|=     117.5 max|qvel|=   1.90 ncon=  5 com_z=0.845 com_x=-0.240
t= 12.00 max|qacc|=      92.2 max|qvel|=   1.04 ncon=  7 com_z=0.843 com_x=-0.231
t= 12.50 max|qacc|=     105.0 max|qvel|=   0.37 ncon=  6 com_z=0.843 com_x=-0.223
t= 13.00 max|qacc|=       9.4 max|qvel|=   0.37 ncon=  7 com_z=0.842 com_x=-0.217
t= 13.50 max|qacc|=     120.2 max|qvel|=   0.84 ncon=  5 com_z=0.841 com_x=-0.212
t= 14.00 max|qacc|=      52.7 max|qvel|=   1.35 ncon=  5 com_z=0.841 com_x=-0.205
t= 14.50 max|qacc|=      40.3 max|qvel|=   0.75 ncon=  6 com_z=0.840 com_x=-0.199
t= 15.00 max|qacc|=      89.4 max|qvel|=   0.24 ncon=  6 com_z=0.840 com_x=-0.193
t= 15.50 max|qacc|=      12.7 max|qvel|=   0.39 ncon=  5 com_z=0.841 com_x=-0.188
t= 16.00 max|qacc|=      24.7 max|qvel|=   0.99 ncon=  3 com_z=0.856 com_x=-0.174
t= 16.50 max|qacc|=      15.3 max|qvel|=   0.34 ncon=  3 com_z=0.874 com_x=-0.156
t= 17.00 max|qacc|=       3.1 max|qvel|=   0.81 ncon=  3 com_z=0.897 com_x=-0.133
t= 17.50 max|qacc|=       0.9 max|qvel|=   0.16 ncon=  2 com_z=0.905 com_x=-0.120
t= 18.00 max|qacc|=       2.2 max|qvel|=   0.76 ncon=  3 com_z=0.895 com_x=-0.131
t= 18.50 max|qacc|=      19.2 max|qvel|=   0.76 ncon=  3 com_z=0.889 com_x=-0.139
t= 19.00 max|qacc|=      62.7 max|qvel|=   1.68 ncon=  3 com_z=0.883 com_x=-0.143
t= 19.50 max|qacc|=      10.5 max|qvel|=   1.58 ncon=  3 com_z=0.886 com_x=-0.140
t= 20.00 max|qacc|=      20.2 max|qvel|=   0.65 ncon=  2 com_z=0.888 com_x=-0.137
t= 20.50 max|qacc|=      41.7 max|qvel|=   0.86 ncon=  3 com_z=0.886 com_x=-0.139
t= 21.00 max|qacc|=      15.1 max|qvel|=   1.53 ncon=  3 com_z=0.887 com_x=-0.137
t= 21.50 max|qacc|=      23.4 max|qvel|=   0.99 ncon=  3 com_z=0.888 com_x=-0.137

== summary ==
pelvis/COM height: start 0.96 m, min 0.84 m, final 0.89 m  (stayed up)
COM x: min -0.30 max -0.09 final -0.14 m
COM y: min -0.018 max +0.019 m
RG_F_r bursts during walk window: 12
RG_r: cycles in window 13, period 0.82 s (1.22 Hz), E-duty 0.29
RG_l: cycles in window 13, period 0.82 s (1.22 Hz), E-duty 0.13
peak ctrl: [0.37 0.85 0.76 0.84 0.47 0.74 0.7  0.51 0.47 0.26 0.39 0.87 0.76 0.83
 0.46 0.74 0.72 0.53 0.46 0.26] (('vas_lat_r', 'med_gas_r', 'soleus_r', 'tib_ant_r', 'psoas_r', 'semimem_r', 'glut_max2_r', 'rect_fem_r', 'sar_r', 'grac_r', 'vas_lat_l', 'med_gas_l', 'soleus_l', 'tib_ant_l', 'psoas_l', 'semimem_l', 'glut_max2_l', 'rect_fem_l', 'sar_l', 'grac_l'))
  hip_flexion_r         -6.1 ..    34.2 deg
  knee_angle_r         -15.5 ..    36.0 deg
  ankle_angle_r        -49.2 ..     0.0 deg
  hip_adduction_r       -3.3 ..    12.3 deg
  subtalar_angle_r      -0.5 ..    18.7 deg
  hip_flexion_l         -5.0 ..    32.6 deg
  knee_angle_l         -10.9 ..    36.6 deg
  ankle_angle_l        -52.2 ..     0.0 deg
  hip_adduction_l       -3.4 ..    13.2 deg
  subtalar_angle_l       0.0 ..    18.2 deg
  pelvis_tilt           -0.0 ..    37.5 deg
  pelvis_list           -1.5 ..     2.3 deg
  pelvis_rotation       -2.5 ..     2.4 deg
saved spinal_run.npz
saved spinal_run.png
csv: trial=54 run=full22 kine_score=-60.856 duty=0.479 knee_min=10.09 cadence=1.200 stayed_up=True
full22 capture: trial 54 kine_score -60.856 -> v6_best_trial54.npz
standing solve: nnls x in [0.00, 0.61], >0.1: 30 muscles
  top: tib_ant_r=0.61, tib_ant_l=0.61, ext_dig_r=0.40, ext_dig_l=0.40, glut_min1_l=0.20, add_long_l=0.20, glut_min1_r=0.20, glut_min3_l=0.20
Fmax range: 5..3396 N | L range sample: [0.229942 0.326094]
csv: trial=55 run=eval kine_score=-60.167 duty=0.481 knee_min=11.58 cadence=1.067 stayed_up=True
standing solve: nnls x in [0.00, 0.61], >0.1: 17 muscles
  top: tib_ant_r=0.61, tib_ant_l=0.60, ext_dig_r=0.38, ext_dig_l=0.38, ercspn_r=0.18, ercspn_l=0.18, per_tert_r=0.17, per_tert_l=0.17
Fmax range: 5..3396 N | L range sample: [0.229942 0.326094]
csv: trial=56 run=eval kine_score=-61.862 duty=0.472 knee_min=11.91 cadence=0.800 stayed_up=True
standing solve: nnls x in [0.00, 0.61], >0.1: 27 muscles
  top: tib_ant_r=0.61, tib_ant_l=0.60, ext_dig_r=0.39, ext_dig_l=0.39, ercspn_r=0.18, ercspn_l=0.18, per_tert_r=0.17, per_tert_l=0.17
Fmax range: 5..3396 N | L range sample: [0.229942 0.326094]
csv: trial=57 run=eval kine_score=-59.973 duty=0.476 knee_min=12.41 cadence=1.067 stayed_up=True
standing solve: nnls x in [0.00, 0.61], >0.1: 27 muscles
  top: tib_ant_r=0.61, tib_ant_l=0.60, ext_dig_r=0.39, ext_dig_l=0.39, ercspn_r=0.18, ercspn_l=0.18, per_tert_r=0.17, per_tert_l=0.17
Fmax range: 5..3396 N | L range sample: [0.229942 0.326094]
csv: trial=58 run=eval kine_score=-60.411 duty=0.447 knee_min=12.62 cadence=1.067 stayed_up=True
standing solve: nnls x in [0.00, 0.61], >0.1: 22 muscles
  top: tib_ant_r=0.61, tib_ant_l=0.60, ext_dig_r=0.39, ext_dig_l=0.39, ercspn_r=0.18, ercspn_l=0.18, per_tert_r=0.17, per_tert_l=0.17
Fmax range: 5..3396 N | L range sample: [0.229942 0.326094]
csv: trial=59 run=eval kine_score=-60.054 duty=0.473 knee_min=11.86 cadence=1.200 stayed_up=True
standing solve: nnls x in [0.00, 0.61], >0.1: 24 muscles
  top: tib_ant_r=0.61, tib_ant_l=0.61, ext_dig_r=0.40, ext_dig_l=0.40, glut_min1_l=0.19, glut_min3_r=0.19, glut_min3_l=0.19, glut_min1_r=0.19
Fmax range: 5..3396 N | L range sample: [0.229942 0.326094]
csv: trial=60 run=eval kine_score=-60.439 duty=0.479 knee_min=11.19 cadence=0.933 stayed_up=True
standing solve: nnls x in [0.00, 0.61], >0.1: 33 muscles
  top: tib_ant_r=0.61, tib_ant_l=0.61, ext_dig_r=0.40, ext_dig_l=0.40, add_long_l=0.21, glut_min1_l=0.21, glut_min1_r=0.21, glut_min3_l=0.21
Fmax range: 5..3396 N | L range sample: [0.229942 0.326094]
csv: trial=61 run=eval kine_score=-61.505 duty=0.452 knee_min=11.67 cadence=0.933 stayed_up=True
standing solve: nnls x in [0.00, 0.61], >0.1: 22 muscles
  top: tib_ant_r=0.61, tib_ant_l=0.60, ext_dig_r=0.40, ext_dig_l=0.39, ercspn_r=0.18, ercspn_l=0.18, glut_min1_l=0.18, glut_min3_l=0.18
Fmax range: 5..3396 N | L range sample: [0.229942 0.326094]
csv: trial=62 run=eval kine_score=-60.527 duty=0.485 knee_min=10.72 cadence=0.933 stayed_up=True
standing solve: nnls x in [0.00, 0.61], >0.1: 22 muscles
  top: tib_ant_r=0.61, tib_ant_l=0.60, ext_dig_r=0.39, ext_dig_l=0.39, ercspn_r=0.18, ercspn_l=0.18, per_tert_r=0.17, per_tert_l=0.17
Fmax range: 5..3396 N | L range sample: [0.229942 0.326094]
csv: trial=63 run=eval kine_score=-60.018 duty=0.451 knee_min=12.22 cadence=1.200 stayed_up=True
standing solve: nnls x in [0.00, 0.61], >0.1: 28 muscles
  top: tib_ant_r=0.61, tib_ant_l=0.60, ext_dig_r=0.39, ext_dig_l=0.39, ercspn_r=0.18, ercspn_l=0.18, glut_min1_l=0.18, glut_min1_r=0.17
Fmax range: 5..3396 N | L range sample: [0.229942 0.326094]
csv: trial=64 run=eval kine_score=-60.098 duty=0.458 knee_min=11.84 cadence=1.200 stayed_up=True
standing solve: nnls x in [0.00, 0.61], >0.1: 22 muscles
  top: tib_ant_r=0.61, tib_ant_l=0.60, ext_dig_r=0.39, ext_dig_l=0.39, ercspn_r=0.18, ercspn_l=0.18, per_tert_r=0.17, per_tert_l=0.17
Fmax range: 5..3396 N | L range sample: [0.229942 0.326094]
csv: trial=65 run=eval kine_score=-60.692 duty=0.480 knee_min=11.40 cadence=0.933 stayed_up=True
standing solve: nnls x in [0.00, 0.61], >0.1: 30 muscles
  top: tib_ant_r=0.61, tib_ant_l=0.61, ext_dig_r=0.40, ext_dig_l=0.40, add_long_l=0.20, glut_min1_l=0.20, glut_min1_r=0.20, glut_min3_l=0.19
Fmax range: 5..3396 N | L range sample: [0.229942 0.326094]
csv: trial=66 run=eval kine_score=-61.616 duty=0.467 knee_min=11.71 cadence=0.800 stayed_up=True
standing solve: nnls x in [0.00, 0.60], >0.1: 16 muscles
  top: tib_ant_r=0.60, tib_ant_l=0.60, ext_dig_r=0.38, ext_dig_l=0.38, ercspn_r=0.18, ercspn_l=0.18, per_tert_r=0.18, per_tert_l=0.18
Fmax range: 5..3396 N | L range sample: [0.229942 0.326094]
csv: trial=67 run=eval kine_score=-60.118 duty=0.452 knee_min=12.24 cadence=1.200 stayed_up=True
standing solve: nnls x in [0.00, 0.61], >0.1: 28 muscles
  top: tib_ant_r=0.61, tib_ant_l=0.60, ext_dig_r=0.39, ext_dig_l=0.39, ercspn_r=0.18, ercspn_l=0.18, per_tert_r=0.17, per_tert_l=0.17
Fmax range: 5..3396 N | L range sample: [0.229942 0.326094]
csv: trial=68 run=eval kine_score=-60.303 duty=0.469 knee_min=12.47 cadence=1.467 stayed_up=True
standing solve: nnls x in [0.00, 0.61], >0.1: 36 muscles
  top: tib_ant_r=0.61, tib_ant_l=0.61, ext_dig_r=0.41, ext_dig_l=0.41, glut_min1_l=0.22, glut_min3_l=0.22, glut_min1_r=0.22, glut_min3_r=0.22
Fmax range: 5..3396 N | L range sample: [0.229942 0.326094]
csv: trial=69 run=eval kine_score=-60.501 duty=0.451 knee_min=11.37 cadence=1.067 stayed_up=True
standing solve: nnls x in [0.00, 0.61], >0.1: 18 muscles
  top: tib_ant_r=0.61, tib_ant_l=0.60, ext_dig_r=0.38, ext_dig_l=0.38, ercspn_r=0.18, ercspn_l=0.18, per_tert_r=0.17, per_tert_l=0.17
Fmax range: 5..3396 N | L range sample: [0.229942 0.326094]
csv: trial=70 run=eval kine_score=-60.903 duty=0.483 knee_min=12.99 cadence=1.467 stayed_up=True
standing solve: nnls x in [0.00, 0.61], >0.1: 17 muscles
  top: tib_ant_r=0.61, tib_ant_l=0.60, ext_dig_r=0.38, ext_dig_l=0.38, ercspn_r=0.18, ercspn_l=0.18, per_tert_r=0.17, per_tert_l=0.17
Fmax range: 5..3396 N | L range sample: [0.229942 0.326094]
csv: trial=71 run=eval kine_score=-59.870 duty=0.483 knee_min=11.77 cadence=1.067 stayed_up=True
standing solve: nnls x in [0.00, 0.61], >0.1: 34 muscles
  top: tib_ant_r=0.61, tib_ant_l=0.61, ext_dig_r=0.41, ext_dig_l=0.40, glut_min1_l=0.22, glut_min1_r=0.22, glut_min3_l=0.22, glut_min3_r=0.22
Fmax range: 5..3396 N | L range sample: [0.229942 0.326094]
csv: trial=72 run=eval kine_score=-60.695 duty=0.454 knee_min=11.94 cadence=0.933 stayed_up=True
standing solve: nnls x in [0.00, 0.61], >0.1: 28 muscles
  top: tib_ant_r=0.61, tib_ant_l=0.60, ext_dig_r=0.39, ext_dig_l=0.39, ercspn_r=0.18, ercspn_l=0.18, glut_min1_l=0.18, glut_min1_r=0.18
Fmax range: 5..3396 N | L range sample: [0.229942 0.326094]
csv: trial=73 run=eval kine_score=-60.243 duty=0.457 knee_min=12.35 cadence=1.067 stayed_up=True
standing solve: nnls x in [0.00, 0.60], >0.1: 16 muscles
  top: tib_ant_r=0.60, tib_ant_l=0.60, ext_dig_r=0.38, ext_dig_l=0.38, ercspn_r=0.18, ercspn_l=0.18, per_tert_r=0.18, per_tert_l=0.17
Fmax range: 5..3396 N | L range sample: [0.229942 0.326094]
csv: trial=74 run=eval kine_score=-60.967 duty=0.452 knee_min=12.06 cadence=0.933 stayed_up=True
standing solve: nnls x in [0.00, 0.61], >0.1: 30 muscles
  top: tib_ant_r=0.61, tib_ant_l=0.61, ext_dig_r=0.40, ext_dig_l=0.40, glut_min1_l=0.19, add_long_l=0.19, glut_min1_r=0.19, glut_min3_l=0.19
Fmax range: 5..3396 N | L range sample: [0.229942 0.326094]
csv: trial=75 run=eval kine_score=-60.773 duty=0.452 knee_min=12.08 cadence=0.933 stayed_up=True
standing solve: nnls x in [0.00, 0.61], >0.1: 28 muscles
  top: tib_ant_r=0.61, tib_ant_l=0.60, ext_dig_r=0.39, ext_dig_l=0.39, ercspn_r=0.18, ercspn_l=0.18, per_tert_r=0.17, per_tert_l=0.17
Fmax range: 5..3396 N | L range sample: [0.229942 0.326094]
csv: trial=76 run=eval kine_score=-60.605 duty=0.474 knee_min=12.70 cadence=1.067 stayed_up=True
standing solve: nnls x in [0.00, 0.61], >0.1: 33 muscles
  top: tib_ant_r=0.61, tib_ant_l=0.61, ext_dig_r=0.40, ext_dig_l=0.40, glut_min1_l=0.21, glut_min1_r=0.21, add_long_l=0.21, glut_min3_l=0.21
Fmax range: 5..3396 N | L range sample: [0.229942 0.326094]
csv: trial=77 run=eval kine_score=-61.068 duty=0.420 knee_min=10.70 cadence=0.933 stayed_up=True
standing solve: nnls x in [0.00, 0.61], >0.1: 20 muscles
  top: tib_ant_r=0.61, tib_ant_l=0.60, ext_dig_r=0.39, ext_dig_l=0.39, ercspn_r=0.18, ercspn_l=0.18, per_tert_r=0.17, per_tert_l=0.17
Fmax range: 5..3396 N | L range sample: [0.229942 0.326094]
csv: trial=78 run=eval kine_score=-59.860 duty=0.479 knee_min=11.56 cadence=1.067 stayed_up=True
standing solve: nnls x in [0.00, 0.61], >0.1: 19 muscles
  top: tib_ant_r=0.61, tib_ant_l=0.60, ext_dig_r=0.38, ext_dig_l=0.38, ercspn_r=0.18, ercspn_l=0.18, per_tert_r=0.17, per_tert_l=0.17
Fmax range: 5..3396 N | L range sample: [0.229942 0.326094]
csv: trial=79 run=eval kine_score=-60.111 duty=0.494 knee_min=11.31 cadence=1.200 stayed_up=True
standing solve: nnls x in [0.00, 0.61], >0.1: 28 muscles
  top: tib_ant_r=0.61, tib_ant_l=0.60, ext_dig_r=0.39, ext_dig_l=0.39, ercspn_r=0.18, ercspn_l=0.18, per_tert_r=0.17, per_tert_l=0.17
Fmax range: 5..3396 N | L range sample: [0.229942 0.326094]
csv: trial=80 run=eval kine_score=-61.257 duty=0.459 knee_min=11.72 cadence=0.800 stayed_up=True
standing solve: nnls x in [0.00, 0.61], >0.1: 22 muscles
  top: tib_ant_r=0.61, tib_ant_l=0.60, ext_dig_r=0.39, ext_dig_l=0.39, ercspn_r=0.18, ercspn_l=0.18, per_tert_r=0.17, per_tert_l=0.17
Fmax range: 5..3396 N | L range sample: [0.229942 0.326094]
csv: trial=81 run=eval kine_score=-61.321 duty=0.473 knee_min=11.58 cadence=0.933 stayed_up=True
standing solve: nnls x in [0.00, 0.61], >0.1: 33 muscles
  top: tib_ant_r=0.61, tib_ant_l=0.61, ext_dig_r=0.40, ext_dig_l=0.40, glut_min1_l=0.21, add_long_l=0.21, glut_min1_r=0.21, glut_min3_l=0.21
Fmax range: 5..3396 N | L range sample: [0.229942 0.326094]

!! qacc/qvel non-finite at t=2.904, dofs: [ 0  1  2  3  4  5  6  7  8  9 10 11]
   dof 0: joint pelvis_tx
   dof 1: joint pelvis_ty
   dof 2: joint pelvis_tz
   dof 3: joint pelvis_tilt
   dof 4: joint pelvis_list
   dof 5: joint pelvis_rotation
   dof 6: joint hip_flexion_r
   dof 7: joint hip_adduction_r
   dof 8: joint hip_rotation_r
   dof 9: joint knee_r_translation1
   dof 10: joint knee_r_translation2
   dof 11: joint knee_angle_r
   ncon=8
csv: trial=82 run=eval kine_score=-25.000 duty=nan knee_min=nan cadence=0.000 stayed_up=True
standing solve: nnls x in [0.00, 0.61], >0.1: 28 muscles
  top: tib_ant_r=0.61, tib_ant_l=0.60, ext_dig_r=0.39, ext_dig_l=0.39, ercspn_r=0.18, ercspn_l=0.18, glut_min1_l=0.18, glut_min1_r=0.17
Fmax range: 5..3396 N | L range sample: [0.229942 0.326094]
csv: trial=83 run=eval kine_score=-60.823 duty=0.481 knee_min=11.36 cadence=0.933 stayed_up=True
standing solve: nnls x in [0.00, 0.61], >0.1: 34 muscles
  top: tib_ant_r=0.61, tib_ant_l=0.61, ext_dig_r=0.41, ext_dig_l=0.40, glut_min1_l=0.22, glut_min1_r=0.22, add_long_l=0.22, glut_min3_l=0.22
Fmax range: 5..3396 N | L range sample: [0.229942 0.326094]
csv: trial=84 run=eval kine_score=-60.316 duty=0.464 knee_min=10.84 cadence=0.933 stayed_up=True
standing solve: nnls x in [0.00, 0.60], >0.1: 16 muscles
  top: tib_ant_r=0.60, tib_ant_l=0.60, ext_dig_r=0.38, ext_dig_l=0.38, ercspn_r=0.18, ercspn_l=0.18, per_tert_r=0.18, per_tert_l=0.18
Fmax range: 5..3396 N | L range sample: [0.229942 0.326094]
csv: trial=85 run=eval kine_score=-60.461 duty=0.448 knee_min=11.92 cadence=1.067 stayed_up=True
standing solve: nnls x in [0.00, 0.61], >0.1: 24 muscles
  top: tib_ant_r=0.61, tib_ant_l=0.60, ext_dig_r=0.39, ext_dig_l=0.39, ercspn_r=0.18, ercspn_l=0.18, per_tert_r=0.17, per_tert_l=0.17
Fmax range: 5..3396 N | L range sample: [0.229942 0.326094]
csv: trial=86 run=eval kine_score=-59.723 duty=0.454 knee_min=11.23 cadence=1.200 stayed_up=True
NEW GLOBAL BEST -59.723 (trial 86) - running full 22 s capture
standing solve: nnls x in [0.00, 0.61], >0.1: 24 muscles
  top: tib_ant_r=0.61, tib_ant_l=0.60, ext_dig_r=0.39, ext_dig_l=0.39, ercspn_r=0.18, ercspn_l=0.18, per_tert_r=0.17, per_tert_l=0.17
Fmax range: 5..3396 N | L range sample: [0.229942 0.326094]
t=  1.00 max|qacc|=      13.2 max|qvel|=   0.65 ncon=  8 com_z=0.945 com_x=-0.147
t=  1.50 max|qacc|=       5.4 max|qvel|=   0.21 ncon=  8 com_z=0.926 com_x=-0.197
t=  2.00 max|qacc|=       3.4 max|qvel|=   0.16 ncon=  8 com_z=0.926 com_x=-0.206
t=  2.50 max|qacc|=       9.0 max|qvel|=   0.32 ncon=  8 com_z=0.923 com_x=-0.217
t=  3.00 max|qacc|=      38.8 max|qvel|=   0.31 ncon=  8 com_z=0.921 com_x=-0.225
t=  3.50 max|qacc|=      37.3 max|qvel|=   0.24 ncon=  7 com_z=0.914 com_x=-0.234
t=  4.00 max|qacc|=     141.2 max|qvel|=   1.87 ncon=  7 com_z=0.884 com_x=-0.263
t=  4.50 max|qacc|=     121.9 max|qvel|=   1.40 ncon=  8 com_z=0.878 com_x=-0.274
t=  5.00 max|qacc|=      46.5 max|qvel|=   3.07 ncon=  7 com_z=0.876 com_x=-0.280
t=  5.50 max|qacc|=      30.9 max|qvel|=   0.58 ncon=  6 com_z=0.865 com_x=-0.292
t=  6.00 max|qacc|=     111.8 max|qvel|=   1.49 ncon=  8 com_z=0.867 com_x=-0.291
t=  6.50 max|qacc|=      46.5 max|qvel|=   1.65 ncon=  8 com_z=0.863 com_x=-0.291
t=  7.00 max|qacc|=      27.9 max|qvel|=   1.34 ncon=  7 com_z=0.860 com_x=-0.293
t=  7.50 max|qacc|=      82.9 max|qvel|=   2.53 ncon=  7 com_z=0.858 com_x=-0.290
t=  8.00 max|qacc|=     113.3 max|qvel|=   0.62 ncon=  8 com_z=0.856 com_x=-0.284
t=  8.50 max|qacc|=      24.4 max|qvel|=   1.21 ncon=  7 com_z=0.854 com_x=-0.280
t=  9.00 max|qacc|=     112.3 max|qvel|=   0.73 ncon=  6 com_z=0.852 com_x=-0.276
t=  9.50 max|qacc|=     118.9 max|qvel|=   1.58 ncon=  6 com_z=0.851 com_x=-0.268
t= 10.00 max|qacc|=      65.3 max|qvel|=   0.48 ncon=  7 com_z=0.850 com_x=-0.261
t= 10.50 max|qacc|=      44.2 max|qvel|=   0.89 ncon=  6 com_z=0.848 com_x=-0.255
t= 11.00 max|qacc|=     323.0 max|qvel|=   2.83 ncon=  6 com_z=0.848 com_x=-0.248
t= 11.50 max|qacc|=      47.8 max|qvel|=   0.55 ncon=  7 com_z=0.846 com_x=-0.239
t= 12.00 max|qacc|=      54.0 max|qvel|=   0.99 ncon=  6 com_z=0.846 com_x=-0.233
t= 12.50 max|qacc|=      98.3 max|qvel|=   1.71 ncon=  5 com_z=0.845 com_x=-0.227
t= 13.00 max|qacc|=      62.4 max|qvel|=   0.86 ncon=  7 com_z=0.844 com_x=-0.219
t= 13.50 max|qacc|=      37.6 max|qvel|=   0.38 ncon=  6 com_z=0.844 com_x=-0.212
t= 14.00 max|qacc|=      73.7 max|qvel|=   0.72 ncon=  5 com_z=0.843 com_x=-0.208
t= 14.50 max|qacc|=     245.6 max|qvel|=   0.82 ncon=  5 com_z=0.842 com_x=-0.201
t= 15.00 max|qacc|=      87.1 max|qvel|=   0.39 ncon=  6 com_z=0.842 com_x=-0.195
t= 15.50 max|qacc|=      38.1 max|qvel|=   0.42 ncon=  5 com_z=0.843 com_x=-0.190
t= 16.00 max|qacc|=      37.4 max|qvel|=   0.89 ncon=  4 com_z=0.857 com_x=-0.175
t= 16.50 max|qacc|=      67.4 max|qvel|=   0.44 ncon=  2 com_z=0.874 com_x=-0.158
t= 17.00 max|qacc|=       5.5 max|qvel|=   0.76 ncon=  3 com_z=0.897 com_x=-0.136
t= 17.50 max|qacc|=       1.2 max|qvel|=   0.14 ncon=  2 com_z=0.907 com_x=-0.121
t= 18.00 max|qacc|=      18.0 max|qvel|=   1.88 ncon=  3 com_z=0.895 com_x=-0.135
t= 18.50 max|qacc|=      15.1 max|qvel|=   1.47 ncon=  3 com_z=0.887 com_x=-0.143
t= 19.00 max|qacc|=      19.7 max|qvel|=   0.55 ncon=  3 com_z=0.889 com_x=-0.141
t= 19.50 max|qacc|=      22.4 max|qvel|=   1.14 ncon=  3 com_z=0.889 com_x=-0.139
t= 20.00 max|qacc|=     404.4 max|qvel|=   1.84 ncon=  3 com_z=0.888 com_x=-0.139
t= 20.50 max|qacc|=      25.3 max|qvel|=   1.11 ncon=  2 com_z=0.889 com_x=-0.137
t= 21.00 max|qacc|=      84.6 max|qvel|=   1.53 ncon=  2 com_z=0.890 com_x=-0.137
t= 21.50 max|qacc|=     258.8 max|qvel|=   1.81 ncon=  3 com_z=0.889 com_x=-0.137

== summary ==
pelvis/COM height: start 0.96 m, min 0.84 m, final 0.89 m  (stayed up)
COM x: min -0.29 max -0.09 final -0.14 m
COM y: min -0.014 max +0.015 m
RG_F_r bursts during walk window: 13
RG_r: cycles in window 14, period 0.77 s (1.30 Hz), E-duty 0.30
RG_l: cycles in window 14, period 0.77 s (1.30 Hz), E-duty 0.13
peak ctrl: [0.37 0.8  0.71 0.82 0.43 0.67 0.69 0.49 0.43 0.23 0.37 0.81 0.71 0.82
 0.42 0.68 0.68 0.5  0.42 0.23] (('vas_lat_r', 'med_gas_r', 'soleus_r', 'tib_ant_r', 'psoas_r', 'semimem_r', 'glut_max2_r', 'rect_fem_r', 'sar_r', 'grac_r', 'vas_lat_l', 'med_gas_l', 'soleus_l', 'tib_ant_l', 'psoas_l', 'semimem_l', 'glut_max2_l', 'rect_fem_l', 'sar_l', 'grac_l'))
  hip_flexion_r         -5.2 ..    34.2 deg
  knee_angle_r         -13.8 ..    36.0 deg
  ankle_angle_r        -48.5 ..     0.0 deg
  hip_adduction_r       -3.5 ..    12.3 deg
  subtalar_angle_r      -0.6 ..    18.8 deg
  hip_flexion_l         -4.7 ..    32.2 deg
  knee_angle_l          -9.2 ..    36.1 deg
  ankle_angle_l        -50.4 ..     0.0 deg
  hip_adduction_l       -3.6 ..    13.0 deg
  subtalar_angle_l       0.0 ..    18.1 deg
  pelvis_tilt           -0.0 ..    36.9 deg
  pelvis_list           -1.4 ..     2.2 deg
  pelvis_rotation       -2.1 ..     2.1 deg
saved spinal_run.npz
saved spinal_run.png
csv: trial=86 run=full22 kine_score=-60.677 duty=0.475 knee_min=10.19 cadence=1.300 stayed_up=True
full22 capture: trial 86 kine_score -60.677 -> v6_best_trial86.npz
standing solve: nnls x in [0.00, 0.61], >0.1: 26 muscles
  top: tib_ant_r=0.61, tib_ant_l=0.60, ext_dig_r=0.39, ext_dig_l=0.39, ercspn_r=0.18, ercspn_l=0.18, per_tert_r=0.17, per_tert_l=0.17
Fmax range: 5..3396 N | L range sample: [0.229942 0.326094]
csv: trial=87 run=eval kine_score=-60.090 duty=0.474 knee_min=12.40 cadence=1.067 stayed_up=True
standing solve: nnls x in [0.00, 0.60], >0.1: 8 muscles
  top: tib_ant_r=0.60, tib_ant_l=0.60, ext_dig_r=0.37, ext_dig_l=0.37, ercspn_r=0.18, ercspn_l=0.18, per_tert_r=0.18, per_tert_l=0.18
Fmax range: 5..3396 N | L range sample: [0.229942 0.326094]
csv: trial=88 run=eval kine_score=-60.202 duty=0.448 knee_min=11.43 cadence=1.067 stayed_up=True
standing solve: nnls x in [0.00, 0.61], >0.1: 16 muscles
  top: tib_ant_r=0.61, tib_ant_l=0.60, ext_dig_r=0.38, ext_dig_l=0.38, ercspn_r=0.18, ercspn_l=0.18, per_tert_r=0.18, per_tert_l=0.17
Fmax range: 5..3396 N | L range sample: [0.229942 0.326094]
csv: trial=89 run=eval kine_score=-59.752 duty=0.482 knee_min=11.26 cadence=1.067 stayed_up=True
standing solve: nnls x in [0.00, 0.61], >0.1: 17 muscles
  top: tib_ant_r=0.61, tib_ant_l=0.60, ext_dig_r=0.38, ext_dig_l=0.38, ercspn_r=0.18, ercspn_l=0.18, per_tert_r=0.18, per_tert_l=0.17
Fmax range: 5..3396 N | L range sample: [0.229942 0.326094]
csv: trial=90 run=eval kine_score=-60.987 duty=0.455 knee_min=12.24 cadence=0.933 stayed_up=True
standing solve: nnls x in [0.00, 0.61], >0.1: 28 muscles
  top: tib_ant_r=0.61, tib_ant_l=0.60, ext_dig_r=0.40, ext_dig_l=0.39, ercspn_r=0.18, ercspn_l=0.18, glut_min1_l=0.18, glut_min1_r=0.18
Fmax range: 5..3396 N | L range sample: [0.229942 0.326094]
csv: trial=91 run=eval kine_score=-60.077 duty=0.482 knee_min=11.14 cadence=1.067 stayed_up=True
standing solve: nnls x in [0.00, 0.61], >0.1: 22 muscles
  top: tib_ant_r=0.61, tib_ant_l=0.60, ext_dig_r=0.39, ext_dig_l=0.39, ercspn_r=0.18, ercspn_l=0.18, per_tert_r=0.17, per_tert_l=0.17
Fmax range: 5..3396 N | L range sample: [0.229942 0.326094]
csv: trial=92 run=eval kine_score=-60.130 duty=0.479 knee_min=11.47 cadence=1.067 stayed_up=True
standing solve: nnls x in [0.00, 0.61], >0.1: 28 muscles
  top: tib_ant_r=0.61, tib_ant_l=0.60, ext_dig_r=0.39, ext_dig_l=0.39, ercspn_r=0.18, ercspn_l=0.18, per_tert_r=0.17, per_tert_l=0.17
Fmax range: 5..3396 N | L range sample: [0.229942 0.326094]
csv: trial=93 run=eval kine_score=-59.904 duty=0.424 knee_min=11.47 cadence=1.067 stayed_up=True
standing solve: nnls x in [0.00, 0.61], >0.1: 27 muscles
  top: tib_ant_r=0.61, tib_ant_l=0.60, ext_dig_r=0.39, ext_dig_l=0.39, ercspn_r=0.18, ercspn_l=0.18, per_tert_r=0.17, per_tert_l=0.17
Fmax range: 5..3396 N | L range sample: [0.229942 0.326094]
csv: trial=94 run=eval kine_score=-60.084 duty=0.443 knee_min=11.60 cadence=1.067 stayed_up=True
standing solve: nnls x in [0.00, 0.61], >0.1: 17 muscles
  top: tib_ant_r=0.61, tib_ant_l=0.60, ext_dig_r=0.38, ext_dig_l=0.38, ercspn_r=0.18, ercspn_l=0.18, per_tert_r=0.17, per_tert_l=0.17
Fmax range: 5..3396 N | L range sample: [0.229942 0.326094]
csv: trial=95 run=eval kine_score=-59.990 duty=0.446 knee_min=11.25 cadence=1.067 stayed_up=True
standing solve: nnls x in [0.00, 0.60], >0.1: 16 muscles
  top: tib_ant_r=0.60, tib_ant_l=0.60, ext_dig_r=0.38, ext_dig_l=0.38, ercspn_r=0.18, ercspn_l=0.18, per_tert_r=0.18, per_tert_l=0.18
Fmax range: 5..3396 N | L range sample: [0.229942 0.326094]
csv: trial=96 run=eval kine_score=-59.823 duty=0.459 knee_min=11.73 cadence=1.200 stayed_up=True
standing solve: nnls x in [0.00, 0.60], >0.1: 16 muscles
  top: tib_ant_r=0.60, tib_ant_l=0.60, ext_dig_r=0.38, ext_dig_l=0.38, ercspn_r=0.18, ercspn_l=0.18, per_tert_r=0.18, per_tert_l=0.17
Fmax range: 5..3396 N | L range sample: [0.229942 0.326094]
csv: trial=97 run=eval kine_score=-59.979 duty=0.465 knee_min=11.36 cadence=1.067 stayed_up=True
standing solve: nnls x in [0.00, 0.61], >0.1: 28 muscles
  top: tib_ant_r=0.61, tib_ant_l=0.60, ext_dig_r=0.39, ext_dig_l=0.39, ercspn_r=0.18, ercspn_l=0.18, per_tert_r=0.17, per_tert_l=0.17
Fmax range: 5..3396 N | L range sample: [0.229942 0.326094]
csv: trial=98 run=eval kine_score=-59.980 duty=0.442 knee_min=11.10 cadence=1.067 stayed_up=True
standing solve: nnls x in [0.00, 0.60], >0.1: 14 muscles
  top: tib_ant_r=0.60, tib_ant_l=0.60, ext_dig_r=0.38, ext_dig_l=0.38, ercspn_r=0.18, ercspn_l=0.18, per_tert_r=0.18, per_tert_l=0.18
Fmax range: 5..3396 N | L range sample: [0.229942 0.326094]
csv: trial=99 run=eval kine_score=-60.671 duty=0.455 knee_min=12.20 cadence=0.933 stayed_up=True
standing solve: nnls x in [0.00, 0.60], >0.1: 16 muscles
  top: tib_ant_r=0.60, tib_ant_l=0.60, ext_dig_r=0.38, ext_dig_l=0.38, ercspn_r=0.18, ercspn_l=0.18, per_tert_r=0.18, per_tert_l=0.17
Fmax range: 5..3396 N | L range sample: [0.229942 0.326094]
csv: trial=100 run=eval kine_score=-60.190 duty=0.478 knee_min=10.90 cadence=1.200 stayed_up=True
standing solve: nnls x in [0.00, 0.61], >0.1: 26 muscles
  top: tib_ant_r=0.61, tib_ant_l=0.60, ext_dig_r=0.39, ext_dig_l=0.39, ercspn_r=0.18, ercspn_l=0.18, per_tert_r=0.17, per_tert_l=0.17
Fmax range: 5..3396 N | L range sample: [0.229942 0.326094]
csv: trial=101 run=eval kine_score=-59.568 duty=0.479 knee_min=11.32 cadence=1.200 stayed_up=True
NEW GLOBAL BEST -59.568 (trial 101) - running full 22 s capture
standing solve: nnls x in [0.00, 0.61], >0.1: 26 muscles
  top: tib_ant_r=0.61, tib_ant_l=0.60, ext_dig_r=0.39, ext_dig_l=0.39, ercspn_r=0.18, ercspn_l=0.18, per_tert_r=0.17, per_tert_l=0.17
Fmax range: 5..3396 N | L range sample: [0.229942 0.326094]
t=  1.00 max|qacc|=       9.7 max|qvel|=   0.65 ncon=  8 com_z=0.944 com_x=-0.148
t=  1.50 max|qacc|=       4.0 max|qvel|=   0.23 ncon=  8 com_z=0.924 com_x=-0.199
t=  2.00 max|qacc|=      43.5 max|qvel|=   0.26 ncon=  8 com_z=0.924 com_x=-0.208
t=  2.50 max|qacc|=      22.7 max|qvel|=   0.19 ncon=  8 com_z=0.924 com_x=-0.215
t=  3.00 max|qacc|=      31.2 max|qvel|=   0.18 ncon=  8 com_z=0.920 com_x=-0.225
t=  3.50 max|qacc|=      15.8 max|qvel|=   0.58 ncon=  7 com_z=0.913 com_x=-0.235
t=  4.00 max|qacc|=      21.5 max|qvel|=   0.35 ncon=  7 com_z=0.885 com_x=-0.264
t=  4.50 max|qacc|=     105.1 max|qvel|=   1.84 ncon=  7 com_z=0.878 com_x=-0.275
t=  5.00 max|qacc|=      99.5 max|qvel|=   1.38 ncon=  9 com_z=0.874 com_x=-0.279
t=  5.50 max|qacc|=      70.2 max|qvel|=   1.91 ncon=  8 com_z=0.865 com_x=-0.291
t=  6.00 max|qacc|=      32.4 max|qvel|=   2.42 ncon=  7 com_z=0.867 com_x=-0.291
t=  6.50 max|qacc|=      21.4 max|qvel|=   0.52 ncon=  6 com_z=0.863 com_x=-0.292
t=  7.00 max|qacc|=     131.2 max|qvel|=   1.92 ncon=  7 com_z=0.860 com_x=-0.291
t=  7.50 max|qacc|=      67.7 max|qvel|=   1.02 ncon=  8 com_z=0.859 com_x=-0.286
t=  8.00 max|qacc|=     242.2 max|qvel|=   1.48 ncon=  7 com_z=0.857 com_x=-0.283
t=  8.50 max|qacc|=      32.1 max|qvel|=   0.93 ncon=  7 com_z=0.855 com_x=-0.280
t=  9.00 max|qacc|=     106.2 max|qvel|=   2.08 ncon=  6 com_z=0.853 com_x=-0.274
t=  9.50 max|qacc|=      49.1 max|qvel|=   0.91 ncon=  7 com_z=0.852 com_x=-0.267
t= 10.00 max|qacc|=      34.6 max|qvel|=   0.88 ncon=  8 com_z=0.851 com_x=-0.260
t= 10.50 max|qacc|=       4.8 max|qvel|=   0.96 ncon=  7 com_z=0.850 com_x=-0.255
t= 11.00 max|qacc|=     111.8 max|qvel|=   0.91 ncon=  5 com_z=0.848 com_x=-0.249
t= 11.50 max|qacc|=     210.1 max|qvel|=   1.64 ncon=  6 com_z=0.848 com_x=-0.241
t= 12.00 max|qacc|=      50.8 max|qvel|=   0.70 ncon=  7 com_z=0.847 com_x=-0.233
t= 12.50 max|qacc|=      31.5 max|qvel|=   0.88 ncon=  6 com_z=0.846 com_x=-0.227
t= 13.00 max|qacc|=      12.4 max|qvel|=   0.75 ncon=  6 com_z=0.845 com_x=-0.222
t= 13.50 max|qacc|=     204.2 max|qvel|=   2.15 ncon=  5 com_z=0.844 com_x=-0.215
t= 14.00 max|qacc|=     152.6 max|qvel|=   0.85 ncon=  6 com_z=0.844 com_x=-0.208
t= 14.50 max|qacc|=      58.4 max|qvel|=   0.48 ncon=  7 com_z=0.843 com_x=-0.202
t= 15.00 max|qacc|=       9.7 max|qvel|=   0.68 ncon=  5 com_z=0.843 com_x=-0.198
t= 15.50 max|qacc|=      41.6 max|qvel|=   1.31 ncon=  4 com_z=0.844 com_x=-0.192
t= 16.00 max|qacc|=      42.0 max|qvel|=   0.31 ncon=  4 com_z=0.857 com_x=-0.177
t= 16.50 max|qacc|=      10.1 max|qvel|=   0.60 ncon=  2 com_z=0.876 com_x=-0.158
t= 17.00 max|qacc|=       2.4 max|qvel|=   0.73 ncon=  3 com_z=0.898 com_x=-0.136
t= 17.50 max|qacc|=       1.1 max|qvel|=   0.10 ncon=  2 com_z=0.906 com_x=-0.123
t= 18.00 max|qacc|=      11.8 max|qvel|=   0.99 ncon=  3 com_z=0.896 com_x=-0.133
t= 18.50 max|qacc|=      21.2 max|qvel|=   1.64 ncon=  3 com_z=0.889 com_x=-0.142
t= 19.00 max|qacc|=     159.3 max|qvel|=   3.38 ncon=  3 com_z=0.886 com_x=-0.144
t= 19.50 max|qacc|=      23.1 max|qvel|=   0.95 ncon=  2 com_z=0.890 com_x=-0.139
t= 20.00 max|qacc|=      16.2 max|qvel|=   0.70 ncon=  3 com_z=0.889 com_x=-0.139
t= 20.50 max|qacc|=      17.3 max|qvel|=   1.47 ncon=  2 com_z=0.888 com_x=-0.139
t= 21.00 max|qacc|=      21.8 max|qvel|=   0.49 ncon=  3 com_z=0.890 com_x=-0.137
t= 21.50 max|qacc|=     123.3 max|qvel|=   0.80 ncon=  3 com_z=0.889 com_x=-0.138

== summary ==
pelvis/COM height: start 0.96 m, min 0.84 m, final 0.89 m  (stayed up)
COM x: min -0.29 max -0.09 final -0.14 m
COM y: min -0.017 max +0.018 m
RG_F_r bursts during walk window: 12
RG_r: cycles in window 13, period 0.81 s (1.23 Hz), E-duty 0.30
RG_l: cycles in window 13, period 0.81 s (1.23 Hz), E-duty 0.13
peak ctrl: [0.37 0.79 0.69 0.82 0.44 0.69 0.68 0.5  0.44 0.24 0.38 0.81 0.7  0.82
 0.43 0.7  0.7  0.52 0.43 0.24] (('vas_lat_r', 'med_gas_r', 'soleus_r', 'tib_ant_r', 'psoas_r', 'semimem_r', 'glut_max2_r', 'rect_fem_r', 'sar_r', 'grac_r', 'vas_lat_l', 'med_gas_l', 'soleus_l', 'tib_ant_l', 'psoas_l', 'semimem_l', 'glut_max2_l', 'rect_fem_l', 'sar_l', 'grac_l'))
  hip_flexion_r         -4.8 ..    34.1 deg
  knee_angle_r         -13.7 ..    35.7 deg
  ankle_angle_r        -47.8 ..     0.0 deg
  hip_adduction_r       -3.1 ..    12.4 deg
  subtalar_angle_r      -0.8 ..    19.3 deg
  hip_flexion_l         -4.5 ..    32.4 deg
  knee_angle_l          -9.2 ..    36.2 deg
  ankle_angle_l        -50.9 ..     0.0 deg
  hip_adduction_l       -3.2 ..    13.4 deg
  subtalar_angle_l       0.0 ..    18.2 deg
  pelvis_tilt           -0.0 ..    36.6 deg
  pelvis_list           -1.4 ..     2.3 deg
  pelvis_rotation       -2.4 ..     2.4 deg
saved spinal_run.npz
saved spinal_run.png
csv: trial=101 run=full22 kine_score=-60.380 duty=0.482 knee_min=10.08 cadence=1.200 stayed_up=True
full22 capture: trial 101 kine_score -60.380 -> v6_best_trial101.npz
standing solve: nnls x in [0.00, 0.60], >0.1: 16 muscles
  top: tib_ant_r=0.60, tib_ant_l=0.60, ext_dig_r=0.38, ext_dig_l=0.38, ercspn_r=0.18, ercspn_l=0.18, per_tert_r=0.18, per_tert_l=0.18
Fmax range: 5..3396 N | L range sample: [0.229942 0.326094]
csv: trial=102 run=eval kine_score=-59.548 duty=0.460 knee_min=11.01 cadence=1.200 stayed_up=True
NEW GLOBAL BEST -59.548 (trial 102) - running full 22 s capture
standing solve: nnls x in [0.00, 0.60], >0.1: 16 muscles
  top: tib_ant_r=0.60, tib_ant_l=0.60, ext_dig_r=0.38, ext_dig_l=0.38, ercspn_r=0.18, ercspn_l=0.18, per_tert_r=0.18, per_tert_l=0.18
Fmax range: 5..3396 N | L range sample: [0.229942 0.326094]
t=  1.00 max|qacc|=      18.2 max|qvel|=   0.65 ncon=  8 com_z=0.946 com_x=-0.145
t=  1.50 max|qacc|=      72.9 max|qvel|=   0.23 ncon=  8 com_z=0.932 com_x=-0.191
t=  2.00 max|qacc|=      23.6 max|qvel|=   0.19 ncon=  8 com_z=0.931 com_x=-0.202
t=  2.50 max|qacc|=      21.4 max|qvel|=   0.43 ncon=  8 com_z=0.927 com_x=-0.215
t=  3.00 max|qacc|=      55.8 max|qvel|=   0.27 ncon=  8 com_z=0.925 com_x=-0.222
t=  3.50 max|qacc|=      22.7 max|qvel|=   0.30 ncon=  7 com_z=0.918 com_x=-0.231
t=  4.00 max|qacc|=     113.3 max|qvel|=   1.89 ncon=  8 com_z=0.887 com_x=-0.262
t=  4.50 max|qacc|=     100.0 max|qvel|=   1.37 ncon=  8 com_z=0.880 com_x=-0.273
t=  5.00 max|qacc|=      37.3 max|qvel|=   2.77 ncon=  7 com_z=0.878 com_x=-0.278
t=  5.50 max|qacc|=      82.7 max|qvel|=   0.39 ncon=  6 com_z=0.867 com_x=-0.288
t=  6.00 max|qacc|=      39.4 max|qvel|=   0.82 ncon=  8 com_z=0.870 com_x=-0.285
t=  6.50 max|qacc|=      27.1 max|qvel|=   2.06 ncon=  7 com_z=0.867 com_x=-0.285
t=  7.00 max|qacc|=      26.1 max|qvel|=   0.61 ncon=  6 com_z=0.863 com_x=-0.286
t=  7.50 max|qacc|=      50.9 max|qvel|=   1.09 ncon=  8 com_z=0.862 com_x=-0.281
t=  8.00 max|qacc|=      88.8 max|qvel|=   1.52 ncon=  8 com_z=0.859 com_x=-0.278
t=  8.50 max|qacc|=      22.4 max|qvel|=   0.89 ncon=  6 com_z=0.859 com_x=-0.273
t=  9.00 max|qacc|=      52.0 max|qvel|=   1.46 ncon=  7 com_z=0.857 com_x=-0.267
t=  9.50 max|qacc|=      58.2 max|qvel|=   0.87 ncon=  8 com_z=0.856 com_x=-0.261
t= 10.00 max|qacc|=      13.3 max|qvel|=   0.97 ncon=  7 com_z=0.854 com_x=-0.257
t= 10.50 max|qacc|=     144.3 max|qvel|=   1.79 ncon=  7 com_z=0.853 com_x=-0.250
t= 11.00 max|qacc|=      63.2 max|qvel|=   0.43 ncon=  8 com_z=0.853 com_x=-0.242
t= 11.50 max|qacc|=       8.2 max|qvel|=   0.74 ncon=  7 com_z=0.851 com_x=-0.237
t= 12.00 max|qacc|=      71.0 max|qvel|=   1.92 ncon=  6 com_z=0.850 com_x=-0.230
t= 12.50 max|qacc|=      15.4 max|qvel|=   0.73 ncon=  6 com_z=0.850 com_x=-0.223
t= 13.00 max|qacc|=      31.2 max|qvel|=   0.44 ncon=  7 com_z=0.849 com_x=-0.218
t= 13.50 max|qacc|=      73.7 max|qvel|=   2.03 ncon=  6 com_z=0.848 com_x=-0.212
t= 14.00 max|qacc|=      22.1 max|qvel|=   0.65 ncon=  6 com_z=0.848 com_x=-0.206
t= 14.50 max|qacc|=       7.8 max|qvel|=   0.23 ncon=  5 com_z=0.847 com_x=-0.200
t= 15.00 max|qacc|=      96.3 max|qvel|=   1.73 ncon=  4 com_z=0.846 com_x=-0.196
t= 15.50 max|qacc|=      18.3 max|qvel|=   0.50 ncon=  5 com_z=0.848 com_x=-0.189
t= 16.00 max|qacc|=      13.4 max|qvel|=   0.34 ncon=  4 com_z=0.861 com_x=-0.175
t= 16.50 max|qacc|=     134.0 max|qvel|=   1.02 ncon=  2 com_z=0.879 com_x=-0.158
t= 17.00 max|qacc|=       3.9 max|qvel|=   0.88 ncon=  3 com_z=0.901 com_x=-0.134
t= 17.50 max|qacc|=       1.0 max|qvel|=   0.15 ncon=  2 com_z=0.912 com_x=-0.118
t= 18.00 max|qacc|=      10.0 max|qvel|=   1.44 ncon=  3 com_z=0.900 com_x=-0.131
t= 18.50 max|qacc|=      21.4 max|qvel|=   0.62 ncon=  3 com_z=0.895 com_x=-0.138
t= 19.00 max|qacc|=      22.4 max|qvel|=   0.79 ncon=  3 com_z=0.894 com_x=-0.138
t= 19.50 max|qacc|=      59.5 max|qvel|=   1.45 ncon=  3 com_z=0.894 com_x=-0.137
t= 20.00 max|qacc|=      19.8 max|qvel|=   1.09 ncon=  2 com_z=0.895 com_x=-0.135
t= 20.50 max|qacc|=      17.3 max|qvel|=   0.50 ncon=  2 com_z=0.896 com_x=-0.134
t= 21.00 max|qacc|=      11.3 max|qvel|=   1.34 ncon=  2 com_z=0.895 com_x=-0.134
t= 21.50 max|qacc|=      18.2 max|qvel|=   1.40 ncon=  2 com_z=0.895 com_x=-0.132

== summary ==
pelvis/COM height: start 0.96 m, min 0.85 m, final 0.90 m  (stayed up)
COM x: min -0.29 max -0.09 final -0.13 m
COM y: min -0.012 max +0.012 m
RG_F_r bursts during walk window: 13
RG_r: cycles in window 15, period 0.76 s (1.32 Hz), E-duty 0.30
RG_l: cycles in window 15, period 0.76 s (1.32 Hz), E-duty 0.14
peak ctrl: [0.36 0.73 0.64 0.8  0.38 0.59 0.66 0.47 0.38 0.19 0.36 0.73 0.65 0.8
 0.37 0.6  0.64 0.47 0.37 0.19] (('vas_lat_r', 'med_gas_r', 'soleus_r', 'tib_ant_r', 'psoas_r', 'semimem_r', 'glut_max2_r', 'rect_fem_r', 'sar_r', 'grac_r', 'vas_lat_l', 'med_gas_l', 'soleus_l', 'tib_ant_l', 'psoas_l', 'semimem_l', 'glut_max2_l', 'rect_fem_l', 'sar_l', 'grac_l'))
  hip_flexion_r         -7.5 ..    32.5 deg
  knee_angle_r         -14.7 ..    33.8 deg
  ankle_angle_r        -45.7 ..     0.0 deg
  hip_adduction_r       -2.9 ..    12.9 deg
  subtalar_angle_r      -0.5 ..    18.9 deg
  hip_flexion_l         -7.1 ..    30.6 deg
  knee_angle_l         -11.2 ..    34.0 deg
  ankle_angle_l        -47.6 ..     0.0 deg
  hip_adduction_l       -2.8 ..    13.3 deg
  subtalar_angle_l       0.0 ..    17.9 deg
  pelvis_tilt           -0.0 ..    35.5 deg
  pelvis_list           -1.3 ..     1.8 deg
  pelvis_rotation       -1.9 ..     1.9 deg
saved spinal_run.npz
saved spinal_run.png
csv: trial=102 run=full22 kine_score=-60.755 duty=0.474 knee_min=10.13 cadence=1.400 stayed_up=True
full22 capture: trial 102 kine_score -60.755 -> v6_best_trial102.npz
standing solve: nnls x in [0.00, 0.61], >0.1: 21 muscles
  top: tib_ant_r=0.61, tib_ant_l=0.60, ext_dig_r=0.39, ext_dig_l=0.39, ercspn_r=0.18, ercspn_l=0.18, per_tert_r=0.17, per_tert_l=0.17
Fmax range: 5..3396 N | L range sample: [0.229942 0.326094]
csv: trial=103 run=eval kine_score=-59.603 duty=0.482 knee_min=11.00 cadence=1.200 stayed_up=True
standing solve: nnls x in [0.00, 0.61], >0.1: 27 muscles
  top: tib_ant_r=0.61, tib_ant_l=0.60, ext_dig_r=0.39, ext_dig_l=0.39, ercspn_r=0.18, ercspn_l=0.18, per_tert_r=0.17, per_tert_l=0.17
Fmax range: 5..3396 N | L range sample: [0.229942 0.326094]
csv: trial=104 run=eval kine_score=-60.448 duty=0.460 knee_min=12.12 cadence=1.067 stayed_up=True
standing solve: nnls x in [0.00, 0.61], >0.1: 22 muscles
  top: tib_ant_r=0.61, tib_ant_l=0.60, ext_dig_r=0.39, ext_dig_l=0.39, ercspn_r=0.18, ercspn_l=0.18, per_tert_r=0.17, per_tert_l=0.17
Fmax range: 5..3396 N | L range sample: [0.229942 0.326094]
csv: trial=105 run=eval kine_score=-59.866 duty=0.483 knee_min=11.71 cadence=1.067 stayed_up=True
standing solve: nnls x in [0.00, 0.60], >0.1: 16 muscles
  top: tib_ant_r=0.60, tib_ant_l=0.60, ext_dig_r=0.38, ext_dig_l=0.38, ercspn_r=0.18, ercspn_l=0.18, per_tert_r=0.18, per_tert_l=0.18
Fmax range: 5..3396 N | L range sample: [0.229942 0.326094]
csv: trial=106 run=eval kine_score=-59.426 duty=0.475 knee_min=11.74 cadence=1.200 stayed_up=True
NEW GLOBAL BEST -59.426 (trial 106) - running full 22 s capture
standing solve: nnls x in [0.00, 0.60], >0.1: 16 muscles
  top: tib_ant_r=0.60, tib_ant_l=0.60, ext_dig_r=0.38, ext_dig_l=0.38, ercspn_r=0.18, ercspn_l=0.18, per_tert_r=0.18, per_tert_l=0.18
Fmax range: 5..3396 N | L range sample: [0.229942 0.326094]
t=  1.00 max|qacc|=      17.4 max|qvel|=   0.65 ncon=  8 com_z=0.946 com_x=-0.145
t=  1.50 max|qacc|=      10.4 max|qvel|=   0.16 ncon=  8 com_z=0.930 com_x=-0.193
t=  2.00 max|qacc|=       5.7 max|qvel|=   0.26 ncon=  8 com_z=0.928 com_x=-0.205
t=  2.50 max|qacc|=      61.8 max|qvel|=   0.26 ncon=  8 com_z=0.928 com_x=-0.213
t=  3.00 max|qacc|=      74.4 max|qvel|=   0.27 ncon=  8 com_z=0.925 com_x=-0.222
t=  3.50 max|qacc|=      22.0 max|qvel|=   0.29 ncon=  7 com_z=0.917 com_x=-0.232
t=  4.00 max|qacc|=      88.6 max|qvel|=   1.73 ncon=  8 com_z=0.888 com_x=-0.260
t=  4.50 max|qacc|=      91.2 max|qvel|=   1.84 ncon=  8 com_z=0.880 com_x=-0.272
t=  5.00 max|qacc|=      33.6 max|qvel|=   2.51 ncon=  7 com_z=0.879 com_x=-0.276
t=  5.50 max|qacc|=     108.9 max|qvel|=   0.52 ncon=  6 com_z=0.868 com_x=-0.286
t=  6.00 max|qacc|=      35.3 max|qvel|=   0.83 ncon=  8 com_z=0.871 com_x=-0.283
t=  6.50 max|qacc|=      17.0 max|qvel|=   2.10 ncon=  7 com_z=0.867 com_x=-0.284
t=  7.00 max|qacc|=      27.9 max|qvel|=   0.50 ncon=  6 com_z=0.864 com_x=-0.284
t=  7.50 max|qacc|=      45.5 max|qvel|=   1.00 ncon=  8 com_z=0.863 com_x=-0.279
t=  8.00 max|qacc|=      14.4 max|qvel|=   1.59 ncon=  8 com_z=0.861 com_x=-0.277
t=  8.50 max|qacc|=      34.7 max|qvel|=   0.76 ncon=  6 com_z=0.859 com_x=-0.273
t=  9.00 max|qacc|=      41.8 max|qvel|=   1.36 ncon=  7 com_z=0.857 com_x=-0.267
t=  9.50 max|qacc|=      47.4 max|qvel|=   1.10 ncon=  8 com_z=0.856 com_x=-0.262
t= 10.00 max|qacc|=      23.9 max|qvel|=   0.92 ncon=  7 com_z=0.855 com_x=-0.257
t= 10.50 max|qacc|=      98.4 max|qvel|=   1.71 ncon=  7 com_z=0.854 com_x=-0.250
t= 11.00 max|qacc|=      56.7 max|qvel|=   0.47 ncon=  8 com_z=0.853 com_x=-0.243
t= 11.50 max|qacc|=      14.6 max|qvel|=   0.80 ncon=  7 com_z=0.852 com_x=-0.238
t= 12.00 max|qacc|=      61.3 max|qvel|=   1.95 ncon=  6 com_z=0.851 com_x=-0.232
t= 12.50 max|qacc|=      52.2 max|qvel|=   0.66 ncon=  6 com_z=0.851 com_x=-0.225
t= 13.00 max|qacc|=      18.5 max|qvel|=   0.52 ncon=  7 com_z=0.850 com_x=-0.219
t= 13.50 max|qacc|=      69.0 max|qvel|=   2.08 ncon=  6 com_z=0.848 com_x=-0.214
t= 14.00 max|qacc|=      79.7 max|qvel|=   0.70 ncon=  6 com_z=0.848 com_x=-0.207
t= 14.50 max|qacc|=      59.1 max|qvel|=   0.28 ncon=  7 com_z=0.848 com_x=-0.202
t= 15.00 max|qacc|=      96.3 max|qvel|=   1.79 ncon=  4 com_z=0.847 com_x=-0.198
t= 15.50 max|qacc|=      21.4 max|qvel|=   0.49 ncon=  5 com_z=0.848 com_x=-0.191
t= 16.00 max|qacc|=      45.9 max|qvel|=   0.28 ncon=  4 com_z=0.861 com_x=-0.177
t= 16.50 max|qacc|=     119.3 max|qvel|=   0.67 ncon=  3 com_z=0.879 com_x=-0.159
t= 17.00 max|qacc|=       3.6 max|qvel|=   0.86 ncon=  3 com_z=0.901 com_x=-0.137
t= 17.50 max|qacc|=       1.2 max|qvel|=   0.09 ncon=  2 com_z=0.912 com_x=-0.119
t= 18.00 max|qacc|=      13.9 max|qvel|=   1.72 ncon=  3 com_z=0.899 com_x=-0.133
t= 18.50 max|qacc|=      19.9 max|qvel|=   1.12 ncon=  3 com_z=0.893 com_x=-0.141
t= 19.00 max|qacc|=      52.2 max|qvel|=   1.43 ncon=  3 com_z=0.894 com_x=-0.139
t= 19.50 max|qacc|=     115.9 max|qvel|=   3.58 ncon=  3 com_z=0.894 com_x=-0.138
t= 20.00 max|qacc|=      12.7 max|qvel|=   1.43 ncon=  2 com_z=0.894 com_x=-0.136
t= 20.50 max|qacc|=      19.3 max|qvel|=   0.70 ncon=  2 com_z=0.895 com_x=-0.135
t= 21.00 max|qacc|=     190.6 max|qvel|=   2.05 ncon=  2 com_z=0.895 com_x=-0.135
t= 21.50 max|qacc|=       7.9 max|qvel|=   1.57 ncon=  2 com_z=0.894 com_x=-0.134

== summary ==
pelvis/COM height: start 0.96 m, min 0.85 m, final 0.90 m  (stayed up)
COM x: min -0.29 max -0.09 final -0.13 m
COM y: min -0.011 max +0.012 m
RG_F_r bursts during walk window: 13
RG_r: cycles in window 15, period 0.76 s (1.32 Hz), E-duty 0.30
RG_l: cycles in window 15, period 0.76 s (1.32 Hz), E-duty 0.14
peak ctrl: [0.35 0.73 0.64 0.8  0.38 0.58 0.66 0.46 0.38 0.19 0.36 0.73 0.65 0.8
 0.36 0.59 0.64 0.46 0.37 0.19] (('vas_lat_r', 'med_gas_r', 'soleus_r', 'tib_ant_r', 'psoas_r', 'semimem_r', 'glut_max2_r', 'rect_fem_r', 'sar_r', 'grac_r', 'vas_lat_l', 'med_gas_l', 'soleus_l', 'tib_ant_l', 'psoas_l', 'semimem_l', 'glut_max2_l', 'rect_fem_l', 'sar_l', 'grac_l'))
  hip_flexion_r         -7.5 ..    32.5 deg
  knee_angle_r         -15.2 ..    34.0 deg
  ankle_angle_r        -45.6 ..     0.0 deg
  hip_adduction_r       -3.0 ..    12.6 deg
  subtalar_angle_r      -0.5 ..    19.1 deg
  hip_flexion_l         -6.9 ..    30.7 deg
  knee_angle_l         -11.0 ..    34.0 deg
  ankle_angle_l        -47.4 ..     0.0 deg
  hip_adduction_l       -2.7 ..    13.1 deg
  subtalar_angle_l       0.0 ..    17.9 deg
  pelvis_tilt           -0.0 ..    35.3 deg
  pelvis_list           -1.4 ..     1.8 deg
  pelvis_rotation       -1.9 ..     1.8 deg
saved spinal_run.npz
saved spinal_run.png
csv: trial=106 run=full22 kine_score=-60.591 duty=0.473 knee_min=10.13 cadence=1.400 stayed_up=True
full22 capture: trial 106 kine_score -60.591 -> v6_best_trial106.npz
standing solve: nnls x in [0.00, 0.61], >0.1: 28 muscles
  top: tib_ant_r=0.61, tib_ant_l=0.60, ext_dig_r=0.39, ext_dig_l=0.39, ercspn_r=0.18, ercspn_l=0.18, per_tert_r=0.17, glut_min1_l=0.17
Fmax range: 5..3396 N | L range sample: [0.229942 0.326094]
csv: trial=107 run=eval kine_score=-60.166 duty=0.474 knee_min=12.39 cadence=1.467 stayed_up=True
standing solve: nnls x in [0.00, 0.61], >0.1: 17 muscles
  top: tib_ant_r=0.61, tib_ant_l=0.60, ext_dig_r=0.38, ext_dig_l=0.38, ercspn_r=0.18, ercspn_l=0.18, per_tert_r=0.18, per_tert_l=0.17
Fmax range: 5..3396 N | L range sample: [0.229942 0.326094]
csv: trial=108 run=eval kine_score=-59.521 duty=0.496 knee_min=11.30 cadence=1.333 stayed_up=True
standing solve: nnls x in [0.00, 0.61], >0.1: 22 muscles
  top: tib_ant_r=0.61, tib_ant_l=0.60, ext_dig_r=0.39, ext_dig_l=0.39, ercspn_r=0.18, ercspn_l=0.18, per_tert_r=0.17, per_tert_l=0.17
Fmax range: 5..3396 N | L range sample: [0.229942 0.326094]
csv: trial=109 run=eval kine_score=-59.613 duty=0.471 knee_min=11.61 cadence=1.333 stayed_up=True

== best kine_score -59.426 (trial 106)
  drive           2.7970
  rg_adapt        1.0859
  desc_e          1.7391
  desc_f          0.8172
  rg_to_pf        1.9164
  pf_gain         1.8477
  e2_pf           0.6212
  f1_df           1.8834
  f1_kf           1.8302
  e2_adapt        1.7573
  post_kneext     0.8955
  post_hipext     1.1034
  kx              121.0544
  phase_reset_e   0.3882
  phase_reset_f   0.0352
  f1_kneext_inh   0.5904
saved best_walk_params_v6.json (runner --best6 reproduces)
WARNING: Inertia matrix is too close to singular at DOF 53. Check model. Time = 2.9500.

WARNING: Inertia matrix is too close to singular at DOF 65. Check model. Time = 1.9140.

WARNING: Inertia matrix is too close to singular at DOF 54. Check model. Time = 2.6280.

WARNING: Inertia matrix is too close to singular at DOF 1. Check model. Time = 1.9120.

WARNING: Nan, Inf or huge value in QPOS at DOF 0. The simulation is unstable. Time = 1.9140.

WARNING: Inertia matrix is too close to singular at DOF 16. Check model. Time = 0.0100.

WARNING: Inertia matrix is too close to singular at DOF 53. Check model. Time = 2.3040.

