python.exe : C:\Users\Ben Bolen\.conda\envs\myo\lib\site-packages\optuna\trial\_trial.py:642: UserWarning: Fixed 
parameter drive with value 1.1139457692155668 is out of range for distribution FloatDistribution(high=3.5, log=False, 
low=1.5, step=None).
At line:1 char:1
+ & 'C:\Users\Ben Bolen\.conda\envs\myo\python.exe' optuna_walk.py 40 2 ...
+ ~~~~~~~~~~~~~~~~~~~~~~~~~~~~~~~~~~~~~~~~~~~~~~~~~~~~~~~~~~~~~~~~~~~~~
    + CategoryInfo          : NotSpecified: (C:\Users\Ben Bo....5, step=None).:String) [], RemoteException
    + FullyQualifiedErrorId : NativeCommandError
 
  optuna_warn(
C:\Users\Ben Bolen\.conda\envs\myo\lib\site-packages\optuna\trial\_trial.py:642: UserWarning: Fixed parameter rg_to_pf 
with value 1.3945875137319341 is out of range for distribution FloatDistribution(high=3.0, log=False, low=1.8, 
step=None).
  optuna_warn(
C:\Users\Ben Bolen\.conda\envs\myo\lib\site-packages\optuna\trial\_trial.py:642: UserWarning: Fixed parameter f1_kf 
with value 1.0520645682897896 is out of range for distribution FloatDistribution(high=2.2, log=False, low=1.4, 
step=None).
  optuna_warn(
enqueued v1-best as trial seed
standing solve: nnls x in [0.00, 0.61], >0.1: 14 muscles
  top: tib_ant_r=0.61, tib_ant_l=0.60, ext_dig_r=0.40, ext_dig_l=0.40, ercspn_r=0.18, ercspn_l=0.18, per_tert_r=0.17, per_tert_l=0.17
Fmax range: 5..3396 N | L range sample: [0.229942 0.326094]
standing solve: nnls x in [0.00, 0.61], >0.1: 14 muscles
  top: tib_ant_r=0.61, tib_ant_l=0.60, ext_dig_r=0.40, ext_dig_l=0.40, ercspn_r=0.18, ercspn_l=0.18, per_tert_r=0.17, per_tert_l=0.17
Fmax range: 5..3396 N | L range sample: [0.229942 0.326094]
standing solve: nnls x in [0.00, 0.61], >0.1: 16 muscles
  top: tib_ant_r=0.61, tib_ant_l=0.60, ext_dig_r=0.40, ext_dig_l=0.40, peri_l=0.20, gem_l=0.20, gem_r=0.20, peri_r=0.20
Fmax range: 5..3396 N | L range sample: [0.229942 0.326094]
standing solve: nnls x in [0.00, 0.61], >0.1: 18 muscles
  top: tib_ant_r=0.61, tib_ant_l=0.60, ext_dig_r=0.40, ext_dig_l=0.40, peri_l=0.29, gem_l=0.29, gem_r=0.29, peri_r=0.29
Fmax range: 5..3396 N | L range sample: [0.229942 0.326094]
standing solve: nnls x in [0.00, 0.61], >0.1: 16 muscles
  top: tib_ant_r=0.61, tib_ant_l=0.60, ext_dig_r=0.40, ext_dig_l=0.40, peri_l=0.20, gem_l=0.20, gem_r=0.20, peri_r=0.20
Fmax range: 5..3396 N | L range sample: [0.229942 0.326094]
standing solve: nnls x in [0.00, 0.61], >0.1: 18 muscles
  top: tib_ant_r=0.61, tib_ant_l=0.60, ext_dig_r=0.40, ext_dig_l=0.40, peri_l=0.25, gem_l=0.25, gem_r=0.25, peri_r=0.25
Fmax range: 5..3396 N | L range sample: [0.229942 0.326094]
standing solve: nnls x in [0.00, 0.61], >0.1: 18 muscles
  top: tib_ant_r=0.61, tib_ant_l=0.60, ext_dig_r=0.40, ext_dig_l=0.40, peri_l=0.25, gem_l=0.25, gem_r=0.25, peri_r=0.25
Fmax range: 5..3396 N | L range sample: [0.229942 0.326094]
standing solve: nnls x in [0.00, 0.61], >0.1: 16 muscles
  top: tib_ant_r=0.61, tib_ant_l=0.60, ext_dig_r=0.40, ext_dig_l=0.40, ercspn_r=0.18, ercspn_l=0.18, gem_l=0.18, peri_l=0.18
Fmax range: 5..3396 N | L range sample: [0.229942 0.326094]
standing solve: nnls x in [0.00, 0.61], >0.1: 8 muscles
  top: tib_ant_r=0.61, tib_ant_l=0.60, ext_dig_r=0.40, ext_dig_l=0.40, ercspn_r=0.18, ercspn_l=0.18, per_tert_r=0.17, per_tert_l=0.17
Fmax range: 5..3396 N | L range sample: [0.229942 0.326094]
standing solve: nnls x in [0.00, 0.61], >0.1: 18 muscles
  top: tib_ant_r=0.61, tib_ant_l=0.60, ext_dig_r=0.40, ext_dig_l=0.40, peri_l=0.24, gem_l=0.24, gem_r=0.24, peri_r=0.24
Fmax range: 5..3396 N | L range sample: [0.229942 0.326094]
standing solve: nnls x in [0.00, 0.61], >0.1: 14 muscles
  top: tib_ant_r=0.61, tib_ant_l=0.60, ext_dig_r=0.40, ext_dig_l=0.40, ercspn_r=0.18, ercspn_l=0.18, per_tert_r=0.17, per_tert_l=0.17
Fmax range: 5..3396 N | L range sample: [0.229942 0.326094]
standing solve: nnls x in [0.00, 0.61], >0.1: 8 muscles
  top: tib_ant_r=0.61, tib_ant_l=0.60, ext_dig_r=0.40, ext_dig_l=0.40, ercspn_r=0.18, ercspn_l=0.18, per_tert_r=0.17, per_tert_l=0.17
Fmax range: 5..3396 N | L range sample: [0.229942 0.326094]
standing solve: nnls x in [0.00, 0.61], >0.1: 14 muscles
  top: tib_ant_r=0.61, tib_ant_l=0.60, ext_dig_r=0.40, ext_dig_l=0.40, ercspn_r=0.18, ercspn_l=0.18, per_tert_r=0.17, per_tert_l=0.17
Fmax range: 5..3396 N | L range sample: [0.229942 0.326094]
standing solve: nnls x in [0.00, 0.61], >0.1: 14 muscles
  top: tib_ant_r=0.61, tib_ant_l=0.60, ext_dig_r=0.40, ext_dig_l=0.40, ercspn_r=0.18, ercspn_l=0.18, per_tert_r=0.17, per_tert_l=0.17
Fmax range: 5..3396 N | L range sample: [0.229942 0.326094]
standing solve: nnls x in [0.00, 0.61], >0.1: 14 muscles
  top: tib_ant_r=0.61, tib_ant_l=0.60, ext_dig_r=0.40, ext_dig_l=0.40, ercspn_r=0.18, ercspn_l=0.18, per_tert_r=0.17, per_tert_l=0.17
Fmax range: 5..3396 N | L range sample: [0.229942 0.326094]
standing solve: nnls x in [0.00, 0.61], >0.1: 8 muscles
  top: tib_ant_r=0.61, tib_ant_l=0.60, ext_dig_r=0.40, ext_dig_l=0.40, ercspn_r=0.18, ercspn_l=0.18, per_tert_r=0.17, per_tert_l=0.17
Fmax range: 5..3396 N | L range sample: [0.229942 0.326094]
standing solve: nnls x in [0.00, 0.61], >0.1: 14 muscles
  top: tib_ant_r=0.61, tib_ant_l=0.60, ext_dig_r=0.40, ext_dig_l=0.40, ercspn_r=0.18, ercspn_l=0.18, per_tert_r=0.17, per_tert_l=0.17
Fmax range: 5..3396 N | L range sample: [0.229942 0.326094]
standing solve: nnls x in [0.00, 0.61], >0.1: 16 muscles
  top: tib_ant_r=0.61, tib_ant_l=0.60, ext_dig_r=0.40, ext_dig_l=0.40, ercspn_r=0.18, ercspn_l=0.18, peri_l=0.18, gem_l=0.18
Fmax range: 5..3396 N | L range sample: [0.229942 0.326094]
standing solve: nnls x in [0.00, 0.61], >0.1: 14 muscles
  top: tib_ant_r=0.61, tib_ant_l=0.60, ext_dig_r=0.40, ext_dig_l=0.40, ercspn_r=0.18, ercspn_l=0.18, per_tert_r=0.17, per_tert_l=0.17
Fmax range: 5..3396 N | L range sample: [0.229942 0.326094]
standing solve: nnls x in [0.00, 0.61], >0.1: 8 muscles
  top: tib_ant_r=0.61, tib_ant_l=0.60, ext_dig_r=0.40, ext_dig_l=0.40, ercspn_r=0.18, ercspn_l=0.18, per_tert_r=0.17, per_tert_l=0.17
Fmax range: 5..3396 N | L range sample: [0.229942 0.326094]
standing solve: nnls x in [0.00, 0.61], >0.1: 15 muscles
  top: tib_ant_r=0.61, tib_ant_l=0.60, ext_dig_r=0.40, ext_dig_l=0.40, ercspn_r=0.18, ercspn_l=0.18, per_tert_r=0.17, per_tert_l=0.17
Fmax range: 5..3396 N | L range sample: [0.229942 0.326094]
standing solve: nnls x in [0.00, 0.61], >0.1: 14 muscles
  top: tib_ant_r=0.61, tib_ant_l=0.60, ext_dig_r=0.40, ext_dig_l=0.40, ercspn_r=0.18, ercspn_l=0.18, per_tert_r=0.17, per_tert_l=0.17
Fmax range: 5..3396 N | L range sample: [0.229942 0.326094]
standing solve: nnls x in [0.00, 0.61], >0.1: 14 muscles
  top: tib_ant_r=0.61, tib_ant_l=0.60, ext_dig_r=0.40, ext_dig_l=0.40, ercspn_r=0.18, ercspn_l=0.18, per_tert_r=0.17, per_tert_l=0.17
Fmax range: 5..3396 N | L range sample: [0.229942 0.326094]
standing solve: nnls x in [0.00, 0.61], >0.1: 14 muscles
  top: tib_ant_r=0.61, tib_ant_l=0.60, ext_dig_r=0.40, ext_dig_l=0.40, ercspn_r=0.18, ercspn_l=0.18, per_tert_r=0.17, per_tert_l=0.17
Fmax range: 5..3396 N | L range sample: [0.229942 0.326094]
standing solve: nnls x in [0.00, 0.61], >0.1: 14 muscles
  top: tib_ant_r=0.61, tib_ant_l=0.60, ext_dig_r=0.40, ext_dig_l=0.40, ercspn_r=0.18, ercspn_l=0.18, per_tert_r=0.17, per_tert_l=0.17
Fmax range: 5..3396 N | L range sample: [0.229942 0.326094]
standing solve: nnls x in [0.00, 0.61], >0.1: 14 muscles
  top: tib_ant_r=0.61, tib_ant_l=0.60, ext_dig_r=0.40, ext_dig_l=0.40, ercspn_r=0.18, ercspn_l=0.18, per_tert_r=0.17, per_tert_l=0.17
Fmax range: 5..3396 N | L range sample: [0.229942 0.326094]
standing solve: nnls x in [0.00, 0.61], >0.1: 14 muscles
  top: tib_ant_r=0.61, tib_ant_l=0.60, ext_dig_r=0.40, ext_dig_l=0.40, ercspn_r=0.18, ercspn_l=0.18, per_tert_r=0.17, per_tert_l=0.17
Fmax range: 5..3396 N | L range sample: [0.229942 0.326094]
standing solve: nnls x in [0.00, 0.61], >0.1: 18 muscles
  top: tib_ant_r=0.61, tib_ant_l=0.60, ext_dig_r=0.40, ext_dig_l=0.40, peri_l=0.23, gem_l=0.23, gem_r=0.23, peri_r=0.23
Fmax range: 5..3396 N | L range sample: [0.229942 0.326094]
standing solve: nnls x in [0.00, 0.61], >0.1: 8 muscles
  top: tib_ant_r=0.61, tib_ant_l=0.60, ext_dig_r=0.40, ext_dig_l=0.40, ercspn_r=0.18, ercspn_l=0.18, per_tert_r=0.17, per_tert_l=0.17
Fmax range: 5..3396 N | L range sample: [0.229942 0.326094]
standing solve: nnls x in [0.00, 0.61], >0.1: 15 muscles
  top: tib_ant_r=0.61, tib_ant_l=0.60, ext_dig_r=0.40, ext_dig_l=0.40, ercspn_r=0.18, ercspn_l=0.18, per_tert_r=0.17, per_tert_l=0.17
Fmax range: 5..3396 N | L range sample: [0.229942 0.326094]
standing solve: nnls x in [0.00, 0.61], >0.1: 8 muscles
  top: tib_ant_r=0.61, tib_ant_l=0.60, ext_dig_r=0.40, ext_dig_l=0.40, ercspn_r=0.18, ercspn_l=0.18, per_tert_r=0.17, per_tert_l=0.17
Fmax range: 5..3396 N | L range sample: [0.229942 0.326094]
standing solve: nnls x in [0.00, 0.61], >0.1: 15 muscles
  top: tib_ant_r=0.61, tib_ant_l=0.60, ext_dig_r=0.40, ext_dig_l=0.40, ercspn_r=0.18, ercspn_l=0.18, per_tert_r=0.17, per_tert_l=0.17
Fmax range: 5..3396 N | L range sample: [0.229942 0.326094]
standing solve: nnls x in [0.00, 0.61], >0.1: 15 muscles
  top: tib_ant_r=0.61, tib_ant_l=0.60, ext_dig_r=0.40, ext_dig_l=0.40, ercspn_r=0.18, ercspn_l=0.18, per_tert_r=0.17, per_tert_l=0.17
Fmax range: 5..3396 N | L range sample: [0.229942 0.326094]
standing solve: nnls x in [0.00, 0.61], >0.1: 16 muscles
  top: tib_ant_r=0.61, tib_ant_l=0.60, ext_dig_r=0.40, ext_dig_l=0.40, peri_l=0.20, gem_l=0.20, gem_r=0.20, peri_r=0.20
Fmax range: 5..3396 N | L range sample: [0.229942 0.326094]
standing solve: nnls x in [0.00, 0.61], >0.1: 8 muscles
  top: tib_ant_r=0.61, tib_ant_l=0.60, ext_dig_r=0.40, ext_dig_l=0.40, ercspn_r=0.18, ercspn_l=0.18, per_tert_r=0.17, per_tert_l=0.17
Fmax range: 5..3396 N | L range sample: [0.229942 0.326094]
standing solve: nnls x in [0.00, 0.61], >0.1: 8 muscles
  top: tib_ant_r=0.61, tib_ant_l=0.60, ext_dig_r=0.40, ext_dig_l=0.40, ercspn_r=0.18, ercspn_l=0.18, per_tert_r=0.17, per_tert_l=0.17
Fmax range: 5..3396 N | L range sample: [0.229942 0.326094]
standing solve: nnls x in [0.00, 0.61], >0.1: 14 muscles
  top: tib_ant_r=0.61, tib_ant_l=0.60, ext_dig_r=0.40, ext_dig_l=0.40, ercspn_r=0.18, ercspn_l=0.18, per_tert_r=0.17, per_tert_l=0.17
Fmax range: 5..3396 N | L range sample: [0.229942 0.326094]
standing solve: nnls x in [0.00, 0.61], >0.1: 15 muscles
  top: tib_ant_r=0.61, tib_ant_l=0.60, ext_dig_r=0.40, ext_dig_l=0.40, ercspn_r=0.18, ercspn_l=0.18, per_tert_r=0.17, per_tert_l=0.17
Fmax range: 5..3396 N | L range sample: [0.229942 0.326094]
standing solve: nnls x in [0.00, 0.61], >0.1: 8 muscles
  top: tib_ant_r=0.61, tib_ant_l=0.60, ext_dig_r=0.40, ext_dig_l=0.40, ercspn_r=0.18, ercspn_l=0.18, per_tert_r=0.17, per_tert_l=0.17
Fmax range: 5..3396 N | L range sample: [0.229942 0.326094]
standing solve: nnls x in [0.00, 0.61], >0.1: 14 muscles
  top: tib_ant_r=0.61, tib_ant_l=0.60, ext_dig_r=0.40, ext_dig_l=0.40, ercspn_r=0.18, ercspn_l=0.18, per_tert_r=0.17, per_tert_l=0.17
Fmax range: 5..3396 N | L range sample: [0.229942 0.326094]

== best score 1.091 (trial 0)
  drive        1.1139
  rg_adapt     0.8340
  desc_e       1.0118
  rg_to_pf     1.3946
  e2_pf        0.2050
  f1_df        0.7178
  f1_kf        1.0521
  post_kneext  0.4442
  post_hipext  0.2200
  kx           141.8436
saved best_walk_params.json
