fitted baseline loaded: e2_pf=0.222 f1_df=0.098 f1_kf=0.148 post_kneext=0.011 post_hipext=0.068 desc_f=1.400 e2_adapt=1.700
start pose (normal): applied 20 coordinates as given; pelvis ty 0.922 m (env override=0.9215287157201333); IMU-metric torso lean -0.0 deg (+ = back)
standing solve: nnls x in [0.00, 0.65], >0.1: 13 muscles
  top: add_long_l=0.65, tib_ant_r=0.61, tib_ant_l=0.47, ext_dig_r=0.37, glut_min1_l=0.30, pect_l=0.30, glut_min2_l=0.28, ext_dig_l=0.25
Fmax range: 5..3396 N | L range sample: [0.229942 0.326094]
t=  1.00 max|qacc|=      50.5 max|qvel|=   4.56 ncon=  0 com_z=0.924 com_x=-0.116
t=  1.50 max|qacc|=      20.1 max|qvel|=   2.17 ncon=  0 com_z=0.925 com_x=-0.123
t=  2.00 max|qacc|=      17.7 max|qvel|=   0.57 ncon=  0 com_z=0.930 com_x=-0.118
t=  2.50 max|qacc|=      10.1 max|qvel|=   0.63 ncon=  0 com_z=0.927 com_x=-0.125
t=  3.00 max|qacc|=       7.2 max|qvel|=   1.16 ncon=  0 com_z=0.927 com_x=-0.121
t=  3.50 max|qacc|=       3.0 max|qvel|=   2.02 ncon=  0 com_z=0.925 com_x=-0.123
t=  4.00 max|qacc|=       8.0 max|qvel|=   0.78 ncon=  0 com_z=0.924 com_x=-0.102
t=  4.50 max|qacc|=      39.6 max|qvel|=   1.85 ncon=  0 com_z=0.927 com_x=-0.088
t=  5.00 max|qacc|=      25.3 max|qvel|=   3.71 ncon=  0 com_z=0.936 com_x=-0.158
t=  5.50 max|qacc|=      15.2 max|qvel|=   3.35 ncon=  0 com_z=0.923 com_x=-0.131
t=  6.00 max|qacc|=      43.1 max|qvel|=   1.50 ncon=  0 com_z=0.924 com_x=-0.117
t=  6.50 max|qacc|=      17.5 max|qvel|=   1.14 ncon=  0 com_z=0.935 com_x=-0.155
t=  7.00 max|qacc|=      21.0 max|qvel|=   0.98 ncon=  0 com_z=0.923 com_x=-0.111
t=  7.50 max|qacc|=       7.5 max|qvel|=   3.00 ncon=  0 com_z=0.927 com_x=-0.137
t=  8.00 max|qacc|=       3.1 max|qvel|=   2.84 ncon=  0 com_z=0.927 com_x=-0.144
t=  8.50 max|qacc|=      12.9 max|qvel|=   0.60 ncon=  0 com_z=0.923 com_x=-0.111
t=  9.00 max|qacc|=      16.1 max|qvel|=   0.97 ncon=  0 com_z=0.930 com_x=-0.146
t=  9.50 max|qacc|=       2.8 max|qvel|=   1.06 ncon=  0 com_z=0.923 com_x=-0.129
t= 10.00 max|qacc|=      12.4 max|qvel|=   1.38 ncon=  0 com_z=0.924 com_x=-0.123
t= 10.50 max|qacc|=       6.0 max|qvel|=   0.74 ncon=  0 com_z=0.929 com_x=-0.146
t= 11.00 max|qacc|=       4.2 max|qvel|=   0.88 ncon=  0 com_z=0.923 com_x=-0.120
t= 11.50 max|qacc|=       7.0 max|qvel|=   1.40 ncon=  0 com_z=0.925 com_x=-0.134
t= 12.00 max|qacc|=       4.3 max|qvel|=   1.13 ncon=  0 com_z=0.925 com_x=-0.139
t= 12.50 max|qacc|=       7.1 max|qvel|=   0.32 ncon=  0 com_z=0.923 com_x=-0.120
t= 13.00 max|qacc|=       5.9 max|qvel|=   0.37 ncon=  0 com_z=0.927 com_x=-0.140
t= 13.50 max|qacc|=       1.1 max|qvel|=   1.31 ncon=  0 com_z=0.923 com_x=-0.129
t= 14.00 max|qacc|=       2.4 max|qvel|=   1.40 ncon=  0 com_z=0.924 com_x=-0.126
t= 14.50 max|qacc|=       2.9 max|qvel|=   0.20 ncon=  0 com_z=0.927 com_x=-0.141
t= 15.00 max|qacc|=       6.0 max|qvel|=   0.47 ncon=  0 com_z=0.923 com_x=-0.125
t= 15.50 max|qacc|=       3.2 max|qvel|=   0.72 ncon=  0 com_z=0.925 com_x=-0.133
t= 16.00 max|qacc|=       3.2 max|qvel|=   0.78 ncon=  0 com_z=0.925 com_x=-0.138
t= 16.50 max|qacc|=      16.4 max|qvel|=   0.30 ncon=  0 com_z=0.924 com_x=-0.128
t= 17.00 max|qacc|=      10.4 max|qvel|=   0.61 ncon=  0 com_z=0.929 com_x=-0.146
t= 17.50 max|qacc|=       3.5 max|qvel|=   0.89 ncon=  0 com_z=0.927 com_x=-0.141
t= 18.00 max|qacc|=       6.7 max|qvel|=   1.04 ncon=  0 com_z=0.927 com_x=-0.137
t= 18.50 max|qacc|=       2.4 max|qvel|=   0.30 ncon=  0 com_z=0.929 com_x=-0.147
t= 19.00 max|qacc|=       3.7 max|qvel|=   0.26 ncon=  0 com_z=0.927 com_x=-0.137
t= 19.50 max|qacc|=       1.8 max|qvel|=   0.55 ncon=  0 com_z=0.928 com_x=-0.142
t= 20.00 max|qacc|=       1.7 max|qvel|=   0.63 ncon=  0 com_z=0.928 com_x=-0.144
t= 20.50 max|qacc|=       2.8 max|qvel|=   0.26 ncon=  0 com_z=0.927 com_x=-0.137
t= 21.00 max|qacc|=       3.3 max|qvel|=   0.18 ncon=  0 com_z=0.928 com_x=-0.145
t= 21.50 max|qacc|=       1.6 max|qvel|=   0.56 ncon=  0 com_z=0.927 com_x=-0.140
t= 22.00 max|qacc|=       0.5 max|qvel|=   0.67 ncon=  0 com_z=0.927 com_x=-0.140
t= 22.50 max|qacc|=       1.6 max|qvel|=   0.30 ncon=  0 com_z=0.928 com_x=-0.145
t= 23.00 max|qacc|=       2.6 max|qvel|=   0.05 ncon=  0 com_z=0.927 com_x=-0.139
t= 23.50 max|qacc|=       1.3 max|qvel|=   0.32 ncon=  0 com_z=0.928 com_x=-0.142
t= 24.00 max|qacc|=       0.4 max|qvel|=   0.46 ncon=  0 com_z=0.927 com_x=-0.142
t= 24.50 max|qacc|=       1.7 max|qvel|=   0.26 ncon=  0 com_z=0.927 com_x=-0.139
t= 25.00 max|qacc|=       2.3 max|qvel|=   0.05 ncon=  0 com_z=0.928 com_x=-0.144
t= 25.50 max|qacc|=       1.3 max|qvel|=   0.32 ncon=  0 com_z=0.927 com_x=-0.140
t= 26.00 max|qacc|=       0.6 max|qvel|=   0.46 ncon=  0 com_z=0.927 com_x=-0.141
t= 26.50 max|qacc|=       0.9 max|qvel|=   0.28 ncon=  0 com_z=0.927 com_x=-0.143
t= 27.00 max|qacc|=       1.8 max|qvel|=   0.08 ncon=  0 com_z=0.927 com_x=-0.140
t= 27.50 max|qacc|=       1.0 max|qvel|=   0.15 ncon=  0 com_z=0.928 com_x=-0.143
t= 28.00 max|qacc|=       0.3 max|qvel|=   0.30 ncon=  0 com_z=0.927 com_x=-0.141
t= 28.50 max|qacc|=       0.9 max|qvel|=   0.23 ncon=  0 com_z=0.927 com_x=-0.140
t= 29.00 max|qacc|=       1.5 max|qvel|=   0.05 ncon=  0 com_z=0.927 com_x=-0.143
t= 29.50 max|qacc|=       1.2 max|qvel|=   0.16 ncon=  0 com_z=0.927 com_x=-0.140
t= 30.00 max|qacc|=       0.7 max|qvel|=   0.28 ncon=  0 com_z=0.927 com_x=-0.142
t= 30.50 max|qacc|=       0.4 max|qvel|=   0.23 ncon=  0 com_z=0.927 com_x=-0.142

== summary ==
pelvis/COM height: start 0.94 m, min 0.92 m, final 0.93 m  (stayed up)
COM x: min -0.16 max -0.09 final -0.14 m
COM y: min -0.017 max +0.005 m
RG_F_r bursts during walk window: 0
peak ctrl: [0.   0.02 0.02 0.35 0.   0.   0.29 0.   0.   0.   0.   0.03 0.03 0.27
 0.   0.01 0.27 0.   0.   0.  ] (('vas_lat_r', 'med_gas_r', 'soleus_r', 'tib_ant_r', 'psoas_r', 'semimem_r', 'glut_max2_r', 'rect_fem_r', 'sar_r', 'grac_r', 'vas_lat_l', 'med_gas_l', 'soleus_l', 'tib_ant_l', 'psoas_l', 'semimem_l', 'glut_max2_l', 'rect_fem_l', 'sar_l', 'grac_l'))
  hip_flexion_r         -9.2 ..    24.6 deg
  knee_angle_r         -37.9 ..    11.4 deg
  ankle_angle_r        -19.1 ..    34.5 deg
  hip_adduction_r       -3.9 ..     3.9 deg
  subtalar_angle_r      -3.5 ..    11.5 deg
  hip_flexion_l        -19.2 ..    23.9 deg
  knee_angle_l         -47.8 ..    11.4 deg
  ankle_angle_l        -21.5 ..    31.8 deg
  hip_adduction_l      -11.7 ..     7.6 deg
  subtalar_angle_l      -4.2 ..     9.9 deg
  pelvis_tilt           -1.9 ..    -0.4 deg
  pelvis_list           -0.5 ..    -0.3 deg
  pelvis_rotation        2.3 ..     2.5 deg
saved spinal_run.npz
saved spinal_run.png
[combo] AIR [] done (246.8s)
start pose (normal): applied 20 coordinates as given; pelvis ty 0.922 m (env override=0.9215287157201333); IMU-metric torso lean -0.0 deg (+ = back)
standing solve: nnls x in [0.00, 0.65], >0.1: 13 muscles
  top: add_long_l=0.65, tib_ant_r=0.61, tib_ant_l=0.47, ext_dig_r=0.37, glut_min1_l=0.30, pect_l=0.30, glut_min2_l=0.28, ext_dig_l=0.25
Fmax range: 5..3396 N | L range sample: [0.229942 0.326094]
[combo] WALK [] done (130.1s)
start pose (normal): applied 20 coordinates as given; pelvis ty 0.922 m (env override=0.9215287157201333); IMU-metric torso lean -0.0 deg (+ = back)
standing solve: nnls x in [0.00, 0.65], >0.1: 13 muscles
  top: add_long_l=0.65, tib_ant_r=0.61, tib_ant_l=0.47, ext_dig_r=0.37, glut_min1_l=0.30, pect_l=0.30, glut_min2_l=0.28, ext_dig_l=0.25
Fmax range: 5..3396 N | L range sample: [0.229942 0.326094]
[combo] STAND [] done (65.7s)
start pose (normal): applied 20 coordinates as given; pelvis ty 0.922 m (env override=0.9215287157201333); IMU-metric torso lean -0.0 deg (+ = back)
standing solve: nnls x in [0.00, 0.65], >0.1: 13 muscles
  top: add_long_l=0.65, tib_ant_r=0.61, tib_ant_l=0.47, ext_dig_r=0.37, glut_min1_l=0.30, pect_l=0.30, glut_min2_l=0.28, ext_dig_l=0.25
Fmax range: 5..3396 N | L range sample: [0.229942 0.326094]
[combo] PUSH +x done (65.8s)
start pose (normal): applied 20 coordinates as given; pelvis ty 0.922 m (env override=0.9215287157201333); IMU-metric torso lean -0.0 deg (+ = back)
standing solve: nnls x in [0.00, 0.65], >0.1: 13 muscles
  top: add_long_l=0.65, tib_ant_r=0.61, tib_ant_l=0.47, ext_dig_r=0.37, glut_min1_l=0.30, pect_l=0.30, glut_min2_l=0.28, ext_dig_l=0.25
Fmax range: 5..3396 N | L range sample: [0.229942 0.326094]
[combo] PUSH -x done (65.9s)
start pose (normal): applied 20 coordinates as given; pelvis ty 0.922 m (env override=0.9215287157201333); IMU-metric torso lean -0.0 deg (+ = back)
standing solve: nnls x in [0.00, 0.65], >0.1: 13 muscles
  top: add_long_l=0.65, tib_ant_r=0.61, tib_ant_l=0.47, ext_dig_r=0.37, glut_min1_l=0.30, pect_l=0.30, glut_min2_l=0.28, ext_dig_l=0.25
Fmax range: 5..3396 N | L range sample: [0.229942 0.326094]
[combo] PUSH +y done (65.8s)
start pose (normal): applied 20 coordinates as given; pelvis ty 0.922 m (env override=0.9215287157201333); IMU-metric torso lean -0.0 deg (+ = back)
standing solve: nnls x in [0.00, 0.65], >0.1: 13 muscles
  top: add_long_l=0.65, tib_ant_r=0.61, tib_ant_l=0.47, ext_dig_r=0.37, glut_min1_l=0.30, pect_l=0.30, glut_min2_l=0.28, ext_dig_l=0.25
Fmax range: 5..3396 N | L range sample: [0.229942 0.326094]
[combo] PUSH -y done (66.1s)
[combo] done
