[prune:s3k] shard 2/3: 24 cells, 0 already done
fitted baseline loaded: e2_pf=0.222 f1_df=0.098 f1_kf=0.148 post_kneext=0.011 post_hipext=0.068 desc_f=1.400 e2_adapt=1.700
start pose (normal): applied 20 coordinates as given; pelvis ty 0.922 m (env override=0.9215287157201333); IMU-metric torso lean -0.0 deg (+ = back)
standing solve: nnls x in [0.00, 0.65], >0.1: 13 muscles
  top: add_long_l=0.65, tib_ant_r=0.61, tib_ant_l=0.47, ext_dig_r=0.37, glut_min1_l=0.30, pect_l=0.30, glut_min2_l=0.28, ext_dig_l=0.25
Fmax range: 5..3396 N | L range sample: [0.229942 0.326094]
[prune:s3k] full      STAND       -> -25.0  (311.1s)
start pose (normal): applied 20 coordinates as given; pelvis ty 0.922 m (env override=0.9215287157201333); IMU-metric torso lean -0.0 deg (+ = back)
standing solve: nnls x in [0.00, 0.65], >0.1: 13 muscles
  top: add_long_l=0.65, tib_ant_r=0.61, tib_ant_l=0.47, ext_dig_r=0.37, glut_min1_l=0.30, pect_l=0.30, glut_min2_l=0.28, ext_dig_l=0.25
Fmax range: 5..3396 N | L range sample: [0.229942 0.326094]
[prune:s3k] full      PUSH     +y -> -25.0  (310.6s)
fitted baseline loaded: e2_pf=0.222 f1_df=0.098 f1_kf=0.148 post_kneext=0.011 post_hipext=0.068 desc_f=1.400 e2_adapt=1.700
start pose (normal): applied 20 coordinates as given; pelvis ty 0.922 m (env override=0.9215287157201333); IMU-metric torso lean -0.0 deg (+ = back)
standing solve: nnls x in [0.00, 0.65], >0.1: 13 muscles
  top: add_long_l=0.65, tib_ant_r=0.61, tib_ant_l=0.47, ext_dig_r=0.37, glut_min1_l=0.30, pect_l=0.30, glut_min2_l=0.28, ext_dig_l=0.25
Fmax range: 5..3396 N | L range sample: [0.229942 0.326094]
t=  1.00 max|qacc|=     100.4 max|qvel|=   1.93 ncon=  0 com_z=0.971 com_x=-0.205
t=  1.50 max|qacc|=     145.9 max|qvel|=   2.02 ncon=  0 com_z=0.938 com_x=-0.178
t=  2.00 max|qacc|=     369.7 max|qvel|=   1.21 ncon=  0 com_z=0.950 com_x=-0.188
t=  2.50 max|qacc|=     136.7 max|qvel|=   0.75 ncon=  0 com_z=0.946 com_x=-0.186
t=  3.00 max|qacc|=     440.7 max|qvel|=   0.42 ncon=  0 com_z=0.946 com_x=-0.183
t=  3.50 max|qacc|=     189.9 max|qvel|=   0.57 ncon=  0 com_z=0.946 com_x=-0.186
t=  4.00 max|qacc|=      33.0 max|qvel|=   0.17 ncon=  0 com_z=0.946 com_x=-0.183
t=  4.50 max|qacc|=      38.9 max|qvel|=   0.17 ncon=  0 com_z=0.946 com_x=-0.186
t=  5.00 max|qacc|=       9.8 max|qvel|=   0.17 ncon=  0 com_z=0.946 com_x=-0.183
t=  5.50 max|qacc|=      17.4 max|qvel|=   0.22 ncon=  0 com_z=0.945 com_x=-0.185
t=  6.00 max|qacc|=      27.8 max|qvel|=   0.15 ncon=  0 com_z=0.946 com_x=-0.184
t=  6.50 max|qacc|=      72.3 max|qvel|=   0.18 ncon=  0 com_z=0.945 com_x=-0.185
t=  7.00 max|qacc|=      59.1 max|qvel|=   0.70 ncon=  0 com_z=0.946 com_x=-0.184
t=  7.50 max|qacc|=      52.7 max|qvel|=   0.14 ncon=  0 com_z=0.946 com_x=-0.184
t=  8.00 max|qacc|=     226.9 max|qvel|=   0.20 ncon=  0 com_z=0.946 com_x=-0.185
t=  8.50 max|qacc|=     133.5 max|qvel|=   0.19 ncon=  0 com_z=0.946 com_x=-0.184
t=  9.00 max|qacc|=      37.2 max|qvel|=   0.20 ncon=  0 com_z=0.945 com_x=-0.185
t=  9.50 max|qacc|=     416.7 max|qvel|=   0.33 ncon=  0 com_z=0.946 com_x=-0.184
t= 10.00 max|qacc|=      21.1 max|qvel|=   0.19 ncon=  0 com_z=0.945 com_x=-0.184
t= 10.50 max|qacc|=      53.8 max|qvel|=   0.24 ncon=  0 com_z=0.946 com_x=-0.185
t= 11.00 max|qacc|=      17.6 max|qvel|=   0.12 ncon=  0 com_z=0.946 com_x=-0.184
t= 11.50 max|qacc|=     128.3 max|qvel|=   0.20 ncon=  0 com_z=0.946 com_x=-0.185
t= 12.00 max|qacc|=     644.2 max|qvel|=   0.73 ncon=  0 com_z=0.946 com_x=-0.184
t= 12.50 max|qacc|=      23.0 max|qvel|=   0.14 ncon=  0 com_z=0.945 com_x=-0.185
t= 13.00 max|qacc|=     104.2 max|qvel|=   0.11 ncon=  0 com_z=0.946 com_x=-0.184
t= 13.50 max|qacc|=      69.0 max|qvel|=   0.14 ncon=  0 com_z=0.946 com_x=-0.184
t= 14.00 max|qacc|=     164.5 max|qvel|=   0.28 ncon=  0 com_z=0.946 com_x=-0.185
t= 14.50 max|qacc|=      87.8 max|qvel|=   0.17 ncon=  0 com_z=0.946 com_x=-0.184
t= 15.00 max|qacc|=      77.0 max|qvel|=   0.25 ncon=  0 com_z=0.945 com_x=-0.185
t= 15.50 max|qacc|=      32.6 max|qvel|=   0.18 ncon=  0 com_z=0.946 com_x=-0.184
t= 16.00 max|qacc|=      38.1 max|qvel|=   0.12 ncon=  0 com_z=0.946 com_x=-0.184
t= 16.50 max|qacc|=      69.1 max|qvel|=   0.13 ncon=  0 com_z=0.946 com_x=-0.185
t= 17.00 max|qacc|=     188.3 max|qvel|=   0.13 ncon=  0 com_z=0.946 com_x=-0.184
t= 17.50 max|qacc|=     256.2 max|qvel|=   0.22 ncon=  0 com_z=0.946 com_x=-0.185
t= 18.00 max|qacc|=     100.4 max|qvel|=   0.26 ncon=  0 com_z=0.946 com_x=-0.184
t= 18.50 max|qacc|=     233.3 max|qvel|=   0.22 ncon=  0 com_z=0.945 com_x=-0.185
t= 19.00 max|qacc|=     139.5 max|qvel|=   0.41 ncon=  0 com_z=0.946 com_x=-0.184
t= 19.50 max|qacc|=      79.6 max|qvel|=   0.24 ncon=  0 com_z=0.945 com_x=-0.184
t= 20.00 max|qacc|=      94.8 max|qvel|=   0.15 ncon=  0 com_z=0.946 com_x=-0.185
t= 20.50 max|qacc|=      32.2 max|qvel|=   0.13 ncon=  0 com_z=0.946 com_x=-0.184
t= 21.00 max|qacc|=      31.9 max|qvel|=   0.24 ncon=  0 com_z=0.945 com_x=-0.185
t= 21.50 max|qacc|=     218.8 max|qvel|=   0.20 ncon=  0 com_z=0.946 com_x=-0.184

== summary ==
pelvis/COM height: start 0.94 m, min 0.93 m, final 0.95 m  (stayed up)
COM x: min -0.21 max -0.11 final -0.18 m
COM y: min -0.039 max +0.000 m
RG_F_r bursts during walk window: 0
peak ctrl: [0.54 0.77 0.76 0.82 0.31 0.35 0.71 0.58 0.3  0.09 0.54 0.77 0.77 0.73
 0.32 0.35 0.66 0.58 0.3  0.09] (('vas_lat_r', 'med_gas_r', 'soleus_r', 'tib_ant_r', 'psoas_r', 'semimem_r', 'glut_max2_r', 'rect_fem_r', 'sar_r', 'grac_r', 'vas_lat_l', 'med_gas_l', 'soleus_l', 'tib_ant_l', 'psoas_l', 'semimem_l', 'glut_max2_l', 'rect_fem_l', 'sar_l', 'grac_l'))
  hip_flexion_r         24.6 ..    47.3 deg
  knee_angle_r          -3.9 ..    10.8 deg
  ankle_angle_r        -65.0 ..    -1.7 deg
  hip_adduction_r        0.8 ..    11.8 deg
  subtalar_angle_r       0.0 ..     5.5 deg
  hip_flexion_l        -16.6 ..    62.4 deg
  knee_angle_l          -8.2 ..    11.2 deg
  ankle_angle_l        -69.6 ..     9.8 deg
  hip_adduction_l      -17.7 ..    17.0 deg
  subtalar_angle_l      -0.1 ..     3.5 deg
  pelvis_tilt           -1.9 ..     0.8 deg
  pelvis_list           -0.5 ..    -0.1 deg
  pelvis_rotation        2.2 ..     2.7 deg
saved spinal_run.npz
saved spinal_run.png
[prune:s3k] noaff     AIR         -> -10.40040870398716  (832.7s)
start pose (normal): applied 20 coordinates as given; pelvis ty 0.922 m (env override=0.9215287157201333); IMU-metric torso lean -0.0 deg (+ = back)
standing solve: nnls x in [0.00, 0.65], >0.1: 13 muscles
  top: add_long_l=0.65, tib_ant_r=0.61, tib_ant_l=0.47, ext_dig_r=0.37, glut_min1_l=0.30, pect_l=0.30, glut_min2_l=0.28, ext_dig_l=0.25
Fmax range: 5..3396 N | L range sample: [0.229942 0.326094]
[prune:s3k] noaff     PUSH     +x -> -25.0  (303.7s)
start pose (normal): applied 20 coordinates as given; pelvis ty 0.922 m (env override=0.9215287157201333); IMU-metric torso lean -0.0 deg (+ = back)
standing solve: nnls x in [0.00, 0.65], >0.1: 13 muscles
  top: add_long_l=0.65, tib_ant_r=0.61, tib_ant_l=0.47, ext_dig_r=0.37, glut_min1_l=0.30, pect_l=0.30, glut_min2_l=0.28, ext_dig_l=0.25
Fmax range: 5..3396 N | L range sample: [0.229942 0.326094]
[prune:s3k] noaff     PUSH     -y -> -25.0  (305.8s)
fitted baseline loaded: e2_pf=0.222 f1_df=0.098 f1_kf=0.148 post_kneext=0.011 post_hipext=0.068 desc_f=1.400 e2_adapt=1.700
start pose (normal): applied 20 coordinates as given; pelvis ty 0.922 m (env override=0.9215287157201333); IMU-metric torso lean -0.0 deg (+ = back)
standing solve: nnls x in [0.00, 0.65], >0.1: 13 muscles
  top: add_long_l=0.65, tib_ant_r=0.61, tib_ant_l=0.47, ext_dig_r=0.37, glut_min1_l=0.30, pect_l=0.30, glut_min2_l=0.28, ext_dig_l=0.25
Fmax range: 5..3396 N | L range sample: [0.229942 0.326094]
[prune:s3k] interleg  WALK        -> -174.94595692184285  (616.8s)
start pose (normal): applied 20 coordinates as given; pelvis ty 0.922 m (env override=0.9215287157201333); IMU-metric torso lean -0.0 deg (+ = back)
standing solve: nnls x in [0.00, 0.65], >0.1: 13 muscles
  top: add_long_l=0.65, tib_ant_r=0.61, tib_ant_l=0.47, ext_dig_r=0.37, glut_min1_l=0.30, pect_l=0.30, glut_min2_l=0.28, ext_dig_l=0.25
Fmax range: 5..3396 N | L range sample: [0.229942 0.326094]
[prune:s3k] interleg  PUSH     -x -> -25.0  (306.8s)
start pose (normal): applied 20 coordinates as given; pelvis ty 0.922 m (env override=0.9215287157201333); IMU-metric torso lean -0.0 deg (+ = back)
standing solve: nnls x in [0.00, 0.65], >0.1: 13 muscles
  top: add_long_l=0.65, tib_ant_r=0.61, tib_ant_l=0.47, ext_dig_r=0.37, glut_min1_l=0.30, pect_l=0.30, glut_min2_l=0.28, ext_dig_l=0.25
Fmax range: 5..3396 N | L range sample: [0.229942 0.326094]
t=  1.00 max|qacc|=     100.4 max|qvel|=   1.93 ncon=  0 com_z=0.971 com_x=-0.205
t=  1.50 max|qacc|=      11.6 max|qvel|=   2.02 ncon=  0 com_z=0.938 com_x=-0.178
t=  2.00 max|qacc|=      41.9 max|qvel|=   1.23 ncon=  0 com_z=0.950 com_x=-0.188
t=  2.50 max|qacc|=     188.0 max|qvel|=   0.71 ncon=  0 com_z=0.946 com_x=-0.186
t=  3.00 max|qacc|=     139.8 max|qvel|=   0.96 ncon=  0 com_z=0.946 com_x=-0.183
t=  3.50 max|qacc|=      58.6 max|qvel|=   0.20 ncon=  0 com_z=0.946 com_x=-0.186
t=  4.00 max|qacc|=     188.9 max|qvel|=   1.03 ncon=  0 com_z=0.946 com_x=-0.183
t=  4.50 max|qacc|=      93.4 max|qvel|=   1.63 ncon=  0 com_z=0.946 com_x=-0.185
t=  5.00 max|qacc|=      48.6 max|qvel|=   0.16 ncon=  0 com_z=0.946 com_x=-0.184
t=  5.50 max|qacc|=      16.7 max|qvel|=   0.18 ncon=  0 com_z=0.945 com_x=-0.185
t=  6.00 max|qacc|=      77.1 max|qvel|=   0.53 ncon=  0 com_z=0.946 com_x=-0.184
t=  6.50 max|qacc|=     109.0 max|qvel|=   1.57 ncon=  0 com_z=0.946 com_x=-0.185
t=  7.00 max|qacc|=      34.1 max|qvel|=   0.23 ncon=  0 com_z=0.946 com_x=-0.184
t=  7.50 max|qacc|=     158.4 max|qvel|=   0.14 ncon=  0 com_z=0.946 com_x=-0.184
t=  8.00 max|qacc|=      33.4 max|qvel|=   0.22 ncon=  0 com_z=0.945 com_x=-0.185
t=  8.50 max|qacc|=     292.1 max|qvel|=   0.74 ncon=  0 com_z=0.946 com_x=-0.184
t=  9.00 max|qacc|=     217.7 max|qvel|=   0.24 ncon=  0 com_z=0.945 com_x=-0.184
t=  9.50 max|qacc|=      46.3 max|qvel|=   0.13 ncon=  0 com_z=0.946 com_x=-0.184
t= 10.00 max|qacc|=      42.7 max|qvel|=   0.21 ncon=  0 com_z=0.946 com_x=-0.184
t= 10.50 max|qacc|=     227.5 max|qvel|=   0.15 ncon=  0 com_z=0.946 com_x=-0.185
t= 11.00 max|qacc|=     449.3 max|qvel|=   0.21 ncon=  0 com_z=0.946 com_x=-0.184
t= 11.50 max|qacc|=      93.0 max|qvel|=   0.22 ncon=  0 com_z=0.945 com_x=-0.185
t= 12.00 max|qacc|=      30.1 max|qvel|=   0.28 ncon=  0 com_z=0.946 com_x=-0.184
t= 12.50 max|qacc|=      60.0 max|qvel|=   0.14 ncon=  0 com_z=0.945 com_x=-0.184
t= 13.00 max|qacc|=      28.6 max|qvel|=   0.13 ncon=  0 com_z=0.946 com_x=-0.184
t= 13.50 max|qacc|=      44.0 max|qvel|=   0.13 ncon=  0 com_z=0.946 com_x=-0.184
t= 14.00 max|qacc|=      32.6 max|qvel|=   0.26 ncon=  0 com_z=0.946 com_x=-0.185
t= 14.50 max|qacc|=      75.5 max|qvel|=   0.18 ncon=  0 com_z=0.946 com_x=-0.184
t= 15.00 max|qacc|=     122.5 max|qvel|=   0.37 ncon=  0 com_z=0.945 com_x=-0.185
t= 15.50 max|qacc|=     102.8 max|qvel|=   0.21 ncon=  0 com_z=0.946 com_x=-0.184
t= 16.00 max|qacc|=      37.3 max|qvel|=   0.15 ncon=  0 com_z=0.946 com_x=-0.184
t= 16.50 max|qacc|=      61.3 max|qvel|=   0.14 ncon=  0 com_z=0.946 com_x=-0.185
t= 17.00 max|qacc|=     337.0 max|qvel|=   0.40 ncon=  0 com_z=0.946 com_x=-0.184
t= 17.50 max|qacc|=      54.6 max|qvel|=   0.20 ncon=  0 com_z=0.946 com_x=-0.185
t= 18.00 max|qacc|=      68.7 max|qvel|=   0.45 ncon=  0 com_z=0.946 com_x=-0.184
t= 18.50 max|qacc|=      79.8 max|qvel|=   0.56 ncon=  0 com_z=0.945 com_x=-0.185
t= 19.00 max|qacc|=     126.1 max|qvel|=   0.14 ncon=  0 com_z=0.946 com_x=-0.184
t= 19.50 max|qacc|=     195.2 max|qvel|=   0.43 ncon=  0 com_z=0.946 com_x=-0.184
t= 20.00 max|qacc|=     189.4 max|qvel|=   0.24 ncon=  0 com_z=0.945 com_x=-0.185
t= 20.50 max|qacc|=      71.0 max|qvel|=   0.18 ncon=  0 com_z=0.946 com_x=-0.184
t= 21.00 max|qacc|=      97.7 max|qvel|=   0.55 ncon=  0 com_z=0.945 com_x=-0.184
t= 21.50 max|qacc|=      48.6 max|qvel|=   0.29 ncon=  0 com_z=0.946 com_x=-0.184

== summary ==
pelvis/COM height: start 0.94 m, min 0.93 m, final 0.95 m  (stayed up)
COM x: min -0.21 max -0.11 final -0.18 m
COM y: min -0.039 max +0.002 m
RG_F_r bursts during walk window: 0
peak ctrl: [0.54 0.77 0.76 0.82 0.31 0.35 0.71 0.58 0.3  0.09 0.54 0.77 0.77 0.73
 0.32 0.35 0.66 0.58 0.3  0.09] (('vas_lat_r', 'med_gas_r', 'soleus_r', 'tib_ant_r', 'psoas_r', 'semimem_r', 'glut_max2_r', 'rect_fem_r', 'sar_r', 'grac_r', 'vas_lat_l', 'med_gas_l', 'soleus_l', 'tib_ant_l', 'psoas_l', 'semimem_l', 'glut_max2_l', 'rect_fem_l', 'sar_l', 'grac_l'))
  hip_flexion_r         24.6 ..    47.3 deg
  knee_angle_r          -3.9 ..    10.8 deg
  ankle_angle_r        -65.0 ..    -1.7 deg
  hip_adduction_r        0.8 ..    11.7 deg
  subtalar_angle_r       0.0 ..     5.5 deg
  hip_flexion_l        -16.6 ..    62.4 deg
  knee_angle_l          -8.2 ..    11.2 deg
  ankle_angle_l        -69.5 ..     9.8 deg
  hip_adduction_l      -17.7 ..    17.7 deg
  subtalar_angle_l      -0.1 ..     3.5 deg
  pelvis_tilt           -1.9 ..     0.8 deg
  pelvis_list           -0.5 ..    -0.1 deg
  pelvis_rotation        2.2 ..     2.7 deg
saved spinal_run.npz
saved spinal_run.png
[prune:s3k] interleg  AIRDEAFF    -> -10.400375818047513  (816.5s)
fitted baseline loaded: e2_pf=0.222 f1_df=0.098 f1_kf=0.148 post_kneext=0.011 post_hipext=0.068 desc_f=1.400 e2_adapt=1.700
start pose (normal): applied 20 coordinates as given; pelvis ty 0.922 m (env override=0.9215287157201333); IMU-metric torso lean -0.0 deg (+ = back)
standing solve: nnls x in [0.00, 0.65], >0.1: 13 muscles
  top: add_long_l=0.65, tib_ant_r=0.61, tib_ant_l=0.47, ext_dig_r=0.37, glut_min1_l=0.30, pect_l=0.30, glut_min2_l=0.28, ext_dig_l=0.25
Fmax range: 5..3396 N | L range sample: [0.229942 0.326094]
[prune:s3k] contact   STAND       -> -25.0  (307.0s)
start pose (normal): applied 20 coordinates as given; pelvis ty 0.922 m (env override=0.9215287157201333); IMU-metric torso lean -0.0 deg (+ = back)
standing solve: nnls x in [0.00, 0.65], >0.1: 13 muscles
  top: add_long_l=0.65, tib_ant_r=0.61, tib_ant_l=0.47, ext_dig_r=0.37, glut_min1_l=0.30, pect_l=0.30, glut_min2_l=0.28, ext_dig_l=0.25
Fmax range: 5..3396 N | L range sample: [0.229942 0.326094]
[prune:s3k] contact   PUSH     +y -> -25.0  (306.8s)
fitted baseline loaded: e2_pf=0.222 f1_df=0.098 f1_kf=0.148 post_kneext=0.011 post_hipext=0.068 desc_f=1.400 e2_adapt=1.700
start pose (normal): applied 20 coordinates as given; pelvis ty 0.922 m (env override=0.9215287157201333); IMU-metric torso lean -0.0 deg (+ = back)
standing solve: nnls x in [0.00, 0.65], >0.1: 13 muscles
  top: add_long_l=0.65, tib_ant_r=0.61, tib_ant_l=0.47, ext_dig_r=0.37, glut_min1_l=0.30, pect_l=0.30, glut_min2_l=0.28, ext_dig_l=0.25
Fmax range: 5..3396 N | L range sample: [0.229942 0.326094]
t=  1.00 max|qacc|=      35.7 max|qvel|=   5.91 ncon=  0 com_z=0.956 com_x=-0.161
t=  1.50 max|qacc|=      23.3 max|qvel|=   3.00 ncon=  0 com_z=0.935 com_x=-0.129
t=  2.00 max|qacc|=      10.1 max|qvel|=   1.77 ncon=  0 com_z=0.951 com_x=-0.162
t=  2.50 max|qacc|=       8.5 max|qvel|=   0.94 ncon=  0 com_z=0.939 com_x=-0.140
t=  3.00 max|qacc|=       5.0 max|qvel|=   1.07 ncon=  0 com_z=0.944 com_x=-0.156
t=  3.50 max|qacc|=       6.8 max|qvel|=   0.64 ncon=  0 com_z=0.943 com_x=-0.149
t=  4.00 max|qacc|=      13.8 max|qvel|=   0.35 ncon=  0 com_z=0.941 com_x=-0.151
t=  4.50 max|qacc|=       6.6 max|qvel|=   0.29 ncon=  0 com_z=0.944 com_x=-0.153
t=  5.00 max|qacc|=      17.6 max|qvel|=   0.16 ncon=  0 com_z=0.941 com_x=-0.149
t=  5.50 max|qacc|=       4.0 max|qvel|=   0.10 ncon=  0 com_z=0.943 com_x=-0.153
t=  6.00 max|qacc|=       8.5 max|qvel|=   0.11 ncon=  0 com_z=0.942 com_x=-0.149
t=  6.50 max|qacc|=      12.4 max|qvel|=   0.09 ncon=  0 com_z=0.943 com_x=-0.152
t=  7.00 max|qacc|=       3.6 max|qvel|=   0.09 ncon=  0 com_z=0.943 com_x=-0.151
t=  7.50 max|qacc|=      13.9 max|qvel|=   0.12 ncon=  0 com_z=0.942 com_x=-0.151
t=  8.00 max|qacc|=       9.4 max|qvel|=   0.05 ncon=  0 com_z=0.942 com_x=-0.151
t=  8.50 max|qacc|=       8.3 max|qvel|=   0.10 ncon=  0 com_z=0.943 com_x=-0.151
t=  9.00 max|qacc|=       9.2 max|qvel|=   0.09 ncon=  0 com_z=0.943 com_x=-0.151
t=  9.50 max|qacc|=       9.0 max|qvel|=   0.05 ncon=  0 com_z=0.943 com_x=-0.151
t= 10.00 max|qacc|=       9.8 max|qvel|=   0.13 ncon=  0 com_z=0.942 com_x=-0.151
t= 10.50 max|qacc|=      15.4 max|qvel|=   0.05 ncon=  0 com_z=0.942 com_x=-0.151
t= 11.00 max|qacc|=       6.1 max|qvel|=   0.08 ncon=  0 com_z=0.942 com_x=-0.151
t= 11.50 max|qacc|=       8.3 max|qvel|=   0.11 ncon=  0 com_z=0.943 com_x=-0.151
t= 12.00 max|qacc|=      12.6 max|qvel|=   0.05 ncon=  0 com_z=0.943 com_x=-0.151
t= 12.50 max|qacc|=       5.9 max|qvel|=   0.10 ncon=  0 com_z=0.943 com_x=-0.151
t= 13.00 max|qacc|=      14.9 max|qvel|=   0.11 ncon=  0 com_z=0.942 com_x=-0.151
t= 13.50 max|qacc|=       6.0 max|qvel|=   0.06 ncon=  0 com_z=0.942 com_x=-0.151
t= 14.00 max|qacc|=       8.1 max|qvel|=   0.11 ncon=  0 com_z=0.943 com_x=-0.151
t= 14.50 max|qacc|=       9.9 max|qvel|=   0.07 ncon=  0 com_z=0.943 com_x=-0.151
t= 15.00 max|qacc|=       6.5 max|qvel|=   0.06 ncon=  0 com_z=0.943 com_x=-0.151
t= 15.50 max|qacc|=      10.7 max|qvel|=   0.13 ncon=  0 com_z=0.942 com_x=-0.151
t= 16.00 max|qacc|=      14.0 max|qvel|=   0.06 ncon=  0 com_z=0.942 com_x=-0.151
t= 16.50 max|qacc|=       7.3 max|qvel|=   0.09 ncon=  0 com_z=0.943 com_x=-0.151
t= 17.00 max|qacc|=       8.5 max|qvel|=   0.10 ncon=  0 com_z=0.943 com_x=-0.151
t= 17.50 max|qacc|=      12.0 max|qvel|=   0.05 ncon=  0 com_z=0.943 com_x=-0.151
t= 18.00 max|qacc|=       7.6 max|qvel|=   0.12 ncon=  0 com_z=0.943 com_x=-0.151
t= 18.50 max|qacc|=      15.9 max|qvel|=   0.09 ncon=  0 com_z=0.942 com_x=-0.151
t= 19.00 max|qacc|=       3.1 max|qvel|=   0.06 ncon=  0 com_z=0.942 com_x=-0.151
t= 19.50 max|qacc|=       8.1 max|qvel|=   0.11 ncon=  0 com_z=0.943 com_x=-0.151
t= 20.00 max|qacc|=      11.3 max|qvel|=   0.06 ncon=  0 com_z=0.943 com_x=-0.151
t= 20.50 max|qacc|=       3.9 max|qvel|=   0.08 ncon=  0 com_z=0.943 com_x=-0.151
t= 21.00 max|qacc|=      12.5 max|qvel|=   0.12 ncon=  0 com_z=0.942 com_x=-0.151
t= 21.50 max|qacc|=      11.4 max|qvel|=   0.06 ncon=  0 com_z=0.942 com_x=-0.151

== summary ==
pelvis/COM height: start 0.94 m, min 0.93 m, final 0.94 m  (stayed up)
COM x: min -0.18 max -0.11 final -0.15 m
COM y: min -0.016 max +0.002 m
RG_F_r bursts during walk window: 0
peak ctrl: [0.   0.01 0.02 0.42 0.1  0.31 0.19 0.   0.11 0.   0.   0.01 0.02 0.34
 0.09 0.34 0.17 0.   0.08 0.  ] (('vas_lat_r', 'med_gas_r', 'soleus_r', 'tib_ant_r', 'psoas_r', 'semimem_r', 'glut_max2_r', 'rect_fem_r', 'sar_r', 'grac_r', 'vas_lat_l', 'med_gas_l', 'soleus_l', 'tib_ant_l', 'psoas_l', 'semimem_l', 'glut_max2_l', 'rect_fem_l', 'sar_l', 'grac_l'))
  hip_flexion_r          1.7 ..    24.6 deg
  knee_angle_r         -85.1 ..    -3.9 deg
  ankle_angle_r         -1.7 ..    47.7 deg
  hip_adduction_r        1.1 ..    14.7 deg
  subtalar_angle_r       0.0 ..    12.8 deg
  hip_flexion_l        -16.6 ..    29.4 deg
  knee_angle_l         -69.8 ..    -8.2 deg
  ankle_angle_l          9.8 ..    45.9 deg
  hip_adduction_l        2.4 ..     9.5 deg
  subtalar_angle_l       0.0 ..    14.1 deg
  pelvis_tilt           -1.9 ..     0.1 deg
  pelvis_list           -0.5 ..    -0.3 deg
  pelvis_rotation        2.2 ..     2.6 deg
saved spinal_run.npz
saved spinal_run.png
[prune:s3k] ia        AIR         -> -7.154091161345918  (695.3s)
start pose (normal): applied 20 coordinates as given; pelvis ty 0.922 m (env override=0.9215287157201333); IMU-metric torso lean -0.0 deg (+ = back)
standing solve: nnls x in [0.00, 0.65], >0.1: 13 muscles
  top: add_long_l=0.65, tib_ant_r=0.61, tib_ant_l=0.47, ext_dig_r=0.37, glut_min1_l=0.30, pect_l=0.30, glut_min2_l=0.28, ext_dig_l=0.25
Fmax range: 5..3396 N | L range sample: [0.229942 0.326094]
[prune:s3k] ia        PUSH     +x -> -25.0  (255.1s)
start pose (normal): applied 20 coordinates as given; pelvis ty 0.922 m (env override=0.9215287157201333); IMU-metric torso lean -0.0 deg (+ = back)
standing solve: nnls x in [0.00, 0.65], >0.1: 13 muscles
  top: add_long_l=0.65, tib_ant_r=0.61, tib_ant_l=0.47, ext_dig_r=0.37, glut_min1_l=0.30, pect_l=0.30, glut_min2_l=0.28, ext_dig_l=0.25
Fmax range: 5..3396 N | L range sample: [0.229942 0.326094]
[prune:s3k] ia        PUSH     -y -> -25.0  (253.6s)
fitted baseline loaded: e2_pf=0.222 f1_df=0.098 f1_kf=0.148 post_kneext=0.011 post_hipext=0.068 desc_f=1.400 e2_adapt=1.700
start pose (normal): applied 20 coordinates as given; pelvis ty 0.922 m (env override=0.9215287157201333); IMU-metric torso lean -0.0 deg (+ = back)
standing solve: nnls x in [0.00, 0.65], >0.1: 13 muscles
  top: add_long_l=0.65, tib_ant_r=0.61, tib_ant_l=0.47, ext_dig_r=0.37, glut_min1_l=0.30, pect_l=0.30, glut_min2_l=0.28, ext_dig_l=0.25
Fmax range: 5..3396 N | L range sample: [0.229942 0.326094]
[prune:s3k] ii        WALK        -> -255.2293259571446  (613.2s)
start pose (normal): applied 20 coordinates as given; pelvis ty 0.922 m (env override=0.9215287157201333); IMU-metric torso lean -0.0 deg (+ = back)
standing solve: nnls x in [0.00, 0.65], >0.1: 13 muscles
  top: add_long_l=0.65, tib_ant_r=0.61, tib_ant_l=0.47, ext_dig_r=0.37, glut_min1_l=0.30, pect_l=0.30, glut_min2_l=0.28, ext_dig_l=0.25
Fmax range: 5..3396 N | L range sample: [0.229942 0.326094]
[prune:s3k] ii        PUSH     -x -> -25.0  (310.6s)
start pose (normal): applied 20 coordinates as given; pelvis ty 0.922 m (env override=0.9215287157201333); IMU-metric torso lean -0.0 deg (+ = back)
standing solve: nnls x in [0.00, 0.65], >0.1: 13 muscles
  top: add_long_l=0.65, tib_ant_r=0.61, tib_ant_l=0.47, ext_dig_r=0.37, glut_min1_l=0.30, pect_l=0.30, glut_min2_l=0.28, ext_dig_l=0.25
Fmax range: 5..3396 N | L range sample: [0.229942 0.326094]
t=  1.00 max|qacc|=     100.4 max|qvel|=   1.93 ncon=  0 com_z=0.971 com_x=-0.205
t=  1.50 max|qacc|=      11.6 max|qvel|=   2.02 ncon=  0 com_z=0.938 com_x=-0.178
t=  2.00 max|qacc|=      41.9 max|qvel|=   1.23 ncon=  0 com_z=0.950 com_x=-0.188
t=  2.50 max|qacc|=     188.0 max|qvel|=   0.71 ncon=  0 com_z=0.946 com_x=-0.186
t=  3.00 max|qacc|=     139.8 max|qvel|=   0.96 ncon=  0 com_z=0.946 com_x=-0.183
t=  3.50 max|qacc|=      58.6 max|qvel|=   0.20 ncon=  0 com_z=0.946 com_x=-0.186
t=  4.00 max|qacc|=     188.9 max|qvel|=   1.03 ncon=  0 com_z=0.946 com_x=-0.183
t=  4.50 max|qacc|=      93.4 max|qvel|=   1.63 ncon=  0 com_z=0.946 com_x=-0.185
t=  5.00 max|qacc|=      48.6 max|qvel|=   0.16 ncon=  0 com_z=0.946 com_x=-0.184
t=  5.50 max|qacc|=      16.7 max|qvel|=   0.18 ncon=  0 com_z=0.945 com_x=-0.185
t=  6.00 max|qacc|=      77.1 max|qvel|=   0.53 ncon=  0 com_z=0.946 com_x=-0.184
t=  6.50 max|qacc|=     109.0 max|qvel|=   1.57 ncon=  0 com_z=0.946 com_x=-0.185
t=  7.00 max|qacc|=      34.1 max|qvel|=   0.23 ncon=  0 com_z=0.946 com_x=-0.184
t=  7.50 max|qacc|=     158.4 max|qvel|=   0.14 ncon=  0 com_z=0.946 com_x=-0.184
t=  8.00 max|qacc|=      33.4 max|qvel|=   0.22 ncon=  0 com_z=0.945 com_x=-0.185
t=  8.50 max|qacc|=     292.1 max|qvel|=   0.74 ncon=  0 com_z=0.946 com_x=-0.184
t=  9.00 max|qacc|=     217.7 max|qvel|=   0.24 ncon=  0 com_z=0.945 com_x=-0.184
t=  9.50 max|qacc|=      46.3 max|qvel|=   0.13 ncon=  0 com_z=0.946 com_x=-0.184
t= 10.00 max|qacc|=      42.7 max|qvel|=   0.21 ncon=  0 com_z=0.946 com_x=-0.184
t= 10.50 max|qacc|=     227.5 max|qvel|=   0.15 ncon=  0 com_z=0.946 com_x=-0.185
t= 11.00 max|qacc|=     449.3 max|qvel|=   0.21 ncon=  0 com_z=0.946 com_x=-0.184
t= 11.50 max|qacc|=      93.0 max|qvel|=   0.22 ncon=  0 com_z=0.945 com_x=-0.185
t= 12.00 max|qacc|=      30.1 max|qvel|=   0.28 ncon=  0 com_z=0.946 com_x=-0.184
t= 12.50 max|qacc|=      60.0 max|qvel|=   0.14 ncon=  0 com_z=0.945 com_x=-0.184
t= 13.00 max|qacc|=      28.6 max|qvel|=   0.13 ncon=  0 com_z=0.946 com_x=-0.184
t= 13.50 max|qacc|=      44.0 max|qvel|=   0.13 ncon=  0 com_z=0.946 com_x=-0.184
t= 14.00 max|qacc|=      32.6 max|qvel|=   0.26 ncon=  0 com_z=0.946 com_x=-0.185
t= 14.50 max|qacc|=      75.5 max|qvel|=   0.18 ncon=  0 com_z=0.946 com_x=-0.184
t= 15.00 max|qacc|=     122.5 max|qvel|=   0.37 ncon=  0 com_z=0.945 com_x=-0.185
t= 15.50 max|qacc|=     102.8 max|qvel|=   0.21 ncon=  0 com_z=0.946 com_x=-0.184
t= 16.00 max|qacc|=      37.3 max|qvel|=   0.15 ncon=  0 com_z=0.946 com_x=-0.184
t= 16.50 max|qacc|=      61.3 max|qvel|=   0.14 ncon=  0 com_z=0.946 com_x=-0.185
t= 17.00 max|qacc|=     337.0 max|qvel|=   0.40 ncon=  0 com_z=0.946 com_x=-0.184
t= 17.50 max|qacc|=      54.6 max|qvel|=   0.20 ncon=  0 com_z=0.946 com_x=-0.185
t= 18.00 max|qacc|=      68.7 max|qvel|=   0.45 ncon=  0 com_z=0.946 com_x=-0.184
t= 18.50 max|qacc|=      79.8 max|qvel|=   0.56 ncon=  0 com_z=0.945 com_x=-0.185
t= 19.00 max|qacc|=     126.1 max|qvel|=   0.14 ncon=  0 com_z=0.946 com_x=-0.184
t= 19.50 max|qacc|=     195.2 max|qvel|=   0.43 ncon=  0 com_z=0.946 com_x=-0.184
t= 20.00 max|qacc|=     189.4 max|qvel|=   0.24 ncon=  0 com_z=0.945 com_x=-0.185
t= 20.50 max|qacc|=      71.0 max|qvel|=   0.18 ncon=  0 com_z=0.946 com_x=-0.184
t= 21.00 max|qacc|=      97.7 max|qvel|=   0.55 ncon=  0 com_z=0.945 com_x=-0.184
t= 21.50 max|qacc|=      48.6 max|qvel|=   0.29 ncon=  0 com_z=0.946 com_x=-0.184

== summary ==
pelvis/COM height: start 0.94 m, min 0.93 m, final 0.95 m  (stayed up)
COM x: min -0.21 max -0.11 final -0.18 m
COM y: min -0.039 max +0.002 m
RG_F_r bursts during walk window: 0
peak ctrl: [0.54 0.77 0.76 0.82 0.31 0.35 0.71 0.58 0.3  0.09 0.54 0.77 0.77 0.73
 0.32 0.35 0.66 0.58 0.3  0.09] (('vas_lat_r', 'med_gas_r', 'soleus_r', 'tib_ant_r', 'psoas_r', 'semimem_r', 'glut_max2_r', 'rect_fem_r', 'sar_r', 'grac_r', 'vas_lat_l', 'med_gas_l', 'soleus_l', 'tib_ant_l', 'psoas_l', 'semimem_l', 'glut_max2_l', 'rect_fem_l', 'sar_l', 'grac_l'))
  hip_flexion_r         24.6 ..    47.3 deg
  knee_angle_r          -3.9 ..    10.8 deg
  ankle_angle_r        -65.0 ..    -1.7 deg
  hip_adduction_r        0.8 ..    11.7 deg
  subtalar_angle_r       0.0 ..     5.5 deg
  hip_flexion_l        -16.6 ..    62.4 deg
  knee_angle_l          -8.2 ..    11.2 deg
  ankle_angle_l        -69.5 ..     9.8 deg
  hip_adduction_l      -17.7 ..    17.7 deg
  subtalar_angle_l      -0.1 ..     3.5 deg
  pelvis_tilt           -1.9 ..     0.8 deg
  pelvis_list           -0.5 ..    -0.1 deg
  pelvis_rotation        2.2 ..     2.7 deg
saved spinal_run.npz
saved spinal_run.png
[prune:s3k] ii        AIRDEAFF    -> -10.400375818047513  (812.3s)
fitted baseline loaded: e2_pf=0.222 f1_df=0.098 f1_kf=0.148 post_kneext=0.011 post_hipext=0.068 desc_f=1.400 e2_adapt=1.700
start pose (normal): applied 20 coordinates as given; pelvis ty 0.922 m (env override=0.9215287157201333); IMU-metric torso lean -0.0 deg (+ = back)
standing solve: nnls x in [0.00, 0.65], >0.1: 13 muscles
  top: add_long_l=0.65, tib_ant_r=0.61, tib_ant_l=0.47, ext_dig_r=0.37, glut_min1_l=0.30, pect_l=0.30, glut_min2_l=0.28, ext_dig_l=0.25
Fmax range: 5..3396 N | L range sample: [0.229942 0.326094]
[prune:s3k] ib        STAND       -> -25.0  (266.4s)
start pose (normal): applied 20 coordinates as given; pelvis ty 0.922 m (env override=0.9215287157201333); IMU-metric torso lean -0.0 deg (+ = back)
standing solve: nnls x in [0.00, 0.65], >0.1: 13 muscles
  top: add_long_l=0.65, tib_ant_r=0.61, tib_ant_l=0.47, ext_dig_r=0.37, glut_min1_l=0.30, pect_l=0.30, glut_min2_l=0.28, ext_dig_l=0.25
Fmax range: 5..3396 N | L range sample: [0.229942 0.326094]
[prune:s3k] ib        PUSH     +y -> -25.0  (238.2s)
fitted baseline loaded: e2_pf=0.222 f1_df=0.098 f1_kf=0.148 post_kneext=0.011 post_hipext=0.068 desc_f=1.400 e2_adapt=1.700
start pose (normal): applied 20 coordinates as given; pelvis ty 0.922 m (env override=0.9215287157201333); IMU-metric torso lean -0.0 deg (+ = back)
standing solve: nnls x in [0.00, 0.65], >0.1: 13 muscles
  top: add_long_l=0.65, tib_ant_r=0.61, tib_ant_l=0.47, ext_dig_r=0.37, glut_min1_l=0.30, pect_l=0.30, glut_min2_l=0.28, ext_dig_l=0.25
Fmax range: 5..3396 N | L range sample: [0.229942 0.326094]
t=  1.00 max|qacc|=      55.6 max|qvel|=   4.50 ncon=  0 com_z=0.925 com_x=-0.114
t=  1.50 max|qacc|=      24.3 max|qvel|=   2.27 ncon=  0 com_z=0.924 com_x=-0.122
t=  2.00 max|qacc|=      16.7 max|qvel|=   0.57 ncon=  0 com_z=0.931 com_x=-0.118
t=  2.50 max|qacc|=       9.4 max|qvel|=   0.56 ncon=  0 com_z=0.926 com_x=-0.124
t=  3.00 max|qacc|=       9.7 max|qvel|=   1.31 ncon=  0 com_z=0.928 com_x=-0.121
t=  3.50 max|qacc|=       6.4 max|qvel|=   1.73 ncon=  0 com_z=0.926 com_x=-0.126
t=  4.00 max|qacc|=       7.3 max|qvel|=   1.11 ncon=  0 com_z=0.926 com_x=-0.122
t=  4.50 max|qacc|=       9.2 max|qvel|=   0.27 ncon=  0 com_z=0.930 com_x=-0.121
t=  5.00 max|qacc|=       7.9 max|qvel|=   1.02 ncon=  0 com_z=0.927 com_x=-0.128
t=  5.50 max|qacc|=       5.2 max|qvel|=   1.68 ncon=  0 com_z=0.924 com_x=-0.118
t=  6.00 max|qacc|=       3.8 max|qvel|=   1.09 ncon=  0 com_z=0.929 com_x=-0.126
t=  6.50 max|qacc|=      11.3 max|qvel|=   0.64 ncon=  0 com_z=0.926 com_x=-0.124
t=  7.00 max|qacc|=       8.9 max|qvel|=   0.59 ncon=  0 com_z=0.928 com_x=-0.116
t=  7.50 max|qacc|=       5.3 max|qvel|=   1.17 ncon=  0 com_z=0.927 com_x=-0.132
t=  8.00 max|qacc|=       6.8 max|qvel|=   1.51 ncon=  0 com_z=0.924 com_x=-0.116
t=  8.50 max|qacc|=       5.4 max|qvel|=   0.72 ncon=  0 com_z=0.929 com_x=-0.124
t=  9.00 max|qacc|=       6.2 max|qvel|=   0.71 ncon=  0 com_z=0.927 com_x=-0.129
t=  9.50 max|qacc|=       5.9 max|qvel|=   0.83 ncon=  0 com_z=0.925 com_x=-0.113
t= 10.00 max|qacc|=       3.9 max|qvel|=   1.23 ncon=  0 com_z=0.928 com_x=-0.132
t= 10.50 max|qacc|=       4.3 max|qvel|=   1.40 ncon=  0 com_z=0.924 com_x=-0.120
t= 11.00 max|qacc|=       4.7 max|qvel|=   0.44 ncon=  0 com_z=0.928 com_x=-0.118
t= 11.50 max|qacc|=       5.2 max|qvel|=   0.86 ncon=  0 com_z=0.927 com_x=-0.133
t= 12.00 max|qacc|=       5.9 max|qvel|=   0.74 ncon=  0 com_z=0.924 com_x=-0.113
t= 12.50 max|qacc|=       5.8 max|qvel|=   1.01 ncon=  0 com_z=0.928 com_x=-0.129
t= 13.00 max|qacc|=       4.3 max|qvel|=   0.71 ncon=  0 com_z=0.925 com_x=-0.125
t= 13.50 max|qacc|=      10.1 max|qvel|=   0.65 ncon=  0 com_z=0.925 com_x=-0.114
t= 14.00 max|qacc|=       6.4 max|qvel|=   0.72 ncon=  0 com_z=0.928 com_x=-0.134
t= 14.50 max|qacc|=       8.1 max|qvel|=   1.00 ncon=  0 com_z=0.923 com_x=-0.115
t= 15.00 max|qacc|=       3.7 max|qvel|=   0.75 ncon=  0 com_z=0.927 com_x=-0.124
t= 15.50 max|qacc|=       5.1 max|qvel|=   0.60 ncon=  0 com_z=0.926 com_x=-0.130
t= 16.00 max|qacc|=       5.8 max|qvel|=   0.52 ncon=  0 com_z=0.924 com_x=-0.112
t= 16.50 max|qacc|=       3.4 max|qvel|=   0.67 ncon=  0 com_z=0.928 com_x=-0.132
t= 17.00 max|qacc|=       4.8 max|qvel|=   0.90 ncon=  0 com_z=0.924 com_x=-0.120
t= 17.50 max|qacc|=       5.6 max|qvel|=   0.46 ncon=  0 com_z=0.926 com_x=-0.119
t= 18.00 max|qacc|=       4.7 max|qvel|=   0.51 ncon=  0 com_z=0.927 com_x=-0.132
t= 18.50 max|qacc|=       6.4 max|qvel|=   0.34 ncon=  0 com_z=0.924 com_x=-0.113
t= 19.00 max|qacc|=       3.7 max|qvel|=   0.68 ncon=  0 com_z=0.927 com_x=-0.129
t= 19.50 max|qacc|=       4.4 max|qvel|=   0.73 ncon=  0 com_z=0.925 com_x=-0.124
t= 20.00 max|qacc|=       4.9 max|qvel|=   0.39 ncon=  0 com_z=0.925 com_x=-0.116
t= 20.50 max|qacc|=       3.3 max|qvel|=   0.25 ncon=  0 com_z=0.927 com_x=-0.132
t= 21.00 max|qacc|=       3.2 max|qvel|=   0.43 ncon=  0 com_z=0.924 com_x=-0.117
t= 21.50 max|qacc|=       2.7 max|qvel|=   0.55 ncon=  0 com_z=0.926 com_x=-0.124

== summary ==
pelvis/COM height: start 0.94 m, min 0.92 m, final 0.93 m  (stayed up)
COM x: min -0.13 max -0.11 final -0.13 m
COM y: min -0.021 max -0.003 m
RG_F_r bursts during walk window: 0
peak ctrl: [0.   0.   0.01 0.39 0.   0.   0.21 0.   0.   0.   0.   0.01 0.02 0.29
 0.   0.01 0.17 0.   0.   0.  ] (('vas_lat_r', 'med_gas_r', 'soleus_r', 'tib_ant_r', 'psoas_r', 'semimem_r', 'glut_max2_r', 'rect_fem_r', 'sar_r', 'grac_r', 'vas_lat_l', 'med_gas_l', 'soleus_l', 'tib_ant_l', 'psoas_l', 'semimem_l', 'glut_max2_l', 'rect_fem_l', 'sar_l', 'grac_l'))
  hip_flexion_r          1.1 ..    24.6 deg
  knee_angle_r         -37.6 ..    11.2 deg
  ankle_angle_r         -1.7 ..    36.8 deg
  hip_adduction_r       -3.9 ..     1.7 deg
  subtalar_angle_r       0.0 ..    11.9 deg
  hip_flexion_l        -16.6 ..     7.3 deg
  knee_angle_l         -40.8 ..     2.8 deg
  ankle_angle_l          9.8 ..    32.1 deg
  hip_adduction_l      -13.8 ..     2.7 deg
  subtalar_angle_l       0.0 ..    10.0 deg
  pelvis_tilt           -1.9 ..    -0.6 deg
  pelvis_list           -0.5 ..    -0.3 deg
  pelvis_rotation        2.4 ..     2.5 deg
saved spinal_run.npz
saved spinal_run.png
[prune:s3k] renshaw   AIR         -> -8.892580216563186  (527.5s)
start pose (normal): applied 20 coordinates as given; pelvis ty 0.922 m (env override=0.9215287157201333); IMU-metric torso lean -0.0 deg (+ = back)
standing solve: nnls x in [0.00, 0.65], >0.1: 13 muscles
  top: add_long_l=0.65, tib_ant_r=0.61, tib_ant_l=0.47, ext_dig_r=0.37, glut_min1_l=0.30, pect_l=0.30, glut_min2_l=0.28, ext_dig_l=0.25
Fmax range: 5..3396 N | L range sample: [0.229942 0.326094]
[prune:s3k] renshaw   PUSH     +x -> -25.0  (167.8s)
start pose (normal): applied 20 coordinates as given; pelvis ty 0.922 m (env override=0.9215287157201333); IMU-metric torso lean -0.0 deg (+ = back)
standing solve: nnls x in [0.00, 0.65], >0.1: 13 muscles
  top: add_long_l=0.65, tib_ant_r=0.61, tib_ant_l=0.47, ext_dig_r=0.37, glut_min1_l=0.30, pect_l=0.30, glut_min2_l=0.28, ext_dig_l=0.25
Fmax range: 5..3396 N | L range sample: [0.229942 0.326094]
[prune:s3k] renshaw   PUSH     -y -> -25.0  (166.9s)
fitted baseline loaded: e2_pf=0.222 f1_df=0.098 f1_kf=0.148 post_kneext=0.011 post_hipext=0.068 desc_f=1.400 e2_adapt=1.700
start pose (normal): applied 20 coordinates as given; pelvis ty 0.922 m (env override=0.9215287157201333); IMU-metric torso lean -0.0 deg (+ = back)
standing solve: nnls x in [0.00, 0.65], >0.1: 13 muscles
  top: add_long_l=0.65, tib_ant_r=0.61, tib_ant_l=0.47, ext_dig_r=0.37, glut_min1_l=0.30, pect_l=0.30, glut_min2_l=0.28, ext_dig_l=0.25
Fmax range: 5..3396 N | L range sample: [0.229942 0.326094]
[prune:s3k] rgweak    WALK        -> -186.41420708638907  (402.0s)
start pose (normal): applied 20 coordinates as given; pelvis ty 0.922 m (env override=0.9215287157201333); IMU-metric torso lean -0.0 deg (+ = back)
standing solve: nnls x in [0.00, 0.65], >0.1: 13 muscles
  top: add_long_l=0.65, tib_ant_r=0.61, tib_ant_l=0.47, ext_dig_r=0.37, glut_min1_l=0.30, pect_l=0.30, glut_min2_l=0.28, ext_dig_l=0.25
Fmax range: 5..3396 N | L range sample: [0.229942 0.326094]
[prune:s3k] rgweak    PUSH     -x -> -25.0  (205.5s)
start pose (normal): applied 20 coordinates as given; pelvis ty 0.922 m (env override=0.9215287157201333); IMU-metric torso lean -0.0 deg (+ = back)
standing solve: nnls x in [0.00, 0.65], >0.1: 13 muscles
  top: add_long_l=0.65, tib_ant_r=0.61, tib_ant_l=0.47, ext_dig_r=0.37, glut_min1_l=0.30, pect_l=0.30, glut_min2_l=0.28, ext_dig_l=0.25
Fmax range: 5..3396 N | L range sample: [0.229942 0.326094]
t=  1.00 max|qacc|=     100.4 max|qvel|=   1.93 ncon=  0 com_z=0.971 com_x=-0.205
t=  1.50 max|qacc|=      11.6 max|qvel|=   2.02 ncon=  0 com_z=0.938 com_x=-0.178
t=  2.00 max|qacc|=      41.9 max|qvel|=   1.23 ncon=  0 com_z=0.950 com_x=-0.188
t=  2.50 max|qacc|=     188.0 max|qvel|=   0.71 ncon=  0 com_z=0.946 com_x=-0.186
t=  3.00 max|qacc|=     139.8 max|qvel|=   0.96 ncon=  0 com_z=0.946 com_x=-0.183
t=  3.50 max|qacc|=      58.6 max|qvel|=   0.20 ncon=  0 com_z=0.946 com_x=-0.186
t=  4.00 max|qacc|=     188.9 max|qvel|=   1.03 ncon=  0 com_z=0.946 com_x=-0.183
t=  4.50 max|qacc|=      93.4 max|qvel|=   1.63 ncon=  0 com_z=0.946 com_x=-0.185
t=  5.00 max|qacc|=      48.6 max|qvel|=   0.16 ncon=  0 com_z=0.946 com_x=-0.184
t=  5.50 max|qacc|=      16.7 max|qvel|=   0.18 ncon=  0 com_z=0.945 com_x=-0.185
t=  6.00 max|qacc|=      77.1 max|qvel|=   0.53 ncon=  0 com_z=0.946 com_x=-0.184
t=  6.50 max|qacc|=     109.0 max|qvel|=   1.57 ncon=  0 com_z=0.946 com_x=-0.185
t=  7.00 max|qacc|=      34.1 max|qvel|=   0.23 ncon=  0 com_z=0.946 com_x=-0.184
t=  7.50 max|qacc|=     158.4 max|qvel|=   0.14 ncon=  0 com_z=0.946 com_x=-0.184
t=  8.00 max|qacc|=      33.4 max|qvel|=   0.22 ncon=  0 com_z=0.945 com_x=-0.185
t=  8.50 max|qacc|=     292.1 max|qvel|=   0.74 ncon=  0 com_z=0.946 com_x=-0.184
t=  9.00 max|qacc|=     217.7 max|qvel|=   0.24 ncon=  0 com_z=0.945 com_x=-0.184
t=  9.50 max|qacc|=      46.3 max|qvel|=   0.13 ncon=  0 com_z=0.946 com_x=-0.184
t= 10.00 max|qacc|=      42.7 max|qvel|=   0.21 ncon=  0 com_z=0.946 com_x=-0.184
t= 10.50 max|qacc|=     227.5 max|qvel|=   0.15 ncon=  0 com_z=0.946 com_x=-0.185
t= 11.00 max|qacc|=     449.3 max|qvel|=   0.21 ncon=  0 com_z=0.946 com_x=-0.184
t= 11.50 max|qacc|=      93.0 max|qvel|=   0.22 ncon=  0 com_z=0.945 com_x=-0.185
t= 12.00 max|qacc|=      30.1 max|qvel|=   0.28 ncon=  0 com_z=0.946 com_x=-0.184
t= 12.50 max|qacc|=      60.0 max|qvel|=   0.14 ncon=  0 com_z=0.945 com_x=-0.184
t= 13.00 max|qacc|=      28.6 max|qvel|=   0.13 ncon=  0 com_z=0.946 com_x=-0.184
t= 13.50 max|qacc|=      44.0 max|qvel|=   0.13 ncon=  0 com_z=0.946 com_x=-0.184
t= 14.00 max|qacc|=      32.6 max|qvel|=   0.26 ncon=  0 com_z=0.946 com_x=-0.185
t= 14.50 max|qacc|=      75.5 max|qvel|=   0.18 ncon=  0 com_z=0.946 com_x=-0.184
t= 15.00 max|qacc|=     122.5 max|qvel|=   0.37 ncon=  0 com_z=0.945 com_x=-0.185
t= 15.50 max|qacc|=     102.8 max|qvel|=   0.21 ncon=  0 com_z=0.946 com_x=-0.184
t= 16.00 max|qacc|=      37.3 max|qvel|=   0.15 ncon=  0 com_z=0.946 com_x=-0.184
t= 16.50 max|qacc|=      61.3 max|qvel|=   0.14 ncon=  0 com_z=0.946 com_x=-0.185
t= 17.00 max|qacc|=     337.0 max|qvel|=   0.40 ncon=  0 com_z=0.946 com_x=-0.184
t= 17.50 max|qacc|=      54.6 max|qvel|=   0.20 ncon=  0 com_z=0.946 com_x=-0.185
t= 18.00 max|qacc|=      68.7 max|qvel|=   0.45 ncon=  0 com_z=0.946 com_x=-0.184
t= 18.50 max|qacc|=      79.8 max|qvel|=   0.56 ncon=  0 com_z=0.945 com_x=-0.185
t= 19.00 max|qacc|=     126.1 max|qvel|=   0.14 ncon=  0 com_z=0.946 com_x=-0.184
t= 19.50 max|qacc|=     195.2 max|qvel|=   0.43 ncon=  0 com_z=0.946 com_x=-0.184
t= 20.00 max|qacc|=     189.4 max|qvel|=   0.24 ncon=  0 com_z=0.945 com_x=-0.185
t= 20.50 max|qacc|=      71.0 max|qvel|=   0.18 ncon=  0 com_z=0.946 com_x=-0.184
t= 21.00 max|qacc|=      97.7 max|qvel|=   0.55 ncon=  0 com_z=0.945 com_x=-0.184
t= 21.50 max|qacc|=      48.6 max|qvel|=   0.29 ncon=  0 com_z=0.946 com_x=-0.184

== summary ==
pelvis/COM height: start 0.94 m, min 0.93 m, final 0.95 m  (stayed up)
COM x: min -0.21 max -0.11 final -0.18 m
COM y: min -0.039 max +0.002 m
RG_F_r bursts during walk window: 0
peak ctrl: [0.54 0.77 0.76 0.82 0.31 0.35 0.71 0.58 0.3  0.09 0.54 0.77 0.77 0.73
 0.32 0.35 0.66 0.58 0.3  0.09] (('vas_lat_r', 'med_gas_r', 'soleus_r', 'tib_ant_r', 'psoas_r', 'semimem_r', 'glut_max2_r', 'rect_fem_r', 'sar_r', 'grac_r', 'vas_lat_l', 'med_gas_l', 'soleus_l', 'tib_ant_l', 'psoas_l', 'semimem_l', 'glut_max2_l', 'rect_fem_l', 'sar_l', 'grac_l'))
  hip_flexion_r         24.6 ..    47.3 deg
  knee_angle_r          -3.9 ..    10.8 deg
  ankle_angle_r        -65.0 ..    -1.7 deg
  hip_adduction_r        0.8 ..    11.7 deg
  subtalar_angle_r       0.0 ..     5.5 deg
  hip_flexion_l        -16.6 ..    62.4 deg
  knee_angle_l          -8.2 ..    11.2 deg
  ankle_angle_l        -69.5 ..     9.8 deg
  hip_adduction_l      -17.7 ..    17.7 deg
  subtalar_angle_l      -0.1 ..     3.5 deg
  pelvis_tilt           -1.9 ..     0.8 deg
  pelvis_list           -0.5 ..    -0.1 deg
  pelvis_rotation        2.2 ..     2.7 deg
saved spinal_run.npz
saved spinal_run.png
[prune:s3k] rgweak    AIRDEAFF    -> -10.400375818047513  (532.3s)
[prune:s3k] shard 2 done
