[prune:w2lvar] shard 1/3: 24 cells, 0 already done
fitted baseline loaded: e2_pf=0.222 f1_df=0.098 f1_kf=0.148 post_kneext=0.011 post_hipext=0.068 desc_f=1.400 e2_adapt=1.700
start pose (normal): applied 20 coordinates as given; pelvis ty 0.920 m (env override unset); IMU-metric torso lean -0.0 deg (+ = back)
standing solve: nnls x in [0.00, 0.70], >0.1: 14 muscles
  top: add_long_l=0.70, tib_ant_r=0.61, tib_ant_l=0.46, ext_dig_r=0.37, glut_min1_l=0.33, pect_l=0.32, glut_min2_l=0.31, ext_dig_l=0.25
Fmax range: 5..3396 N | L range sample: [0.229942 0.326094]
[prune:w2lvar] full      WALK        -> -144.46440311078322  (600.3s)
start pose (normal): applied 20 coordinates as given; pelvis ty 0.920 m (env override unset); IMU-metric torso lean -0.0 deg (+ = back)
standing solve: nnls x in [0.00, 0.70], >0.1: 14 muscles
  top: add_long_l=0.70, tib_ant_r=0.61, tib_ant_l=0.46, ext_dig_r=0.37, glut_min1_l=0.33, pect_l=0.32, glut_min2_l=0.31, ext_dig_l=0.25
Fmax range: 5..3396 N | L range sample: [0.229942 0.326094]
[prune:w2lvar] full      PUSH     -x -> -25.0  (311.3s)
start pose (normal): applied 20 coordinates as given; pelvis ty 0.920 m (env override unset); IMU-metric torso lean -0.0 deg (+ = back)
standing solve: nnls x in [0.00, 0.70], >0.1: 14 muscles
  top: add_long_l=0.70, tib_ant_r=0.61, tib_ant_l=0.46, ext_dig_r=0.37, glut_min1_l=0.33, pect_l=0.32, glut_min2_l=0.31, ext_dig_l=0.25
Fmax range: 5..3396 N | L range sample: [0.229942 0.326094]
t=  1.00 max|qacc|=     530.4 max|qvel|=   2.73 ncon=  0 com_z=1.000 com_x=-0.213
t=  1.50 max|qacc|=      20.8 max|qvel|=   2.64 ncon=  0 com_z=0.953 com_x=-0.189
t=  2.00 max|qacc|=      29.0 max|qvel|=   1.46 ncon=  0 com_z=0.964 com_x=-0.196
t=  2.50 max|qacc|=      82.4 max|qvel|=   1.14 ncon=  0 com_z=0.959 com_x=-0.192
t=  3.00 max|qacc|=     180.2 max|qvel|=   0.73 ncon=  0 com_z=0.959 com_x=-0.191
t=  3.50 max|qacc|=     182.8 max|qvel|=   0.58 ncon=  0 com_z=0.960 com_x=-0.194
t=  4.00 max|qacc|=      55.5 max|qvel|=   0.55 ncon=  0 com_z=0.957 com_x=-0.190
t=  4.50 max|qacc|=      89.8 max|qvel|=   0.28 ncon=  0 com_z=0.960 com_x=-0.193
t=  5.00 max|qacc|=     384.6 max|qvel|=   0.45 ncon=  0 com_z=0.957 com_x=-0.191
t=  5.50 max|qacc|=     701.0 max|qvel|=   0.60 ncon=  0 com_z=0.960 com_x=-0.192
t=  6.00 max|qacc|=      49.0 max|qvel|=   0.31 ncon=  0 com_z=0.957 com_x=-0.191
t=  6.50 max|qacc|=     146.1 max|qvel|=   0.65 ncon=  0 com_z=0.958 com_x=-0.192
t=  7.00 max|qacc|=      29.6 max|qvel|=   0.19 ncon=  0 com_z=0.958 com_x=-0.191
t=  7.50 max|qacc|=      24.9 max|qvel|=   0.19 ncon=  0 com_z=0.958 com_x=-0.192
t=  8.00 max|qacc|=      77.3 max|qvel|=   0.28 ncon=  0 com_z=0.958 com_x=-0.192
t=  8.50 max|qacc|=      74.1 max|qvel|=   0.21 ncon=  0 com_z=0.958 com_x=-0.191
t=  9.00 max|qacc|=    1251.4 max|qvel|=   1.66 ncon=  0 com_z=0.958 com_x=-0.192
t=  9.50 max|qacc|=     135.1 max|qvel|=   2.58 ncon=  0 com_z=0.958 com_x=-0.192
t= 10.00 max|qacc|=     157.9 max|qvel|=   0.73 ncon=  0 com_z=0.958 com_x=-0.191
t= 10.50 max|qacc|=     101.1 max|qvel|=   0.30 ncon=  0 com_z=0.958 com_x=-0.192
t= 11.00 max|qacc|=     118.0 max|qvel|=   0.28 ncon=  0 com_z=0.958 com_x=-0.192
t= 11.50 max|qacc|=     379.4 max|qvel|=   2.37 ncon=  0 com_z=0.958 com_x=-0.191
t= 12.00 max|qacc|=      73.1 max|qvel|=   0.23 ncon=  0 com_z=0.958 com_x=-0.192
t= 12.50 max|qacc|=      69.8 max|qvel|=   0.18 ncon=  0 com_z=0.959 com_x=-0.192
t= 13.00 max|qacc|=     102.9 max|qvel|=   0.56 ncon=  0 com_z=0.958 com_x=-0.191
t= 13.50 max|qacc|=      55.8 max|qvel|=   0.34 ncon=  0 com_z=0.958 com_x=-0.193
t= 14.00 max|qacc|=      47.1 max|qvel|=   0.36 ncon=  0 com_z=0.958 com_x=-0.191
t= 14.50 max|qacc|=      62.3 max|qvel|=   0.54 ncon=  0 com_z=0.958 com_x=-0.192
t= 15.00 max|qacc|=    1047.4 max|qvel|=   1.12 ncon=  0 com_z=0.958 com_x=-0.192
t= 15.50 max|qacc|=     166.3 max|qvel|=   0.24 ncon=  0 com_z=0.958 com_x=-0.191
t= 16.00 max|qacc|=      16.4 max|qvel|=   0.14 ncon=  0 com_z=0.958 com_x=-0.192
t= 16.50 max|qacc|=      46.3 max|qvel|=   0.43 ncon=  0 com_z=0.958 com_x=-0.192
t= 17.00 max|qacc|=     537.8 max|qvel|=   1.45 ncon=  0 com_z=0.958 com_x=-0.191
t= 17.50 max|qacc|=     563.0 max|qvel|=   3.10 ncon=  0 com_z=0.958 com_x=-0.192
t= 18.00 max|qacc|=      84.0 max|qvel|=   0.20 ncon=  0 com_z=0.958 com_x=-0.191
t= 18.50 max|qacc|=      59.1 max|qvel|=   0.14 ncon=  0 com_z=0.958 com_x=-0.191
t= 19.00 max|qacc|=      62.9 max|qvel|=   0.79 ncon=  0 com_z=0.958 com_x=-0.192
t= 19.50 max|qacc|=     273.7 max|qvel|=   0.27 ncon=  0 com_z=0.958 com_x=-0.191
t= 20.00 max|qacc|=      44.6 max|qvel|=   0.35 ncon=  0 com_z=0.958 com_x=-0.192
t= 20.50 max|qacc|=      20.5 max|qvel|=   0.24 ncon=  0 com_z=0.958 com_x=-0.192
t= 21.00 max|qacc|=     343.1 max|qvel|=   0.68 ncon=  0 com_z=0.958 com_x=-0.191
t= 21.50 max|qacc|=     353.9 max|qvel|=   0.53 ncon=  0 com_z=0.958 com_x=-0.191

== summary ==
pelvis/COM height: start 0.94 m, min 0.93 m, final 0.96 m  (stayed up)
COM x: min -0.21 max -0.11 final -0.19 m
COM y: min -0.040 max -0.002 m
RG_F_r bursts during walk window: 0
peak ctrl: [1.   1.   1.   0.78 0.13 0.79 0.87 1.   0.13 1.   1.   1.   1.   0.62
 0.15 0.79 0.81 1.   0.13 1.  ] (('vas_lat_r', 'med_gas_r', 'soleus_r', 'tib_ant_r', 'psoas_r', 'semimem_r', 'glut_max2_r', 'rect_fem_r', 'sar_r', 'grac_r', 'vas_lat_l', 'med_gas_l', 'soleus_l', 'tib_ant_l', 'psoas_l', 'semimem_l', 'glut_max2_l', 'rect_fem_l', 'sar_l', 'grac_l'))
  hip_flexion_r         24.6 ..    55.5 deg
  knee_angle_r          -3.9 ..    10.2 deg
  ankle_angle_r        -75.1 ..    -1.7 deg
  hip_adduction_r      -20.5 ..     1.1 deg
  subtalar_angle_r      -1.3 ..     0.1 deg
  hip_flexion_l        -16.6 ..    75.1 deg
  knee_angle_l          -8.2 ..    10.9 deg
  ankle_angle_l        -81.1 ..     9.8 deg
  hip_adduction_l      -47.9 ..     2.7 deg
  subtalar_angle_l      -5.5 ..     0.0 deg
  pelvis_tilt           -1.9 ..     1.3 deg
  pelvis_list           -0.5 ..    -0.1 deg
  pelvis_rotation        2.2 ..     2.8 deg
saved spinal_run.npz
(plot skipped: 'PF_E2_r')
[prune:w2lvar] full      AIRDEAFF    -> -10.268013651041779  (850.2s)
fitted baseline loaded: e2_pf=0.222 f1_df=0.098 f1_kf=0.148 post_kneext=0.011 post_hipext=0.068 desc_f=1.400 e2_adapt=1.700
start pose (normal): applied 20 coordinates as given; pelvis ty 0.920 m (env override unset); IMU-metric torso lean -0.0 deg (+ = back)
standing solve: nnls x in [0.00, 0.70], >0.1: 14 muscles
  top: add_long_l=0.70, tib_ant_r=0.61, tib_ant_l=0.46, ext_dig_r=0.37, glut_min1_l=0.33, pect_l=0.32, glut_min2_l=0.31, ext_dig_l=0.25
Fmax range: 5..3396 N | L range sample: [0.229942 0.326094]
[prune:w2lvar] noaff     STAND       -> -25.0  (314.0s)
start pose (normal): applied 20 coordinates as given; pelvis ty 0.920 m (env override unset); IMU-metric torso lean -0.0 deg (+ = back)
standing solve: nnls x in [0.00, 0.70], >0.1: 14 muscles
  top: add_long_l=0.70, tib_ant_r=0.61, tib_ant_l=0.46, ext_dig_r=0.37, glut_min1_l=0.33, pect_l=0.32, glut_min2_l=0.31, ext_dig_l=0.25
Fmax range: 5..3396 N | L range sample: [0.229942 0.326094]
[prune:w2lvar] noaff     PUSH     +y -> -25.0  (311.8s)
fitted baseline loaded: e2_pf=0.222 f1_df=0.098 f1_kf=0.148 post_kneext=0.011 post_hipext=0.068 desc_f=1.400 e2_adapt=1.700
start pose (normal): applied 20 coordinates as given; pelvis ty 0.920 m (env override unset); IMU-metric torso lean -0.0 deg (+ = back)
standing solve: nnls x in [0.00, 0.70], >0.1: 14 muscles
  top: add_long_l=0.70, tib_ant_r=0.61, tib_ant_l=0.46, ext_dig_r=0.37, glut_min1_l=0.33, pect_l=0.32, glut_min2_l=0.31, ext_dig_l=0.25
Fmax range: 5..3396 N | L range sample: [0.229942 0.326094]
t=  1.00 max|qacc|=      32.2 max|qvel|=   0.92 ncon=  0 com_z=0.963 com_x=-0.082
t=  1.50 max|qacc|=      20.6 max|qvel|=   1.82 ncon=  0 com_z=0.940 com_x=-0.095
t=  2.00 max|qacc|=      11.6 max|qvel|=   0.84 ncon=  0 com_z=0.936 com_x=-0.093
t=  2.50 max|qacc|=      10.4 max|qvel|=   0.87 ncon=  0 com_z=0.946 com_x=-0.093
t=  3.00 max|qacc|=       5.1 max|qvel|=   0.88 ncon=  0 com_z=0.943 com_x=-0.091
t=  3.50 max|qacc|=       5.7 max|qvel|=   0.34 ncon=  0 com_z=0.939 com_x=-0.093
t=  4.00 max|qacc|=       2.8 max|qvel|=   0.37 ncon=  0 com_z=0.942 com_x=-0.093
t=  4.50 max|qacc|=       2.7 max|qvel|=   0.30 ncon=  0 com_z=0.942 com_x=-0.092
t=  5.00 max|qacc|=       1.9 max|qvel|=   0.24 ncon=  0 com_z=0.941 com_x=-0.093
t=  5.50 max|qacc|=       1.5 max|qvel|=   0.14 ncon=  0 com_z=0.941 com_x=-0.093
t=  6.00 max|qacc|=       0.7 max|qvel|=   0.12 ncon=  0 com_z=0.942 com_x=-0.092
t=  6.50 max|qacc|=       0.6 max|qvel|=   0.07 ncon=  0 com_z=0.941 com_x=-0.092
t=  7.00 max|qacc|=       0.5 max|qvel|=   0.04 ncon=  0 com_z=0.941 com_x=-0.092
t=  7.50 max|qacc|=       0.2 max|qvel|=   0.05 ncon=  0 com_z=0.941 com_x=-0.092
t=  8.00 max|qacc|=       0.3 max|qvel|=   0.01 ncon=  0 com_z=0.941 com_x=-0.092
t=  8.50 max|qacc|=       0.1 max|qvel|=   0.02 ncon=  0 com_z=0.941 com_x=-0.092
t=  9.00 max|qacc|=       0.1 max|qvel|=   0.01 ncon=  0 com_z=0.941 com_x=-0.092
t=  9.50 max|qacc|=       0.1 max|qvel|=   0.01 ncon=  0 com_z=0.941 com_x=-0.092
t= 10.00 max|qacc|=       0.0 max|qvel|=   0.01 ncon=  0 com_z=0.941 com_x=-0.092
t= 10.50 max|qacc|=       0.0 max|qvel|=   0.00 ncon=  0 com_z=0.941 com_x=-0.092
t= 11.00 max|qacc|=       0.0 max|qvel|=   0.00 ncon=  0 com_z=0.941 com_x=-0.092
t= 11.50 max|qacc|=       0.0 max|qvel|=   0.00 ncon=  0 com_z=0.941 com_x=-0.092
t= 12.00 max|qacc|=       0.0 max|qvel|=   0.00 ncon=  0 com_z=0.941 com_x=-0.092
t= 12.50 max|qacc|=       0.0 max|qvel|=   0.00 ncon=  0 com_z=0.941 com_x=-0.092
t= 13.00 max|qacc|=       0.0 max|qvel|=   0.00 ncon=  0 com_z=0.941 com_x=-0.092
t= 13.50 max|qacc|=       0.0 max|qvel|=   0.00 ncon=  0 com_z=0.941 com_x=-0.092
t= 14.00 max|qacc|=       0.0 max|qvel|=   0.00 ncon=  0 com_z=0.941 com_x=-0.092
t= 14.50 max|qacc|=       0.0 max|qvel|=   0.00 ncon=  0 com_z=0.941 com_x=-0.092
t= 15.00 max|qacc|=       0.0 max|qvel|=   0.00 ncon=  0 com_z=0.941 com_x=-0.092
t= 15.50 max|qacc|=       0.0 max|qvel|=   0.00 ncon=  0 com_z=0.941 com_x=-0.092
t= 16.00 max|qacc|=       0.0 max|qvel|=   0.00 ncon=  0 com_z=0.941 com_x=-0.092
t= 16.50 max|qacc|=       0.0 max|qvel|=   0.00 ncon=  0 com_z=0.941 com_x=-0.092
t= 17.00 max|qacc|=       0.0 max|qvel|=   0.00 ncon=  0 com_z=0.941 com_x=-0.092
t= 17.50 max|qacc|=       0.0 max|qvel|=   0.00 ncon=  0 com_z=0.941 com_x=-0.092
t= 18.00 max|qacc|=       0.0 max|qvel|=   0.00 ncon=  0 com_z=0.941 com_x=-0.092
t= 18.50 max|qacc|=       0.0 max|qvel|=   0.00 ncon=  0 com_z=0.941 com_x=-0.092
t= 19.00 max|qacc|=       0.0 max|qvel|=   0.00 ncon=  0 com_z=0.941 com_x=-0.092
t= 19.50 max|qacc|=       0.0 max|qvel|=   0.00 ncon=  0 com_z=0.941 com_x=-0.092
t= 20.00 max|qacc|=       0.0 max|qvel|=   0.00 ncon=  0 com_z=0.941 com_x=-0.092
t= 20.50 max|qacc|=       0.0 max|qvel|=   0.00 ncon=  0 com_z=0.941 com_x=-0.092
t= 21.00 max|qacc|=       0.0 max|qvel|=   0.00 ncon=  0 com_z=0.941 com_x=-0.092
t= 21.50 max|qacc|=       0.0 max|qvel|=   0.00 ncon=  0 com_z=0.941 com_x=-0.092

== summary ==
pelvis/COM height: start 0.94 m, min 0.93 m, final 0.94 m  (stayed up)
COM x: min -0.11 max -0.08 final -0.09 m
COM y: min -0.010 max -0.000 m
RG_F_r bursts during walk window: 0
peak ctrl: [0.04 0.05 0.08 0.75 0.21 0.41 0.07 0.92 0.03 0.52 0.05 0.07 0.11 0.71
 0.17 0.42 0.   0.93 0.   0.5 ] (('vas_lat_r', 'med_gas_r', 'soleus_r', 'tib_ant_r', 'psoas_r', 'semimem_r', 'glut_max2_r', 'rect_fem_r', 'sar_r', 'grac_r', 'vas_lat_l', 'med_gas_l', 'soleus_l', 'tib_ant_l', 'psoas_l', 'semimem_l', 'glut_max2_l', 'rect_fem_l', 'sar_l', 'grac_l'))
  hip_flexion_r        -36.7 ..    24.6 deg
  knee_angle_r         -52.9 ..    -3.9 deg
  ankle_angle_r         -1.7 ..    54.3 deg
  hip_adduction_r      -36.7 ..     1.1 deg
  subtalar_angle_r       0.0 ..    12.5 deg
  hip_flexion_l        -25.5 ..    -5.3 deg
  knee_angle_l         -61.2 ..    -8.2 deg
  ankle_angle_l          9.8 ..    55.5 deg
  hip_adduction_l      -39.1 ..     2.7 deg
  subtalar_angle_l       0.0 ..    11.8 deg
  pelvis_tilt           -1.9 ..    -0.5 deg
  pelvis_list           -0.6 ..    -0.3 deg
  pelvis_rotation        2.3 ..     2.6 deg
saved spinal_run.npz
(plot skipped: 'PF_E2_r')
[prune:w2lvar] interleg  AIR         -> -7.710715433204452  (858.6s)
start pose (normal): applied 20 coordinates as given; pelvis ty 0.920 m (env override unset); IMU-metric torso lean -0.0 deg (+ = back)
standing solve: nnls x in [0.00, 0.70], >0.1: 14 muscles
  top: add_long_l=0.70, tib_ant_r=0.61, tib_ant_l=0.46, ext_dig_r=0.37, glut_min1_l=0.33, pect_l=0.32, glut_min2_l=0.31, ext_dig_l=0.25
Fmax range: 5..3396 N | L range sample: [0.229942 0.326094]
[prune:w2lvar] interleg  PUSH     +x -> -25.0  (312.6s)
start pose (normal): applied 20 coordinates as given; pelvis ty 0.920 m (env override unset); IMU-metric torso lean -0.0 deg (+ = back)
standing solve: nnls x in [0.00, 0.70], >0.1: 14 muscles
  top: add_long_l=0.70, tib_ant_r=0.61, tib_ant_l=0.46, ext_dig_r=0.37, glut_min1_l=0.33, pect_l=0.32, glut_min2_l=0.31, ext_dig_l=0.25
Fmax range: 5..3396 N | L range sample: [0.229942 0.326094]
[prune:w2lvar] interleg  PUSH     -y -> -25.0  (311.7s)
fitted baseline loaded: e2_pf=0.222 f1_df=0.098 f1_kf=0.148 post_kneext=0.011 post_hipext=0.068 desc_f=1.400 e2_adapt=1.700
start pose (normal): applied 20 coordinates as given; pelvis ty 0.920 m (env override unset); IMU-metric torso lean -0.0 deg (+ = back)
standing solve: nnls x in [0.00, 0.70], >0.1: 14 muscles
  top: add_long_l=0.70, tib_ant_r=0.61, tib_ant_l=0.46, ext_dig_r=0.37, glut_min1_l=0.33, pect_l=0.32, glut_min2_l=0.31, ext_dig_l=0.25
Fmax range: 5..3396 N | L range sample: [0.229942 0.326094]
[prune:w2lvar] contact   WALK        -> -221.18083389368846  (636.8s)
start pose (normal): applied 20 coordinates as given; pelvis ty 0.920 m (env override unset); IMU-metric torso lean -0.0 deg (+ = back)
standing solve: nnls x in [0.00, 0.70], >0.1: 14 muscles
  top: add_long_l=0.70, tib_ant_r=0.61, tib_ant_l=0.46, ext_dig_r=0.37, glut_min1_l=0.33, pect_l=0.32, glut_min2_l=0.31, ext_dig_l=0.25
Fmax range: 5..3396 N | L range sample: [0.229942 0.326094]
[prune:w2lvar] contact   PUSH     -x -> -25.0  (316.3s)
start pose (normal): applied 20 coordinates as given; pelvis ty 0.920 m (env override unset); IMU-metric torso lean -0.0 deg (+ = back)
standing solve: nnls x in [0.00, 0.70], >0.1: 14 muscles
  top: add_long_l=0.70, tib_ant_r=0.61, tib_ant_l=0.46, ext_dig_r=0.37, glut_min1_l=0.33, pect_l=0.32, glut_min2_l=0.31, ext_dig_l=0.25
Fmax range: 5..3396 N | L range sample: [0.229942 0.326094]
t=  1.00 max|qacc|=     530.4 max|qvel|=   2.73 ncon=  0 com_z=1.000 com_x=-0.213
t=  1.50 max|qacc|=      20.8 max|qvel|=   2.64 ncon=  0 com_z=0.953 com_x=-0.189
t=  2.00 max|qacc|=      29.0 max|qvel|=   1.46 ncon=  0 com_z=0.964 com_x=-0.196
t=  2.50 max|qacc|=      82.4 max|qvel|=   1.14 ncon=  0 com_z=0.959 com_x=-0.192
t=  3.00 max|qacc|=     180.2 max|qvel|=   0.73 ncon=  0 com_z=0.959 com_x=-0.191
t=  3.50 max|qacc|=     182.8 max|qvel|=   0.58 ncon=  0 com_z=0.960 com_x=-0.194
t=  4.00 max|qacc|=      55.5 max|qvel|=   0.55 ncon=  0 com_z=0.957 com_x=-0.190
t=  4.50 max|qacc|=      89.8 max|qvel|=   0.28 ncon=  0 com_z=0.960 com_x=-0.193
t=  5.00 max|qacc|=     384.6 max|qvel|=   0.45 ncon=  0 com_z=0.957 com_x=-0.191
t=  5.50 max|qacc|=     701.0 max|qvel|=   0.60 ncon=  0 com_z=0.960 com_x=-0.192
t=  6.00 max|qacc|=      49.0 max|qvel|=   0.31 ncon=  0 com_z=0.957 com_x=-0.191
t=  6.50 max|qacc|=     146.1 max|qvel|=   0.65 ncon=  0 com_z=0.958 com_x=-0.192
t=  7.00 max|qacc|=      29.6 max|qvel|=   0.19 ncon=  0 com_z=0.958 com_x=-0.191
t=  7.50 max|qacc|=      24.9 max|qvel|=   0.19 ncon=  0 com_z=0.958 com_x=-0.192
t=  8.00 max|qacc|=      77.3 max|qvel|=   0.28 ncon=  0 com_z=0.958 com_x=-0.192
t=  8.50 max|qacc|=      74.1 max|qvel|=   0.21 ncon=  0 com_z=0.958 com_x=-0.191
t=  9.00 max|qacc|=    1251.4 max|qvel|=   1.66 ncon=  0 com_z=0.958 com_x=-0.192
t=  9.50 max|qacc|=     135.1 max|qvel|=   2.58 ncon=  0 com_z=0.958 com_x=-0.192
t= 10.00 max|qacc|=     157.9 max|qvel|=   0.73 ncon=  0 com_z=0.958 com_x=-0.191
t= 10.50 max|qacc|=     101.1 max|qvel|=   0.30 ncon=  0 com_z=0.958 com_x=-0.192
t= 11.00 max|qacc|=     118.0 max|qvel|=   0.28 ncon=  0 com_z=0.958 com_x=-0.192
t= 11.50 max|qacc|=     379.4 max|qvel|=   2.37 ncon=  0 com_z=0.958 com_x=-0.191
t= 12.00 max|qacc|=      73.1 max|qvel|=   0.23 ncon=  0 com_z=0.958 com_x=-0.192
t= 12.50 max|qacc|=      69.8 max|qvel|=   0.18 ncon=  0 com_z=0.959 com_x=-0.192
t= 13.00 max|qacc|=     102.9 max|qvel|=   0.56 ncon=  0 com_z=0.958 com_x=-0.191
t= 13.50 max|qacc|=      55.8 max|qvel|=   0.34 ncon=  0 com_z=0.958 com_x=-0.193
t= 14.00 max|qacc|=      47.1 max|qvel|=   0.36 ncon=  0 com_z=0.958 com_x=-0.191
t= 14.50 max|qacc|=      62.3 max|qvel|=   0.54 ncon=  0 com_z=0.958 com_x=-0.192
t= 15.00 max|qacc|=    1047.4 max|qvel|=   1.12 ncon=  0 com_z=0.958 com_x=-0.192
t= 15.50 max|qacc|=     166.3 max|qvel|=   0.24 ncon=  0 com_z=0.958 com_x=-0.191
t= 16.00 max|qacc|=      16.4 max|qvel|=   0.14 ncon=  0 com_z=0.958 com_x=-0.192
t= 16.50 max|qacc|=      46.3 max|qvel|=   0.43 ncon=  0 com_z=0.958 com_x=-0.192
t= 17.00 max|qacc|=     537.8 max|qvel|=   1.45 ncon=  0 com_z=0.958 com_x=-0.191
t= 17.50 max|qacc|=     563.0 max|qvel|=   3.10 ncon=  0 com_z=0.958 com_x=-0.192
t= 18.00 max|qacc|=      84.0 max|qvel|=   0.20 ncon=  0 com_z=0.958 com_x=-0.191
t= 18.50 max|qacc|=      59.1 max|qvel|=   0.14 ncon=  0 com_z=0.958 com_x=-0.191
t= 19.00 max|qacc|=      62.9 max|qvel|=   0.79 ncon=  0 com_z=0.958 com_x=-0.192
t= 19.50 max|qacc|=     273.7 max|qvel|=   0.27 ncon=  0 com_z=0.958 com_x=-0.191
t= 20.00 max|qacc|=      44.6 max|qvel|=   0.35 ncon=  0 com_z=0.958 com_x=-0.192
t= 20.50 max|qacc|=      20.5 max|qvel|=   0.24 ncon=  0 com_z=0.958 com_x=-0.192
t= 21.00 max|qacc|=     343.1 max|qvel|=   0.68 ncon=  0 com_z=0.958 com_x=-0.191
t= 21.50 max|qacc|=     353.9 max|qvel|=   0.53 ncon=  0 com_z=0.958 com_x=-0.191

== summary ==
pelvis/COM height: start 0.94 m, min 0.93 m, final 0.96 m  (stayed up)
COM x: min -0.21 max -0.11 final -0.19 m
COM y: min -0.040 max -0.002 m
RG_F_r bursts during walk window: 0
peak ctrl: [1.   1.   1.   0.78 0.13 0.79 0.87 1.   0.13 1.   1.   1.   1.   0.62
 0.15 0.79 0.81 1.   0.13 1.  ] (('vas_lat_r', 'med_gas_r', 'soleus_r', 'tib_ant_r', 'psoas_r', 'semimem_r', 'glut_max2_r', 'rect_fem_r', 'sar_r', 'grac_r', 'vas_lat_l', 'med_gas_l', 'soleus_l', 'tib_ant_l', 'psoas_l', 'semimem_l', 'glut_max2_l', 'rect_fem_l', 'sar_l', 'grac_l'))
  hip_flexion_r         24.6 ..    55.5 deg
  knee_angle_r          -3.9 ..    10.2 deg
  ankle_angle_r        -75.1 ..    -1.7 deg
  hip_adduction_r      -20.5 ..     1.1 deg
  subtalar_angle_r      -1.3 ..     0.1 deg
  hip_flexion_l        -16.6 ..    75.1 deg
  knee_angle_l          -8.2 ..    10.9 deg
  ankle_angle_l        -81.1 ..     9.8 deg
  hip_adduction_l      -47.9 ..     2.7 deg
  subtalar_angle_l      -5.5 ..     0.0 deg
  pelvis_tilt           -1.9 ..     1.3 deg
  pelvis_list           -0.5 ..    -0.1 deg
  pelvis_rotation        2.2 ..     2.8 deg
saved spinal_run.npz
(plot skipped: 'PF_E2_r')
[prune:w2lvar] contact   AIRDEAFF    -> -10.268013651041779  (822.3s)
fitted baseline loaded: e2_pf=0.222 f1_df=0.098 f1_kf=0.148 post_kneext=0.011 post_hipext=0.068 desc_f=1.400 e2_adapt=1.700
start pose (normal): applied 20 coordinates as given; pelvis ty 0.920 m (env override unset); IMU-metric torso lean -0.0 deg (+ = back)
standing solve: nnls x in [0.00, 0.70], >0.1: 14 muscles
  top: add_long_l=0.70, tib_ant_r=0.61, tib_ant_l=0.46, ext_dig_r=0.37, glut_min1_l=0.33, pect_l=0.32, glut_min2_l=0.31, ext_dig_l=0.25
Fmax range: 5..3396 N | L range sample: [0.229942 0.326094]
[prune:w2lvar] ia        STAND       -> -25.0  (319.5s)
start pose (normal): applied 20 coordinates as given; pelvis ty 0.920 m (env override unset); IMU-metric torso lean -0.0 deg (+ = back)
standing solve: nnls x in [0.00, 0.70], >0.1: 14 muscles
  top: add_long_l=0.70, tib_ant_r=0.61, tib_ant_l=0.46, ext_dig_r=0.37, glut_min1_l=0.33, pect_l=0.32, glut_min2_l=0.31, ext_dig_l=0.25
Fmax range: 5..3396 N | L range sample: [0.229942 0.326094]
[prune:w2lvar] ia        PUSH     +y -> -25.0  (318.5s)
fitted baseline loaded: e2_pf=0.222 f1_df=0.098 f1_kf=0.148 post_kneext=0.011 post_hipext=0.068 desc_f=1.400 e2_adapt=1.700
start pose (normal): applied 20 coordinates as given; pelvis ty 0.920 m (env override unset); IMU-metric torso lean -0.0 deg (+ = back)
standing solve: nnls x in [0.00, 0.70], >0.1: 14 muscles
  top: add_long_l=0.70, tib_ant_r=0.61, tib_ant_l=0.46, ext_dig_r=0.37, glut_min1_l=0.33, pect_l=0.32, glut_min2_l=0.31, ext_dig_l=0.25
Fmax range: 5..3396 N | L range sample: [0.229942 0.326094]
t=  0.62 precursor: max|qacc|=1.21e+03 max|qvel|=31.1 (dof 12), ncon=0, max ctrl=0.97
t=  0.62 precursor: max|qacc|=1.24e+03 max|qvel|=32 (dof 12), ncon=0, max ctrl=0.98
t=  0.62 precursor: max|qacc|=1.2e+03 max|qvel|=32.5 (dof 12), ncon=0, max ctrl=0.98
t=  0.62 precursor: max|qacc|=1.09e+03 max|qvel|=32.9 (dof 55), ncon=0, max ctrl=0.98
t=  0.63 precursor: max|qacc|=931 max|qvel|=33.1 (dof 55), ncon=0, max ctrl=0.98
t=  0.63 precursor: max|qacc|=705 max|qvel|=33.2 (dof 55), ncon=0, max ctrl=0.98
t=  0.63 precursor: max|qacc|=3.5e+03 max|qvel|=33.1 (dof 55), ncon=0, max ctrl=0.98
t=  0.63 precursor: max|qacc|=4.11e+03 max|qvel|=32.8 (dof 55), ncon=0, max ctrl=0.98
t=  0.63 precursor: max|qacc|=3.62e+03 max|qvel|=32.5 (dof 55), ncon=0, max ctrl=0.98
t=  1.00 max|qacc|=     138.2 max|qvel|=   1.72 ncon=  0 com_z=0.976 com_x=-0.207
t=  1.50 max|qacc|=      76.3 max|qvel|=   2.40 ncon=  0 com_z=0.940 com_x=-0.175
t=  2.00 max|qacc|=      59.7 max|qvel|=   0.95 ncon=  0 com_z=0.954 com_x=-0.189
t=  2.50 max|qacc|=      37.4 max|qvel|=   0.75 ncon=  0 com_z=0.942 com_x=-0.178
t=  3.00 max|qacc|=      51.0 max|qvel|=   0.37 ncon=  0 com_z=0.953 com_x=-0.188
t=  3.50 max|qacc|=      94.5 max|qvel|=   0.30 ncon=  0 com_z=0.943 com_x=-0.177
t=  4.00 max|qacc|=     458.6 max|qvel|=   1.84 ncon=  0 com_z=0.950 com_x=-0.187
t=  4.50 max|qacc|=     226.6 max|qvel|=   0.33 ncon=  0 com_z=0.944 com_x=-0.177
t=  5.00 max|qacc|=      30.8 max|qvel|=   0.19 ncon=  0 com_z=0.948 com_x=-0.186
t=  5.50 max|qacc|=     115.7 max|qvel|=   0.18 ncon=  0 com_z=0.946 com_x=-0.180
t=  6.00 max|qacc|=      89.6 max|qvel|=   0.98 ncon=  0 com_z=0.948 com_x=-0.183
t=  6.50 max|qacc|=      30.8 max|qvel|=   0.37 ncon=  0 com_z=0.946 com_x=-0.181
t=  7.00 max|qacc|=     130.2 max|qvel|=   0.89 ncon=  0 com_z=0.947 com_x=-0.182
t=  7.50 max|qacc|=     315.7 max|qvel|=   0.53 ncon=  0 com_z=0.946 com_x=-0.181
t=  8.00 max|qacc|=     227.1 max|qvel|=   0.35 ncon=  0 com_z=0.947 com_x=-0.183
t=  8.50 max|qacc|=     117.2 max|qvel|=   0.34 ncon=  0 com_z=0.947 com_x=-0.181
t=  9.00 max|qacc|=     449.6 max|qvel|=   0.72 ncon=  0 com_z=0.947 com_x=-0.182
t=  9.50 max|qacc|=      53.9 max|qvel|=   0.23 ncon=  0 com_z=0.947 com_x=-0.182
t= 10.00 max|qacc|=     357.7 max|qvel|=   0.28 ncon=  0 com_z=0.947 com_x=-0.181
t= 10.50 max|qacc|=      84.7 max|qvel|=   0.48 ncon=  0 com_z=0.946 com_x=-0.182
t= 11.00 max|qacc|=     306.1 max|qvel|=   0.47 ncon=  0 com_z=0.947 com_x=-0.182
t= 11.50 max|qacc|=      67.1 max|qvel|=   0.63 ncon=  0 com_z=0.947 com_x=-0.181
t= 12.00 max|qacc|=      66.3 max|qvel|=   0.42 ncon=  0 com_z=0.946 com_x=-0.182
t= 12.50 max|qacc|=      76.3 max|qvel|=   0.32 ncon=  0 com_z=0.947 com_x=-0.182
t= 13.00 max|qacc|=     332.7 max|qvel|=   1.12 ncon=  0 com_z=0.947 com_x=-0.181
t= 13.50 max|qacc|=     737.8 max|qvel|=   1.60 ncon=  0 com_z=0.946 com_x=-0.183
t= 14.00 max|qacc|=     343.3 max|qvel|=   0.31 ncon=  0 com_z=0.947 com_x=-0.182
t= 14.50 max|qacc|=      58.6 max|qvel|=   0.35 ncon=  0 com_z=0.947 com_x=-0.182
t= 15.00 max|qacc|=     129.6 max|qvel|=   0.39 ncon=  0 com_z=0.946 com_x=-0.182
t= 15.50 max|qacc|=     128.5 max|qvel|=   0.54 ncon=  0 com_z=0.947 com_x=-0.181
t= 16.00 max|qacc|=      63.8 max|qvel|=   0.30 ncon=  0 com_z=0.946 com_x=-0.182
t= 16.50 max|qacc|=      30.5 max|qvel|=   0.21 ncon=  0 com_z=0.947 com_x=-0.182
t= 17.00 max|qacc|=     121.2 max|qvel|=   0.53 ncon=  0 com_z=0.947 com_x=-0.181
t= 17.50 max|qacc|=     156.7 max|qvel|=   0.24 ncon=  0 com_z=0.946 com_x=-0.183
t= 18.00 max|qacc|=      25.0 max|qvel|=   0.24 ncon=  0 com_z=0.947 com_x=-0.182
t= 18.50 max|qacc|=     166.9 max|qvel|=   0.35 ncon=  0 com_z=0.947 com_x=-0.182
t= 19.00 max|qacc|=     217.3 max|qvel|=   1.00 ncon=  0 com_z=0.946 com_x=-0.183
t= 19.50 max|qacc|=      68.1 max|qvel|=   0.51 ncon=  0 com_z=0.947 com_x=-0.182
t= 20.00 max|qacc|=    1095.2 max|qvel|=   1.41 ncon=  0 com_z=0.947 com_x=-0.182
t= 20.50 max|qacc|=     397.1 max|qvel|=   0.40 ncon=  0 com_z=0.947 com_x=-0.182
t= 21.00 max|qacc|=      26.9 max|qvel|=   0.22 ncon=  0 com_z=0.947 com_x=-0.181
t= 21.50 max|qacc|=      29.6 max|qvel|=   0.11 ncon=  0 com_z=0.947 com_x=-0.182

== summary ==
pelvis/COM height: start 0.94 m, min 0.93 m, final 0.95 m  (stayed up)
COM x: min -0.21 max -0.11 final -0.18 m
COM y: min -0.035 max +0.007 m
RG_F_r bursts during walk window: 0
peak ctrl: [0.91 0.96 0.97 0.38 0.   0.75 0.4  0.77 0.   0.69 0.91 0.98 0.99 0.28
 0.   0.77 0.4  0.77 0.   0.71] (('vas_lat_r', 'med_gas_r', 'soleus_r', 'tib_ant_r', 'psoas_r', 'semimem_r', 'glut_max2_r', 'rect_fem_r', 'sar_r', 'grac_r', 'vas_lat_l', 'med_gas_l', 'soleus_l', 'tib_ant_l', 'psoas_l', 'semimem_l', 'glut_max2_l', 'rect_fem_l', 'sar_l', 'grac_l'))
  hip_flexion_r         24.6 ..    43.4 deg
  knee_angle_r          -3.9 ..    10.8 deg
  ankle_angle_r        -77.3 ..    -1.7 deg
  hip_adduction_r       -1.0 ..     4.5 deg
  subtalar_angle_r     -12.9 ..     0.0 deg
  hip_flexion_l        -16.6 ..    64.5 deg
  knee_angle_l          -8.2 ..    11.0 deg
  ankle_angle_l        -82.7 ..     9.8 deg
  hip_adduction_l      -21.7 ..    15.8 deg
  subtalar_angle_l     -15.3 ..     0.0 deg
  pelvis_tilt           -1.9 ..     1.0 deg
  pelvis_list           -0.6 ..     0.0 deg
  pelvis_rotation        2.1 ..     2.8 deg
saved spinal_run.npz
(plot skipped: 'PF_E2_r')
[prune:w2lvar] ii        AIR         -> -10.347529630509475  (862.8s)
start pose (normal): applied 20 coordinates as given; pelvis ty 0.920 m (env override unset); IMU-metric torso lean -0.0 deg (+ = back)
standing solve: nnls x in [0.00, 0.70], >0.1: 14 muscles
  top: add_long_l=0.70, tib_ant_r=0.61, tib_ant_l=0.46, ext_dig_r=0.37, glut_min1_l=0.33, pect_l=0.32, glut_min2_l=0.31, ext_dig_l=0.25
Fmax range: 5..3396 N | L range sample: [0.229942 0.326094]
[prune:w2lvar] ii        PUSH     +x -> -25.0  (321.0s)
start pose (normal): applied 20 coordinates as given; pelvis ty 0.920 m (env override unset); IMU-metric torso lean -0.0 deg (+ = back)
standing solve: nnls x in [0.00, 0.70], >0.1: 14 muscles
  top: add_long_l=0.70, tib_ant_r=0.61, tib_ant_l=0.46, ext_dig_r=0.37, glut_min1_l=0.33, pect_l=0.32, glut_min2_l=0.31, ext_dig_l=0.25
Fmax range: 5..3396 N | L range sample: [0.229942 0.326094]
[prune:w2lvar] ii        PUSH     -y -> -25.0  (321.4s)
fitted baseline loaded: e2_pf=0.222 f1_df=0.098 f1_kf=0.148 post_kneext=0.011 post_hipext=0.068 desc_f=1.400 e2_adapt=1.700
start pose (normal): applied 20 coordinates as given; pelvis ty 0.920 m (env override unset); IMU-metric torso lean -0.0 deg (+ = back)
standing solve: nnls x in [0.00, 0.70], >0.1: 14 muscles
  top: add_long_l=0.70, tib_ant_r=0.61, tib_ant_l=0.46, ext_dig_r=0.37, glut_min1_l=0.33, pect_l=0.32, glut_min2_l=0.31, ext_dig_l=0.25
Fmax range: 5..3396 N | L range sample: [0.229942 0.326094]
[prune:w2lvar] ib        WALK        -> -232.68440609367815  (586.1s)
start pose (normal): applied 20 coordinates as given; pelvis ty 0.920 m (env override unset); IMU-metric torso lean -0.0 deg (+ = back)
standing solve: nnls x in [0.00, 0.70], >0.1: 14 muscles
  top: add_long_l=0.70, tib_ant_r=0.61, tib_ant_l=0.46, ext_dig_r=0.37, glut_min1_l=0.33, pect_l=0.32, glut_min2_l=0.31, ext_dig_l=0.25
Fmax range: 5..3396 N | L range sample: [0.229942 0.326094]
[prune:w2lvar] ib        PUSH     -x -> -25.0  (243.0s)
start pose (normal): applied 20 coordinates as given; pelvis ty 0.920 m (env override unset); IMU-metric torso lean -0.0 deg (+ = back)
standing solve: nnls x in [0.00, 0.70], >0.1: 14 muscles
  top: add_long_l=0.70, tib_ant_r=0.61, tib_ant_l=0.46, ext_dig_r=0.37, glut_min1_l=0.33, pect_l=0.32, glut_min2_l=0.31, ext_dig_l=0.25
Fmax range: 5..3396 N | L range sample: [0.229942 0.326094]
t=  1.00 max|qacc|=     192.1 max|qvel|=   2.07 ncon=  0 com_z=0.983 com_x=-0.201
t=  1.50 max|qacc|=      15.1 max|qvel|=   2.56 ncon=  0 com_z=0.947 com_x=-0.178
t=  2.00 max|qacc|=     105.1 max|qvel|=   1.36 ncon=  0 com_z=0.956 com_x=-0.184
t=  2.50 max|qacc|=      88.8 max|qvel|=   1.15 ncon=  0 com_z=0.950 com_x=-0.181
t=  3.00 max|qacc|=     131.4 max|qvel|=   1.11 ncon=  0 com_z=0.952 com_x=-0.179
t=  3.50 max|qacc|=      27.0 max|qvel|=   0.49 ncon=  0 com_z=0.950 com_x=-0.182
t=  4.00 max|qacc|=      25.0 max|qvel|=   0.56 ncon=  0 com_z=0.950 com_x=-0.180
t=  4.50 max|qacc|=      65.0 max|qvel|=   0.41 ncon=  0 com_z=0.950 com_x=-0.180
t=  5.00 max|qacc|=      25.9 max|qvel|=   0.25 ncon=  0 com_z=0.949 com_x=-0.180
t=  5.50 max|qacc|=     419.1 max|qvel|=   0.39 ncon=  0 com_z=0.950 com_x=-0.180
t=  6.00 max|qacc|=     354.6 max|qvel|=   0.45 ncon=  0 com_z=0.950 com_x=-0.179
t=  6.50 max|qacc|=      42.0 max|qvel|=   0.29 ncon=  0 com_z=0.949 com_x=-0.181
t=  7.00 max|qacc|=      81.3 max|qvel|=   0.26 ncon=  0 com_z=0.950 com_x=-0.179
t=  7.50 max|qacc|=     124.8 max|qvel|=   0.22 ncon=  0 com_z=0.949 com_x=-0.180
t=  8.00 max|qacc|=      55.5 max|qvel|=   0.22 ncon=  0 com_z=0.950 com_x=-0.181
t=  8.50 max|qacc|=     401.5 max|qvel|=   1.15 ncon=  0 com_z=0.950 com_x=-0.179
t=  9.00 max|qacc|=      91.6 max|qvel|=   0.95 ncon=  0 com_z=0.950 com_x=-0.181
t=  9.50 max|qacc|=      88.9 max|qvel|=   0.30 ncon=  0 com_z=0.950 com_x=-0.179
t= 10.00 max|qacc|=      75.5 max|qvel|=   0.26 ncon=  0 com_z=0.950 com_x=-0.180
t= 10.50 max|qacc|=     149.7 max|qvel|=   2.40 ncon=  0 com_z=0.950 com_x=-0.181
t= 11.00 max|qacc|=      25.4 max|qvel|=   0.25 ncon=  0 com_z=0.950 com_x=-0.179
t= 11.50 max|qacc|=     116.3 max|qvel|=   0.25 ncon=  0 com_z=0.949 com_x=-0.180
t= 12.00 max|qacc|=      45.8 max|qvel|=   0.33 ncon=  0 com_z=0.950 com_x=-0.180
t= 12.50 max|qacc|=      36.1 max|qvel|=   0.21 ncon=  0 com_z=0.950 com_x=-0.179
t= 13.00 max|qacc|=     294.5 max|qvel|=   1.67 ncon=  0 com_z=0.950 com_x=-0.181
t= 13.50 max|qacc|=      55.8 max|qvel|=   0.27 ncon=  0 com_z=0.950 com_x=-0.179
t= 14.00 max|qacc|=     276.5 max|qvel|=   0.67 ncon=  0 com_z=0.950 com_x=-0.180
t= 14.50 max|qacc|=      68.9 max|qvel|=   0.34 ncon=  0 com_z=0.950 com_x=-0.180
t= 15.00 max|qacc|=      69.1 max|qvel|=   0.47 ncon=  0 com_z=0.950 com_x=-0.179
t= 15.50 max|qacc|=      45.9 max|qvel|=   0.28 ncon=  0 com_z=0.949 com_x=-0.180
t= 16.00 max|qacc|=      43.6 max|qvel|=   0.16 ncon=  0 com_z=0.950 com_x=-0.180
t= 16.50 max|qacc|=      64.9 max|qvel|=   0.53 ncon=  0 com_z=0.950 com_x=-0.179
t= 17.00 max|qacc|=     305.3 max|qvel|=   1.51 ncon=  0 com_z=0.949 com_x=-0.181
t= 17.50 max|qacc|=      66.8 max|qvel|=   0.24 ncon=  0 com_z=0.950 com_x=-0.180
t= 18.00 max|qacc|=      57.3 max|qvel|=   0.36 ncon=  0 com_z=0.950 com_x=-0.180
t= 18.50 max|qacc|=      18.0 max|qvel|=   0.22 ncon=  0 com_z=0.950 com_x=-0.180
t= 19.00 max|qacc|=     167.2 max|qvel|=   0.23 ncon=  0 com_z=0.950 com_x=-0.180
t= 19.50 max|qacc|=     169.3 max|qvel|=   0.33 ncon=  0 com_z=0.950 com_x=-0.180
t= 20.00 max|qacc|=      46.6 max|qvel|=   0.24 ncon=  0 com_z=0.950 com_x=-0.180
t= 20.50 max|qacc|=     234.7 max|qvel|=   1.02 ncon=  0 com_z=0.950 com_x=-0.179
t= 21.00 max|qacc|=      31.2 max|qvel|=   0.29 ncon=  0 com_z=0.950 com_x=-0.181
t= 21.50 max|qacc|=      89.4 max|qvel|=   0.15 ncon=  0 com_z=0.950 com_x=-0.180

== summary ==
pelvis/COM height: start 0.94 m, min 0.93 m, final 0.95 m  (stayed up)
COM x: min -0.20 max -0.11 final -0.18 m
COM y: min -0.039 max +0.000 m
RG_F_r bursts during walk window: 0
peak ctrl: [1.   1.   1.   0.8  0.09 0.79 0.56 0.87 0.08 1.   1.   1.   1.   0.63
 0.1  0.79 0.45 0.87 0.08 1.  ] (('vas_lat_r', 'med_gas_r', 'soleus_r', 'tib_ant_r', 'psoas_r', 'semimem_r', 'glut_max2_r', 'rect_fem_r', 'sar_r', 'grac_r', 'vas_lat_l', 'med_gas_l', 'soleus_l', 'tib_ant_l', 'psoas_l', 'semimem_l', 'glut_max2_l', 'rect_fem_l', 'sar_l', 'grac_l'))
  hip_flexion_r         24.6 ..    48.7 deg
  knee_angle_r          -3.9 ..    10.3 deg
  ankle_angle_r        -74.8 ..    -1.7 deg
  hip_adduction_r      -17.3 ..     1.1 deg
  subtalar_angle_r      -1.7 ..     0.0 deg
  hip_flexion_l        -16.6 ..    66.3 deg
  knee_angle_l          -8.2 ..    10.8 deg
  ankle_angle_l        -79.5 ..     9.8 deg
  hip_adduction_l      -42.6 ..     2.7 deg
  subtalar_angle_l      -6.0 ..     0.0 deg
  pelvis_tilt           -1.9 ..     0.9 deg
  pelvis_list           -0.5 ..    -0.0 deg
  pelvis_rotation        2.2 ..     2.7 deg
saved spinal_run.npz
(plot skipped: 'PF_E2_r')
[prune:w2lvar] ib        AIRDEAFF    -> -10.28218793877109  (607.1s)
fitted baseline loaded: e2_pf=0.222 f1_df=0.098 f1_kf=0.148 post_kneext=0.011 post_hipext=0.068 desc_f=1.400 e2_adapt=1.700
start pose (normal): applied 20 coordinates as given; pelvis ty 0.920 m (env override unset); IMU-metric torso lean -0.0 deg (+ = back)
standing solve: nnls x in [0.00, 0.70], >0.1: 14 muscles
  top: add_long_l=0.70, tib_ant_r=0.61, tib_ant_l=0.46, ext_dig_r=0.37, glut_min1_l=0.33, pect_l=0.32, glut_min2_l=0.31, ext_dig_l=0.25
Fmax range: 5..3396 N | L range sample: [0.229942 0.326094]
[prune:w2lvar] renshaw   STAND       -> -25.0  (208.8s)
start pose (normal): applied 20 coordinates as given; pelvis ty 0.920 m (env override unset); IMU-metric torso lean -0.0 deg (+ = back)
standing solve: nnls x in [0.00, 0.70], >0.1: 14 muscles
  top: add_long_l=0.70, tib_ant_r=0.61, tib_ant_l=0.46, ext_dig_r=0.37, glut_min1_l=0.33, pect_l=0.32, glut_min2_l=0.31, ext_dig_l=0.25
Fmax range: 5..3396 N | L range sample: [0.229942 0.326094]
[prune:w2lvar] renshaw   PUSH     +y -> -25.0  (206.7s)
fitted baseline loaded: e2_pf=0.222 f1_df=0.098 f1_kf=0.148 post_kneext=0.011 post_hipext=0.068 desc_f=1.400 e2_adapt=1.700
start pose (normal): applied 20 coordinates as given; pelvis ty 0.920 m (env override unset); IMU-metric torso lean -0.0 deg (+ = back)
standing solve: nnls x in [0.00, 0.70], >0.1: 14 muscles
  top: add_long_l=0.70, tib_ant_r=0.61, tib_ant_l=0.46, ext_dig_r=0.37, glut_min1_l=0.33, pect_l=0.32, glut_min2_l=0.31, ext_dig_l=0.25
Fmax range: 5..3396 N | L range sample: [0.229942 0.326094]
t=  0.62 precursor: max|qacc|=1.25e+03 max|qvel|=31 (dof 12), ncon=0, max ctrl=1.00
t=  0.62 precursor: max|qacc|=1.29e+03 max|qvel|=31.8 (dof 12), ncon=0, max ctrl=1.00
t=  0.62 precursor: max|qacc|=1.24e+03 max|qvel|=32.4 (dof 55), ncon=0, max ctrl=1.00
t=  0.62 precursor: max|qacc|=1.14e+03 max|qvel|=32.8 (dof 55), ncon=0, max ctrl=1.00
t=  0.63 precursor: max|qacc|=966 max|qvel|=33.1 (dof 55), ncon=0, max ctrl=1.00
t=  0.63 precursor: max|qacc|=727 max|qvel|=33.1 (dof 55), ncon=0, max ctrl=1.00
t=  0.63 precursor: max|qacc|=3.54e+03 max|qvel|=33 (dof 55), ncon=0, max ctrl=1.00
t=  0.63 precursor: max|qacc|=4.2e+03 max|qvel|=32.7 (dof 55), ncon=0, max ctrl=1.00
t=  0.63 precursor: max|qacc|=3.64e+03 max|qvel|=32.4 (dof 55), ncon=0, max ctrl=1.00
t=  1.00 max|qacc|=     483.5 max|qvel|=   1.73 ncon=  0 com_z=0.980 com_x=-0.209
t=  1.50 max|qacc|=      30.8 max|qvel|=   2.63 ncon=  0 com_z=0.941 com_x=-0.177
t=  2.00 max|qacc|=     212.7 max|qvel|=   0.93 ncon=  0 com_z=0.956 com_x=-0.192
t=  2.50 max|qacc|=     259.2 max|qvel|=   1.06 ncon=  0 com_z=0.942 com_x=-0.179
t=  3.00 max|qacc|=     511.0 max|qvel|=   1.10 ncon=  0 com_z=0.955 com_x=-0.191
t=  3.50 max|qacc|=     260.2 max|qvel|=   0.30 ncon=  0 com_z=0.943 com_x=-0.177
t=  4.00 max|qacc|=     199.6 max|qvel|=   0.50 ncon=  0 com_z=0.952 com_x=-0.190
t=  4.50 max|qacc|=     160.7 max|qvel|=   0.20 ncon=  0 com_z=0.945 com_x=-0.178
t=  5.00 max|qacc|=     213.4 max|qvel|=   0.84 ncon=  0 com_z=0.950 com_x=-0.187
t=  5.50 max|qacc|=      77.8 max|qvel|=   0.66 ncon=  0 com_z=0.946 com_x=-0.181
t=  6.00 max|qacc|=      53.1 max|qvel|=   0.19 ncon=  0 com_z=0.949 com_x=-0.185
t=  6.50 max|qacc|=     123.4 max|qvel|=   0.19 ncon=  0 com_z=0.947 com_x=-0.183
t=  7.00 max|qacc|=      62.8 max|qvel|=   0.45 ncon=  0 com_z=0.948 com_x=-0.184
t=  7.50 max|qacc|=     131.0 max|qvel|=   0.58 ncon=  0 com_z=0.948 com_x=-0.183
t=  8.00 max|qacc|=      76.2 max|qvel|=   0.20 ncon=  0 com_z=0.947 com_x=-0.184
t=  8.50 max|qacc|=     119.3 max|qvel|=   0.34 ncon=  0 com_z=0.948 com_x=-0.183
t=  9.00 max|qacc|=       9.5 max|qvel|=   0.14 ncon=  0 com_z=0.948 com_x=-0.183
t=  9.50 max|qacc|=     345.3 max|qvel|=   1.18 ncon=  0 com_z=0.947 com_x=-0.184
t= 10.00 max|qacc|=     106.5 max|qvel|=   0.47 ncon=  0 com_z=0.948 com_x=-0.183
t= 10.50 max|qacc|=      55.0 max|qvel|=   0.29 ncon=  0 com_z=0.948 com_x=-0.183
t= 11.00 max|qacc|=      24.2 max|qvel|=   0.23 ncon=  0 com_z=0.947 com_x=-0.184
t= 11.50 max|qacc|=      87.7 max|qvel|=   0.18 ncon=  0 com_z=0.948 com_x=-0.184
t= 12.00 max|qacc|=      14.6 max|qvel|=   0.15 ncon=  0 com_z=0.948 com_x=-0.183
t= 12.50 max|qacc|=    1208.6 max|qvel|=   1.50 ncon=  0 com_z=0.947 com_x=-0.184
t= 13.00 max|qacc|=      22.5 max|qvel|=   0.16 ncon=  0 com_z=0.948 com_x=-0.183
t= 13.50 max|qacc|=     927.6 max|qvel|=   2.38 ncon=  0 com_z=0.948 com_x=-0.183
t= 14.00 max|qacc|=     629.8 max|qvel|=   0.34 ncon=  0 com_z=0.947 com_x=-0.184
t= 14.50 max|qacc|=     217.4 max|qvel|=   0.19 ncon=  0 com_z=0.948 com_x=-0.183
t= 15.00 max|qacc|=     191.9 max|qvel|=   1.62 ncon=  0 com_z=0.948 com_x=-0.183
t= 15.50 max|qacc|=     517.2 max|qvel|=   1.16 ncon=  0 com_z=0.947 com_x=-0.184
t= 16.00 max|qacc|=      60.3 max|qvel|=   0.21 ncon=  0 com_z=0.948 com_x=-0.183
t= 16.50 max|qacc|=     152.1 max|qvel|=   0.90 ncon=  0 com_z=0.948 com_x=-0.183
t= 17.00 max|qacc|=     304.6 max|qvel|=   0.51 ncon=  0 com_z=0.947 com_x=-0.184
t= 17.50 max|qacc|=      31.5 max|qvel|=   0.45 ncon=  0 com_z=0.948 com_x=-0.183
t= 18.00 max|qacc|=      37.4 max|qvel|=   0.22 ncon=  0 com_z=0.948 com_x=-0.183
t= 18.50 max|qacc|=      34.3 max|qvel|=   0.21 ncon=  0 com_z=0.947 com_x=-0.184
t= 19.00 max|qacc|=     202.2 max|qvel|=   0.38 ncon=  0 com_z=0.948 com_x=-0.183
t= 19.50 max|qacc|=      39.8 max|qvel|=   0.28 ncon=  0 com_z=0.947 com_x=-0.183
t= 20.00 max|qacc|=      24.0 max|qvel|=   0.12 ncon=  0 com_z=0.948 com_x=-0.184
t= 20.50 max|qacc|=      71.8 max|qvel|=   0.30 ncon=  0 com_z=0.948 com_x=-0.183
t= 21.00 max|qacc|=      49.4 max|qvel|=   0.12 ncon=  0 com_z=0.947 com_x=-0.184
t= 21.50 max|qacc|=     154.7 max|qvel|=   0.56 ncon=  0 com_z=0.948 com_x=-0.184

== summary ==
pelvis/COM height: start 0.94 m, min 0.93 m, final 0.95 m  (stayed up)
COM x: min -0.21 max -0.11 final -0.18 m
COM y: min -0.038 max +0.006 m
RG_F_r bursts during walk window: 0
peak ctrl: [0.92 0.98 0.99 0.5  0.02 0.78 0.4  0.79 0.01 0.72 0.91 1.   1.   0.4
 0.03 0.8  0.46 0.78 0.02 0.73] (('vas_lat_r', 'med_gas_r', 'soleus_r', 'tib_ant_r', 'psoas_r', 'semimem_r', 'glut_max2_r', 'rect_fem_r', 'sar_r', 'grac_r', 'vas_lat_l', 'med_gas_l', 'soleus_l', 'tib_ant_l', 'psoas_l', 'semimem_l', 'glut_max2_l', 'rect_fem_l', 'sar_l', 'grac_l'))
  hip_flexion_r         24.6 ..    44.6 deg
  knee_angle_r          -3.9 ..    10.7 deg
  ankle_angle_r        -75.9 ..    -1.7 deg
  hip_adduction_r       -2.8 ..     4.0 deg
  subtalar_angle_r     -12.2 ..     0.0 deg
  hip_flexion_l        -16.6 ..    66.7 deg
  knee_angle_l          -8.2 ..    11.0 deg
  ankle_angle_l        -80.8 ..     9.8 deg
  hip_adduction_l      -26.4 ..    14.9 deg
  subtalar_angle_l     -15.4 ..     0.0 deg
  pelvis_tilt           -1.9 ..     1.1 deg
  pelvis_list           -0.5 ..     0.1 deg
  pelvis_rotation        2.1 ..     2.8 deg
saved spinal_run.npz
(plot skipped: 'PF_E2_r')
[prune:w2lvar] rgweak    AIR         -> -10.339498431286831  (571.7s)
start pose (normal): applied 20 coordinates as given; pelvis ty 0.920 m (env override unset); IMU-metric torso lean -0.0 deg (+ = back)
standing solve: nnls x in [0.00, 0.70], >0.1: 14 muscles
  top: add_long_l=0.70, tib_ant_r=0.61, tib_ant_l=0.46, ext_dig_r=0.37, glut_min1_l=0.33, pect_l=0.32, glut_min2_l=0.31, ext_dig_l=0.25
Fmax range: 5..3396 N | L range sample: [0.229942 0.326094]
[prune:w2lvar] rgweak    PUSH     +x -> -25.0  (211.4s)
start pose (normal): applied 20 coordinates as given; pelvis ty 0.920 m (env override unset); IMU-metric torso lean -0.0 deg (+ = back)
standing solve: nnls x in [0.00, 0.70], >0.1: 14 muscles
  top: add_long_l=0.70, tib_ant_r=0.61, tib_ant_l=0.46, ext_dig_r=0.37, glut_min1_l=0.33, pect_l=0.32, glut_min2_l=0.31, ext_dig_l=0.25
Fmax range: 5..3396 N | L range sample: [0.229942 0.326094]
[prune:w2lvar] rgweak    PUSH     -y -> -25.0  (201.9s)
[prune:w2lvar] shard 1 done
