[prune:s3k] shard 1/3: 24 cells, 0 already done
fitted baseline loaded: e2_pf=0.222 f1_df=0.098 f1_kf=0.148 post_kneext=0.011 post_hipext=0.068 desc_f=1.400 e2_adapt=1.700
start pose (normal): applied 20 coordinates as given; pelvis ty 0.922 m (env override=0.9215287157201333); IMU-metric torso lean -0.0 deg (+ = back)
standing solve: nnls x in [0.00, 0.65], >0.1: 13 muscles
  top: add_long_l=0.65, tib_ant_r=0.61, tib_ant_l=0.47, ext_dig_r=0.37, glut_min1_l=0.30, pect_l=0.30, glut_min2_l=0.28, ext_dig_l=0.25
Fmax range: 5..3396 N | L range sample: [0.229942 0.326094]
[prune:s3k] full      WALK        -> -186.41420708638907  (621.7s)
start pose (normal): applied 20 coordinates as given; pelvis ty 0.922 m (env override=0.9215287157201333); IMU-metric torso lean -0.0 deg (+ = back)
standing solve: nnls x in [0.00, 0.65], >0.1: 13 muscles
  top: add_long_l=0.65, tib_ant_r=0.61, tib_ant_l=0.47, ext_dig_r=0.37, glut_min1_l=0.30, pect_l=0.30, glut_min2_l=0.28, ext_dig_l=0.25
Fmax range: 5..3396 N | L range sample: [0.229942 0.326094]
[prune:s3k] full      PUSH     -x -> -25.0  (311.8s)
start pose (normal): applied 20 coordinates as given; pelvis ty 0.922 m (env override=0.9215287157201333); IMU-metric torso lean -0.0 deg (+ = back)
standing solve: nnls x in [0.00, 0.65], >0.1: 13 muscles
  top: add_long_l=0.65, tib_ant_r=0.61, tib_ant_l=0.47, ext_dig_r=0.37, glut_min1_l=0.30, pect_l=0.30, glut_min2_l=0.28, ext_dig_l=0.25
Fmax range: 5..3396 N | L range sample: [0.229942 0.326094]
t=  1.00 max|qacc|=     100.4 max|qvel|=   1.93 ncon=  0 com_z=0.971 com_x=-0.205
t=  1.50 max|qacc|=      11.6 max|qvel|=   2.02 ncon=  0 com_z=0.938 com_x=-0.178
t=  2.00 max|qacc|=      41.9 max|qvel|=   1.23 ncon=  0 com_z=0.950 com_x=-0.188
t=  2.50 max|qacc|=     188.0 max|qvel|=   0.71 ncon=  0 com_z=0.946 com_x=-0.186
t=  3.00 max|qacc|=     139.8 max|qvel|=   0.96 ncon=  0 com_z=0.946 com_x=-0.183
t=  3.50 max|qacc|=      58.6 max|qvel|=   0.20 ncon=  0 com_z=0.946 com_x=-0.186
t=  4.00 max|qacc|=     188.9 max|qvel|=   1.03 ncon=  0 com_z=0.946 com_x=-0.183
t=  4.50 max|qacc|=      93.4 max|qvel|=   1.63 ncon=  0 com_z=0.946 com_x=-0.185
t=  5.00 max|qacc|=      48.6 max|qvel|=   0.16 ncon=  0 com_z=0.946 com_x=-0.184
t=  5.50 max|qacc|=      16.7 max|qvel|=   0.18 ncon=  0 com_z=0.945 com_x=-0.185
t=  6.00 max|qacc|=      77.1 max|qvel|=   0.53 ncon=  0 com_z=0.946 com_x=-0.184
t=  6.50 max|qacc|=     109.0 max|qvel|=   1.57 ncon=  0 com_z=0.946 com_x=-0.185
t=  7.00 max|qacc|=      34.1 max|qvel|=   0.23 ncon=  0 com_z=0.946 com_x=-0.184
t=  7.50 max|qacc|=     158.4 max|qvel|=   0.14 ncon=  0 com_z=0.946 com_x=-0.184
t=  8.00 max|qacc|=      33.4 max|qvel|=   0.22 ncon=  0 com_z=0.945 com_x=-0.185
t=  8.50 max|qacc|=     292.1 max|qvel|=   0.74 ncon=  0 com_z=0.946 com_x=-0.184
t=  9.00 max|qacc|=     217.7 max|qvel|=   0.24 ncon=  0 com_z=0.945 com_x=-0.184
t=  9.50 max|qacc|=      46.3 max|qvel|=   0.13 ncon=  0 com_z=0.946 com_x=-0.184
t= 10.00 max|qacc|=      42.7 max|qvel|=   0.21 ncon=  0 com_z=0.946 com_x=-0.184
t= 10.50 max|qacc|=     227.5 max|qvel|=   0.15 ncon=  0 com_z=0.946 com_x=-0.185
t= 11.00 max|qacc|=     449.3 max|qvel|=   0.21 ncon=  0 com_z=0.946 com_x=-0.184
t= 11.50 max|qacc|=      93.0 max|qvel|=   0.22 ncon=  0 com_z=0.945 com_x=-0.185
t= 12.00 max|qacc|=      30.1 max|qvel|=   0.28 ncon=  0 com_z=0.946 com_x=-0.184
t= 12.50 max|qacc|=      60.0 max|qvel|=   0.14 ncon=  0 com_z=0.945 com_x=-0.184
t= 13.00 max|qacc|=      28.6 max|qvel|=   0.13 ncon=  0 com_z=0.946 com_x=-0.184
t= 13.50 max|qacc|=      44.0 max|qvel|=   0.13 ncon=  0 com_z=0.946 com_x=-0.184
t= 14.00 max|qacc|=      32.6 max|qvel|=   0.26 ncon=  0 com_z=0.946 com_x=-0.185
t= 14.50 max|qacc|=      75.5 max|qvel|=   0.18 ncon=  0 com_z=0.946 com_x=-0.184
t= 15.00 max|qacc|=     122.5 max|qvel|=   0.37 ncon=  0 com_z=0.945 com_x=-0.185
t= 15.50 max|qacc|=     102.8 max|qvel|=   0.21 ncon=  0 com_z=0.946 com_x=-0.184
t= 16.00 max|qacc|=      37.3 max|qvel|=   0.15 ncon=  0 com_z=0.946 com_x=-0.184
t= 16.50 max|qacc|=      61.3 max|qvel|=   0.14 ncon=  0 com_z=0.946 com_x=-0.185
t= 17.00 max|qacc|=     337.0 max|qvel|=   0.40 ncon=  0 com_z=0.946 com_x=-0.184
t= 17.50 max|qacc|=      54.6 max|qvel|=   0.20 ncon=  0 com_z=0.946 com_x=-0.185
t= 18.00 max|qacc|=      68.7 max|qvel|=   0.45 ncon=  0 com_z=0.946 com_x=-0.184
t= 18.50 max|qacc|=      79.8 max|qvel|=   0.56 ncon=  0 com_z=0.945 com_x=-0.185
t= 19.00 max|qacc|=     126.1 max|qvel|=   0.14 ncon=  0 com_z=0.946 com_x=-0.184
t= 19.50 max|qacc|=     195.2 max|qvel|=   0.43 ncon=  0 com_z=0.946 com_x=-0.184
t= 20.00 max|qacc|=     189.4 max|qvel|=   0.24 ncon=  0 com_z=0.945 com_x=-0.185
t= 20.50 max|qacc|=      71.0 max|qvel|=   0.18 ncon=  0 com_z=0.946 com_x=-0.184
t= 21.00 max|qacc|=      97.7 max|qvel|=   0.55 ncon=  0 com_z=0.945 com_x=-0.184
t= 21.50 max|qacc|=      48.6 max|qvel|=   0.29 ncon=  0 com_z=0.946 com_x=-0.184

== summary ==
pelvis/COM height: start 0.94 m, min 0.93 m, final 0.95 m  (stayed up)
COM x: min -0.21 max -0.11 final -0.18 m
COM y: min -0.039 max +0.002 m
RG_F_r bursts during walk window: 0
peak ctrl: [0.54 0.77 0.76 0.82 0.31 0.35 0.71 0.58 0.3  0.09 0.54 0.77 0.77 0.73
 0.32 0.35 0.66 0.58 0.3  0.09] (('vas_lat_r', 'med_gas_r', 'soleus_r', 'tib_ant_r', 'psoas_r', 'semimem_r', 'glut_max2_r', 'rect_fem_r', 'sar_r', 'grac_r', 'vas_lat_l', 'med_gas_l', 'soleus_l', 'tib_ant_l', 'psoas_l', 'semimem_l', 'glut_max2_l', 'rect_fem_l', 'sar_l', 'grac_l'))
  hip_flexion_r         24.6 ..    47.3 deg
  knee_angle_r          -3.9 ..    10.8 deg
  ankle_angle_r        -65.0 ..    -1.7 deg
  hip_adduction_r        0.8 ..    11.7 deg
  subtalar_angle_r       0.0 ..     5.5 deg
  hip_flexion_l        -16.6 ..    62.4 deg
  knee_angle_l          -8.2 ..    11.2 deg
  ankle_angle_l        -69.5 ..     9.8 deg
  hip_adduction_l      -17.7 ..    17.7 deg
  subtalar_angle_l      -0.1 ..     3.5 deg
  pelvis_tilt           -1.9 ..     0.8 deg
  pelvis_list           -0.5 ..    -0.1 deg
  pelvis_rotation        2.2 ..     2.7 deg
saved spinal_run.npz
saved spinal_run.png
[prune:s3k] full      AIRDEAFF    -> -10.400375818047513  (825.4s)
fitted baseline loaded: e2_pf=0.222 f1_df=0.098 f1_kf=0.148 post_kneext=0.011 post_hipext=0.068 desc_f=1.400 e2_adapt=1.700
start pose (normal): applied 20 coordinates as given; pelvis ty 0.922 m (env override=0.9215287157201333); IMU-metric torso lean -0.0 deg (+ = back)
standing solve: nnls x in [0.00, 0.65], >0.1: 13 muscles
  top: add_long_l=0.65, tib_ant_r=0.61, tib_ant_l=0.47, ext_dig_r=0.37, glut_min1_l=0.30, pect_l=0.30, glut_min2_l=0.28, ext_dig_l=0.25
Fmax range: 5..3396 N | L range sample: [0.229942 0.326094]
[prune:s3k] noaff     STAND       -> -25.0  (304.8s)
start pose (normal): applied 20 coordinates as given; pelvis ty 0.922 m (env override=0.9215287157201333); IMU-metric torso lean -0.0 deg (+ = back)
standing solve: nnls x in [0.00, 0.65], >0.1: 13 muscles
  top: add_long_l=0.65, tib_ant_r=0.61, tib_ant_l=0.47, ext_dig_r=0.37, glut_min1_l=0.30, pect_l=0.30, glut_min2_l=0.28, ext_dig_l=0.25
Fmax range: 5..3396 N | L range sample: [0.229942 0.326094]
[prune:s3k] noaff     PUSH     +y -> -25.0  (303.9s)
fitted baseline loaded: e2_pf=0.222 f1_df=0.098 f1_kf=0.148 post_kneext=0.011 post_hipext=0.068 desc_f=1.400 e2_adapt=1.700
start pose (normal): applied 20 coordinates as given; pelvis ty 0.922 m (env override=0.9215287157201333); IMU-metric torso lean -0.0 deg (+ = back)
standing solve: nnls x in [0.00, 0.65], >0.1: 13 muscles
  top: add_long_l=0.65, tib_ant_r=0.61, tib_ant_l=0.47, ext_dig_r=0.37, glut_min1_l=0.30, pect_l=0.30, glut_min2_l=0.28, ext_dig_l=0.25
Fmax range: 5..3396 N | L range sample: [0.229942 0.326094]
t=  1.00 max|qacc|=      50.5 max|qvel|=   4.56 ncon=  0 com_z=0.924 com_x=-0.116
t=  1.50 max|qacc|=      20.1 max|qvel|=   2.17 ncon=  0 com_z=0.925 com_x=-0.123
t=  2.00 max|qacc|=      17.7 max|qvel|=   0.57 ncon=  0 com_z=0.930 com_x=-0.118
t=  2.50 max|qacc|=      10.1 max|qvel|=   0.63 ncon=  0 com_z=0.927 com_x=-0.125
t=  3.00 max|qacc|=       7.2 max|qvel|=   1.16 ncon=  0 com_z=0.927 com_x=-0.121
t=  3.50 max|qacc|=       2.3 max|qvel|=   1.89 ncon=  0 com_z=0.926 com_x=-0.126
t=  4.00 max|qacc|=       6.3 max|qvel|=   0.98 ncon=  0 com_z=0.926 com_x=-0.123
t=  4.50 max|qacc|=       5.6 max|qvel|=   0.31 ncon=  0 com_z=0.929 com_x=-0.120
t=  5.00 max|qacc|=       3.2 max|qvel|=   0.90 ncon=  0 com_z=0.927 com_x=-0.129
t=  5.50 max|qacc|=       3.9 max|qvel|=   1.75 ncon=  0 com_z=0.923 com_x=-0.118
t=  6.00 max|qacc|=       4.1 max|qvel|=   1.04 ncon=  0 com_z=0.929 com_x=-0.125
t=  6.50 max|qacc|=       9.2 max|qvel|=   0.32 ncon=  0 com_z=0.926 com_x=-0.126
t=  7.00 max|qacc|=       5.0 max|qvel|=   0.58 ncon=  0 com_z=0.927 com_x=-0.115
t=  7.50 max|qacc|=       3.8 max|qvel|=   1.32 ncon=  0 com_z=0.927 com_x=-0.132
t=  8.00 max|qacc|=       3.1 max|qvel|=   1.54 ncon=  0 com_z=0.924 com_x=-0.118
t=  8.50 max|qacc|=       4.6 max|qvel|=   0.71 ncon=  0 com_z=0.928 com_x=-0.121
t=  9.00 max|qacc|=       5.0 max|qvel|=   0.71 ncon=  0 com_z=0.927 com_x=-0.131
t=  9.50 max|qacc|=       5.6 max|qvel|=   0.70 ncon=  0 com_z=0.924 com_x=-0.113
t= 10.00 max|qacc|=       3.3 max|qvel|=   1.14 ncon=  0 com_z=0.928 com_x=-0.130
t= 10.50 max|qacc|=       5.7 max|qvel|=   1.11 ncon=  0 com_z=0.924 com_x=-0.123
t= 11.00 max|qacc|=       3.8 max|qvel|=   0.48 ncon=  0 com_z=0.926 com_x=-0.116
t= 11.50 max|qacc|=       5.2 max|qvel|=   0.70 ncon=  0 com_z=0.927 com_x=-0.134
t= 12.00 max|qacc|=       4.3 max|qvel|=   0.96 ncon=  0 com_z=0.923 com_x=-0.114
t= 12.50 max|qacc|=       2.4 max|qvel|=   0.99 ncon=  0 com_z=0.927 com_x=-0.126
t= 13.00 max|qacc|=       4.7 max|qvel|=   0.55 ncon=  0 com_z=0.926 com_x=-0.128
t= 13.50 max|qacc|=       3.9 max|qvel|=   0.55 ncon=  0 com_z=0.924 com_x=-0.113
t= 14.00 max|qacc|=       2.5 max|qvel|=   0.70 ncon=  0 com_z=0.928 com_x=-0.133
t= 14.50 max|qacc|=       2.6 max|qvel|=   1.05 ncon=  0 com_z=0.923 com_x=-0.119
t= 15.00 max|qacc|=       2.5 max|qvel|=   0.62 ncon=  0 com_z=0.926 com_x=-0.120
t= 15.50 max|qacc|=       5.0 max|qvel|=   0.49 ncon=  0 com_z=0.927 com_x=-0.132
t= 16.00 max|qacc|=       3.6 max|qvel|=   0.33 ncon=  0 com_z=0.924 com_x=-0.113
t= 16.50 max|qacc|=       1.8 max|qvel|=   0.78 ncon=  0 com_z=0.927 com_x=-0.130
t= 17.00 max|qacc|=       1.7 max|qvel|=   0.83 ncon=  0 com_z=0.924 com_x=-0.124
t= 17.50 max|qacc|=       2.7 max|qvel|=   0.40 ncon=  0 com_z=0.925 com_x=-0.116
t= 18.00 max|qacc|=       3.3 max|qvel|=   0.29 ncon=  0 com_z=0.927 com_x=-0.133
t= 18.50 max|qacc|=       3.0 max|qvel|=   0.47 ncon=  0 com_z=0.924 com_x=-0.116
t= 19.00 max|qacc|=       1.2 max|qvel|=   0.62 ncon=  0 com_z=0.926 com_x=-0.125
t= 19.50 max|qacc|=       2.6 max|qvel|=   0.57 ncon=  0 com_z=0.925 com_x=-0.128
t= 20.00 max|qacc|=       2.4 max|qvel|=   0.23 ncon=  0 com_z=0.924 com_x=-0.115
t= 20.50 max|qacc|=       2.7 max|qvel|=   0.31 ncon=  0 com_z=0.927 com_x=-0.131
t= 21.00 max|qacc|=       1.8 max|qvel|=   0.53 ncon=  0 com_z=0.924 com_x=-0.120
t= 21.50 max|qacc|=       0.7 max|qvel|=   0.52 ncon=  0 com_z=0.925 com_x=-0.121

== summary ==
pelvis/COM height: start 0.94 m, min 0.92 m, final 0.93 m  (stayed up)
COM x: min -0.13 max -0.11 final -0.13 m
COM y: min -0.018 max -0.002 m
RG_F_r bursts during walk window: 0
peak ctrl: [0.   0.01 0.01 0.35 0.   0.   0.2  0.   0.   0.   0.   0.01 0.02 0.27
 0.   0.01 0.17 0.   0.   0.  ] (('vas_lat_r', 'med_gas_r', 'soleus_r', 'tib_ant_r', 'psoas_r', 'semimem_r', 'glut_max2_r', 'rect_fem_r', 'sar_r', 'grac_r', 'vas_lat_l', 'med_gas_l', 'soleus_l', 'tib_ant_l', 'psoas_l', 'semimem_l', 'glut_max2_l', 'rect_fem_l', 'sar_l', 'grac_l'))
  hip_flexion_r          0.9 ..    24.6 deg
  knee_angle_r         -37.9 ..    11.4 deg
  ankle_angle_r         -1.7 ..    34.5 deg
  hip_adduction_r       -3.9 ..     1.8 deg
  subtalar_angle_r       0.0 ..    11.5 deg
  hip_flexion_l        -16.6 ..     8.6 deg
  knee_angle_l         -40.0 ..     4.5 deg
  ankle_angle_l          9.8 ..    31.9 deg
  hip_adduction_l      -11.7 ..     2.7 deg
  subtalar_angle_l       0.0 ..     9.9 deg
  pelvis_tilt           -1.9 ..    -0.7 deg
  pelvis_list           -0.5 ..    -0.3 deg
  pelvis_rotation        2.4 ..     2.5 deg
saved spinal_run.npz
saved spinal_run.png
[prune:s3k] interleg  AIR         -> -8.918139757103356  (840.5s)
start pose (normal): applied 20 coordinates as given; pelvis ty 0.922 m (env override=0.9215287157201333); IMU-metric torso lean -0.0 deg (+ = back)
standing solve: nnls x in [0.00, 0.65], >0.1: 13 muscles
  top: add_long_l=0.65, tib_ant_r=0.61, tib_ant_l=0.47, ext_dig_r=0.37, glut_min1_l=0.30, pect_l=0.30, glut_min2_l=0.28, ext_dig_l=0.25
Fmax range: 5..3396 N | L range sample: [0.229942 0.326094]
[prune:s3k] interleg  PUSH     +x -> -25.0  (309.3s)
start pose (normal): applied 20 coordinates as given; pelvis ty 0.922 m (env override=0.9215287157201333); IMU-metric torso lean -0.0 deg (+ = back)
standing solve: nnls x in [0.00, 0.65], >0.1: 13 muscles
  top: add_long_l=0.65, tib_ant_r=0.61, tib_ant_l=0.47, ext_dig_r=0.37, glut_min1_l=0.30, pect_l=0.30, glut_min2_l=0.28, ext_dig_l=0.25
Fmax range: 5..3396 N | L range sample: [0.229942 0.326094]
[prune:s3k] interleg  PUSH     -y -> -25.0  (307.9s)
fitted baseline loaded: e2_pf=0.222 f1_df=0.098 f1_kf=0.148 post_kneext=0.011 post_hipext=0.068 desc_f=1.400 e2_adapt=1.700
start pose (normal): applied 20 coordinates as given; pelvis ty 0.922 m (env override=0.9215287157201333); IMU-metric torso lean -0.0 deg (+ = back)
standing solve: nnls x in [0.00, 0.65], >0.1: 13 muscles
  top: add_long_l=0.65, tib_ant_r=0.61, tib_ant_l=0.47, ext_dig_r=0.37, glut_min1_l=0.30, pect_l=0.30, glut_min2_l=0.28, ext_dig_l=0.25
Fmax range: 5..3396 N | L range sample: [0.229942 0.326094]
[prune:s3k] contact   WALK        -> -183.91941472016097  (613.2s)
start pose (normal): applied 20 coordinates as given; pelvis ty 0.922 m (env override=0.9215287157201333); IMU-metric torso lean -0.0 deg (+ = back)
standing solve: nnls x in [0.00, 0.65], >0.1: 13 muscles
  top: add_long_l=0.65, tib_ant_r=0.61, tib_ant_l=0.47, ext_dig_r=0.37, glut_min1_l=0.30, pect_l=0.30, glut_min2_l=0.28, ext_dig_l=0.25
Fmax range: 5..3396 N | L range sample: [0.229942 0.326094]
[prune:s3k] contact   PUSH     -x -> -25.0  (307.8s)
start pose (normal): applied 20 coordinates as given; pelvis ty 0.922 m (env override=0.9215287157201333); IMU-metric torso lean -0.0 deg (+ = back)
standing solve: nnls x in [0.00, 0.65], >0.1: 13 muscles
  top: add_long_l=0.65, tib_ant_r=0.61, tib_ant_l=0.47, ext_dig_r=0.37, glut_min1_l=0.30, pect_l=0.30, glut_min2_l=0.28, ext_dig_l=0.25
Fmax range: 5..3396 N | L range sample: [0.229942 0.326094]
t=  1.00 max|qacc|=     100.4 max|qvel|=   1.93 ncon=  0 com_z=0.971 com_x=-0.205
t=  1.50 max|qacc|=      11.6 max|qvel|=   2.02 ncon=  0 com_z=0.938 com_x=-0.178
t=  2.00 max|qacc|=      41.9 max|qvel|=   1.23 ncon=  0 com_z=0.950 com_x=-0.188
t=  2.50 max|qacc|=     188.0 max|qvel|=   0.71 ncon=  0 com_z=0.946 com_x=-0.186
t=  3.00 max|qacc|=     139.8 max|qvel|=   0.96 ncon=  0 com_z=0.946 com_x=-0.183
t=  3.50 max|qacc|=      58.6 max|qvel|=   0.20 ncon=  0 com_z=0.946 com_x=-0.186
t=  4.00 max|qacc|=     188.9 max|qvel|=   1.03 ncon=  0 com_z=0.946 com_x=-0.183
t=  4.50 max|qacc|=      93.4 max|qvel|=   1.63 ncon=  0 com_z=0.946 com_x=-0.185
t=  5.00 max|qacc|=      48.6 max|qvel|=   0.16 ncon=  0 com_z=0.946 com_x=-0.184
t=  5.50 max|qacc|=      16.7 max|qvel|=   0.18 ncon=  0 com_z=0.945 com_x=-0.185
t=  6.00 max|qacc|=      77.1 max|qvel|=   0.53 ncon=  0 com_z=0.946 com_x=-0.184
t=  6.50 max|qacc|=     109.0 max|qvel|=   1.57 ncon=  0 com_z=0.946 com_x=-0.185
t=  7.00 max|qacc|=      34.1 max|qvel|=   0.23 ncon=  0 com_z=0.946 com_x=-0.184
t=  7.50 max|qacc|=     158.4 max|qvel|=   0.14 ncon=  0 com_z=0.946 com_x=-0.184
t=  8.00 max|qacc|=      33.4 max|qvel|=   0.22 ncon=  0 com_z=0.945 com_x=-0.185
t=  8.50 max|qacc|=     292.1 max|qvel|=   0.74 ncon=  0 com_z=0.946 com_x=-0.184
t=  9.00 max|qacc|=     217.7 max|qvel|=   0.24 ncon=  0 com_z=0.945 com_x=-0.184
t=  9.50 max|qacc|=      46.3 max|qvel|=   0.13 ncon=  0 com_z=0.946 com_x=-0.184
t= 10.00 max|qacc|=      42.7 max|qvel|=   0.21 ncon=  0 com_z=0.946 com_x=-0.184
t= 10.50 max|qacc|=     227.5 max|qvel|=   0.15 ncon=  0 com_z=0.946 com_x=-0.185
t= 11.00 max|qacc|=     449.3 max|qvel|=   0.21 ncon=  0 com_z=0.946 com_x=-0.184
t= 11.50 max|qacc|=      93.0 max|qvel|=   0.22 ncon=  0 com_z=0.945 com_x=-0.185
t= 12.00 max|qacc|=      30.1 max|qvel|=   0.28 ncon=  0 com_z=0.946 com_x=-0.184
t= 12.50 max|qacc|=      60.0 max|qvel|=   0.14 ncon=  0 com_z=0.945 com_x=-0.184
t= 13.00 max|qacc|=      28.6 max|qvel|=   0.13 ncon=  0 com_z=0.946 com_x=-0.184
t= 13.50 max|qacc|=      44.0 max|qvel|=   0.13 ncon=  0 com_z=0.946 com_x=-0.184
t= 14.00 max|qacc|=      32.6 max|qvel|=   0.26 ncon=  0 com_z=0.946 com_x=-0.185
t= 14.50 max|qacc|=      75.5 max|qvel|=   0.18 ncon=  0 com_z=0.946 com_x=-0.184
t= 15.00 max|qacc|=     122.5 max|qvel|=   0.37 ncon=  0 com_z=0.945 com_x=-0.185
t= 15.50 max|qacc|=     102.8 max|qvel|=   0.21 ncon=  0 com_z=0.946 com_x=-0.184
t= 16.00 max|qacc|=      37.3 max|qvel|=   0.15 ncon=  0 com_z=0.946 com_x=-0.184
t= 16.50 max|qacc|=      61.3 max|qvel|=   0.14 ncon=  0 com_z=0.946 com_x=-0.185
t= 17.00 max|qacc|=     337.0 max|qvel|=   0.40 ncon=  0 com_z=0.946 com_x=-0.184
t= 17.50 max|qacc|=      54.6 max|qvel|=   0.20 ncon=  0 com_z=0.946 com_x=-0.185
t= 18.00 max|qacc|=      68.7 max|qvel|=   0.45 ncon=  0 com_z=0.946 com_x=-0.184
t= 18.50 max|qacc|=      79.8 max|qvel|=   0.56 ncon=  0 com_z=0.945 com_x=-0.185
t= 19.00 max|qacc|=     126.1 max|qvel|=   0.14 ncon=  0 com_z=0.946 com_x=-0.184
t= 19.50 max|qacc|=     195.2 max|qvel|=   0.43 ncon=  0 com_z=0.946 com_x=-0.184
t= 20.00 max|qacc|=     189.4 max|qvel|=   0.24 ncon=  0 com_z=0.945 com_x=-0.185
t= 20.50 max|qacc|=      71.0 max|qvel|=   0.18 ncon=  0 com_z=0.946 com_x=-0.184
t= 21.00 max|qacc|=      97.7 max|qvel|=   0.55 ncon=  0 com_z=0.945 com_x=-0.184
t= 21.50 max|qacc|=      48.6 max|qvel|=   0.29 ncon=  0 com_z=0.946 com_x=-0.184

== summary ==
pelvis/COM height: start 0.94 m, min 0.93 m, final 0.95 m  (stayed up)
COM x: min -0.21 max -0.11 final -0.18 m
COM y: min -0.039 max +0.002 m
RG_F_r bursts during walk window: 0
peak ctrl: [0.54 0.77 0.76 0.82 0.31 0.35 0.71 0.58 0.3  0.09 0.54 0.77 0.77 0.73
 0.32 0.35 0.66 0.58 0.3  0.09] (('vas_lat_r', 'med_gas_r', 'soleus_r', 'tib_ant_r', 'psoas_r', 'semimem_r', 'glut_max2_r', 'rect_fem_r', 'sar_r', 'grac_r', 'vas_lat_l', 'med_gas_l', 'soleus_l', 'tib_ant_l', 'psoas_l', 'semimem_l', 'glut_max2_l', 'rect_fem_l', 'sar_l', 'grac_l'))
  hip_flexion_r         24.6 ..    47.3 deg
  knee_angle_r          -3.9 ..    10.8 deg
  ankle_angle_r        -65.0 ..    -1.7 deg
  hip_adduction_r        0.8 ..    11.7 deg
  subtalar_angle_r       0.0 ..     5.5 deg
  hip_flexion_l        -16.6 ..    62.4 deg
  knee_angle_l          -8.2 ..    11.2 deg
  ankle_angle_l        -69.5 ..     9.8 deg
  hip_adduction_l      -17.7 ..    17.7 deg
  subtalar_angle_l      -0.1 ..     3.5 deg
  pelvis_tilt           -1.9 ..     0.8 deg
  pelvis_list           -0.5 ..    -0.1 deg
  pelvis_rotation        2.2 ..     2.7 deg
saved spinal_run.npz
saved spinal_run.png
[prune:s3k] contact   AIRDEAFF    -> -10.400375818047513  (813.1s)
fitted baseline loaded: e2_pf=0.222 f1_df=0.098 f1_kf=0.148 post_kneext=0.011 post_hipext=0.068 desc_f=1.400 e2_adapt=1.700
start pose (normal): applied 20 coordinates as given; pelvis ty 0.922 m (env override=0.9215287157201333); IMU-metric torso lean -0.0 deg (+ = back)
standing solve: nnls x in [0.00, 0.65], >0.1: 13 muscles
  top: add_long_l=0.65, tib_ant_r=0.61, tib_ant_l=0.47, ext_dig_r=0.37, glut_min1_l=0.30, pect_l=0.30, glut_min2_l=0.28, ext_dig_l=0.25
Fmax range: 5..3396 N | L range sample: [0.229942 0.326094]
[prune:s3k] ia        STAND       -> -25.0  (251.1s)
start pose (normal): applied 20 coordinates as given; pelvis ty 0.922 m (env override=0.9215287157201333); IMU-metric torso lean -0.0 deg (+ = back)
standing solve: nnls x in [0.00, 0.65], >0.1: 13 muscles
  top: add_long_l=0.65, tib_ant_r=0.61, tib_ant_l=0.47, ext_dig_r=0.37, glut_min1_l=0.30, pect_l=0.30, glut_min2_l=0.28, ext_dig_l=0.25
Fmax range: 5..3396 N | L range sample: [0.229942 0.326094]
[prune:s3k] ia        PUSH     +y -> -25.0  (251.6s)
fitted baseline loaded: e2_pf=0.222 f1_df=0.098 f1_kf=0.148 post_kneext=0.011 post_hipext=0.068 desc_f=1.400 e2_adapt=1.700
start pose (normal): applied 20 coordinates as given; pelvis ty 0.922 m (env override=0.9215287157201333); IMU-metric torso lean -0.0 deg (+ = back)
standing solve: nnls x in [0.00, 0.65], >0.1: 13 muscles
  top: add_long_l=0.65, tib_ant_r=0.61, tib_ant_l=0.47, ext_dig_r=0.37, glut_min1_l=0.30, pect_l=0.30, glut_min2_l=0.28, ext_dig_l=0.25
Fmax range: 5..3396 N | L range sample: [0.229942 0.326094]
t=  1.00 max|qacc|=      36.2 max|qvel|=   1.74 ncon=  0 com_z=0.958 com_x=-0.192
t=  1.50 max|qacc|=      13.4 max|qvel|=   1.55 ncon=  0 com_z=0.932 com_x=-0.167
t=  2.00 max|qacc|=      17.8 max|qvel|=   1.25 ncon=  0 com_z=0.949 com_x=-0.187
t=  2.50 max|qacc|=      15.3 max|qvel|=   1.14 ncon=  0 com_z=0.936 com_x=-0.170
t=  3.00 max|qacc|=      14.6 max|qvel|=   0.68 ncon=  0 com_z=0.946 com_x=-0.183
t=  3.50 max|qacc|=      12.9 max|qvel|=   0.54 ncon=  0 com_z=0.937 com_x=-0.172
t=  4.00 max|qacc|=       7.3 max|qvel|=   0.53 ncon=  0 com_z=0.945 com_x=-0.183
t=  4.50 max|qacc|=      11.4 max|qvel|=   0.28 ncon=  0 com_z=0.937 com_x=-0.171
t=  5.00 max|qacc|=      39.3 max|qvel|=   0.30 ncon=  0 com_z=0.945 com_x=-0.183
t=  5.50 max|qacc|=       7.7 max|qvel|=   0.14 ncon=  0 com_z=0.937 com_x=-0.172
t=  6.00 max|qacc|=       9.8 max|qvel|=   0.14 ncon=  0 com_z=0.944 com_x=-0.182
t=  6.50 max|qacc|=      10.0 max|qvel|=   0.14 ncon=  0 com_z=0.938 com_x=-0.173
t=  7.00 max|qacc|=      33.0 max|qvel|=   0.13 ncon=  0 com_z=0.943 com_x=-0.181
t=  7.50 max|qacc|=      29.5 max|qvel|=   0.15 ncon=  0 com_z=0.938 com_x=-0.173
t=  8.00 max|qacc|=      23.5 max|qvel|=   0.14 ncon=  0 com_z=0.943 com_x=-0.181
t=  8.50 max|qacc|=      12.0 max|qvel|=   0.15 ncon=  0 com_z=0.939 com_x=-0.174
t=  9.00 max|qacc|=      15.3 max|qvel|=   0.15 ncon=  0 com_z=0.942 com_x=-0.180
t=  9.50 max|qacc|=      22.4 max|qvel|=   0.15 ncon=  0 com_z=0.939 com_x=-0.175
t= 10.00 max|qacc|=      10.9 max|qvel|=   0.15 ncon=  0 com_z=0.942 com_x=-0.179
t= 10.50 max|qacc|=      19.7 max|qvel|=   0.15 ncon=  0 com_z=0.940 com_x=-0.176
t= 11.00 max|qacc|=      13.5 max|qvel|=   0.15 ncon=  0 com_z=0.941 com_x=-0.179
t= 11.50 max|qacc|=      17.5 max|qvel|=   0.15 ncon=  0 com_z=0.940 com_x=-0.176
t= 12.00 max|qacc|=      27.0 max|qvel|=   0.15 ncon=  0 com_z=0.941 com_x=-0.178
t= 12.50 max|qacc|=      24.7 max|qvel|=   0.14 ncon=  0 com_z=0.940 com_x=-0.177
t= 13.00 max|qacc|=      31.0 max|qvel|=   0.15 ncon=  0 com_z=0.941 com_x=-0.178
t= 13.50 max|qacc|=      31.3 max|qvel|=   0.14 ncon=  0 com_z=0.940 com_x=-0.177
t= 14.00 max|qacc|=      14.6 max|qvel|=   0.14 ncon=  0 com_z=0.941 com_x=-0.178
t= 14.50 max|qacc|=      33.4 max|qvel|=   0.13 ncon=  0 com_z=0.940 com_x=-0.177
t= 15.00 max|qacc|=      18.7 max|qvel|=   0.13 ncon=  0 com_z=0.940 com_x=-0.178
t= 15.50 max|qacc|=      22.7 max|qvel|=   0.12 ncon=  0 com_z=0.940 com_x=-0.177
t= 16.00 max|qacc|=      35.1 max|qvel|=   0.12 ncon=  0 com_z=0.940 com_x=-0.177
t= 16.50 max|qacc|=      18.9 max|qvel|=   0.12 ncon=  0 com_z=0.941 com_x=-0.177
t= 17.00 max|qacc|=      25.6 max|qvel|=   0.13 ncon=  0 com_z=0.940 com_x=-0.177
t= 17.50 max|qacc|=      21.9 max|qvel|=   0.13 ncon=  0 com_z=0.941 com_x=-0.177
t= 18.00 max|qacc|=      13.0 max|qvel|=   0.14 ncon=  0 com_z=0.940 com_x=-0.177
t= 18.50 max|qacc|=      20.4 max|qvel|=   0.14 ncon=  0 com_z=0.941 com_x=-0.177
t= 19.00 max|qacc|=      12.5 max|qvel|=   0.17 ncon=  0 com_z=0.940 com_x=-0.177
t= 19.50 max|qacc|=      36.3 max|qvel|=   0.18 ncon=  0 com_z=0.941 com_x=-0.177
t= 20.00 max|qacc|=      29.3 max|qvel|=   0.19 ncon=  0 com_z=0.940 com_x=-0.177
t= 20.50 max|qacc|=      21.3 max|qvel|=   0.19 ncon=  0 com_z=0.941 com_x=-0.177
t= 21.00 max|qacc|=      11.6 max|qvel|=   0.20 ncon=  0 com_z=0.940 com_x=-0.177
t= 21.50 max|qacc|=      10.5 max|qvel|=   0.20 ncon=  0 com_z=0.941 com_x=-0.177

== summary ==
pelvis/COM height: start 0.94 m, min 0.93 m, final 0.94 m  (stayed up)
COM x: min -0.20 max -0.11 final -0.18 m
COM y: min -0.028 max +0.009 m
RG_F_r bursts during walk window: 0
peak ctrl: [0.23 0.55 0.55 0.51 0.02 0.38 0.31 0.3  0.02 0.   0.22 0.57 0.57 0.48
 0.05 0.41 0.35 0.3  0.04 0.  ] (('vas_lat_r', 'med_gas_r', 'soleus_r', 'tib_ant_r', 'psoas_r', 'semimem_r', 'glut_max2_r', 'rect_fem_r', 'sar_r', 'grac_r', 'vas_lat_l', 'med_gas_l', 'soleus_l', 'tib_ant_l', 'psoas_l', 'semimem_l', 'glut_max2_l', 'rect_fem_l', 'sar_l', 'grac_l'))
  hip_flexion_r         24.6 ..    39.5 deg
  knee_angle_r          -3.9 ..    10.4 deg
  ankle_angle_r        -60.2 ..    -1.7 deg
  hip_adduction_r        1.0 ..     8.9 deg
  subtalar_angle_r      -5.9 ..     4.0 deg
  hip_flexion_l        -16.6 ..    57.0 deg
  knee_angle_l          -8.2 ..    11.4 deg
  ankle_angle_l        -65.6 ..     9.8 deg
  hip_adduction_l       -6.6 ..    16.9 deg
  subtalar_angle_l      -8.9 ..     4.8 deg
  pelvis_tilt           -1.9 ..     0.5 deg
  pelvis_list           -0.6 ..    -0.0 deg
  pelvis_rotation        2.1 ..     2.7 deg
saved spinal_run.npz
saved spinal_run.png
[prune:s3k] ii        AIR         -> -10.492768685279083  (850.9s)
start pose (normal): applied 20 coordinates as given; pelvis ty 0.922 m (env override=0.9215287157201333); IMU-metric torso lean -0.0 deg (+ = back)
standing solve: nnls x in [0.00, 0.65], >0.1: 13 muscles
  top: add_long_l=0.65, tib_ant_r=0.61, tib_ant_l=0.47, ext_dig_r=0.37, glut_min1_l=0.30, pect_l=0.30, glut_min2_l=0.28, ext_dig_l=0.25
Fmax range: 5..3396 N | L range sample: [0.229942 0.326094]
[prune:s3k] ii        PUSH     +x -> -25.0  (309.3s)
start pose (normal): applied 20 coordinates as given; pelvis ty 0.922 m (env override=0.9215287157201333); IMU-metric torso lean -0.0 deg (+ = back)
standing solve: nnls x in [0.00, 0.65], >0.1: 13 muscles
  top: add_long_l=0.65, tib_ant_r=0.61, tib_ant_l=0.47, ext_dig_r=0.37, glut_min1_l=0.30, pect_l=0.30, glut_min2_l=0.28, ext_dig_l=0.25
Fmax range: 5..3396 N | L range sample: [0.229942 0.326094]
[prune:s3k] ii        PUSH     -y -> -25.0  (284.1s)
fitted baseline loaded: e2_pf=0.222 f1_df=0.098 f1_kf=0.148 post_kneext=0.011 post_hipext=0.068 desc_f=1.400 e2_adapt=1.700
start pose (normal): applied 20 coordinates as given; pelvis ty 0.922 m (env override=0.9215287157201333); IMU-metric torso lean -0.0 deg (+ = back)
standing solve: nnls x in [0.00, 0.65], >0.1: 13 muscles
  top: add_long_l=0.65, tib_ant_r=0.61, tib_ant_l=0.47, ext_dig_r=0.37, glut_min1_l=0.30, pect_l=0.30, glut_min2_l=0.28, ext_dig_l=0.25
Fmax range: 5..3396 N | L range sample: [0.229942 0.326094]
[prune:s3k] ib        WALK        -> -180.25924359982236  (485.3s)
start pose (normal): applied 20 coordinates as given; pelvis ty 0.922 m (env override=0.9215287157201333); IMU-metric torso lean -0.0 deg (+ = back)
standing solve: nnls x in [0.00, 0.65], >0.1: 13 muscles
  top: add_long_l=0.65, tib_ant_r=0.61, tib_ant_l=0.47, ext_dig_r=0.37, glut_min1_l=0.30, pect_l=0.30, glut_min2_l=0.28, ext_dig_l=0.25
Fmax range: 5..3396 N | L range sample: [0.229942 0.326094]
[prune:s3k] ib        PUSH     -x -> -25.0  (239.6s)
start pose (normal): applied 20 coordinates as given; pelvis ty 0.922 m (env override=0.9215287157201333); IMU-metric torso lean -0.0 deg (+ = back)
standing solve: nnls x in [0.00, 0.65], >0.1: 13 muscles
  top: add_long_l=0.65, tib_ant_r=0.61, tib_ant_l=0.47, ext_dig_r=0.37, glut_min1_l=0.30, pect_l=0.30, glut_min2_l=0.28, ext_dig_l=0.25
Fmax range: 5..3396 N | L range sample: [0.229942 0.326094]
t=  1.00 max|qacc|=      98.2 max|qvel|=   1.88 ncon=  0 com_z=0.970 com_x=-0.204
t=  1.50 max|qacc|=      54.4 max|qvel|=   1.97 ncon=  0 com_z=0.938 com_x=-0.177
t=  2.00 max|qacc|=     163.9 max|qvel|=   1.27 ncon=  0 com_z=0.950 com_x=-0.188
t=  2.50 max|qacc|=      90.9 max|qvel|=   0.80 ncon=  0 com_z=0.946 com_x=-0.185
t=  3.00 max|qacc|=      72.1 max|qvel|=   0.45 ncon=  0 com_z=0.946 com_x=-0.183
t=  3.50 max|qacc|=      68.2 max|qvel|=   0.96 ncon=  0 com_z=0.946 com_x=-0.186
t=  4.00 max|qacc|=     101.8 max|qvel|=   0.25 ncon=  0 com_z=0.945 com_x=-0.183
t=  4.50 max|qacc|=     108.9 max|qvel|=   0.21 ncon=  0 com_z=0.945 com_x=-0.185
t=  5.00 max|qacc|=      53.2 max|qvel|=   0.19 ncon=  0 com_z=0.946 com_x=-0.183
t=  5.50 max|qacc|=      39.8 max|qvel|=   0.30 ncon=  0 com_z=0.945 com_x=-0.185
t=  6.00 max|qacc|=      39.3 max|qvel|=   0.28 ncon=  0 com_z=0.946 com_x=-0.183
t=  6.50 max|qacc|=      77.8 max|qvel|=   0.24 ncon=  0 com_z=0.945 com_x=-0.184
t=  7.00 max|qacc|=      20.6 max|qvel|=   0.25 ncon=  0 com_z=0.946 com_x=-0.184
t=  7.50 max|qacc|=     119.8 max|qvel|=   0.17 ncon=  0 com_z=0.945 com_x=-0.184
t=  8.00 max|qacc|=      17.3 max|qvel|=   0.21 ncon=  0 com_z=0.945 com_x=-0.184
t=  8.50 max|qacc|=     109.4 max|qvel|=   0.19 ncon=  0 com_z=0.946 com_x=-0.183
t=  9.00 max|qacc|=     146.2 max|qvel|=   0.54 ncon=  0 com_z=0.945 com_x=-0.184
t=  9.50 max|qacc|=      63.6 max|qvel|=   0.31 ncon=  0 com_z=0.946 com_x=-0.184
t= 10.00 max|qacc|=      55.1 max|qvel|=   0.15 ncon=  0 com_z=0.945 com_x=-0.184
t= 10.50 max|qacc|=      42.2 max|qvel|=   0.23 ncon=  0 com_z=0.945 com_x=-0.185
t= 11.00 max|qacc|=      23.8 max|qvel|=   0.17 ncon=  0 com_z=0.946 com_x=-0.183
t= 11.50 max|qacc|=      31.8 max|qvel|=   0.18 ncon=  0 com_z=0.945 com_x=-0.184
t= 12.00 max|qacc|=     344.4 max|qvel|=   0.69 ncon=  0 com_z=0.946 com_x=-0.184
t= 12.50 max|qacc|=      58.6 max|qvel|=   0.40 ncon=  0 com_z=0.945 com_x=-0.184
t= 13.00 max|qacc|=     367.4 max|qvel|=   0.60 ncon=  0 com_z=0.945 com_x=-0.184
t= 13.50 max|qacc|=      77.0 max|qvel|=   0.13 ncon=  0 com_z=0.946 com_x=-0.183
t= 14.00 max|qacc|=     130.8 max|qvel|=   0.71 ncon=  0 com_z=0.945 com_x=-0.184
t= 14.50 max|qacc|=     285.8 max|qvel|=   0.20 ncon=  0 com_z=0.946 com_x=-0.184
t= 15.00 max|qacc|=      26.9 max|qvel|=   0.15 ncon=  0 com_z=0.945 com_x=-0.184
t= 15.50 max|qacc|=     265.5 max|qvel|=   0.57 ncon=  0 com_z=0.946 com_x=-0.184
t= 16.00 max|qacc|=      77.0 max|qvel|=   0.33 ncon=  0 com_z=0.945 com_x=-0.184
t= 16.50 max|qacc|=     356.4 max|qvel|=   0.71 ncon=  0 com_z=0.945 com_x=-0.184
t= 17.00 max|qacc|=      59.9 max|qvel|=   0.20 ncon=  0 com_z=0.946 com_x=-0.183
t= 17.50 max|qacc|=      32.3 max|qvel|=   0.13 ncon=  0 com_z=0.945 com_x=-0.184
t= 18.00 max|qacc|=      25.0 max|qvel|=   0.16 ncon=  0 com_z=0.946 com_x=-0.184
t= 18.50 max|qacc|=      31.0 max|qvel|=   0.23 ncon=  0 com_z=0.945 com_x=-0.184
t= 19.00 max|qacc|=     107.5 max|qvel|=   0.46 ncon=  0 com_z=0.945 com_x=-0.184
t= 19.50 max|qacc|=      37.8 max|qvel|=   0.16 ncon=  0 com_z=0.946 com_x=-0.183
t= 20.00 max|qacc|=     263.6 max|qvel|=   0.49 ncon=  0 com_z=0.945 com_x=-0.185
t= 20.50 max|qacc|=     153.2 max|qvel|=   0.28 ncon=  0 com_z=0.946 com_x=-0.183
t= 21.00 max|qacc|=     142.5 max|qvel|=   0.10 ncon=  0 com_z=0.945 com_x=-0.184
t= 21.50 max|qacc|=     493.0 max|qvel|=   0.47 ncon=  0 com_z=0.946 com_x=-0.184

== summary ==
pelvis/COM height: start 0.94 m, min 0.93 m, final 0.95 m  (stayed up)
COM x: min -0.21 max -0.11 final -0.18 m
COM y: min -0.039 max +0.001 m
RG_F_r bursts during walk window: 0
peak ctrl: [0.53 0.76 0.75 0.82 0.31 0.35 0.71 0.57 0.3  0.09 0.53 0.76 0.76 0.73
 0.32 0.35 0.65 0.57 0.3  0.09] (('vas_lat_r', 'med_gas_r', 'soleus_r', 'tib_ant_r', 'psoas_r', 'semimem_r', 'glut_max2_r', 'rect_fem_r', 'sar_r', 'grac_r', 'vas_lat_l', 'med_gas_l', 'soleus_l', 'tib_ant_l', 'psoas_l', 'semimem_l', 'glut_max2_l', 'rect_fem_l', 'sar_l', 'grac_l'))
  hip_flexion_r         24.6 ..    46.9 deg
  knee_angle_r          -3.9 ..    10.6 deg
  ankle_angle_r        -64.7 ..    -1.7 deg
  hip_adduction_r        0.8 ..    11.5 deg
  subtalar_angle_r       0.0 ..     5.6 deg
  hip_flexion_l        -16.6 ..    61.8 deg
  knee_angle_l          -8.2 ..    10.9 deg
  ankle_angle_l        -69.2 ..     9.8 deg
  hip_adduction_l      -17.5 ..    17.1 deg
  subtalar_angle_l      -0.1 ..     3.5 deg
  pelvis_tilt           -1.9 ..     0.8 deg
  pelvis_list           -0.5 ..    -0.1 deg
  pelvis_rotation        2.2 ..     2.7 deg
saved spinal_run.npz
saved spinal_run.png
[prune:s3k] ib        AIRDEAFF    -> -10.412404770467994  (542.4s)
fitted baseline loaded: e2_pf=0.222 f1_df=0.098 f1_kf=0.148 post_kneext=0.011 post_hipext=0.068 desc_f=1.400 e2_adapt=1.700
start pose (normal): applied 20 coordinates as given; pelvis ty 0.922 m (env override=0.9215287157201333); IMU-metric torso lean -0.0 deg (+ = back)
standing solve: nnls x in [0.00, 0.65], >0.1: 13 muscles
  top: add_long_l=0.65, tib_ant_r=0.61, tib_ant_l=0.47, ext_dig_r=0.37, glut_min1_l=0.30, pect_l=0.30, glut_min2_l=0.28, ext_dig_l=0.25
Fmax range: 5..3396 N | L range sample: [0.229942 0.326094]
[prune:s3k] renshaw   STAND       -> -25.0  (165.4s)
start pose (normal): applied 20 coordinates as given; pelvis ty 0.922 m (env override=0.9215287157201333); IMU-metric torso lean -0.0 deg (+ = back)
standing solve: nnls x in [0.00, 0.65], >0.1: 13 muscles
  top: add_long_l=0.65, tib_ant_r=0.61, tib_ant_l=0.47, ext_dig_r=0.37, glut_min1_l=0.30, pect_l=0.30, glut_min2_l=0.28, ext_dig_l=0.25
Fmax range: 5..3396 N | L range sample: [0.229942 0.326094]
[prune:s3k] renshaw   PUSH     +y -> -25.0  (165.1s)
fitted baseline loaded: e2_pf=0.222 f1_df=0.098 f1_kf=0.148 post_kneext=0.011 post_hipext=0.068 desc_f=1.400 e2_adapt=1.700
start pose (normal): applied 20 coordinates as given; pelvis ty 0.922 m (env override=0.9215287157201333); IMU-metric torso lean -0.0 deg (+ = back)
standing solve: nnls x in [0.00, 0.65], >0.1: 13 muscles
  top: add_long_l=0.65, tib_ant_r=0.61, tib_ant_l=0.47, ext_dig_r=0.37, glut_min1_l=0.30, pect_l=0.30, glut_min2_l=0.28, ext_dig_l=0.25
Fmax range: 5..3396 N | L range sample: [0.229942 0.326094]
t=  1.00 max|qacc|=      50.5 max|qvel|=   4.56 ncon=  0 com_z=0.924 com_x=-0.116
t=  1.50 max|qacc|=      20.1 max|qvel|=   2.17 ncon=  0 com_z=0.925 com_x=-0.123
t=  2.00 max|qacc|=      17.7 max|qvel|=   0.57 ncon=  0 com_z=0.930 com_x=-0.118
t=  2.50 max|qacc|=      10.1 max|qvel|=   0.63 ncon=  0 com_z=0.927 com_x=-0.125
t=  3.00 max|qacc|=       7.2 max|qvel|=   1.16 ncon=  0 com_z=0.927 com_x=-0.121
t=  3.50 max|qacc|=       2.3 max|qvel|=   1.89 ncon=  0 com_z=0.926 com_x=-0.126
t=  4.00 max|qacc|=       6.3 max|qvel|=   0.98 ncon=  0 com_z=0.926 com_x=-0.123
t=  4.50 max|qacc|=       5.6 max|qvel|=   0.31 ncon=  0 com_z=0.929 com_x=-0.120
t=  5.00 max|qacc|=       3.2 max|qvel|=   0.90 ncon=  0 com_z=0.927 com_x=-0.129
t=  5.50 max|qacc|=       3.9 max|qvel|=   1.75 ncon=  0 com_z=0.923 com_x=-0.118
t=  6.00 max|qacc|=       4.1 max|qvel|=   1.04 ncon=  0 com_z=0.929 com_x=-0.125
t=  6.50 max|qacc|=       9.2 max|qvel|=   0.32 ncon=  0 com_z=0.926 com_x=-0.126
t=  7.00 max|qacc|=       5.0 max|qvel|=   0.58 ncon=  0 com_z=0.927 com_x=-0.115
t=  7.50 max|qacc|=       3.8 max|qvel|=   1.32 ncon=  0 com_z=0.927 com_x=-0.132
t=  8.00 max|qacc|=       3.1 max|qvel|=   1.54 ncon=  0 com_z=0.924 com_x=-0.118
t=  8.50 max|qacc|=       4.6 max|qvel|=   0.71 ncon=  0 com_z=0.928 com_x=-0.121
t=  9.00 max|qacc|=       5.0 max|qvel|=   0.71 ncon=  0 com_z=0.927 com_x=-0.131
t=  9.50 max|qacc|=       5.6 max|qvel|=   0.70 ncon=  0 com_z=0.924 com_x=-0.113
t= 10.00 max|qacc|=       3.3 max|qvel|=   1.14 ncon=  0 com_z=0.928 com_x=-0.130
t= 10.50 max|qacc|=       5.7 max|qvel|=   1.11 ncon=  0 com_z=0.924 com_x=-0.123
t= 11.00 max|qacc|=       3.8 max|qvel|=   0.48 ncon=  0 com_z=0.926 com_x=-0.116
t= 11.50 max|qacc|=       5.2 max|qvel|=   0.70 ncon=  0 com_z=0.927 com_x=-0.134
t= 12.00 max|qacc|=       4.3 max|qvel|=   0.96 ncon=  0 com_z=0.923 com_x=-0.114
t= 12.50 max|qacc|=       2.4 max|qvel|=   0.99 ncon=  0 com_z=0.927 com_x=-0.126
t= 13.00 max|qacc|=       4.7 max|qvel|=   0.55 ncon=  0 com_z=0.926 com_x=-0.128
t= 13.50 max|qacc|=       3.9 max|qvel|=   0.55 ncon=  0 com_z=0.924 com_x=-0.113
t= 14.00 max|qacc|=       2.5 max|qvel|=   0.70 ncon=  0 com_z=0.928 com_x=-0.133
t= 14.50 max|qacc|=       2.6 max|qvel|=   1.05 ncon=  0 com_z=0.923 com_x=-0.119
t= 15.00 max|qacc|=       2.5 max|qvel|=   0.62 ncon=  0 com_z=0.926 com_x=-0.120
t= 15.50 max|qacc|=       5.0 max|qvel|=   0.49 ncon=  0 com_z=0.927 com_x=-0.132
t= 16.00 max|qacc|=       3.6 max|qvel|=   0.33 ncon=  0 com_z=0.924 com_x=-0.113
t= 16.50 max|qacc|=       1.8 max|qvel|=   0.78 ncon=  0 com_z=0.927 com_x=-0.130
t= 17.00 max|qacc|=       1.7 max|qvel|=   0.83 ncon=  0 com_z=0.924 com_x=-0.124
t= 17.50 max|qacc|=       2.7 max|qvel|=   0.40 ncon=  0 com_z=0.925 com_x=-0.116
t= 18.00 max|qacc|=       3.3 max|qvel|=   0.29 ncon=  0 com_z=0.927 com_x=-0.133
t= 18.50 max|qacc|=       3.0 max|qvel|=   0.47 ncon=  0 com_z=0.924 com_x=-0.116
t= 19.00 max|qacc|=       1.2 max|qvel|=   0.62 ncon=  0 com_z=0.926 com_x=-0.125
t= 19.50 max|qacc|=       2.6 max|qvel|=   0.57 ncon=  0 com_z=0.925 com_x=-0.128
t= 20.00 max|qacc|=       2.4 max|qvel|=   0.23 ncon=  0 com_z=0.924 com_x=-0.115
t= 20.50 max|qacc|=       2.7 max|qvel|=   0.31 ncon=  0 com_z=0.927 com_x=-0.131
t= 21.00 max|qacc|=       1.8 max|qvel|=   0.53 ncon=  0 com_z=0.924 com_x=-0.120
t= 21.50 max|qacc|=       0.7 max|qvel|=   0.52 ncon=  0 com_z=0.925 com_x=-0.121

== summary ==
pelvis/COM height: start 0.94 m, min 0.92 m, final 0.93 m  (stayed up)
COM x: min -0.13 max -0.11 final -0.13 m
COM y: min -0.018 max -0.002 m
RG_F_r bursts during walk window: 0
peak ctrl: [0.   0.01 0.01 0.35 0.   0.   0.2  0.   0.   0.   0.   0.01 0.02 0.27
 0.   0.01 0.17 0.   0.   0.  ] (('vas_lat_r', 'med_gas_r', 'soleus_r', 'tib_ant_r', 'psoas_r', 'semimem_r', 'glut_max2_r', 'rect_fem_r', 'sar_r', 'grac_r', 'vas_lat_l', 'med_gas_l', 'soleus_l', 'tib_ant_l', 'psoas_l', 'semimem_l', 'glut_max2_l', 'rect_fem_l', 'sar_l', 'grac_l'))
  hip_flexion_r          0.9 ..    24.6 deg
  knee_angle_r         -37.9 ..    11.4 deg
  ankle_angle_r         -1.7 ..    34.5 deg
  hip_adduction_r       -3.9 ..     1.8 deg
  subtalar_angle_r       0.0 ..    11.5 deg
  hip_flexion_l        -16.6 ..     8.6 deg
  knee_angle_l         -40.0 ..     4.5 deg
  ankle_angle_l          9.8 ..    31.9 deg
  hip_adduction_l      -11.7 ..     2.7 deg
  subtalar_angle_l       0.0 ..     9.9 deg
  pelvis_tilt           -1.9 ..    -0.7 deg
  pelvis_list           -0.5 ..    -0.3 deg
  pelvis_rotation        2.4 ..     2.5 deg
saved spinal_run.npz
saved spinal_run.png
[prune:s3k] rgweak    AIR         -> -8.918139757406895  (561.8s)
start pose (normal): applied 20 coordinates as given; pelvis ty 0.922 m (env override=0.9215287157201333); IMU-metric torso lean -0.0 deg (+ = back)
standing solve: nnls x in [0.00, 0.65], >0.1: 13 muscles
  top: add_long_l=0.65, tib_ant_r=0.61, tib_ant_l=0.47, ext_dig_r=0.37, glut_min1_l=0.30, pect_l=0.30, glut_min2_l=0.28, ext_dig_l=0.25
Fmax range: 5..3396 N | L range sample: [0.229942 0.326094]
[prune:s3k] rgweak    PUSH     +x -> -25.0  (199.5s)
start pose (normal): applied 20 coordinates as given; pelvis ty 0.922 m (env override=0.9215287157201333); IMU-metric torso lean -0.0 deg (+ = back)
standing solve: nnls x in [0.00, 0.65], >0.1: 13 muscles
  top: add_long_l=0.65, tib_ant_r=0.61, tib_ant_l=0.47, ext_dig_r=0.37, glut_min1_l=0.30, pect_l=0.30, glut_min2_l=0.28, ext_dig_l=0.25
Fmax range: 5..3396 N | L range sample: [0.229942 0.326094]
[prune:s3k] rgweak    PUSH     -y -> -25.0  (113.6s)
[prune:s3k] shard 1 done
