[prune:syn6] shard 2/3: 21 cells, 0 already done
fitted baseline loaded: e2_pf=0.222 f1_df=0.098 f1_kf=0.148 post_kneext=0.011 post_hipext=0.068 desc_f=1.400 e2_adapt=1.700
start pose (normal): applied 20 coordinates as given; pelvis ty 0.920 m (env override unset); IMU-metric torso lean -0.0 deg (+ = back)
standing solve: nnls x in [0.00, 0.70], >0.1: 14 muscles
  top: add_long_l=0.70, tib_ant_r=0.61, tib_ant_l=0.46, ext_dig_r=0.37, glut_min1_l=0.33, pect_l=0.32, glut_min2_l=0.31, ext_dig_l=0.25
Fmax range: 5..3396 N | L range sample: [0.229942 0.326094]
[prune:syn6] full      STAND       -> -25.0  (259.7s)
start pose (normal): applied 20 coordinates as given; pelvis ty 0.920 m (env override unset); IMU-metric torso lean -0.0 deg (+ = back)
standing solve: nnls x in [0.00, 0.70], >0.1: 14 muscles
  top: add_long_l=0.70, tib_ant_r=0.61, tib_ant_l=0.46, ext_dig_r=0.37, glut_min1_l=0.33, pect_l=0.32, glut_min2_l=0.31, ext_dig_l=0.25
Fmax range: 5..3396 N | L range sample: [0.229942 0.326094]
[prune:syn6] full      PUSH     +y -> -25.0  (250.7s)
fitted baseline loaded: e2_pf=0.222 f1_df=0.098 f1_kf=0.148 post_kneext=0.011 post_hipext=0.068 desc_f=1.400 e2_adapt=1.700
start pose (normal): applied 20 coordinates as given; pelvis ty 0.920 m (env override unset); IMU-metric torso lean -0.0 deg (+ = back)
standing solve: nnls x in [0.00, 0.70], >0.1: 14 muscles
  top: add_long_l=0.70, tib_ant_r=0.61, tib_ant_l=0.46, ext_dig_r=0.37, glut_min1_l=0.33, pect_l=0.32, glut_min2_l=0.31, ext_dig_l=0.25
Fmax range: 5..3396 N | L range sample: [0.229942 0.326094]
t=  1.00 max|qacc|=     123.9 max|qvel|=   1.99 ncon=  0 com_z=0.939 com_x=-0.154
t=  1.50 max|qacc|=     170.6 max|qvel|=   0.54 ncon=  0 com_z=0.937 com_x=-0.159
t=  2.00 max|qacc|=      24.7 max|qvel|=   0.20 ncon=  0 com_z=0.938 com_x=-0.158
t=  2.50 max|qacc|=      20.3 max|qvel|=   0.08 ncon=  0 com_z=0.938 com_x=-0.159
t=  3.00 max|qacc|=       8.1 max|qvel|=   0.06 ncon=  0 com_z=0.938 com_x=-0.159
t=  3.50 max|qacc|=       9.8 max|qvel|=   0.13 ncon=  0 com_z=0.938 com_x=-0.158
t=  4.00 max|qacc|=      72.7 max|qvel|=   0.08 ncon=  0 com_z=0.938 com_x=-0.159
t=  4.50 max|qacc|=      31.0 max|qvel|=   0.08 ncon=  0 com_z=0.938 com_x=-0.159
t=  5.00 max|qacc|=      31.9 max|qvel|=   0.05 ncon=  0 com_z=0.938 com_x=-0.159
t=  5.50 max|qacc|=     511.3 max|qvel|=   1.91 ncon=  0 com_z=0.938 com_x=-0.158
t=  6.00 max|qacc|=      59.6 max|qvel|=   0.07 ncon=  0 com_z=0.938 com_x=-0.159
t=  6.50 max|qacc|=     593.9 max|qvel|=   2.67 ncon=  0 com_z=0.938 com_x=-0.158
t=  7.00 max|qacc|=      79.6 max|qvel|=   0.16 ncon=  0 com_z=0.938 com_x=-0.159
t=  7.50 max|qacc|=       7.7 max|qvel|=   0.09 ncon=  0 com_z=0.938 com_x=-0.158
t=  8.00 max|qacc|=      73.9 max|qvel|=   1.07 ncon=  0 com_z=0.938 com_x=-0.158
t=  8.50 max|qacc|=      23.3 max|qvel|=   0.10 ncon=  0 com_z=0.938 com_x=-0.158
t=  9.00 max|qacc|=     233.9 max|qvel|=   0.19 ncon=  0 com_z=0.938 com_x=-0.159
t=  9.50 max|qacc|=      21.5 max|qvel|=   0.21 ncon=  0 com_z=0.938 com_x=-0.158
t= 10.00 max|qacc|=      19.3 max|qvel|=   0.32 ncon=  0 com_z=0.938 com_x=-0.159
t= 10.50 max|qacc|=     258.5 max|qvel|=   0.12 ncon=  0 com_z=0.938 com_x=-0.159
t= 11.00 max|qacc|=      15.3 max|qvel|=   0.10 ncon=  0 com_z=0.938 com_x=-0.158
t= 11.50 max|qacc|=      35.5 max|qvel|=   0.38 ncon=  0 com_z=0.938 com_x=-0.159
t= 12.00 max|qacc|=      51.2 max|qvel|=   0.26 ncon=  0 com_z=0.938 com_x=-0.158
t= 12.50 max|qacc|=     118.9 max|qvel|=   0.57 ncon=  0 com_z=0.938 com_x=-0.158
t= 13.00 max|qacc|=      20.6 max|qvel|=   0.06 ncon=  0 com_z=0.938 com_x=-0.159
t= 13.50 max|qacc|=     387.8 max|qvel|=   1.56 ncon=  0 com_z=0.938 com_x=-0.159
t= 14.00 max|qacc|=      57.6 max|qvel|=   0.17 ncon=  0 com_z=0.938 com_x=-0.159
t= 14.50 max|qacc|=     217.6 max|qvel|=   1.44 ncon=  0 com_z=0.938 com_x=-0.158
t= 15.00 max|qacc|=      22.8 max|qvel|=   0.11 ncon=  0 com_z=0.938 com_x=-0.159
t= 15.50 max|qacc|=     423.6 max|qvel|=   0.30 ncon=  0 com_z=0.938 com_x=-0.158
t= 16.00 max|qacc|=     336.8 max|qvel|=   0.14 ncon=  0 com_z=0.938 com_x=-0.158
t= 16.50 max|qacc|=      38.6 max|qvel|=   0.08 ncon=  0 com_z=0.938 com_x=-0.159
t= 17.00 max|qacc|=     121.3 max|qvel|=   0.15 ncon=  0 com_z=0.938 com_x=-0.158
t= 17.50 max|qacc|=     128.5 max|qvel|=   0.15 ncon=  0 com_z=0.938 com_x=-0.158
t= 18.00 max|qacc|=      17.4 max|qvel|=   0.42 ncon=  0 com_z=0.938 com_x=-0.158
t= 18.50 max|qacc|=     185.6 max|qvel|=   0.14 ncon=  0 com_z=0.938 com_x=-0.159
t= 19.00 max|qacc|=      52.8 max|qvel|=   0.11 ncon=  0 com_z=0.938 com_x=-0.159
t= 19.50 max|qacc|=      27.0 max|qvel|=   0.12 ncon=  0 com_z=0.938 com_x=-0.159
t= 20.00 max|qacc|=      57.9 max|qvel|=   0.11 ncon=  0 com_z=0.938 com_x=-0.158
t= 20.50 max|qacc|=      16.5 max|qvel|=   0.12 ncon=  0 com_z=0.938 com_x=-0.159
t= 21.00 max|qacc|=      94.6 max|qvel|=   0.35 ncon=  0 com_z=0.938 com_x=-0.159
t= 21.50 max|qacc|=      29.4 max|qvel|=   0.19 ncon=  0 com_z=0.938 com_x=-0.158

== summary ==
pelvis/COM height: start 0.94 m, min 0.93 m, final 0.94 m  (stayed up)
COM x: min -0.17 max -0.11 final -0.16 m
COM y: min -0.007 max -0.003 m
RG_F_r bursts during walk window: 0
peak ctrl: [1.   1.   1.   1.   0.79 1.   0.44 0.5  0.94 0.93 1.   1.   1.   1.
 0.91 1.   0.26 0.66 0.61 0.37] (('vas_lat_r', 'med_gas_r', 'soleus_r', 'tib_ant_r', 'psoas_r', 'semimem_r', 'glut_max2_r', 'rect_fem_r', 'sar_r', 'grac_r', 'vas_lat_l', 'med_gas_l', 'soleus_l', 'tib_ant_l', 'psoas_l', 'semimem_l', 'glut_max2_l', 'rect_fem_l', 'sar_l', 'grac_l'))
  hip_flexion_r         24.6 ..    35.0 deg
  knee_angle_r          -3.9 ..    10.1 deg
  ankle_angle_r        -64.7 ..    -1.7 deg
  hip_adduction_r        1.0 ..     9.2 deg
  subtalar_angle_r       0.0 ..     9.1 deg
  hip_flexion_l        -16.6 ..    26.6 deg
  knee_angle_l          -8.2 ..    10.0 deg
  ankle_angle_l        -67.7 ..     9.8 deg
  hip_adduction_l        2.6 ..    10.4 deg
  subtalar_angle_l      -0.3 ..     3.1 deg
  pelvis_tilt           -1.9 ..    -0.2 deg
  pelvis_list           -0.6 ..    -0.4 deg
  pelvis_rotation        2.3 ..     2.5 deg
saved spinal_run.npz
(plot skipped: 'PF_E2_r')
[prune:syn6] noaff     AIR         -> -10.326258610436943  (677.9s)
start pose (normal): applied 20 coordinates as given; pelvis ty 0.920 m (env override unset); IMU-metric torso lean -0.0 deg (+ = back)
standing solve: nnls x in [0.00, 0.70], >0.1: 14 muscles
  top: add_long_l=0.70, tib_ant_r=0.61, tib_ant_l=0.46, ext_dig_r=0.37, glut_min1_l=0.33, pect_l=0.32, glut_min2_l=0.31, ext_dig_l=0.25
Fmax range: 5..3396 N | L range sample: [0.229942 0.326094]
[prune:syn6] noaff     PUSH     +x -> -25.0  (252.4s)
start pose (normal): applied 20 coordinates as given; pelvis ty 0.920 m (env override unset); IMU-metric torso lean -0.0 deg (+ = back)
standing solve: nnls x in [0.00, 0.70], >0.1: 14 muscles
  top: add_long_l=0.70, tib_ant_r=0.61, tib_ant_l=0.46, ext_dig_r=0.37, glut_min1_l=0.33, pect_l=0.32, glut_min2_l=0.31, ext_dig_l=0.25
Fmax range: 5..3396 N | L range sample: [0.229942 0.326094]
[prune:syn6] noaff     PUSH     -y -> -25.0  (252.6s)
fitted baseline loaded: e2_pf=0.222 f1_df=0.098 f1_kf=0.148 post_kneext=0.011 post_hipext=0.068 desc_f=1.400 e2_adapt=1.700
start pose (normal): applied 20 coordinates as given; pelvis ty 0.920 m (env override unset); IMU-metric torso lean -0.0 deg (+ = back)
standing solve: nnls x in [0.00, 0.70], >0.1: 14 muscles
  top: add_long_l=0.70, tib_ant_r=0.61, tib_ant_l=0.46, ext_dig_r=0.37, glut_min1_l=0.33, pect_l=0.32, glut_min2_l=0.31, ext_dig_l=0.25
Fmax range: 5..3396 N | L range sample: [0.229942 0.326094]
[prune:syn6] interleg  WALK        -> -212.60485022599346  (513.7s)
start pose (normal): applied 20 coordinates as given; pelvis ty 0.920 m (env override unset); IMU-metric torso lean -0.0 deg (+ = back)
standing solve: nnls x in [0.00, 0.70], >0.1: 14 muscles
  top: add_long_l=0.70, tib_ant_r=0.61, tib_ant_l=0.46, ext_dig_r=0.37, glut_min1_l=0.33, pect_l=0.32, glut_min2_l=0.31, ext_dig_l=0.25
Fmax range: 5..3396 N | L range sample: [0.229942 0.326094]
[prune:syn6] interleg  PUSH     -x -> -25.0  (254.3s)
start pose (normal): applied 20 coordinates as given; pelvis ty 0.920 m (env override unset); IMU-metric torso lean -0.0 deg (+ = back)
standing solve: nnls x in [0.00, 0.70], >0.1: 14 muscles
  top: add_long_l=0.70, tib_ant_r=0.61, tib_ant_l=0.46, ext_dig_r=0.37, glut_min1_l=0.33, pect_l=0.32, glut_min2_l=0.31, ext_dig_l=0.25
Fmax range: 5..3396 N | L range sample: [0.229942 0.326094]
t=  1.00 max|qacc|=     116.9 max|qvel|=   2.02 ncon=  0 com_z=0.939 com_x=-0.154
t=  1.50 max|qacc|=      19.9 max|qvel|=   0.34 ncon=  0 com_z=0.937 com_x=-0.159
t=  2.00 max|qacc|=      12.0 max|qvel|=   0.21 ncon=  0 com_z=0.938 com_x=-0.158
t=  2.50 max|qacc|=     152.5 max|qvel|=   0.81 ncon=  0 com_z=0.938 com_x=-0.159
t=  3.00 max|qacc|=      86.2 max|qvel|=   0.15 ncon=  0 com_z=0.938 com_x=-0.159
t=  3.50 max|qacc|=      41.3 max|qvel|=   0.49 ncon=  0 com_z=0.938 com_x=-0.158
t=  4.00 max|qacc|=      21.2 max|qvel|=   0.48 ncon=  0 com_z=0.938 com_x=-0.159
t=  4.50 max|qacc|=     202.5 max|qvel|=   0.17 ncon=  0 com_z=0.938 com_x=-0.159
t=  5.00 max|qacc|=      62.4 max|qvel|=   0.24 ncon=  0 com_z=0.938 com_x=-0.159
t=  5.50 max|qacc|=      29.1 max|qvel|=   0.12 ncon=  0 com_z=0.938 com_x=-0.159
t=  6.00 max|qacc|=     107.5 max|qvel|=   0.11 ncon=  0 com_z=0.938 com_x=-0.159
t=  6.50 max|qacc|=      58.2 max|qvel|=   0.17 ncon=  0 com_z=0.938 com_x=-0.158
t=  7.00 max|qacc|=      40.2 max|qvel|=   0.44 ncon=  0 com_z=0.938 com_x=-0.159
t=  7.50 max|qacc|=      15.7 max|qvel|=   0.34 ncon=  0 com_z=0.938 com_x=-0.158
t=  8.00 max|qacc|=      45.4 max|qvel|=   0.16 ncon=  0 com_z=0.938 com_x=-0.159
t=  8.50 max|qacc|=      76.5 max|qvel|=   0.06 ncon=  0 com_z=0.938 com_x=-0.159
t=  9.00 max|qacc|=     439.7 max|qvel|=   0.53 ncon=  0 com_z=0.938 com_x=-0.159
t=  9.50 max|qacc|=      33.3 max|qvel|=   0.14 ncon=  0 com_z=0.938 com_x=-0.158
t= 10.00 max|qacc|=      27.4 max|qvel|=   0.27 ncon=  0 com_z=0.938 com_x=-0.158
t= 10.50 max|qacc|=      20.3 max|qvel|=   0.29 ncon=  0 com_z=0.938 com_x=-0.159
t= 11.00 max|qacc|=      18.6 max|qvel|=   0.14 ncon=  0 com_z=0.938 com_x=-0.159
t= 11.50 max|qacc|=      76.4 max|qvel|=   0.33 ncon=  0 com_z=0.938 com_x=-0.158
t= 12.00 max|qacc|=    1563.7 max|qvel|=   1.39 ncon=  0 com_z=0.938 com_x=-0.158
t= 12.50 max|qacc|=      28.6 max|qvel|=   0.17 ncon=  0 com_z=0.938 com_x=-0.159
t= 13.00 max|qacc|=     169.6 max|qvel|=   0.11 ncon=  0 com_z=0.938 com_x=-0.158
t= 13.50 max|qacc|=     147.5 max|qvel|=   0.19 ncon=  0 com_z=0.938 com_x=-0.158
t= 14.00 max|qacc|=     153.9 max|qvel|=   0.16 ncon=  0 com_z=0.938 com_x=-0.159
t= 14.50 max|qacc|=      39.5 max|qvel|=   0.12 ncon=  0 com_z=0.938 com_x=-0.159
t= 15.00 max|qacc|=     196.4 max|qvel|=   0.34 ncon=  0 com_z=0.938 com_x=-0.158
t= 15.50 max|qacc|=      35.6 max|qvel|=   0.09 ncon=  0 com_z=0.938 com_x=-0.159
t= 16.00 max|qacc|=     122.1 max|qvel|=   0.09 ncon=  0 com_z=0.938 com_x=-0.158
t= 16.50 max|qacc|=       8.1 max|qvel|=   0.09 ncon=  0 com_z=0.938 com_x=-0.159
t= 17.00 max|qacc|=     520.3 max|qvel|=   0.63 ncon=  0 com_z=0.938 com_x=-0.158
t= 17.50 max|qacc|=      21.0 max|qvel|=   0.09 ncon=  0 com_z=0.938 com_x=-0.159
t= 18.00 max|qacc|=      51.2 max|qvel|=   0.12 ncon=  0 com_z=0.938 com_x=-0.158
t= 18.50 max|qacc|=     146.0 max|qvel|=   0.18 ncon=  0 com_z=0.938 com_x=-0.158
t= 19.00 max|qacc|=      21.8 max|qvel|=   0.22 ncon=  0 com_z=0.938 com_x=-0.158
t= 19.50 max|qacc|=      30.6 max|qvel|=   0.45 ncon=  0 com_z=0.938 com_x=-0.159
t= 20.00 max|qacc|=     153.5 max|qvel|=   0.94 ncon=  0 com_z=0.938 com_x=-0.158
t= 20.50 max|qacc|=     312.4 max|qvel|=   0.23 ncon=  0 com_z=0.938 com_x=-0.159
t= 21.00 max|qacc|=      14.6 max|qvel|=   0.13 ncon=  0 com_z=0.938 com_x=-0.158
t= 21.50 max|qacc|=      41.0 max|qvel|=   0.14 ncon=  0 com_z=0.938 com_x=-0.158

== summary ==
pelvis/COM height: start 0.94 m, min 0.93 m, final 0.94 m  (stayed up)
COM x: min -0.17 max -0.11 final -0.16 m
COM y: min -0.007 max -0.002 m
RG_F_r bursts during walk window: 0
peak ctrl: [1.   1.   1.   1.   0.79 1.   0.44 0.5  0.94 0.93 1.   1.   1.   1.
 0.91 1.   0.26 0.66 0.61 0.37] (('vas_lat_r', 'med_gas_r', 'soleus_r', 'tib_ant_r', 'psoas_r', 'semimem_r', 'glut_max2_r', 'rect_fem_r', 'sar_r', 'grac_r', 'vas_lat_l', 'med_gas_l', 'soleus_l', 'tib_ant_l', 'psoas_l', 'semimem_l', 'glut_max2_l', 'rect_fem_l', 'sar_l', 'grac_l'))
  hip_flexion_r         24.6 ..    35.0 deg
  knee_angle_r          -3.9 ..    10.1 deg
  ankle_angle_r        -64.7 ..    -1.7 deg
  hip_adduction_r        1.0 ..     9.0 deg
  subtalar_angle_r       0.0 ..     9.1 deg
  hip_flexion_l        -16.6 ..    26.5 deg
  knee_angle_l          -8.2 ..    10.0 deg
  ankle_angle_l        -67.7 ..     9.8 deg
  hip_adduction_l        2.6 ..    10.4 deg
  subtalar_angle_l      -0.3 ..     3.1 deg
  pelvis_tilt           -1.9 ..    -0.2 deg
  pelvis_list           -0.6 ..    -0.4 deg
  pelvis_rotation        2.3 ..     2.5 deg
saved spinal_run.npz
(plot skipped: 'PF_E2_r')
[prune:syn6] interleg  AIRDEAFF    -> -10.38171171107391  (677.9s)
fitted baseline loaded: e2_pf=0.222 f1_df=0.098 f1_kf=0.148 post_kneext=0.011 post_hipext=0.068 desc_f=1.400 e2_adapt=1.700
start pose (normal): applied 20 coordinates as given; pelvis ty 0.920 m (env override unset); IMU-metric torso lean -0.0 deg (+ = back)
standing solve: nnls x in [0.00, 0.70], >0.1: 14 muscles
  top: add_long_l=0.70, tib_ant_r=0.61, tib_ant_l=0.46, ext_dig_r=0.37, glut_min1_l=0.33, pect_l=0.32, glut_min2_l=0.31, ext_dig_l=0.25
Fmax range: 5..3396 N | L range sample: [0.229942 0.326094]
[prune:syn6] contact   STAND       -> -25.0  (260.5s)
start pose (normal): applied 20 coordinates as given; pelvis ty 0.920 m (env override unset); IMU-metric torso lean -0.0 deg (+ = back)
standing solve: nnls x in [0.00, 0.70], >0.1: 14 muscles
  top: add_long_l=0.70, tib_ant_r=0.61, tib_ant_l=0.46, ext_dig_r=0.37, glut_min1_l=0.33, pect_l=0.32, glut_min2_l=0.31, ext_dig_l=0.25
Fmax range: 5..3396 N | L range sample: [0.229942 0.326094]
[prune:syn6] contact   PUSH     +y -> -25.0  (260.0s)
fitted baseline loaded: e2_pf=0.222 f1_df=0.098 f1_kf=0.148 post_kneext=0.011 post_hipext=0.068 desc_f=1.400 e2_adapt=1.700
start pose (normal): applied 20 coordinates as given; pelvis ty 0.920 m (env override unset); IMU-metric torso lean -0.0 deg (+ = back)
standing solve: nnls x in [0.00, 0.70], >0.1: 14 muscles
  top: add_long_l=0.70, tib_ant_r=0.61, tib_ant_l=0.46, ext_dig_r=0.37, glut_min1_l=0.33, pect_l=0.32, glut_min2_l=0.31, ext_dig_l=0.25
Fmax range: 5..3396 N | L range sample: [0.229942 0.326094]
t=  1.00 max|qacc|=      34.6 max|qvel|=   1.10 ncon=  0 com_z=0.943 com_x=-0.162
t=  1.50 max|qacc|=      50.8 max|qvel|=   0.44 ncon=  0 com_z=0.936 com_x=-0.154
t=  2.00 max|qacc|=      25.4 max|qvel|=   0.19 ncon=  0 com_z=0.939 com_x=-0.160
t=  2.50 max|qacc|=      92.2 max|qvel|=   0.12 ncon=  0 com_z=0.937 com_x=-0.156
t=  3.00 max|qacc|=      68.2 max|qvel|=   0.22 ncon=  0 com_z=0.938 com_x=-0.158
t=  3.50 max|qacc|=      87.3 max|qvel|=   0.20 ncon=  0 com_z=0.938 com_x=-0.156
t=  4.00 max|qacc|=      47.9 max|qvel|=   0.18 ncon=  0 com_z=0.938 com_x=-0.157
t=  4.50 max|qacc|=      16.1 max|qvel|=   0.16 ncon=  0 com_z=0.938 com_x=-0.157
t=  5.00 max|qacc|=      22.1 max|qvel|=   0.16 ncon=  0 com_z=0.938 com_x=-0.157
t=  5.50 max|qacc|=      64.5 max|qvel|=   0.13 ncon=  0 com_z=0.938 com_x=-0.157
t=  6.00 max|qacc|=      25.6 max|qvel|=   0.56 ncon=  0 com_z=0.938 com_x=-0.157
t=  6.50 max|qacc|=      70.3 max|qvel|=   0.23 ncon=  0 com_z=0.938 com_x=-0.157
t=  7.00 max|qacc|=     201.1 max|qvel|=   0.54 ncon=  0 com_z=0.938 com_x=-0.157
t=  7.50 max|qacc|=      28.6 max|qvel|=   0.07 ncon=  0 com_z=0.938 com_x=-0.157
t=  8.00 max|qacc|=      87.6 max|qvel|=   0.14 ncon=  0 com_z=0.938 com_x=-0.157
t=  8.50 max|qacc|=      20.5 max|qvel|=   0.09 ncon=  0 com_z=0.938 com_x=-0.157
t=  9.00 max|qacc|=     120.4 max|qvel|=   0.56 ncon=  0 com_z=0.938 com_x=-0.157
t=  9.50 max|qacc|=      31.5 max|qvel|=   0.23 ncon=  0 com_z=0.938 com_x=-0.157
t= 10.00 max|qacc|=      15.7 max|qvel|=   0.17 ncon=  0 com_z=0.938 com_x=-0.157
t= 10.50 max|qacc|=      58.3 max|qvel|=   0.32 ncon=  0 com_z=0.938 com_x=-0.157
t= 11.00 max|qacc|=      56.6 max|qvel|=   0.17 ncon=  0 com_z=0.938 com_x=-0.157
t= 11.50 max|qacc|=      51.8 max|qvel|=   0.16 ncon=  0 com_z=0.938 com_x=-0.157
t= 12.00 max|qacc|=      62.4 max|qvel|=   0.66 ncon=  0 com_z=0.938 com_x=-0.157
t= 12.50 max|qacc|=     117.6 max|qvel|=   0.66 ncon=  0 com_z=0.938 com_x=-0.157
t= 13.00 max|qacc|=      84.2 max|qvel|=   0.16 ncon=  0 com_z=0.938 com_x=-0.157
t= 13.50 max|qacc|=      42.7 max|qvel|=   0.09 ncon=  0 com_z=0.938 com_x=-0.157
t= 14.00 max|qacc|=      49.5 max|qvel|=   0.67 ncon=  0 com_z=0.938 com_x=-0.157
t= 14.50 max|qacc|=     209.4 max|qvel|=   0.17 ncon=  0 com_z=0.938 com_x=-0.157
t= 15.00 max|qacc|=      66.3 max|qvel|=   0.44 ncon=  0 com_z=0.938 com_x=-0.157
t= 15.50 max|qacc|=      47.7 max|qvel|=   0.08 ncon=  0 com_z=0.938 com_x=-0.157
t= 16.00 max|qacc|=      97.3 max|qvel|=   0.60 ncon=  0 com_z=0.938 com_x=-0.157
t= 16.50 max|qacc|=      59.5 max|qvel|=   0.43 ncon=  0 com_z=0.938 com_x=-0.157
t= 17.00 max|qacc|=     106.8 max|qvel|=   0.15 ncon=  0 com_z=0.938 com_x=-0.157
t= 17.50 max|qacc|=      65.6 max|qvel|=   0.52 ncon=  0 com_z=0.938 com_x=-0.157
t= 18.00 max|qacc|=      92.8 max|qvel|=   0.08 ncon=  0 com_z=0.938 com_x=-0.157
t= 18.50 max|qacc|=      11.5 max|qvel|=   0.17 ncon=  0 com_z=0.938 com_x=-0.157
t= 19.00 max|qacc|=      60.2 max|qvel|=   0.12 ncon=  0 com_z=0.938 com_x=-0.157
t= 19.50 max|qacc|=      17.0 max|qvel|=   0.06 ncon=  0 com_z=0.938 com_x=-0.157
t= 20.00 max|qacc|=      81.1 max|qvel|=   0.26 ncon=  0 com_z=0.938 com_x=-0.157
t= 20.50 max|qacc|=     171.1 max|qvel|=   1.62 ncon=  0 com_z=0.938 com_x=-0.157
t= 21.00 max|qacc|=      16.1 max|qvel|=   0.38 ncon=  0 com_z=0.938 com_x=-0.157
t= 21.50 max|qacc|=      29.8 max|qvel|=   2.04 ncon=  0 com_z=0.938 com_x=-0.157

== summary ==
pelvis/COM height: start 0.94 m, min 0.93 m, final 0.94 m  (stayed up)
COM x: min -0.17 max -0.11 final -0.16 m
COM y: min -0.005 max +0.002 m
RG_F_r bursts during walk window: 0
peak ctrl: [0.87 1.   1.   1.   0.62 1.   0.1  0.34 0.78 0.67 0.88 1.   1.   1.
 0.67 1.   0.08 0.48 0.41 0.18] (('vas_lat_r', 'med_gas_r', 'soleus_r', 'tib_ant_r', 'psoas_r', 'semimem_r', 'glut_max2_r', 'rect_fem_r', 'sar_r', 'grac_r', 'vas_lat_l', 'med_gas_l', 'soleus_l', 'tib_ant_l', 'psoas_l', 'semimem_l', 'glut_max2_l', 'rect_fem_l', 'sar_l', 'grac_l'))
  hip_flexion_r         24.6 ..    33.2 deg
  knee_angle_r          -3.9 ..    10.1 deg
  ankle_angle_r        -62.3 ..    -1.7 deg
  hip_adduction_r        1.1 ..     9.3 deg
  subtalar_angle_r       0.0 ..    15.7 deg
  hip_flexion_l        -16.6 ..    34.7 deg
  knee_angle_l          -8.2 ..    10.3 deg
  ankle_angle_l        -66.3 ..     9.8 deg
  hip_adduction_l        2.7 ..    13.5 deg
  subtalar_angle_l      -1.3 ..     0.1 deg
  pelvis_tilt           -1.9 ..    -0.2 deg
  pelvis_list           -0.5 ..    -0.4 deg
  pelvis_rotation        2.2 ..     2.6 deg
saved spinal_run.npz
(plot skipped: 'PF_E2_r')
[prune:syn6] ia        AIR         -> -10.29198052314929  (713.0s)
start pose (normal): applied 20 coordinates as given; pelvis ty 0.920 m (env override unset); IMU-metric torso lean -0.0 deg (+ = back)
standing solve: nnls x in [0.00, 0.70], >0.1: 14 muscles
  top: add_long_l=0.70, tib_ant_r=0.61, tib_ant_l=0.46, ext_dig_r=0.37, glut_min1_l=0.33, pect_l=0.32, glut_min2_l=0.31, ext_dig_l=0.25
Fmax range: 5..3396 N | L range sample: [0.229942 0.326094]
[prune:syn6] ia        PUSH     +x -> -25.0  (258.2s)
start pose (normal): applied 20 coordinates as given; pelvis ty 0.920 m (env override unset); IMU-metric torso lean -0.0 deg (+ = back)
standing solve: nnls x in [0.00, 0.70], >0.1: 14 muscles
  top: add_long_l=0.70, tib_ant_r=0.61, tib_ant_l=0.46, ext_dig_r=0.37, glut_min1_l=0.33, pect_l=0.32, glut_min2_l=0.31, ext_dig_l=0.25
Fmax range: 5..3396 N | L range sample: [0.229942 0.326094]
[prune:syn6] ia        PUSH     -y -> -25.0  (257.5s)
fitted baseline loaded: e2_pf=0.222 f1_df=0.098 f1_kf=0.148 post_kneext=0.011 post_hipext=0.068 desc_f=1.400 e2_adapt=1.700
start pose (normal): applied 20 coordinates as given; pelvis ty 0.920 m (env override unset); IMU-metric torso lean -0.0 deg (+ = back)
standing solve: nnls x in [0.00, 0.70], >0.1: 14 muscles
  top: add_long_l=0.70, tib_ant_r=0.61, tib_ant_l=0.46, ext_dig_r=0.37, glut_min1_l=0.33, pect_l=0.32, glut_min2_l=0.31, ext_dig_l=0.25
Fmax range: 5..3396 N | L range sample: [0.229942 0.326094]
[prune:syn6] ii        WALK        -> -204.53915259146663  (515.7s)
start pose (normal): applied 20 coordinates as given; pelvis ty 0.920 m (env override unset); IMU-metric torso lean -0.0 deg (+ = back)
standing solve: nnls x in [0.00, 0.70], >0.1: 14 muscles
  top: add_long_l=0.70, tib_ant_r=0.61, tib_ant_l=0.46, ext_dig_r=0.37, glut_min1_l=0.33, pect_l=0.32, glut_min2_l=0.31, ext_dig_l=0.25
Fmax range: 5..3396 N | L range sample: [0.229942 0.326094]
[prune:syn6] ii        PUSH     -x -> -25.0  (259.2s)
start pose (normal): applied 20 coordinates as given; pelvis ty 0.920 m (env override unset); IMU-metric torso lean -0.0 deg (+ = back)
standing solve: nnls x in [0.00, 0.70], >0.1: 14 muscles
  top: add_long_l=0.70, tib_ant_r=0.61, tib_ant_l=0.46, ext_dig_r=0.37, glut_min1_l=0.33, pect_l=0.32, glut_min2_l=0.31, ext_dig_l=0.25
Fmax range: 5..3396 N | L range sample: [0.229942 0.326094]
t=  1.00 max|qacc|=     116.9 max|qvel|=   2.02 ncon=  0 com_z=0.939 com_x=-0.154
t=  1.50 max|qacc|=      19.9 max|qvel|=   0.34 ncon=  0 com_z=0.937 com_x=-0.159
t=  2.00 max|qacc|=      12.0 max|qvel|=   0.21 ncon=  0 com_z=0.938 com_x=-0.158
t=  2.50 max|qacc|=     152.5 max|qvel|=   0.81 ncon=  0 com_z=0.938 com_x=-0.159
t=  3.00 max|qacc|=      86.2 max|qvel|=   0.15 ncon=  0 com_z=0.938 com_x=-0.159
t=  3.50 max|qacc|=      41.3 max|qvel|=   0.49 ncon=  0 com_z=0.938 com_x=-0.158
t=  4.00 max|qacc|=      21.2 max|qvel|=   0.48 ncon=  0 com_z=0.938 com_x=-0.159
t=  4.50 max|qacc|=     202.5 max|qvel|=   0.17 ncon=  0 com_z=0.938 com_x=-0.159
t=  5.00 max|qacc|=      62.4 max|qvel|=   0.24 ncon=  0 com_z=0.938 com_x=-0.159
t=  5.50 max|qacc|=      29.1 max|qvel|=   0.12 ncon=  0 com_z=0.938 com_x=-0.159
t=  6.00 max|qacc|=     107.5 max|qvel|=   0.11 ncon=  0 com_z=0.938 com_x=-0.159
t=  6.50 max|qacc|=      58.2 max|qvel|=   0.17 ncon=  0 com_z=0.938 com_x=-0.158
t=  7.00 max|qacc|=      40.2 max|qvel|=   0.44 ncon=  0 com_z=0.938 com_x=-0.159
t=  7.50 max|qacc|=      15.7 max|qvel|=   0.34 ncon=  0 com_z=0.938 com_x=-0.158
t=  8.00 max|qacc|=      45.4 max|qvel|=   0.16 ncon=  0 com_z=0.938 com_x=-0.159
t=  8.50 max|qacc|=      76.5 max|qvel|=   0.06 ncon=  0 com_z=0.938 com_x=-0.159
t=  9.00 max|qacc|=     439.7 max|qvel|=   0.53 ncon=  0 com_z=0.938 com_x=-0.159
t=  9.50 max|qacc|=      33.3 max|qvel|=   0.14 ncon=  0 com_z=0.938 com_x=-0.158
t= 10.00 max|qacc|=      27.4 max|qvel|=   0.27 ncon=  0 com_z=0.938 com_x=-0.158
t= 10.50 max|qacc|=      20.3 max|qvel|=   0.29 ncon=  0 com_z=0.938 com_x=-0.159
t= 11.00 max|qacc|=      18.6 max|qvel|=   0.14 ncon=  0 com_z=0.938 com_x=-0.159
t= 11.50 max|qacc|=      76.4 max|qvel|=   0.33 ncon=  0 com_z=0.938 com_x=-0.158
t= 12.00 max|qacc|=    1563.7 max|qvel|=   1.39 ncon=  0 com_z=0.938 com_x=-0.158
t= 12.50 max|qacc|=      28.6 max|qvel|=   0.17 ncon=  0 com_z=0.938 com_x=-0.159
t= 13.00 max|qacc|=     169.6 max|qvel|=   0.11 ncon=  0 com_z=0.938 com_x=-0.158
t= 13.50 max|qacc|=     147.5 max|qvel|=   0.19 ncon=  0 com_z=0.938 com_x=-0.158
t= 14.00 max|qacc|=     153.9 max|qvel|=   0.16 ncon=  0 com_z=0.938 com_x=-0.159
t= 14.50 max|qacc|=      39.5 max|qvel|=   0.12 ncon=  0 com_z=0.938 com_x=-0.159
t= 15.00 max|qacc|=     196.4 max|qvel|=   0.34 ncon=  0 com_z=0.938 com_x=-0.158
t= 15.50 max|qacc|=      35.6 max|qvel|=   0.09 ncon=  0 com_z=0.938 com_x=-0.159
t= 16.00 max|qacc|=     122.1 max|qvel|=   0.09 ncon=  0 com_z=0.938 com_x=-0.158
t= 16.50 max|qacc|=       8.1 max|qvel|=   0.09 ncon=  0 com_z=0.938 com_x=-0.159
t= 17.00 max|qacc|=     520.3 max|qvel|=   0.63 ncon=  0 com_z=0.938 com_x=-0.158
t= 17.50 max|qacc|=      21.0 max|qvel|=   0.09 ncon=  0 com_z=0.938 com_x=-0.159
t= 18.00 max|qacc|=      51.2 max|qvel|=   0.12 ncon=  0 com_z=0.938 com_x=-0.158
t= 18.50 max|qacc|=     146.0 max|qvel|=   0.18 ncon=  0 com_z=0.938 com_x=-0.158
t= 19.00 max|qacc|=      21.8 max|qvel|=   0.22 ncon=  0 com_z=0.938 com_x=-0.158
t= 19.50 max|qacc|=      30.6 max|qvel|=   0.45 ncon=  0 com_z=0.938 com_x=-0.159
t= 20.00 max|qacc|=     153.5 max|qvel|=   0.94 ncon=  0 com_z=0.938 com_x=-0.158
t= 20.50 max|qacc|=     312.4 max|qvel|=   0.23 ncon=  0 com_z=0.938 com_x=-0.159
t= 21.00 max|qacc|=      14.6 max|qvel|=   0.13 ncon=  0 com_z=0.938 com_x=-0.158
t= 21.50 max|qacc|=      41.0 max|qvel|=   0.14 ncon=  0 com_z=0.938 com_x=-0.158

== summary ==
pelvis/COM height: start 0.94 m, min 0.93 m, final 0.94 m  (stayed up)
COM x: min -0.17 max -0.11 final -0.16 m
COM y: min -0.007 max -0.002 m
RG_F_r bursts during walk window: 0
peak ctrl: [1.   1.   1.   1.   0.79 1.   0.44 0.5  0.94 0.93 1.   1.   1.   1.
 0.91 1.   0.26 0.66 0.61 0.37] (('vas_lat_r', 'med_gas_r', 'soleus_r', 'tib_ant_r', 'psoas_r', 'semimem_r', 'glut_max2_r', 'rect_fem_r', 'sar_r', 'grac_r', 'vas_lat_l', 'med_gas_l', 'soleus_l', 'tib_ant_l', 'psoas_l', 'semimem_l', 'glut_max2_l', 'rect_fem_l', 'sar_l', 'grac_l'))
  hip_flexion_r         24.6 ..    35.0 deg
  knee_angle_r          -3.9 ..    10.1 deg
  ankle_angle_r        -64.7 ..    -1.7 deg
  hip_adduction_r        1.0 ..     9.0 deg
  subtalar_angle_r       0.0 ..     9.1 deg
  hip_flexion_l        -16.6 ..    26.5 deg
  knee_angle_l          -8.2 ..    10.0 deg
  ankle_angle_l        -67.7 ..     9.8 deg
  hip_adduction_l        2.6 ..    10.4 deg
  subtalar_angle_l      -0.3 ..     3.1 deg
  pelvis_tilt           -1.9 ..    -0.2 deg
  pelvis_list           -0.6 ..    -0.4 deg
  pelvis_rotation        2.3 ..     2.5 deg
saved spinal_run.npz
(plot skipped: 'PF_E2_r')
[prune:syn6] ii        AIRDEAFF    -> -10.38171171107391  (668.8s)
fitted baseline loaded: e2_pf=0.222 f1_df=0.098 f1_kf=0.148 post_kneext=0.011 post_hipext=0.068 desc_f=1.400 e2_adapt=1.700
start pose (normal): applied 20 coordinates as given; pelvis ty 0.920 m (env override unset); IMU-metric torso lean -0.0 deg (+ = back)
standing solve: nnls x in [0.00, 0.70], >0.1: 14 muscles
  top: add_long_l=0.70, tib_ant_r=0.61, tib_ant_l=0.46, ext_dig_r=0.37, glut_min1_l=0.33, pect_l=0.32, glut_min2_l=0.31, ext_dig_l=0.25
Fmax range: 5..3396 N | L range sample: [0.229942 0.326094]
[prune:syn6] ib        STAND       -> -25.0  (256.1s)
start pose (normal): applied 20 coordinates as given; pelvis ty 0.920 m (env override unset); IMU-metric torso lean -0.0 deg (+ = back)
standing solve: nnls x in [0.00, 0.70], >0.1: 14 muscles
  top: add_long_l=0.70, tib_ant_r=0.61, tib_ant_l=0.46, ext_dig_r=0.37, glut_min1_l=0.33, pect_l=0.32, glut_min2_l=0.31, ext_dig_l=0.25
Fmax range: 5..3396 N | L range sample: [0.229942 0.326094]
[prune:syn6] ib        PUSH     +y -> -25.0  (256.7s)
fitted baseline loaded: e2_pf=0.222 f1_df=0.098 f1_kf=0.148 post_kneext=0.011 post_hipext=0.068 desc_f=1.400 e2_adapt=1.700
start pose (normal): applied 20 coordinates as given; pelvis ty 0.920 m (env override unset); IMU-metric torso lean -0.0 deg (+ = back)
standing solve: nnls x in [0.00, 0.70], >0.1: 14 muscles
  top: add_long_l=0.70, tib_ant_r=0.61, tib_ant_l=0.46, ext_dig_r=0.37, glut_min1_l=0.33, pect_l=0.32, glut_min2_l=0.31, ext_dig_l=0.25
Fmax range: 5..3396 N | L range sample: [0.229942 0.326094]
t=  1.00 max|qacc|=      38.8 max|qvel|=   1.17 ncon=  0 com_z=0.943 com_x=-0.162
t=  1.50 max|qacc|=      17.7 max|qvel|=   0.21 ncon=  0 com_z=0.936 com_x=-0.154
t=  2.00 max|qacc|=     104.1 max|qvel|=   0.18 ncon=  0 com_z=0.939 com_x=-0.160
t=  2.50 max|qacc|=     116.3 max|qvel|=   0.14 ncon=  0 com_z=0.937 com_x=-0.156
t=  3.00 max|qacc|=      25.9 max|qvel|=   0.18 ncon=  0 com_z=0.938 com_x=-0.158
t=  3.50 max|qacc|=     222.6 max|qvel|=   0.18 ncon=  0 com_z=0.938 com_x=-0.157
t=  4.00 max|qacc|=      42.0 max|qvel|=   0.13 ncon=  0 com_z=0.938 com_x=-0.157
t=  4.50 max|qacc|=      74.9 max|qvel|=   0.24 ncon=  0 com_z=0.938 com_x=-0.157
t=  5.00 max|qacc|=      54.0 max|qvel|=   0.08 ncon=  0 com_z=0.938 com_x=-0.157
t=  5.50 max|qacc|=      16.3 max|qvel|=   0.42 ncon=  0 com_z=0.938 com_x=-0.157
t=  6.00 max|qacc|=       7.1 max|qvel|=   0.08 ncon=  0 com_z=0.938 com_x=-0.157
t=  6.50 max|qacc|=      23.7 max|qvel|=   0.11 ncon=  0 com_z=0.938 com_x=-0.157
t=  7.00 max|qacc|=     134.6 max|qvel|=   0.85 ncon=  0 com_z=0.938 com_x=-0.157
t=  7.50 max|qacc|=      26.4 max|qvel|=   0.07 ncon=  0 com_z=0.938 com_x=-0.157
t=  8.00 max|qacc|=      76.4 max|qvel|=   0.09 ncon=  0 com_z=0.938 com_x=-0.157
t=  8.50 max|qacc|=     155.3 max|qvel|=   0.39 ncon=  0 com_z=0.938 com_x=-0.157
t=  9.00 max|qacc|=     152.0 max|qvel|=   0.16 ncon=  0 com_z=0.938 com_x=-0.157
t=  9.50 max|qacc|=      19.5 max|qvel|=   0.12 ncon=  0 com_z=0.938 com_x=-0.157
t= 10.00 max|qacc|=     104.8 max|qvel|=   0.39 ncon=  0 com_z=0.938 com_x=-0.157
t= 10.50 max|qacc|=     102.4 max|qvel|=   0.15 ncon=  0 com_z=0.938 com_x=-0.157
t= 11.00 max|qacc|=      70.2 max|qvel|=   0.28 ncon=  0 com_z=0.938 com_x=-0.157
t= 11.50 max|qacc|=      53.7 max|qvel|=   0.28 ncon=  0 com_z=0.938 com_x=-0.157
t= 12.00 max|qacc|=      55.8 max|qvel|=   0.11 ncon=  0 com_z=0.938 com_x=-0.157
t= 12.50 max|qacc|=     200.0 max|qvel|=   0.57 ncon=  0 com_z=0.938 com_x=-0.157
t= 13.00 max|qacc|=      25.8 max|qvel|=   0.17 ncon=  0 com_z=0.938 com_x=-0.157
t= 13.50 max|qacc|=      50.9 max|qvel|=   0.15 ncon=  0 com_z=0.938 com_x=-0.157
t= 14.00 max|qacc|=      35.8 max|qvel|=   0.21 ncon=  0 com_z=0.938 com_x=-0.157
t= 14.50 max|qacc|=      63.7 max|qvel|=   0.72 ncon=  0 com_z=0.938 com_x=-0.157
t= 15.00 max|qacc|=     109.4 max|qvel|=   0.10 ncon=  0 com_z=0.938 com_x=-0.157
t= 15.50 max|qacc|=     170.7 max|qvel|=   0.07 ncon=  0 com_z=0.938 com_x=-0.157
t= 16.00 max|qacc|=      48.9 max|qvel|=   0.10 ncon=  0 com_z=0.938 com_x=-0.157
t= 16.50 max|qacc|=      45.2 max|qvel|=   0.19 ncon=  0 com_z=0.938 com_x=-0.157
t= 17.00 max|qacc|=      68.2 max|qvel|=   0.19 ncon=  0 com_z=0.938 com_x=-0.157
t= 17.50 max|qacc|=     186.6 max|qvel|=   0.30 ncon=  0 com_z=0.938 com_x=-0.157
t= 18.00 max|qacc|=      10.8 max|qvel|=   0.17 ncon=  0 com_z=0.938 com_x=-0.157
t= 18.50 max|qacc|=      35.0 max|qvel|=   0.12 ncon=  0 com_z=0.938 com_x=-0.157
t= 19.00 max|qacc|=      60.3 max|qvel|=   0.11 ncon=  0 com_z=0.938 com_x=-0.157
t= 19.50 max|qacc|=      70.0 max|qvel|=   0.14 ncon=  0 com_z=0.938 com_x=-0.157
t= 20.00 max|qacc|=     214.1 max|qvel|=   0.39 ncon=  0 com_z=0.938 com_x=-0.157
t= 20.50 max|qacc|=     136.5 max|qvel|=   0.55 ncon=  0 com_z=0.938 com_x=-0.157
t= 21.00 max|qacc|=      32.4 max|qvel|=   0.15 ncon=  0 com_z=0.938 com_x=-0.157
t= 21.50 max|qacc|=      26.7 max|qvel|=   0.26 ncon=  0 com_z=0.938 com_x=-0.157

== summary ==
pelvis/COM height: start 0.94 m, min 0.93 m, final 0.94 m  (stayed up)
COM x: min -0.17 max -0.11 final -0.16 m
COM y: min -0.005 max +0.002 m
RG_F_r bursts during walk window: 0
peak ctrl: [0.87 1.   1.   1.   0.62 1.   0.1  0.34 0.78 0.67 0.88 1.   1.   1.
 0.67 1.   0.08 0.48 0.41 0.18] (('vas_lat_r', 'med_gas_r', 'soleus_r', 'tib_ant_r', 'psoas_r', 'semimem_r', 'glut_max2_r', 'rect_fem_r', 'sar_r', 'grac_r', 'vas_lat_l', 'med_gas_l', 'soleus_l', 'tib_ant_l', 'psoas_l', 'semimem_l', 'glut_max2_l', 'rect_fem_l', 'sar_l', 'grac_l'))
  hip_flexion_r         24.6 ..    33.4 deg
  knee_angle_r          -3.9 ..    10.1 deg
  ankle_angle_r        -62.3 ..    -1.7 deg
  hip_adduction_r        1.1 ..     9.3 deg
  subtalar_angle_r       0.0 ..    15.7 deg
  hip_flexion_l        -16.6 ..    34.7 deg
  knee_angle_l          -8.2 ..    10.3 deg
  ankle_angle_l        -66.3 ..     9.8 deg
  hip_adduction_l        2.7 ..    13.4 deg
  subtalar_angle_l      -1.3 ..     0.1 deg
  pelvis_tilt           -1.9 ..    -0.2 deg
  pelvis_list           -0.5 ..    -0.4 deg
  pelvis_rotation        2.2 ..     2.6 deg
saved spinal_run.npz
(plot skipped: 'PF_E2_r')
[prune:syn6] rgweak    AIR         -> -10.411418525016327  (711.0s)
start pose (normal): applied 20 coordinates as given; pelvis ty 0.920 m (env override unset); IMU-metric torso lean -0.0 deg (+ = back)
standing solve: nnls x in [0.00, 0.70], >0.1: 14 muscles
  top: add_long_l=0.70, tib_ant_r=0.61, tib_ant_l=0.46, ext_dig_r=0.37, glut_min1_l=0.33, pect_l=0.32, glut_min2_l=0.31, ext_dig_l=0.25
Fmax range: 5..3396 N | L range sample: [0.229942 0.326094]
[prune:syn6] rgweak    PUSH     +x -> -25.0  (261.1s)
start pose (normal): applied 20 coordinates as given; pelvis ty 0.920 m (env override unset); IMU-metric torso lean -0.0 deg (+ = back)
standing solve: nnls x in [0.00, 0.70], >0.1: 14 muscles
  top: add_long_l=0.70, tib_ant_r=0.61, tib_ant_l=0.46, ext_dig_r=0.37, glut_min1_l=0.33, pect_l=0.32, glut_min2_l=0.31, ext_dig_l=0.25
Fmax range: 5..3396 N | L range sample: [0.229942 0.326094]
[prune:syn6] rgweak    PUSH     -y -> -25.0  (257.9s)
[prune:syn6] shard 2 done
