[prune:w2lvar] shard 0/3: 24 cells, 0 already done
fitted baseline loaded: e2_pf=0.222 f1_df=0.098 f1_kf=0.148 post_kneext=0.011 post_hipext=0.068 desc_f=1.400 e2_adapt=1.700
start pose (normal): applied 20 coordinates as given; pelvis ty 0.920 m (env override unset); IMU-metric torso lean -0.0 deg (+ = back)
standing solve: nnls x in [0.00, 0.70], >0.1: 14 muscles
  top: add_long_l=0.70, tib_ant_r=0.61, tib_ant_l=0.46, ext_dig_r=0.37, glut_min1_l=0.33, pect_l=0.32, glut_min2_l=0.31, ext_dig_l=0.25
Fmax range: 5..3396 N | L range sample: [0.229942 0.326094]
t=  0.62 precursor: max|qacc|=1.32e+03 max|qvel|=30 (dof 12), ncon=0, max ctrl=1.00
t=  0.62 precursor: max|qacc|=1.25e+03 max|qvel|=31.2 (dof 12), ncon=0, max ctrl=0.99
t=  0.62 precursor: max|qacc|=1.28e+03 max|qvel|=32 (dof 12), ncon=0, max ctrl=0.99
t=  0.62 precursor: max|qacc|=1.25e+03 max|qvel|=32.5 (dof 55), ncon=0, max ctrl=0.98
t=  0.62 precursor: max|qacc|=1.14e+03 max|qvel|=33 (dof 55), ncon=0, max ctrl=0.98
t=  0.63 precursor: max|qacc|=977 max|qvel|=33.2 (dof 55), ncon=0, max ctrl=0.99
t=  0.63 precursor: max|qacc|=736 max|qvel|=33.2 (dof 55), ncon=0, max ctrl=0.99
t=  0.63 precursor: max|qacc|=3.81e+03 max|qvel|=33.1 (dof 55), ncon=0, max ctrl=0.99
t=  0.63 precursor: max|qacc|=4.19e+03 max|qvel|=32.9 (dof 55), ncon=0, max ctrl=0.99
t=  0.63 precursor: max|qacc|=3.6e+03 max|qvel|=32.5 (dof 55), ncon=0, max ctrl=0.99
t=  1.00 max|qacc|=     344.1 max|qvel|=   1.68 ncon=  0 com_z=0.979 com_x=-0.208
t=  1.50 max|qacc|=     419.5 max|qvel|=   2.54 ncon=  0 com_z=0.941 com_x=-0.178
t=  2.00 max|qacc|=      33.0 max|qvel|=   0.94 ncon=  0 com_z=0.956 com_x=-0.192
t=  2.50 max|qacc|=      34.4 max|qvel|=   0.76 ncon=  0 com_z=0.942 com_x=-0.180
t=  3.00 max|qacc|=     283.0 max|qvel|=   0.94 ncon=  0 com_z=0.955 com_x=-0.191
t=  3.50 max|qacc|=      17.3 max|qvel|=   0.34 ncon=  0 com_z=0.943 com_x=-0.178
t=  4.00 max|qacc|=      32.5 max|qvel|=   0.23 ncon=  0 com_z=0.951 com_x=-0.189
t=  4.50 max|qacc|=     120.7 max|qvel|=   2.03 ncon=  0 com_z=0.945 com_x=-0.179
t=  5.00 max|qacc|=     235.5 max|qvel|=   5.59 ncon=  0 com_z=0.948 com_x=-0.184
t=  5.50 max|qacc|=      26.5 max|qvel|=   1.18 ncon=  0 com_z=0.966 com_x=-0.048
t=  6.00 max|qacc|=     607.5 max|qvel|=  10.48 ncon=  0 com_z=0.936 com_x=-0.104
t=  6.50 max|qacc|=      94.9 max|qvel|=   0.99 ncon=  0 com_z=0.976 com_x=-0.205
t=  7.00 max|qacc|=     254.8 max|qvel|=   7.77 ncon=  0 com_z=0.941 com_x=-0.173
t=  7.50 max|qacc|=      27.6 max|qvel|=   1.24 ncon=  0 com_z=0.959 com_x=-0.121
t=  8.00 max|qacc|=     762.1 max|qvel|=   7.49 ncon=  0 com_z=0.934 com_x=-0.148
t=  8.50 max|qacc|=      63.6 max|qvel|=   9.65 ncon=  0 com_z=0.952 com_x=-0.174
t=  9.00 max|qacc|=      34.4 max|qvel|=   1.43 ncon=  0 com_z=0.938 com_x=-0.126
t=  9.50 max|qacc|=     331.9 max|qvel|=   4.22 ncon=  0 com_z=0.943 com_x=-0.169
t= 10.00 max|qacc|=     140.9 max|qvel|=   2.71 ncon=  0 com_z=0.948 com_x=-0.127
t= 10.50 max|qacc|=      44.3 max|qvel|=   0.67 ncon=  0 com_z=0.940 com_x=-0.145
t= 11.00 max|qacc|=     649.7 max|qvel|=   4.48 ncon=  0 com_z=0.955 com_x=-0.184
t= 11.50 max|qacc|=     199.0 max|qvel|=   1.25 ncon=  0 com_z=0.951 com_x=-0.111
t= 12.00 max|qacc|=     133.3 max|qvel|=  16.30 ncon=  0 com_z=0.940 com_x=-0.146
t= 12.50 max|qacc|=      59.7 max|qvel|=   7.88 ncon=  0 com_z=0.953 com_x=-0.184
t= 13.00 max|qacc|=      36.6 max|qvel|=   2.56 ncon=  0 com_z=0.941 com_x=-0.119
t= 13.50 max|qacc|=     953.4 max|qvel|=   3.29 ncon=  0 com_z=0.937 com_x=-0.154
t= 14.00 max|qacc|=     616.4 max|qvel|=   4.16 ncon=  0 com_z=0.947 com_x=-0.152
t= 14.50 max|qacc|=      28.5 max|qvel|=   0.69 ncon=  0 com_z=0.941 com_x=-0.137
t= 15.00 max|qacc|=     140.8 max|qvel|=   3.31 ncon=  0 com_z=0.946 com_x=-0.176
t= 15.50 max|qacc|=     207.5 max|qvel|=   1.09 ncon=  0 com_z=0.951 com_x=-0.116
t= 16.00 max|qacc|=     110.4 max|qvel|=   1.24 ncon=  0 com_z=0.941 com_x=-0.149
t= 16.50 max|qacc|=     108.3 max|qvel|=   1.56 ncon=  0 com_z=0.940 com_x=-0.134
t= 17.00 max|qacc|=      11.5 max|qvel|=   0.44 ncon=  0 com_z=0.946 com_x=-0.139
t= 17.50 max|qacc|=      37.4 max|qvel|=   0.65 ncon=  0 com_z=0.939 com_x=-0.137
t= 18.00 max|qacc|=      55.6 max|qvel|=   0.71 ncon=  0 com_z=0.942 com_x=-0.140
t= 18.50 max|qacc|=      66.6 max|qvel|=   0.19 ncon=  0 com_z=0.943 com_x=-0.138
t= 19.00 max|qacc|=      50.3 max|qvel|=   0.31 ncon=  0 com_z=0.941 com_x=-0.138
t= 19.50 max|qacc|=      31.2 max|qvel|=   0.28 ncon=  0 com_z=0.941 com_x=-0.139
t= 20.00 max|qacc|=      17.6 max|qvel|=   0.16 ncon=  0 com_z=0.942 com_x=-0.139
t= 20.50 max|qacc|=      14.6 max|qvel|=   0.15 ncon=  0 com_z=0.942 com_x=-0.138
t= 21.00 max|qacc|=      47.0 max|qvel|=   0.25 ncon=  0 com_z=0.942 com_x=-0.138
t= 21.50 max|qacc|=     126.0 max|qvel|=   0.18 ncon=  0 com_z=0.942 com_x=-0.138
t= 22.00 max|qacc|=     134.1 max|qvel|=   0.17 ncon=  0 com_z=0.942 com_x=-0.139
t= 22.50 max|qacc|=      24.5 max|qvel|=   0.29 ncon=  0 com_z=0.942 com_x=-0.138
t= 23.00 max|qacc|=      12.0 max|qvel|=   0.21 ncon=  0 com_z=0.942 com_x=-0.138
t= 23.50 max|qacc|=      19.0 max|qvel|=   0.23 ncon=  0 com_z=0.942 com_x=-0.139
t= 24.00 max|qacc|=      17.0 max|qvel|=   0.26 ncon=  0 com_z=0.942 com_x=-0.139
t= 24.50 max|qacc|=     152.9 max|qvel|=   0.62 ncon=  0 com_z=0.942 com_x=-0.138
t= 25.00 max|qacc|=      74.2 max|qvel|=   0.15 ncon=  0 com_z=0.942 com_x=-0.138
t= 25.50 max|qacc|=     440.2 max|qvel|=   1.89 ncon=  0 com_z=0.942 com_x=-0.139
t= 26.00 max|qacc|=     103.6 max|qvel|=   1.57 ncon=  0 com_z=0.942 com_x=-0.139
t= 26.50 max|qacc|=      11.6 max|qvel|=   0.16 ncon=  0 com_z=0.942 com_x=-0.139
t= 27.00 max|qacc|=     183.1 max|qvel|=   1.46 ncon=  0 com_z=0.942 com_x=-0.138
t= 27.50 max|qacc|=      56.7 max|qvel|=   0.07 ncon=  0 com_z=0.942 com_x=-0.138
t= 28.00 max|qacc|=      67.9 max|qvel|=   0.18 ncon=  0 com_z=0.942 com_x=-0.139
t= 28.50 max|qacc|=      32.8 max|qvel|=   0.07 ncon=  0 com_z=0.942 com_x=-0.139
t= 29.00 max|qacc|=      22.6 max|qvel|=   0.53 ncon=  0 com_z=0.942 com_x=-0.138
t= 29.50 max|qacc|=      31.8 max|qvel|=   0.16 ncon=  0 com_z=0.942 com_x=-0.138
t= 30.00 max|qacc|=      36.8 max|qvel|=   0.27 ncon=  0 com_z=0.941 com_x=-0.139
t= 30.50 max|qacc|=     129.6 max|qvel|=   0.08 ncon=  0 com_z=0.942 com_x=-0.139

== summary ==
pelvis/COM height: start 0.94 m, min 0.93 m, final 0.94 m  (stayed up)
COM x: min -0.21 max -0.05 final -0.14 m
COM y: min -0.040 max +0.038 m
RG_F_r bursts during walk window: 4
RG_r: cycles in window 4, period 2.44 s (0.41 Hz), E-duty 0.60
RG_l: cycles in window 5, period 2.17 s (0.46 Hz), E-duty 0.59
peak ctrl: [0.92 0.98 0.99 0.7  0.21 0.79 0.42 0.92 0.18 0.77 0.91 1.   1.   0.56
 0.23 0.8  0.46 0.92 0.2  0.75] (('vas_lat_r', 'med_gas_r', 'soleus_r', 'tib_ant_r', 'psoas_r', 'semimem_r', 'glut_max2_r', 'rect_fem_r', 'sar_r', 'grac_r', 'vas_lat_l', 'med_gas_l', 'soleus_l', 'tib_ant_l', 'psoas_l', 'semimem_l', 'glut_max2_l', 'rect_fem_l', 'sar_l', 'grac_l'))
  hip_flexion_r        -40.9 ..    53.2 deg
  knee_angle_r         -52.0 ..    13.4 deg
  ankle_angle_r        -81.7 ..    50.8 deg
  hip_adduction_r      -38.5 ..    14.2 deg
  subtalar_angle_r     -12.3 ..    10.6 deg
  hip_flexion_l        -40.4 ..    65.8 deg
  knee_angle_l         -52.5 ..    13.5 deg
  ankle_angle_l        -84.9 ..    51.4 deg
  hip_adduction_l      -34.4 ..    14.5 deg
  subtalar_angle_l     -15.4 ..    11.6 deg
  pelvis_tilt           -1.9 ..     1.0 deg
  pelvis_list           -1.1 ..     0.2 deg
  pelvis_rotation        2.1 ..     2.8 deg
saved spinal_run.npz
(plot skipped: 'PF_E2_r')
[prune:w2lvar] full      AIR         -> 37.981074306639684  (1186.8s)
start pose (normal): applied 20 coordinates as given; pelvis ty 0.920 m (env override unset); IMU-metric torso lean -0.0 deg (+ = back)
standing solve: nnls x in [0.00, 0.70], >0.1: 14 muscles
  top: add_long_l=0.70, tib_ant_r=0.61, tib_ant_l=0.46, ext_dig_r=0.37, glut_min1_l=0.33, pect_l=0.32, glut_min2_l=0.31, ext_dig_l=0.25
Fmax range: 5..3396 N | L range sample: [0.229942 0.326094]
[prune:w2lvar] full      PUSH     +x -> -25.0  (321.0s)
start pose (normal): applied 20 coordinates as given; pelvis ty 0.920 m (env override unset); IMU-metric torso lean -0.0 deg (+ = back)
standing solve: nnls x in [0.00, 0.70], >0.1: 14 muscles
  top: add_long_l=0.70, tib_ant_r=0.61, tib_ant_l=0.46, ext_dig_r=0.37, glut_min1_l=0.33, pect_l=0.32, glut_min2_l=0.31, ext_dig_l=0.25
Fmax range: 5..3396 N | L range sample: [0.229942 0.326094]
[prune:w2lvar] full      PUSH     -y -> -25.0  (322.5s)
fitted baseline loaded: e2_pf=0.222 f1_df=0.098 f1_kf=0.148 post_kneext=0.011 post_hipext=0.068 desc_f=1.400 e2_adapt=1.700
start pose (normal): applied 20 coordinates as given; pelvis ty 0.920 m (env override unset); IMU-metric torso lean -0.0 deg (+ = back)
standing solve: nnls x in [0.00, 0.70], >0.1: 14 muscles
  top: add_long_l=0.70, tib_ant_r=0.61, tib_ant_l=0.46, ext_dig_r=0.37, glut_min1_l=0.33, pect_l=0.32, glut_min2_l=0.31, ext_dig_l=0.25
Fmax range: 5..3396 N | L range sample: [0.229942 0.326094]
[prune:w2lvar] noaff     WALK        -> -224.46772910540034  (624.9s)
start pose (normal): applied 20 coordinates as given; pelvis ty 0.920 m (env override unset); IMU-metric torso lean -0.0 deg (+ = back)
standing solve: nnls x in [0.00, 0.70], >0.1: 14 muscles
  top: add_long_l=0.70, tib_ant_r=0.61, tib_ant_l=0.46, ext_dig_r=0.37, glut_min1_l=0.33, pect_l=0.32, glut_min2_l=0.31, ext_dig_l=0.25
Fmax range: 5..3396 N | L range sample: [0.229942 0.326094]
[prune:w2lvar] noaff     PUSH     -x -> -25.0  (313.8s)
start pose (normal): applied 20 coordinates as given; pelvis ty 0.920 m (env override unset); IMU-metric torso lean -0.0 deg (+ = back)
standing solve: nnls x in [0.00, 0.70], >0.1: 14 muscles
  top: add_long_l=0.70, tib_ant_r=0.61, tib_ant_l=0.46, ext_dig_r=0.37, glut_min1_l=0.33, pect_l=0.32, glut_min2_l=0.31, ext_dig_l=0.25
Fmax range: 5..3396 N | L range sample: [0.229942 0.326094]
t=  1.00 max|qacc|=     530.4 max|qvel|=   2.73 ncon=  0 com_z=1.000 com_x=-0.213
t=  1.50 max|qacc|=      20.8 max|qvel|=   2.64 ncon=  0 com_z=0.953 com_x=-0.189
t=  2.00 max|qacc|=      29.0 max|qvel|=   1.46 ncon=  0 com_z=0.964 com_x=-0.196
t=  2.50 max|qacc|=      82.4 max|qvel|=   1.14 ncon=  0 com_z=0.959 com_x=-0.192
t=  3.00 max|qacc|=     180.2 max|qvel|=   0.73 ncon=  0 com_z=0.959 com_x=-0.191
t=  3.50 max|qacc|=     182.8 max|qvel|=   0.58 ncon=  0 com_z=0.960 com_x=-0.194
t=  4.00 max|qacc|=      55.5 max|qvel|=   0.55 ncon=  0 com_z=0.957 com_x=-0.190
t=  4.50 max|qacc|=      89.8 max|qvel|=   0.28 ncon=  0 com_z=0.960 com_x=-0.193
t=  5.00 max|qacc|=     384.6 max|qvel|=   0.45 ncon=  0 com_z=0.957 com_x=-0.191
t=  5.50 max|qacc|=     701.0 max|qvel|=   0.60 ncon=  0 com_z=0.960 com_x=-0.192
t=  6.00 max|qacc|=      49.0 max|qvel|=   0.31 ncon=  0 com_z=0.957 com_x=-0.191
t=  6.50 max|qacc|=     146.1 max|qvel|=   0.65 ncon=  0 com_z=0.958 com_x=-0.192
t=  7.00 max|qacc|=      29.6 max|qvel|=   0.19 ncon=  0 com_z=0.958 com_x=-0.191
t=  7.50 max|qacc|=      24.9 max|qvel|=   0.19 ncon=  0 com_z=0.958 com_x=-0.192
t=  8.00 max|qacc|=      77.3 max|qvel|=   0.28 ncon=  0 com_z=0.958 com_x=-0.192
t=  8.50 max|qacc|=      74.1 max|qvel|=   0.21 ncon=  0 com_z=0.958 com_x=-0.191
t=  9.00 max|qacc|=    1251.4 max|qvel|=   1.66 ncon=  0 com_z=0.958 com_x=-0.192
t=  9.50 max|qacc|=     135.1 max|qvel|=   2.58 ncon=  0 com_z=0.958 com_x=-0.192
t= 10.00 max|qacc|=     157.9 max|qvel|=   0.73 ncon=  0 com_z=0.958 com_x=-0.191
t= 10.50 max|qacc|=     101.1 max|qvel|=   0.30 ncon=  0 com_z=0.958 com_x=-0.192
t= 11.00 max|qacc|=     118.0 max|qvel|=   0.28 ncon=  0 com_z=0.958 com_x=-0.192
t= 11.50 max|qacc|=     379.4 max|qvel|=   2.37 ncon=  0 com_z=0.958 com_x=-0.191
t= 12.00 max|qacc|=      73.1 max|qvel|=   0.23 ncon=  0 com_z=0.958 com_x=-0.192
t= 12.50 max|qacc|=      69.8 max|qvel|=   0.18 ncon=  0 com_z=0.959 com_x=-0.192
t= 13.00 max|qacc|=     102.9 max|qvel|=   0.56 ncon=  0 com_z=0.958 com_x=-0.191
t= 13.50 max|qacc|=      55.8 max|qvel|=   0.34 ncon=  0 com_z=0.958 com_x=-0.193
t= 14.00 max|qacc|=      47.1 max|qvel|=   0.36 ncon=  0 com_z=0.958 com_x=-0.191
t= 14.50 max|qacc|=      62.3 max|qvel|=   0.54 ncon=  0 com_z=0.958 com_x=-0.192
t= 15.00 max|qacc|=    1047.4 max|qvel|=   1.12 ncon=  0 com_z=0.958 com_x=-0.192
t= 15.50 max|qacc|=     166.3 max|qvel|=   0.24 ncon=  0 com_z=0.958 com_x=-0.191
t= 16.00 max|qacc|=      16.4 max|qvel|=   0.14 ncon=  0 com_z=0.958 com_x=-0.192
t= 16.50 max|qacc|=      46.3 max|qvel|=   0.43 ncon=  0 com_z=0.958 com_x=-0.192
t= 17.00 max|qacc|=     537.8 max|qvel|=   1.45 ncon=  0 com_z=0.958 com_x=-0.191
t= 17.50 max|qacc|=     563.0 max|qvel|=   3.10 ncon=  0 com_z=0.958 com_x=-0.192
t= 18.00 max|qacc|=      84.0 max|qvel|=   0.20 ncon=  0 com_z=0.958 com_x=-0.191
t= 18.50 max|qacc|=      59.1 max|qvel|=   0.14 ncon=  0 com_z=0.958 com_x=-0.191
t= 19.00 max|qacc|=      62.9 max|qvel|=   0.79 ncon=  0 com_z=0.958 com_x=-0.192
t= 19.50 max|qacc|=     273.7 max|qvel|=   0.27 ncon=  0 com_z=0.958 com_x=-0.191
t= 20.00 max|qacc|=      44.6 max|qvel|=   0.35 ncon=  0 com_z=0.958 com_x=-0.192
t= 20.50 max|qacc|=      20.5 max|qvel|=   0.24 ncon=  0 com_z=0.958 com_x=-0.192
t= 21.00 max|qacc|=     343.1 max|qvel|=   0.68 ncon=  0 com_z=0.958 com_x=-0.191
t= 21.50 max|qacc|=     353.9 max|qvel|=   0.53 ncon=  0 com_z=0.958 com_x=-0.191

== summary ==
pelvis/COM height: start 0.94 m, min 0.93 m, final 0.96 m  (stayed up)
COM x: min -0.21 max -0.11 final -0.19 m
COM y: min -0.040 max -0.002 m
RG_F_r bursts during walk window: 0
peak ctrl: [1.   1.   1.   0.78 0.13 0.79 0.87 1.   0.13 1.   1.   1.   1.   0.62
 0.15 0.79 0.81 1.   0.13 1.  ] (('vas_lat_r', 'med_gas_r', 'soleus_r', 'tib_ant_r', 'psoas_r', 'semimem_r', 'glut_max2_r', 'rect_fem_r', 'sar_r', 'grac_r', 'vas_lat_l', 'med_gas_l', 'soleus_l', 'tib_ant_l', 'psoas_l', 'semimem_l', 'glut_max2_l', 'rect_fem_l', 'sar_l', 'grac_l'))
  hip_flexion_r         24.6 ..    55.5 deg
  knee_angle_r          -3.9 ..    10.2 deg
  ankle_angle_r        -75.1 ..    -1.7 deg
  hip_adduction_r      -20.5 ..     1.1 deg
  subtalar_angle_r      -1.3 ..     0.1 deg
  hip_flexion_l        -16.6 ..    75.1 deg
  knee_angle_l          -8.2 ..    10.9 deg
  ankle_angle_l        -81.1 ..     9.8 deg
  hip_adduction_l      -47.9 ..     2.7 deg
  subtalar_angle_l      -5.5 ..     0.0 deg
  pelvis_tilt           -1.9 ..     1.3 deg
  pelvis_list           -0.5 ..    -0.1 deg
  pelvis_rotation        2.2 ..     2.8 deg
saved spinal_run.npz
(plot skipped: 'PF_E2_r')
[prune:w2lvar] noaff     AIRDEAFF    -> -10.268013651041779  (832.4s)
fitted baseline loaded: e2_pf=0.222 f1_df=0.098 f1_kf=0.148 post_kneext=0.011 post_hipext=0.068 desc_f=1.400 e2_adapt=1.700
start pose (normal): applied 20 coordinates as given; pelvis ty 0.920 m (env override unset); IMU-metric torso lean -0.0 deg (+ = back)
standing solve: nnls x in [0.00, 0.70], >0.1: 14 muscles
  top: add_long_l=0.70, tib_ant_r=0.61, tib_ant_l=0.46, ext_dig_r=0.37, glut_min1_l=0.33, pect_l=0.32, glut_min2_l=0.31, ext_dig_l=0.25
Fmax range: 5..3396 N | L range sample: [0.229942 0.326094]
[prune:w2lvar] interleg  STAND       -> -25.0  (311.0s)
start pose (normal): applied 20 coordinates as given; pelvis ty 0.920 m (env override unset); IMU-metric torso lean -0.0 deg (+ = back)
standing solve: nnls x in [0.00, 0.70], >0.1: 14 muscles
  top: add_long_l=0.70, tib_ant_r=0.61, tib_ant_l=0.46, ext_dig_r=0.37, glut_min1_l=0.33, pect_l=0.32, glut_min2_l=0.31, ext_dig_l=0.25
Fmax range: 5..3396 N | L range sample: [0.229942 0.326094]
[prune:w2lvar] interleg  PUSH     +y -> -25.0  (312.7s)
fitted baseline loaded: e2_pf=0.222 f1_df=0.098 f1_kf=0.148 post_kneext=0.011 post_hipext=0.068 desc_f=1.400 e2_adapt=1.700
start pose (normal): applied 20 coordinates as given; pelvis ty 0.920 m (env override unset); IMU-metric torso lean -0.0 deg (+ = back)
standing solve: nnls x in [0.00, 0.70], >0.1: 14 muscles
  top: add_long_l=0.70, tib_ant_r=0.61, tib_ant_l=0.46, ext_dig_r=0.37, glut_min1_l=0.33, pect_l=0.32, glut_min2_l=0.31, ext_dig_l=0.25
Fmax range: 5..3396 N | L range sample: [0.229942 0.326094]
t=  0.62 precursor: max|qacc|=1.25e+03 max|qvel|=31 (dof 12), ncon=0, max ctrl=1.00
t=  0.62 precursor: max|qacc|=1.29e+03 max|qvel|=31.8 (dof 12), ncon=0, max ctrl=1.00
t=  0.62 precursor: max|qacc|=1.24e+03 max|qvel|=32.4 (dof 55), ncon=0, max ctrl=1.00
t=  0.62 precursor: max|qacc|=1.14e+03 max|qvel|=32.8 (dof 55), ncon=0, max ctrl=1.00
t=  0.63 precursor: max|qacc|=966 max|qvel|=33.1 (dof 55), ncon=0, max ctrl=1.00
t=  0.63 precursor: max|qacc|=727 max|qvel|=33.1 (dof 55), ncon=0, max ctrl=1.00
t=  0.63 precursor: max|qacc|=3.54e+03 max|qvel|=33 (dof 55), ncon=0, max ctrl=1.00
t=  0.63 precursor: max|qacc|=4.2e+03 max|qvel|=32.7 (dof 55), ncon=0, max ctrl=1.00
t=  0.63 precursor: max|qacc|=3.64e+03 max|qvel|=32.4 (dof 55), ncon=0, max ctrl=1.00
t=  1.00 max|qacc|=     397.6 max|qvel|=   1.73 ncon=  0 com_z=0.980 com_x=-0.209
t=  1.50 max|qacc|=      46.2 max|qvel|=   2.64 ncon=  0 com_z=0.941 com_x=-0.177
t=  2.00 max|qacc|=     369.2 max|qvel|=   0.92 ncon=  0 com_z=0.956 com_x=-0.192
t=  2.50 max|qacc|=      63.3 max|qvel|=   0.79 ncon=  0 com_z=0.942 com_x=-0.178
t=  3.00 max|qacc|=      60.0 max|qvel|=   0.63 ncon=  0 com_z=0.955 com_x=-0.191
t=  3.50 max|qacc|=      26.6 max|qvel|=   0.26 ncon=  0 com_z=0.943 com_x=-0.177
t=  4.00 max|qacc|=      53.4 max|qvel|=   0.42 ncon=  0 com_z=0.952 com_x=-0.190
t=  4.50 max|qacc|=     546.6 max|qvel|=   0.85 ncon=  0 com_z=0.945 com_x=-0.178
t=  5.00 max|qacc|=      69.3 max|qvel|=   0.47 ncon=  0 com_z=0.950 com_x=-0.187
t=  5.50 max|qacc|=      53.3 max|qvel|=   0.25 ncon=  0 com_z=0.946 com_x=-0.181
t=  6.00 max|qacc|=      28.3 max|qvel|=   0.16 ncon=  0 com_z=0.949 com_x=-0.185
t=  6.50 max|qacc|=    1308.9 max|qvel|=   1.81 ncon=  0 com_z=0.947 com_x=-0.182
t=  7.00 max|qacc|=      81.5 max|qvel|=   0.20 ncon=  0 com_z=0.948 com_x=-0.184
t=  7.50 max|qacc|=     126.5 max|qvel|=   0.20 ncon=  0 com_z=0.948 com_x=-0.183
t=  8.00 max|qacc|=      44.2 max|qvel|=   0.26 ncon=  0 com_z=0.947 com_x=-0.184
t=  8.50 max|qacc|=      57.6 max|qvel|=   0.31 ncon=  0 com_z=0.948 com_x=-0.184
t=  9.00 max|qacc|=      80.8 max|qvel|=   0.36 ncon=  0 com_z=0.948 com_x=-0.183
t=  9.50 max|qacc|=      44.4 max|qvel|=   0.19 ncon=  0 com_z=0.947 com_x=-0.184
t= 10.00 max|qacc|=     131.4 max|qvel|=   0.47 ncon=  0 com_z=0.947 com_x=-0.183
t= 10.50 max|qacc|=     291.0 max|qvel|=   0.62 ncon=  0 com_z=0.948 com_x=-0.183
t= 11.00 max|qacc|=      55.5 max|qvel|=   0.60 ncon=  0 com_z=0.947 com_x=-0.184
t= 11.50 max|qacc|=     310.0 max|qvel|=   1.43 ncon=  0 com_z=0.948 com_x=-0.183
t= 12.00 max|qacc|=      97.0 max|qvel|=   0.39 ncon=  0 com_z=0.948 com_x=-0.183
t= 12.50 max|qacc|=      18.5 max|qvel|=   0.28 ncon=  0 com_z=0.947 com_x=-0.184
t= 13.00 max|qacc|=      26.1 max|qvel|=   0.37 ncon=  0 com_z=0.948 com_x=-0.183
t= 13.50 max|qacc|=      54.9 max|qvel|=   0.23 ncon=  0 com_z=0.948 com_x=-0.183
t= 14.00 max|qacc|=      54.0 max|qvel|=   0.69 ncon=  0 com_z=0.947 com_x=-0.184
t= 14.50 max|qacc|=      19.1 max|qvel|=   0.20 ncon=  0 com_z=0.948 com_x=-0.183
t= 15.00 max|qacc|=      43.7 max|qvel|=   0.15 ncon=  0 com_z=0.947 com_x=-0.183
t= 15.50 max|qacc|=     144.2 max|qvel|=   0.98 ncon=  0 com_z=0.947 com_x=-0.184
t= 16.00 max|qacc|=      95.3 max|qvel|=   0.88 ncon=  0 com_z=0.948 com_x=-0.182
t= 16.50 max|qacc|=      54.5 max|qvel|=   0.21 ncon=  0 com_z=0.947 com_x=-0.184
t= 17.00 max|qacc|=     188.8 max|qvel|=   0.14 ncon=  0 com_z=0.948 com_x=-0.184
t= 17.50 max|qacc|=      49.4 max|qvel|=   0.18 ncon=  0 com_z=0.948 com_x=-0.183
t= 18.00 max|qacc|=     165.2 max|qvel|=   0.58 ncon=  0 com_z=0.947 com_x=-0.184
t= 18.50 max|qacc|=     137.9 max|qvel|=   0.37 ncon=  0 com_z=0.948 com_x=-0.184
t= 19.00 max|qacc|=     125.5 max|qvel|=   0.29 ncon=  0 com_z=0.948 com_x=-0.183
t= 19.50 max|qacc|=       9.9 max|qvel|=   0.13 ncon=  0 com_z=0.948 com_x=-0.184
t= 20.00 max|qacc|=      27.0 max|qvel|=   0.27 ncon=  0 com_z=0.948 com_x=-0.184
t= 20.50 max|qacc|=      89.8 max|qvel|=   1.53 ncon=  0 com_z=0.948 com_x=-0.183
t= 21.00 max|qacc|=     157.1 max|qvel|=   1.62 ncon=  0 com_z=0.947 com_x=-0.184
t= 21.50 max|qacc|=     177.8 max|qvel|=   0.68 ncon=  0 com_z=0.948 com_x=-0.184

== summary ==
pelvis/COM height: start 0.94 m, min 0.93 m, final 0.95 m  (stayed up)
COM x: min -0.21 max -0.11 final -0.18 m
COM y: min -0.038 max +0.007 m
RG_F_r bursts during walk window: 0
peak ctrl: [0.92 0.98 0.99 0.5  0.02 0.78 0.4  0.79 0.01 0.71 0.91 1.   1.   0.4
 0.03 0.8  0.46 0.78 0.02 0.73] (('vas_lat_r', 'med_gas_r', 'soleus_r', 'tib_ant_r', 'psoas_r', 'semimem_r', 'glut_max2_r', 'rect_fem_r', 'sar_r', 'grac_r', 'vas_lat_l', 'med_gas_l', 'soleus_l', 'tib_ant_l', 'psoas_l', 'semimem_l', 'glut_max2_l', 'rect_fem_l', 'sar_l', 'grac_l'))
  hip_flexion_r         24.6 ..    44.7 deg
  knee_angle_r          -3.9 ..    10.7 deg
  ankle_angle_r        -75.9 ..    -1.7 deg
  hip_adduction_r       -2.8 ..     3.8 deg
  subtalar_angle_r     -12.2 ..     0.0 deg
  hip_flexion_l        -16.6 ..    66.7 deg
  knee_angle_l          -8.2 ..    11.0 deg
  ankle_angle_l        -80.6 ..     9.8 deg
  hip_adduction_l      -26.5 ..    15.0 deg
  subtalar_angle_l     -15.4 ..     0.0 deg
  pelvis_tilt           -1.9 ..     1.1 deg
  pelvis_list           -0.5 ..     0.1 deg
  pelvis_rotation        2.1 ..     2.8 deg
saved spinal_run.npz
(plot skipped: 'PF_E2_r')
[prune:w2lvar] contact   AIR         -> -10.330231449182577  (869.5s)
start pose (normal): applied 20 coordinates as given; pelvis ty 0.920 m (env override unset); IMU-metric torso lean -0.0 deg (+ = back)
standing solve: nnls x in [0.00, 0.70], >0.1: 14 muscles
  top: add_long_l=0.70, tib_ant_r=0.61, tib_ant_l=0.46, ext_dig_r=0.37, glut_min1_l=0.33, pect_l=0.32, glut_min2_l=0.31, ext_dig_l=0.25
Fmax range: 5..3396 N | L range sample: [0.229942 0.326094]
[prune:w2lvar] contact   PUSH     +x -> -25.0  (316.8s)
start pose (normal): applied 20 coordinates as given; pelvis ty 0.920 m (env override unset); IMU-metric torso lean -0.0 deg (+ = back)
standing solve: nnls x in [0.00, 0.70], >0.1: 14 muscles
  top: add_long_l=0.70, tib_ant_r=0.61, tib_ant_l=0.46, ext_dig_r=0.37, glut_min1_l=0.33, pect_l=0.32, glut_min2_l=0.31, ext_dig_l=0.25
Fmax range: 5..3396 N | L range sample: [0.229942 0.326094]
[prune:w2lvar] contact   PUSH     -y -> -25.0  (318.9s)
fitted baseline loaded: e2_pf=0.222 f1_df=0.098 f1_kf=0.148 post_kneext=0.011 post_hipext=0.068 desc_f=1.400 e2_adapt=1.700
start pose (normal): applied 20 coordinates as given; pelvis ty 0.920 m (env override unset); IMU-metric torso lean -0.0 deg (+ = back)
standing solve: nnls x in [0.00, 0.70], >0.1: 14 muscles
  top: add_long_l=0.70, tib_ant_r=0.61, tib_ant_l=0.46, ext_dig_r=0.37, glut_min1_l=0.33, pect_l=0.32, glut_min2_l=0.31, ext_dig_l=0.25
Fmax range: 5..3396 N | L range sample: [0.229942 0.326094]
[prune:w2lvar] ia        WALK        -> -273.52188178789595  (635.6s)
start pose (normal): applied 20 coordinates as given; pelvis ty 0.920 m (env override unset); IMU-metric torso lean -0.0 deg (+ = back)
standing solve: nnls x in [0.00, 0.70], >0.1: 14 muscles
  top: add_long_l=0.70, tib_ant_r=0.61, tib_ant_l=0.46, ext_dig_r=0.37, glut_min1_l=0.33, pect_l=0.32, glut_min2_l=0.31, ext_dig_l=0.25
Fmax range: 5..3396 N | L range sample: [0.229942 0.326094]
[prune:w2lvar] ia        PUSH     -x -> -25.0  (315.2s)
start pose (normal): applied 20 coordinates as given; pelvis ty 0.920 m (env override unset); IMU-metric torso lean -0.0 deg (+ = back)
standing solve: nnls x in [0.00, 0.70], >0.1: 14 muscles
  top: add_long_l=0.70, tib_ant_r=0.61, tib_ant_l=0.46, ext_dig_r=0.37, glut_min1_l=0.33, pect_l=0.32, glut_min2_l=0.31, ext_dig_l=0.25
Fmax range: 5..3396 N | L range sample: [0.229942 0.326094]
t=  1.00 max|qacc|=     530.5 max|qvel|=   2.72 ncon=  0 com_z=1.000 com_x=-0.213
t=  1.50 max|qacc|=     140.3 max|qvel|=   2.64 ncon=  0 com_z=0.953 com_x=-0.189
t=  2.00 max|qacc|=      32.4 max|qvel|=   1.45 ncon=  0 com_z=0.964 com_x=-0.195
t=  2.50 max|qacc|=     168.4 max|qvel|=   1.16 ncon=  0 com_z=0.959 com_x=-0.192
t=  3.00 max|qacc|=     202.8 max|qvel|=   0.70 ncon=  0 com_z=0.959 com_x=-0.191
t=  3.50 max|qacc|=      77.3 max|qvel|=   0.78 ncon=  0 com_z=0.961 com_x=-0.194
t=  4.00 max|qacc|=     190.3 max|qvel|=   1.09 ncon=  0 com_z=0.957 com_x=-0.190
t=  4.50 max|qacc|=     126.4 max|qvel|=   0.35 ncon=  0 com_z=0.961 com_x=-0.193
t=  5.00 max|qacc|=      31.9 max|qvel|=   0.27 ncon=  0 com_z=0.956 com_x=-0.191
t=  5.50 max|qacc|=      39.5 max|qvel|=   0.24 ncon=  0 com_z=0.960 com_x=-0.192
t=  6.00 max|qacc|=      57.9 max|qvel|=   0.20 ncon=  0 com_z=0.957 com_x=-0.191
t=  6.50 max|qacc|=     382.3 max|qvel|=   0.49 ncon=  0 com_z=0.958 com_x=-0.192
t=  7.00 max|qacc|=      83.8 max|qvel|=   0.68 ncon=  0 com_z=0.958 com_x=-0.191
t=  7.50 max|qacc|=      96.9 max|qvel|=   0.31 ncon=  0 com_z=0.958 com_x=-0.192
t=  8.00 max|qacc|=      24.9 max|qvel|=   0.27 ncon=  0 com_z=0.958 com_x=-0.192
t=  8.50 max|qacc|=      10.2 max|qvel|=   0.19 ncon=  0 com_z=0.958 com_x=-0.191
t=  9.00 max|qacc|=      23.5 max|qvel|=   0.30 ncon=  0 com_z=0.958 com_x=-0.192
t=  9.50 max|qacc|=     191.5 max|qvel|=   1.23 ncon=  0 com_z=0.958 com_x=-0.191
t= 10.00 max|qacc|=      64.3 max|qvel|=   0.32 ncon=  0 com_z=0.958 com_x=-0.192
t= 10.50 max|qacc|=     109.4 max|qvel|=   0.50 ncon=  0 com_z=0.958 com_x=-0.192
t= 11.00 max|qacc|=     183.1 max|qvel|=   0.20 ncon=  0 com_z=0.958 com_x=-0.191
t= 11.50 max|qacc|=     432.8 max|qvel|=   0.76 ncon=  0 com_z=0.958 com_x=-0.192
t= 12.00 max|qacc|=     257.7 max|qvel|=   0.28 ncon=  0 com_z=0.958 com_x=-0.192
t= 12.50 max|qacc|=      43.1 max|qvel|=   0.32 ncon=  0 com_z=0.958 com_x=-0.191
t= 13.00 max|qacc|=      97.8 max|qvel|=   0.38 ncon=  0 com_z=0.958 com_x=-0.192
t= 13.50 max|qacc|=     141.1 max|qvel|=   0.21 ncon=  0 com_z=0.958 com_x=-0.192
t= 14.00 max|qacc|=     298.6 max|qvel|=   0.64 ncon=  0 com_z=0.958 com_x=-0.191
t= 14.50 max|qacc|=      36.3 max|qvel|=   0.31 ncon=  0 com_z=0.958 com_x=-0.192
t= 15.00 max|qacc|=     417.7 max|qvel|=   1.01 ncon=  0 com_z=0.958 com_x=-0.191
t= 15.50 max|qacc|=     323.6 max|qvel|=   0.35 ncon=  0 com_z=0.958 com_x=-0.191
t= 16.00 max|qacc|=     465.0 max|qvel|=   0.75 ncon=  0 com_z=0.958 com_x=-0.192
t= 16.50 max|qacc|=      66.9 max|qvel|=   0.24 ncon=  0 com_z=0.958 com_x=-0.191
t= 17.00 max|qacc|=     233.3 max|qvel|=   3.05 ncon=  0 com_z=0.958 com_x=-0.192
t= 17.50 max|qacc|=     302.9 max|qvel|=   0.22 ncon=  0 com_z=0.958 com_x=-0.192
t= 18.00 max|qacc|=     256.4 max|qvel|=   0.27 ncon=  0 com_z=0.958 com_x=-0.191
t= 18.50 max|qacc|=      20.5 max|qvel|=   0.15 ncon=  0 com_z=0.958 com_x=-0.192
t= 19.00 max|qacc|=      92.9 max|qvel|=   0.30 ncon=  0 com_z=0.958 com_x=-0.192
t= 19.50 max|qacc|=      14.4 max|qvel|=   0.23 ncon=  0 com_z=0.958 com_x=-0.191
t= 20.00 max|qacc|=     321.5 max|qvel|=   1.13 ncon=  0 com_z=0.958 com_x=-0.192
t= 20.50 max|qacc|=     128.3 max|qvel|=   1.85 ncon=  0 com_z=0.958 com_x=-0.192
t= 21.00 max|qacc|=      59.9 max|qvel|=   0.75 ncon=  0 com_z=0.958 com_x=-0.191
t= 21.50 max|qacc|=      22.2 max|qvel|=   0.20 ncon=  0 com_z=0.958 com_x=-0.192

== summary ==
pelvis/COM height: start 0.94 m, min 0.93 m, final 0.96 m  (stayed up)
COM x: min -0.21 max -0.11 final -0.19 m
COM y: min -0.040 max -0.002 m
RG_F_r bursts during walk window: 0
peak ctrl: [1.   1.   1.   0.78 0.13 0.79 0.87 1.   0.13 1.   1.   1.   1.   0.62
 0.15 0.79 0.81 1.   0.13 1.  ] (('vas_lat_r', 'med_gas_r', 'soleus_r', 'tib_ant_r', 'psoas_r', 'semimem_r', 'glut_max2_r', 'rect_fem_r', 'sar_r', 'grac_r', 'vas_lat_l', 'med_gas_l', 'soleus_l', 'tib_ant_l', 'psoas_l', 'semimem_l', 'glut_max2_l', 'rect_fem_l', 'sar_l', 'grac_l'))
  hip_flexion_r         24.6 ..    55.5 deg
  knee_angle_r          -3.9 ..    10.2 deg
  ankle_angle_r        -75.1 ..    -1.7 deg
  hip_adduction_r      -20.5 ..     1.1 deg
  subtalar_angle_r      -1.3 ..     0.1 deg
  hip_flexion_l        -16.6 ..    75.1 deg
  knee_angle_l          -8.2 ..    10.9 deg
  ankle_angle_l        -81.1 ..     9.8 deg
  hip_adduction_l      -47.9 ..     2.7 deg
  subtalar_angle_l      -5.5 ..     0.0 deg
  pelvis_tilt           -1.9 ..     1.3 deg
  pelvis_list           -0.5 ..    -0.1 deg
  pelvis_rotation        2.2 ..     2.8 deg
saved spinal_run.npz
(plot skipped: 'PF_E2_r')
[prune:w2lvar] ia        AIRDEAFF    -> -10.320647347135715  (828.1s)
fitted baseline loaded: e2_pf=0.222 f1_df=0.098 f1_kf=0.148 post_kneext=0.011 post_hipext=0.068 desc_f=1.400 e2_adapt=1.700
start pose (normal): applied 20 coordinates as given; pelvis ty 0.920 m (env override unset); IMU-metric torso lean -0.0 deg (+ = back)
standing solve: nnls x in [0.00, 0.70], >0.1: 14 muscles
  top: add_long_l=0.70, tib_ant_r=0.61, tib_ant_l=0.46, ext_dig_r=0.37, glut_min1_l=0.33, pect_l=0.32, glut_min2_l=0.31, ext_dig_l=0.25
Fmax range: 5..3396 N | L range sample: [0.229942 0.326094]
[prune:w2lvar] ii        STAND       -> -25.0  (321.5s)
start pose (normal): applied 20 coordinates as given; pelvis ty 0.920 m (env override unset); IMU-metric torso lean -0.0 deg (+ = back)
standing solve: nnls x in [0.00, 0.70], >0.1: 14 muscles
  top: add_long_l=0.70, tib_ant_r=0.61, tib_ant_l=0.46, ext_dig_r=0.37, glut_min1_l=0.33, pect_l=0.32, glut_min2_l=0.31, ext_dig_l=0.25
Fmax range: 5..3396 N | L range sample: [0.229942 0.326094]
[prune:w2lvar] ii        PUSH     +y -> -25.0  (308.8s)
fitted baseline loaded: e2_pf=0.222 f1_df=0.098 f1_kf=0.148 post_kneext=0.011 post_hipext=0.068 desc_f=1.400 e2_adapt=1.700
start pose (normal): applied 20 coordinates as given; pelvis ty 0.920 m (env override unset); IMU-metric torso lean -0.0 deg (+ = back)
standing solve: nnls x in [0.00, 0.70], >0.1: 14 muscles
  top: add_long_l=0.70, tib_ant_r=0.61, tib_ant_l=0.46, ext_dig_r=0.37, glut_min1_l=0.33, pect_l=0.32, glut_min2_l=0.31, ext_dig_l=0.25
Fmax range: 5..3396 N | L range sample: [0.229942 0.326094]
t=  0.62 precursor: max|qacc|=1.14e+03 max|qvel|=30.3 (dof 55), ncon=0, max ctrl=0.99
t=  0.62 precursor: max|qacc|=1.03e+03 max|qvel|=30.7 (dof 55), ncon=0, max ctrl=0.99
t=  0.63 precursor: max|qacc|=869 max|qvel|=30.9 (dof 55), ncon=0, max ctrl=0.99
t=  0.63 precursor: max|qacc|=665 max|qvel|=31 (dof 55), ncon=0, max ctrl=0.99
t=  0.63 precursor: max|qacc|=426 max|qvel|=30.9 (dof 55), ncon=0, max ctrl=0.99
t=  0.63 precursor: max|qacc|=447 max|qvel|=30.7 (dof 55), ncon=0, max ctrl=0.99
t=  0.63 precursor: max|qacc|=3.76e+03 max|qvel|=30.3 (dof 55), ncon=0, max ctrl=0.99
t=  1.00 max|qacc|=     142.5 max|qvel|=   1.62 ncon=  0 com_z=0.960 com_x=-0.190
t=  1.50 max|qacc|=      41.0 max|qvel|=   1.48 ncon=  0 com_z=0.933 com_x=-0.157
t=  2.00 max|qacc|=      30.3 max|qvel|=   0.62 ncon=  0 com_z=0.949 com_x=-0.181
t=  2.50 max|qacc|=      59.2 max|qvel|=   0.35 ncon=  0 com_z=0.934 com_x=-0.159
t=  3.00 max|qacc|=      40.9 max|qvel|=   0.28 ncon=  0 com_z=0.946 com_x=-0.177
t=  3.50 max|qacc|=     214.7 max|qvel|=   0.87 ncon=  0 com_z=0.936 com_x=-0.162
t=  4.00 max|qacc|=      22.4 max|qvel|=   0.33 ncon=  0 com_z=0.942 com_x=-0.174
t=  4.50 max|qacc|=      32.9 max|qvel|=   0.41 ncon=  0 com_z=0.939 com_x=-0.166
t=  5.00 max|qacc|=      57.2 max|qvel|=   0.37 ncon=  0 com_z=0.940 com_x=-0.170
t=  5.50 max|qacc|=      83.5 max|qvel|=   0.42 ncon=  0 com_z=0.939 com_x=-0.168
t=  6.00 max|qacc|=     122.3 max|qvel|=   0.34 ncon=  0 com_z=0.939 com_x=-0.168
t=  6.50 max|qacc|=      56.0 max|qvel|=   0.29 ncon=  0 com_z=0.939 com_x=-0.169
t=  7.00 max|qacc|=    1162.7 max|qvel|=   1.13 ncon=  0 com_z=0.939 com_x=-0.168
t=  7.50 max|qacc|=     194.9 max|qvel|=   0.27 ncon=  0 com_z=0.940 com_x=-0.169
t=  8.00 max|qacc|=      73.7 max|qvel|=   0.66 ncon=  0 com_z=0.939 com_x=-0.169
t=  8.50 max|qacc|=      44.3 max|qvel|=   0.17 ncon=  0 com_z=0.940 com_x=-0.168
t=  9.00 max|qacc|=      47.7 max|qvel|=   0.26 ncon=  0 com_z=0.939 com_x=-0.169
t=  9.50 max|qacc|=      24.6 max|qvel|=   0.19 ncon=  0 com_z=0.939 com_x=-0.169
t= 10.00 max|qacc|=      29.6 max|qvel|=   0.16 ncon=  0 com_z=0.940 com_x=-0.168
t= 10.50 max|qacc|=      81.4 max|qvel|=   0.67 ncon=  0 com_z=0.939 com_x=-0.169
t= 11.00 max|qacc|=     375.3 max|qvel|=   1.30 ncon=  0 com_z=0.940 com_x=-0.169
t= 11.50 max|qacc|=      80.9 max|qvel|=   0.16 ncon=  0 com_z=0.939 com_x=-0.168
t= 12.00 max|qacc|=     222.2 max|qvel|=   1.72 ncon=  0 com_z=0.939 com_x=-0.169
t= 12.50 max|qacc|=     136.9 max|qvel|=   0.57 ncon=  0 com_z=0.940 com_x=-0.168
t= 13.00 max|qacc|=      58.4 max|qvel|=   0.11 ncon=  0 com_z=0.940 com_x=-0.168
t= 13.50 max|qacc|=      61.5 max|qvel|=   0.37 ncon=  0 com_z=0.939 com_x=-0.169
t= 14.00 max|qacc|=      77.2 max|qvel|=   0.14 ncon=  0 com_z=0.940 com_x=-0.168
t= 14.50 max|qacc|=      24.5 max|qvel|=   0.29 ncon=  0 com_z=0.939 com_x=-0.168
t= 15.00 max|qacc|=     291.8 max|qvel|=   0.27 ncon=  0 com_z=0.939 com_x=-0.169
t= 15.50 max|qacc|=      19.1 max|qvel|=   0.16 ncon=  0 com_z=0.940 com_x=-0.168
t= 16.00 max|qacc|=      97.7 max|qvel|=   0.52 ncon=  0 com_z=0.939 com_x=-0.168
t= 16.50 max|qacc|=     252.6 max|qvel|=   0.67 ncon=  0 com_z=0.939 com_x=-0.169
t= 17.00 max|qacc|=      23.1 max|qvel|=   0.16 ncon=  0 com_z=0.940 com_x=-0.168
t= 17.50 max|qacc|=      55.7 max|qvel|=   0.17 ncon=  0 com_z=0.939 com_x=-0.168
t= 18.00 max|qacc|=      59.3 max|qvel|=   0.24 ncon=  0 com_z=0.939 com_x=-0.169
t= 18.50 max|qacc|=     198.4 max|qvel|=   0.32 ncon=  0 com_z=0.940 com_x=-0.168
t= 19.00 max|qacc|=     247.5 max|qvel|=   0.30 ncon=  0 com_z=0.940 com_x=-0.168
t= 19.50 max|qacc|=     555.9 max|qvel|=   1.62 ncon=  0 com_z=0.939 com_x=-0.169
t= 20.00 max|qacc|=      41.8 max|qvel|=   0.22 ncon=  0 com_z=0.940 com_x=-0.168
t= 20.50 max|qacc|=     246.7 max|qvel|=   0.84 ncon=  0 com_z=0.939 com_x=-0.169
t= 21.00 max|qacc|=     150.5 max|qvel|=   0.17 ncon=  0 com_z=0.939 com_x=-0.169
t= 21.50 max|qacc|=      24.4 max|qvel|=   0.16 ncon=  0 com_z=0.940 com_x=-0.168

== summary ==
pelvis/COM height: start 0.94 m, min 0.93 m, final 0.94 m  (stayed up)
COM x: min -0.20 max -0.11 final -0.17 m
COM y: min -0.028 max +0.004 m
RG_F_r bursts during walk window: 0
peak ctrl: [0.81 0.88 0.89 0.5  0.02 0.76 0.05 0.61 0.01 0.68 0.79 0.9  0.92 0.4
 0.01 0.79 0.11 0.61 0.   0.69] (('vas_lat_r', 'med_gas_r', 'soleus_r', 'tib_ant_r', 'psoas_r', 'semimem_r', 'glut_max2_r', 'rect_fem_r', 'sar_r', 'grac_r', 'vas_lat_l', 'med_gas_l', 'soleus_l', 'tib_ant_l', 'psoas_l', 'semimem_l', 'glut_max2_l', 'rect_fem_l', 'sar_l', 'grac_l'))
  hip_flexion_r         24.6 ..    35.6 deg
  knee_angle_r          -3.9 ..    10.4 deg
  ankle_angle_r        -73.5 ..    -1.7 deg
  hip_adduction_r       -0.8 ..     1.2 deg
  subtalar_angle_r     -12.4 ..     0.0 deg
  hip_flexion_l        -16.6 ..    56.1 deg
  knee_angle_l          -8.2 ..    10.7 deg
  ankle_angle_l        -78.9 ..     9.8 deg
  hip_adduction_l      -15.1 ..    10.0 deg
  subtalar_angle_l     -15.9 ..     0.0 deg
  pelvis_tilt           -1.9 ..     0.6 deg
  pelvis_list           -0.6 ..     0.0 deg
  pelvis_rotation        2.2 ..     2.7 deg
saved spinal_run.npz
(plot skipped: 'PF_E2_r')
[prune:w2lvar] ib        AIR         -> -10.38709283632957  (695.4s)
start pose (normal): applied 20 coordinates as given; pelvis ty 0.920 m (env override unset); IMU-metric torso lean -0.0 deg (+ = back)
standing solve: nnls x in [0.00, 0.70], >0.1: 14 muscles
  top: add_long_l=0.70, tib_ant_r=0.61, tib_ant_l=0.46, ext_dig_r=0.37, glut_min1_l=0.33, pect_l=0.32, glut_min2_l=0.31, ext_dig_l=0.25
Fmax range: 5..3396 N | L range sample: [0.229942 0.326094]
[prune:w2lvar] ib        PUSH     +x -> -25.0  (246.5s)
start pose (normal): applied 20 coordinates as given; pelvis ty 0.920 m (env override unset); IMU-metric torso lean -0.0 deg (+ = back)
standing solve: nnls x in [0.00, 0.70], >0.1: 14 muscles
  top: add_long_l=0.70, tib_ant_r=0.61, tib_ant_l=0.46, ext_dig_r=0.37, glut_min1_l=0.33, pect_l=0.32, glut_min2_l=0.31, ext_dig_l=0.25
Fmax range: 5..3396 N | L range sample: [0.229942 0.326094]
[prune:w2lvar] ib        PUSH     -y -> -25.0  (209.9s)
fitted baseline loaded: e2_pf=0.222 f1_df=0.098 f1_kf=0.148 post_kneext=0.011 post_hipext=0.068 desc_f=1.400 e2_adapt=1.700
start pose (normal): applied 20 coordinates as given; pelvis ty 0.920 m (env override unset); IMU-metric torso lean -0.0 deg (+ = back)
standing solve: nnls x in [0.00, 0.70], >0.1: 14 muscles
  top: add_long_l=0.70, tib_ant_r=0.61, tib_ant_l=0.46, ext_dig_r=0.37, glut_min1_l=0.33, pect_l=0.32, glut_min2_l=0.31, ext_dig_l=0.25
Fmax range: 5..3396 N | L range sample: [0.229942 0.326094]
[prune:w2lvar] renshaw   WALK        -> -142.36718377919604  (414.1s)
start pose (normal): applied 20 coordinates as given; pelvis ty 0.920 m (env override unset); IMU-metric torso lean -0.0 deg (+ = back)
standing solve: nnls x in [0.00, 0.70], >0.1: 14 muscles
  top: add_long_l=0.70, tib_ant_r=0.61, tib_ant_l=0.46, ext_dig_r=0.37, glut_min1_l=0.33, pect_l=0.32, glut_min2_l=0.31, ext_dig_l=0.25
Fmax range: 5..3396 N | L range sample: [0.229942 0.326094]
[prune:w2lvar] renshaw   PUSH     -x -> -25.0  (206.6s)
start pose (normal): applied 20 coordinates as given; pelvis ty 0.920 m (env override unset); IMU-metric torso lean -0.0 deg (+ = back)
standing solve: nnls x in [0.00, 0.70], >0.1: 14 muscles
  top: add_long_l=0.70, tib_ant_r=0.61, tib_ant_l=0.46, ext_dig_r=0.37, glut_min1_l=0.33, pect_l=0.32, glut_min2_l=0.31, ext_dig_l=0.25
Fmax range: 5..3396 N | L range sample: [0.229942 0.326094]
t=  1.00 max|qacc|=     530.4 max|qvel|=   2.73 ncon=  0 com_z=1.000 com_x=-0.213
t=  1.50 max|qacc|=      20.8 max|qvel|=   2.64 ncon=  0 com_z=0.953 com_x=-0.189
t=  2.00 max|qacc|=      29.0 max|qvel|=   1.46 ncon=  0 com_z=0.964 com_x=-0.196
t=  2.50 max|qacc|=      82.4 max|qvel|=   1.14 ncon=  0 com_z=0.959 com_x=-0.192
t=  3.00 max|qacc|=     180.2 max|qvel|=   0.73 ncon=  0 com_z=0.959 com_x=-0.191
t=  3.50 max|qacc|=     182.8 max|qvel|=   0.58 ncon=  0 com_z=0.960 com_x=-0.194
t=  4.00 max|qacc|=      55.5 max|qvel|=   0.55 ncon=  0 com_z=0.957 com_x=-0.190
t=  4.50 max|qacc|=      89.8 max|qvel|=   0.28 ncon=  0 com_z=0.960 com_x=-0.193
t=  5.00 max|qacc|=     384.6 max|qvel|=   0.45 ncon=  0 com_z=0.957 com_x=-0.191
t=  5.50 max|qacc|=     701.0 max|qvel|=   0.60 ncon=  0 com_z=0.960 com_x=-0.192
t=  6.00 max|qacc|=      49.0 max|qvel|=   0.31 ncon=  0 com_z=0.957 com_x=-0.191
t=  6.50 max|qacc|=     146.1 max|qvel|=   0.65 ncon=  0 com_z=0.958 com_x=-0.192
t=  7.00 max|qacc|=      29.6 max|qvel|=   0.19 ncon=  0 com_z=0.958 com_x=-0.191
t=  7.50 max|qacc|=      24.9 max|qvel|=   0.19 ncon=  0 com_z=0.958 com_x=-0.192
t=  8.00 max|qacc|=      77.3 max|qvel|=   0.28 ncon=  0 com_z=0.958 com_x=-0.192
t=  8.50 max|qacc|=      74.1 max|qvel|=   0.21 ncon=  0 com_z=0.958 com_x=-0.191
t=  9.00 max|qacc|=    1251.4 max|qvel|=   1.66 ncon=  0 com_z=0.958 com_x=-0.192
t=  9.50 max|qacc|=     135.1 max|qvel|=   2.58 ncon=  0 com_z=0.958 com_x=-0.192
t= 10.00 max|qacc|=     157.9 max|qvel|=   0.73 ncon=  0 com_z=0.958 com_x=-0.191
t= 10.50 max|qacc|=     101.1 max|qvel|=   0.30 ncon=  0 com_z=0.958 com_x=-0.192
t= 11.00 max|qacc|=     118.0 max|qvel|=   0.28 ncon=  0 com_z=0.958 com_x=-0.192
t= 11.50 max|qacc|=     379.4 max|qvel|=   2.37 ncon=  0 com_z=0.958 com_x=-0.191
t= 12.00 max|qacc|=      73.1 max|qvel|=   0.23 ncon=  0 com_z=0.958 com_x=-0.192
t= 12.50 max|qacc|=      69.8 max|qvel|=   0.18 ncon=  0 com_z=0.959 com_x=-0.192
t= 13.00 max|qacc|=     102.9 max|qvel|=   0.56 ncon=  0 com_z=0.958 com_x=-0.191
t= 13.50 max|qacc|=      55.8 max|qvel|=   0.34 ncon=  0 com_z=0.958 com_x=-0.193
t= 14.00 max|qacc|=      47.1 max|qvel|=   0.36 ncon=  0 com_z=0.958 com_x=-0.191
t= 14.50 max|qacc|=      62.3 max|qvel|=   0.54 ncon=  0 com_z=0.958 com_x=-0.192
t= 15.00 max|qacc|=    1047.4 max|qvel|=   1.12 ncon=  0 com_z=0.958 com_x=-0.192
t= 15.50 max|qacc|=     166.3 max|qvel|=   0.24 ncon=  0 com_z=0.958 com_x=-0.191
t= 16.00 max|qacc|=      16.4 max|qvel|=   0.14 ncon=  0 com_z=0.958 com_x=-0.192
t= 16.50 max|qacc|=      46.3 max|qvel|=   0.43 ncon=  0 com_z=0.958 com_x=-0.192
t= 17.00 max|qacc|=     537.8 max|qvel|=   1.45 ncon=  0 com_z=0.958 com_x=-0.191
t= 17.50 max|qacc|=     563.0 max|qvel|=   3.10 ncon=  0 com_z=0.958 com_x=-0.192
t= 18.00 max|qacc|=      84.0 max|qvel|=   0.20 ncon=  0 com_z=0.958 com_x=-0.191
t= 18.50 max|qacc|=      59.1 max|qvel|=   0.14 ncon=  0 com_z=0.958 com_x=-0.191
t= 19.00 max|qacc|=      62.9 max|qvel|=   0.79 ncon=  0 com_z=0.958 com_x=-0.192
t= 19.50 max|qacc|=     273.7 max|qvel|=   0.27 ncon=  0 com_z=0.958 com_x=-0.191
t= 20.00 max|qacc|=      44.6 max|qvel|=   0.35 ncon=  0 com_z=0.958 com_x=-0.192
t= 20.50 max|qacc|=      20.5 max|qvel|=   0.24 ncon=  0 com_z=0.958 com_x=-0.192
t= 21.00 max|qacc|=     343.1 max|qvel|=   0.68 ncon=  0 com_z=0.958 com_x=-0.191
t= 21.50 max|qacc|=     353.9 max|qvel|=   0.53 ncon=  0 com_z=0.958 com_x=-0.191

== summary ==
pelvis/COM height: start 0.94 m, min 0.93 m, final 0.96 m  (stayed up)
COM x: min -0.21 max -0.11 final -0.19 m
COM y: min -0.040 max -0.002 m
RG_F_r bursts during walk window: 0
peak ctrl: [1.   1.   1.   0.78 0.13 0.79 0.87 1.   0.13 1.   1.   1.   1.   0.62
 0.15 0.79 0.81 1.   0.13 1.  ] (('vas_lat_r', 'med_gas_r', 'soleus_r', 'tib_ant_r', 'psoas_r', 'semimem_r', 'glut_max2_r', 'rect_fem_r', 'sar_r', 'grac_r', 'vas_lat_l', 'med_gas_l', 'soleus_l', 'tib_ant_l', 'psoas_l', 'semimem_l', 'glut_max2_l', 'rect_fem_l', 'sar_l', 'grac_l'))
  hip_flexion_r         24.6 ..    55.5 deg
  knee_angle_r          -3.9 ..    10.2 deg
  ankle_angle_r        -75.1 ..    -1.7 deg
  hip_adduction_r      -20.5 ..     1.1 deg
  subtalar_angle_r      -1.3 ..     0.1 deg
  hip_flexion_l        -16.6 ..    75.1 deg
  knee_angle_l          -8.2 ..    10.9 deg
  ankle_angle_l        -81.1 ..     9.8 deg
  hip_adduction_l      -47.9 ..     2.7 deg
  subtalar_angle_l      -5.5 ..     0.0 deg
  pelvis_tilt           -1.9 ..     1.3 deg
  pelvis_list           -0.5 ..    -0.1 deg
  pelvis_rotation        2.2 ..     2.8 deg
saved spinal_run.npz
(plot skipped: 'PF_E2_r')
[prune:w2lvar] renshaw   AIRDEAFF    -> -10.268013651041779  (542.4s)
fitted baseline loaded: e2_pf=0.222 f1_df=0.098 f1_kf=0.148 post_kneext=0.011 post_hipext=0.068 desc_f=1.400 e2_adapt=1.700
start pose (normal): applied 20 coordinates as given; pelvis ty 0.920 m (env override unset); IMU-metric torso lean -0.0 deg (+ = back)
standing solve: nnls x in [0.00, 0.70], >0.1: 14 muscles
  top: add_long_l=0.70, tib_ant_r=0.61, tib_ant_l=0.46, ext_dig_r=0.37, glut_min1_l=0.33, pect_l=0.32, glut_min2_l=0.31, ext_dig_l=0.25
Fmax range: 5..3396 N | L range sample: [0.229942 0.326094]
[prune:w2lvar] rgweak    STAND       -> -25.0  (188.7s)
start pose (normal): applied 20 coordinates as given; pelvis ty 0.920 m (env override unset); IMU-metric torso lean -0.0 deg (+ = back)
standing solve: nnls x in [0.00, 0.70], >0.1: 14 muscles
  top: add_long_l=0.70, tib_ant_r=0.61, tib_ant_l=0.46, ext_dig_r=0.37, glut_min1_l=0.33, pect_l=0.32, glut_min2_l=0.31, ext_dig_l=0.25
Fmax range: 5..3396 N | L range sample: [0.229942 0.326094]
[prune:w2lvar] rgweak    PUSH     +y -> -25.0  (106.8s)
[prune:w2lvar] shard 0 done
