[prune:w2lvar] shard 2/3: 24 cells, 0 already done
fitted baseline loaded: e2_pf=0.222 f1_df=0.098 f1_kf=0.148 post_kneext=0.011 post_hipext=0.068 desc_f=1.400 e2_adapt=1.700
start pose (normal): applied 20 coordinates as given; pelvis ty 0.920 m (env override unset); IMU-metric torso lean -0.0 deg (+ = back)
standing solve: nnls x in [0.00, 0.70], >0.1: 14 muscles
  top: add_long_l=0.70, tib_ant_r=0.61, tib_ant_l=0.46, ext_dig_r=0.37, glut_min1_l=0.33, pect_l=0.32, glut_min2_l=0.31, ext_dig_l=0.25
Fmax range: 5..3396 N | L range sample: [0.229942 0.326094]
[prune:w2lvar] full      STAND       -> -25.0  (294.4s)
start pose (normal): applied 20 coordinates as given; pelvis ty 0.920 m (env override unset); IMU-metric torso lean -0.0 deg (+ = back)
standing solve: nnls x in [0.00, 0.70], >0.1: 14 muscles
  top: add_long_l=0.70, tib_ant_r=0.61, tib_ant_l=0.46, ext_dig_r=0.37, glut_min1_l=0.33, pect_l=0.32, glut_min2_l=0.31, ext_dig_l=0.25
Fmax range: 5..3396 N | L range sample: [0.229942 0.326094]
[prune:w2lvar] full      PUSH     +y -> -25.0  (306.1s)
fitted baseline loaded: e2_pf=0.222 f1_df=0.098 f1_kf=0.148 post_kneext=0.011 post_hipext=0.068 desc_f=1.400 e2_adapt=1.700
start pose (normal): applied 20 coordinates as given; pelvis ty 0.920 m (env override unset); IMU-metric torso lean -0.0 deg (+ = back)
standing solve: nnls x in [0.00, 0.70], >0.1: 14 muscles
  top: add_long_l=0.70, tib_ant_r=0.61, tib_ant_l=0.46, ext_dig_r=0.37, glut_min1_l=0.33, pect_l=0.32, glut_min2_l=0.31, ext_dig_l=0.25
Fmax range: 5..3396 N | L range sample: [0.229942 0.326094]
t=  1.00 max|qacc|=     161.5 max|qvel|=   2.36 ncon=  0 com_z=1.000 com_x=-0.213
t=  1.50 max|qacc|=     114.7 max|qvel|=   2.62 ncon=  0 com_z=0.953 com_x=-0.189
t=  2.00 max|qacc|=      20.2 max|qvel|=   1.45 ncon=  0 com_z=0.965 com_x=-0.195
t=  2.50 max|qacc|=      70.8 max|qvel|=   1.20 ncon=  0 com_z=0.959 com_x=-0.192
t=  3.00 max|qacc|=     100.7 max|qvel|=   0.76 ncon=  0 com_z=0.959 com_x=-0.191
t=  3.50 max|qacc|=     218.2 max|qvel|=   0.54 ncon=  0 com_z=0.961 com_x=-0.194
t=  4.00 max|qacc|=      24.1 max|qvel|=   0.43 ncon=  0 com_z=0.957 com_x=-0.190
t=  4.50 max|qacc|=      37.8 max|qvel|=   0.50 ncon=  0 com_z=0.961 com_x=-0.193
t=  5.00 max|qacc|=     141.8 max|qvel|=   0.50 ncon=  0 com_z=0.956 com_x=-0.191
t=  5.50 max|qacc|=      83.0 max|qvel|=   0.49 ncon=  0 com_z=0.959 com_x=-0.192
t=  6.00 max|qacc|=      96.7 max|qvel|=   0.49 ncon=  0 com_z=0.957 com_x=-0.191
t=  6.50 max|qacc|=     205.4 max|qvel|=   1.29 ncon=  0 com_z=0.959 com_x=-0.192
t=  7.00 max|qacc|=     544.2 max|qvel|=   1.70 ncon=  0 com_z=0.958 com_x=-0.191
t=  7.50 max|qacc|=      83.7 max|qvel|=   0.82 ncon=  0 com_z=0.958 com_x=-0.192
t=  8.00 max|qacc|=     115.3 max|qvel|=   2.29 ncon=  0 com_z=0.959 com_x=-0.191
t=  8.50 max|qacc|=     127.2 max|qvel|=   0.18 ncon=  0 com_z=0.958 com_x=-0.191
t=  9.00 max|qacc|=     240.3 max|qvel|=   0.26 ncon=  0 com_z=0.958 com_x=-0.192
t=  9.50 max|qacc|=      53.5 max|qvel|=   0.24 ncon=  0 com_z=0.958 com_x=-0.191
t= 10.00 max|qacc|=      73.7 max|qvel|=   0.24 ncon=  0 com_z=0.958 com_x=-0.192
t= 10.50 max|qacc|=     174.9 max|qvel|=   0.32 ncon=  0 com_z=0.958 com_x=-0.192
t= 11.00 max|qacc|=     274.8 max|qvel|=   0.60 ncon=  0 com_z=0.958 com_x=-0.191
t= 11.50 max|qacc|=     592.4 max|qvel|=   0.21 ncon=  0 com_z=0.958 com_x=-0.192
t= 12.00 max|qacc|=     349.5 max|qvel|=   0.35 ncon=  0 com_z=0.958 com_x=-0.192
t= 12.50 max|qacc|=      22.4 max|qvel|=   0.23 ncon=  0 com_z=0.958 com_x=-0.191
t= 13.00 max|qacc|=      37.0 max|qvel|=   0.46 ncon=  0 com_z=0.958 com_x=-0.192
t= 13.50 max|qacc|=     202.0 max|qvel|=   0.40 ncon=  0 com_z=0.958 com_x=-0.192
t= 14.00 max|qacc|=     335.8 max|qvel|=   0.38 ncon=  0 com_z=0.958 com_x=-0.191
t= 14.50 max|qacc|=     170.1 max|qvel|=   0.60 ncon=  0 com_z=0.958 com_x=-0.192
t= 15.00 max|qacc|=     122.9 max|qvel|=   0.49 ncon=  0 com_z=0.958 com_x=-0.191
t= 15.50 max|qacc|=      53.9 max|qvel|=   0.34 ncon=  0 com_z=0.958 com_x=-0.191
t= 16.00 max|qacc|=      72.6 max|qvel|=   0.23 ncon=  0 com_z=0.958 com_x=-0.192
t= 16.50 max|qacc|=     102.6 max|qvel|=   0.94 ncon=  0 com_z=0.958 com_x=-0.191
t= 17.00 max|qacc|=      55.3 max|qvel|=   0.37 ncon=  0 com_z=0.958 com_x=-0.191
t= 17.50 max|qacc|=      38.5 max|qvel|=   0.24 ncon=  0 com_z=0.958 com_x=-0.192
t= 18.00 max|qacc|=     165.5 max|qvel|=   0.23 ncon=  0 com_z=0.958 com_x=-0.191
t= 18.50 max|qacc|=    1784.2 max|qvel|=   1.48 ncon=  0 com_z=0.958 com_x=-0.192
t= 19.00 max|qacc|=     507.7 max|qvel|=   2.15 ncon=  0 com_z=0.958 com_x=-0.192
t= 19.50 max|qacc|=      45.9 max|qvel|=   0.20 ncon=  0 com_z=0.958 com_x=-0.191
t= 20.00 max|qacc|=     127.2 max|qvel|=   0.19 ncon=  0 com_z=0.958 com_x=-0.192
t= 20.50 max|qacc|=    1028.4 max|qvel|=   1.34 ncon=  0 com_z=0.958 com_x=-0.192
t= 21.00 max|qacc|=      37.2 max|qvel|=   0.22 ncon=  0 com_z=0.958 com_x=-0.191
t= 21.50 max|qacc|=     116.8 max|qvel|=   0.23 ncon=  0 com_z=0.958 com_x=-0.192

== summary ==
pelvis/COM height: start 0.94 m, min 0.93 m, final 0.96 m  (stayed up)
COM x: min -0.21 max -0.11 final -0.19 m
COM y: min -0.039 max -0.002 m
RG_F_r bursts during walk window: 0
peak ctrl: [1.   1.   1.   0.78 0.13 0.79 0.87 1.   0.13 1.   1.   1.   1.   0.62
 0.15 0.79 0.81 1.   0.13 1.  ] (('vas_lat_r', 'med_gas_r', 'soleus_r', 'tib_ant_r', 'psoas_r', 'semimem_r', 'glut_max2_r', 'rect_fem_r', 'sar_r', 'grac_r', 'vas_lat_l', 'med_gas_l', 'soleus_l', 'tib_ant_l', 'psoas_l', 'semimem_l', 'glut_max2_l', 'rect_fem_l', 'sar_l', 'grac_l'))
  hip_flexion_r         24.6 ..    55.8 deg
  knee_angle_r          -3.9 ..    10.2 deg
  ankle_angle_r        -75.2 ..    -1.7 deg
  hip_adduction_r      -20.5 ..     1.1 deg
  subtalar_angle_r      -1.4 ..     0.1 deg
  hip_flexion_l        -16.6 ..    74.8 deg
  knee_angle_l          -8.2 ..    10.9 deg
  ankle_angle_l        -80.0 ..     9.8 deg
  hip_adduction_l      -47.6 ..     2.7 deg
  subtalar_angle_l      -5.5 ..     0.0 deg
  pelvis_tilt           -1.9 ..     1.3 deg
  pelvis_list           -0.5 ..    -0.1 deg
  pelvis_rotation        2.2 ..     2.8 deg
saved spinal_run.npz
(plot skipped: 'PF_E2_r')
[prune:w2lvar] noaff     AIR         -> -10.32915113075276  (840.4s)
start pose (normal): applied 20 coordinates as given; pelvis ty 0.920 m (env override unset); IMU-metric torso lean -0.0 deg (+ = back)
standing solve: nnls x in [0.00, 0.70], >0.1: 14 muscles
  top: add_long_l=0.70, tib_ant_r=0.61, tib_ant_l=0.46, ext_dig_r=0.37, glut_min1_l=0.33, pect_l=0.32, glut_min2_l=0.31, ext_dig_l=0.25
Fmax range: 5..3396 N | L range sample: [0.229942 0.326094]
[prune:w2lvar] noaff     PUSH     +x -> -25.0  (311.7s)
start pose (normal): applied 20 coordinates as given; pelvis ty 0.920 m (env override unset); IMU-metric torso lean -0.0 deg (+ = back)
standing solve: nnls x in [0.00, 0.70], >0.1: 14 muscles
  top: add_long_l=0.70, tib_ant_r=0.61, tib_ant_l=0.46, ext_dig_r=0.37, glut_min1_l=0.33, pect_l=0.32, glut_min2_l=0.31, ext_dig_l=0.25
Fmax range: 5..3396 N | L range sample: [0.229942 0.326094]
[prune:w2lvar] noaff     PUSH     -y -> -25.0  (311.5s)
fitted baseline loaded: e2_pf=0.222 f1_df=0.098 f1_kf=0.148 post_kneext=0.011 post_hipext=0.068 desc_f=1.400 e2_adapt=1.700
start pose (normal): applied 20 coordinates as given; pelvis ty 0.920 m (env override unset); IMU-metric torso lean -0.0 deg (+ = back)
standing solve: nnls x in [0.00, 0.70], >0.1: 14 muscles
  top: add_long_l=0.70, tib_ant_r=0.61, tib_ant_l=0.46, ext_dig_r=0.37, glut_min1_l=0.33, pect_l=0.32, glut_min2_l=0.31, ext_dig_l=0.25
Fmax range: 5..3396 N | L range sample: [0.229942 0.326094]
[prune:w2lvar] interleg  WALK        -> -191.2127113557456  (624.1s)
start pose (normal): applied 20 coordinates as given; pelvis ty 0.920 m (env override unset); IMU-metric torso lean -0.0 deg (+ = back)
standing solve: nnls x in [0.00, 0.70], >0.1: 14 muscles
  top: add_long_l=0.70, tib_ant_r=0.61, tib_ant_l=0.46, ext_dig_r=0.37, glut_min1_l=0.33, pect_l=0.32, glut_min2_l=0.31, ext_dig_l=0.25
Fmax range: 5..3396 N | L range sample: [0.229942 0.326094]
[prune:w2lvar] interleg  PUSH     -x -> -25.0  (314.4s)
start pose (normal): applied 20 coordinates as given; pelvis ty 0.920 m (env override unset); IMU-metric torso lean -0.0 deg (+ = back)
standing solve: nnls x in [0.00, 0.70], >0.1: 14 muscles
  top: add_long_l=0.70, tib_ant_r=0.61, tib_ant_l=0.46, ext_dig_r=0.37, glut_min1_l=0.33, pect_l=0.32, glut_min2_l=0.31, ext_dig_l=0.25
Fmax range: 5..3396 N | L range sample: [0.229942 0.326094]
t=  1.00 max|qacc|=     530.4 max|qvel|=   2.73 ncon=  0 com_z=1.000 com_x=-0.213
t=  1.50 max|qacc|=      20.8 max|qvel|=   2.64 ncon=  0 com_z=0.953 com_x=-0.189
t=  2.00 max|qacc|=      29.0 max|qvel|=   1.46 ncon=  0 com_z=0.964 com_x=-0.196
t=  2.50 max|qacc|=      82.4 max|qvel|=   1.14 ncon=  0 com_z=0.959 com_x=-0.192
t=  3.00 max|qacc|=     180.2 max|qvel|=   0.73 ncon=  0 com_z=0.959 com_x=-0.191
t=  3.50 max|qacc|=     182.8 max|qvel|=   0.58 ncon=  0 com_z=0.960 com_x=-0.194
t=  4.00 max|qacc|=      55.5 max|qvel|=   0.55 ncon=  0 com_z=0.957 com_x=-0.190
t=  4.50 max|qacc|=      89.8 max|qvel|=   0.28 ncon=  0 com_z=0.960 com_x=-0.193
t=  5.00 max|qacc|=     384.6 max|qvel|=   0.45 ncon=  0 com_z=0.957 com_x=-0.191
t=  5.50 max|qacc|=     701.0 max|qvel|=   0.60 ncon=  0 com_z=0.960 com_x=-0.192
t=  6.00 max|qacc|=      49.0 max|qvel|=   0.31 ncon=  0 com_z=0.957 com_x=-0.191
t=  6.50 max|qacc|=     146.1 max|qvel|=   0.65 ncon=  0 com_z=0.958 com_x=-0.192
t=  7.00 max|qacc|=      29.6 max|qvel|=   0.19 ncon=  0 com_z=0.958 com_x=-0.191
t=  7.50 max|qacc|=      24.9 max|qvel|=   0.19 ncon=  0 com_z=0.958 com_x=-0.192
t=  8.00 max|qacc|=      77.3 max|qvel|=   0.28 ncon=  0 com_z=0.958 com_x=-0.192
t=  8.50 max|qacc|=      74.1 max|qvel|=   0.21 ncon=  0 com_z=0.958 com_x=-0.191
t=  9.00 max|qacc|=    1251.4 max|qvel|=   1.66 ncon=  0 com_z=0.958 com_x=-0.192
t=  9.50 max|qacc|=     135.1 max|qvel|=   2.58 ncon=  0 com_z=0.958 com_x=-0.192
t= 10.00 max|qacc|=     157.9 max|qvel|=   0.73 ncon=  0 com_z=0.958 com_x=-0.191
t= 10.50 max|qacc|=     101.1 max|qvel|=   0.30 ncon=  0 com_z=0.958 com_x=-0.192
t= 11.00 max|qacc|=     118.0 max|qvel|=   0.28 ncon=  0 com_z=0.958 com_x=-0.192
t= 11.50 max|qacc|=     379.4 max|qvel|=   2.37 ncon=  0 com_z=0.958 com_x=-0.191
t= 12.00 max|qacc|=      73.1 max|qvel|=   0.23 ncon=  0 com_z=0.958 com_x=-0.192
t= 12.50 max|qacc|=      69.8 max|qvel|=   0.18 ncon=  0 com_z=0.959 com_x=-0.192
t= 13.00 max|qacc|=     102.9 max|qvel|=   0.56 ncon=  0 com_z=0.958 com_x=-0.191
t= 13.50 max|qacc|=      55.8 max|qvel|=   0.34 ncon=  0 com_z=0.958 com_x=-0.193
t= 14.00 max|qacc|=      47.1 max|qvel|=   0.36 ncon=  0 com_z=0.958 com_x=-0.191
t= 14.50 max|qacc|=      62.3 max|qvel|=   0.54 ncon=  0 com_z=0.958 com_x=-0.192
t= 15.00 max|qacc|=    1047.4 max|qvel|=   1.12 ncon=  0 com_z=0.958 com_x=-0.192
t= 15.50 max|qacc|=     166.3 max|qvel|=   0.24 ncon=  0 com_z=0.958 com_x=-0.191
t= 16.00 max|qacc|=      16.4 max|qvel|=   0.14 ncon=  0 com_z=0.958 com_x=-0.192
t= 16.50 max|qacc|=      46.3 max|qvel|=   0.43 ncon=  0 com_z=0.958 com_x=-0.192
t= 17.00 max|qacc|=     537.8 max|qvel|=   1.45 ncon=  0 com_z=0.958 com_x=-0.191
t= 17.50 max|qacc|=     563.0 max|qvel|=   3.10 ncon=  0 com_z=0.958 com_x=-0.192
t= 18.00 max|qacc|=      84.0 max|qvel|=   0.20 ncon=  0 com_z=0.958 com_x=-0.191
t= 18.50 max|qacc|=      59.1 max|qvel|=   0.14 ncon=  0 com_z=0.958 com_x=-0.191
t= 19.00 max|qacc|=      62.9 max|qvel|=   0.79 ncon=  0 com_z=0.958 com_x=-0.192
t= 19.50 max|qacc|=     273.7 max|qvel|=   0.27 ncon=  0 com_z=0.958 com_x=-0.191
t= 20.00 max|qacc|=      44.6 max|qvel|=   0.35 ncon=  0 com_z=0.958 com_x=-0.192
t= 20.50 max|qacc|=      20.5 max|qvel|=   0.24 ncon=  0 com_z=0.958 com_x=-0.192
t= 21.00 max|qacc|=     343.1 max|qvel|=   0.68 ncon=  0 com_z=0.958 com_x=-0.191
t= 21.50 max|qacc|=     353.9 max|qvel|=   0.53 ncon=  0 com_z=0.958 com_x=-0.191

== summary ==
pelvis/COM height: start 0.94 m, min 0.93 m, final 0.96 m  (stayed up)
COM x: min -0.21 max -0.11 final -0.19 m
COM y: min -0.040 max -0.002 m
RG_F_r bursts during walk window: 0
peak ctrl: [1.   1.   1.   0.78 0.13 0.79 0.87 1.   0.13 1.   1.   1.   1.   0.62
 0.15 0.79 0.81 1.   0.13 1.  ] (('vas_lat_r', 'med_gas_r', 'soleus_r', 'tib_ant_r', 'psoas_r', 'semimem_r', 'glut_max2_r', 'rect_fem_r', 'sar_r', 'grac_r', 'vas_lat_l', 'med_gas_l', 'soleus_l', 'tib_ant_l', 'psoas_l', 'semimem_l', 'glut_max2_l', 'rect_fem_l', 'sar_l', 'grac_l'))
  hip_flexion_r         24.6 ..    55.5 deg
  knee_angle_r          -3.9 ..    10.2 deg
  ankle_angle_r        -75.1 ..    -1.7 deg
  hip_adduction_r      -20.5 ..     1.1 deg
  subtalar_angle_r      -1.3 ..     0.1 deg
  hip_flexion_l        -16.6 ..    75.1 deg
  knee_angle_l          -8.2 ..    10.9 deg
  ankle_angle_l        -81.1 ..     9.8 deg
  hip_adduction_l      -47.9 ..     2.7 deg
  subtalar_angle_l      -5.5 ..     0.0 deg
  pelvis_tilt           -1.9 ..     1.3 deg
  pelvis_list           -0.5 ..    -0.1 deg
  pelvis_rotation        2.2 ..     2.8 deg
saved spinal_run.npz
(plot skipped: 'PF_E2_r')
[prune:w2lvar] interleg  AIRDEAFF    -> -10.268013651041779  (823.9s)
fitted baseline loaded: e2_pf=0.222 f1_df=0.098 f1_kf=0.148 post_kneext=0.011 post_hipext=0.068 desc_f=1.400 e2_adapt=1.700
start pose (normal): applied 20 coordinates as given; pelvis ty 0.920 m (env override unset); IMU-metric torso lean -0.0 deg (+ = back)
standing solve: nnls x in [0.00, 0.70], >0.1: 14 muscles
  top: add_long_l=0.70, tib_ant_r=0.61, tib_ant_l=0.46, ext_dig_r=0.37, glut_min1_l=0.33, pect_l=0.32, glut_min2_l=0.31, ext_dig_l=0.25
Fmax range: 5..3396 N | L range sample: [0.229942 0.326094]
[prune:w2lvar] contact   STAND       -> -25.0  (316.8s)
start pose (normal): applied 20 coordinates as given; pelvis ty 0.920 m (env override unset); IMU-metric torso lean -0.0 deg (+ = back)
standing solve: nnls x in [0.00, 0.70], >0.1: 14 muscles
  top: add_long_l=0.70, tib_ant_r=0.61, tib_ant_l=0.46, ext_dig_r=0.37, glut_min1_l=0.33, pect_l=0.32, glut_min2_l=0.31, ext_dig_l=0.25
Fmax range: 5..3396 N | L range sample: [0.229942 0.326094]
[prune:w2lvar] contact   PUSH     +y -> -25.0  (316.1s)
fitted baseline loaded: e2_pf=0.222 f1_df=0.098 f1_kf=0.148 post_kneext=0.011 post_hipext=0.068 desc_f=1.400 e2_adapt=1.700
start pose (normal): applied 20 coordinates as given; pelvis ty 0.920 m (env override unset); IMU-metric torso lean -0.0 deg (+ = back)
standing solve: nnls x in [0.00, 0.70], >0.1: 14 muscles
  top: add_long_l=0.70, tib_ant_r=0.61, tib_ant_l=0.46, ext_dig_r=0.37, glut_min1_l=0.33, pect_l=0.32, glut_min2_l=0.31, ext_dig_l=0.25
Fmax range: 5..3396 N | L range sample: [0.229942 0.326094]
t=  1.00 max|qacc|=     122.2 max|qvel|=   2.18 ncon=  0 com_z=0.991 com_x=-0.206
t=  1.50 max|qacc|=      52.6 max|qvel|=   2.51 ncon=  0 com_z=0.952 com_x=-0.186
t=  2.00 max|qacc|=      89.0 max|qvel|=   1.31 ncon=  0 com_z=0.958 com_x=-0.188
t=  2.50 max|qacc|=      18.7 max|qvel|=   1.03 ncon=  0 com_z=0.957 com_x=-0.189
t=  3.00 max|qacc|=     111.1 max|qvel|=   0.64 ncon=  0 com_z=0.953 com_x=-0.184
t=  3.50 max|qacc|=      79.7 max|qvel|=   0.43 ncon=  0 com_z=0.957 com_x=-0.190
t=  4.00 max|qacc|=      26.2 max|qvel|=   0.39 ncon=  0 com_z=0.952 com_x=-0.185
t=  4.50 max|qacc|=     147.2 max|qvel|=   0.98 ncon=  0 com_z=0.957 com_x=-0.188
t=  5.00 max|qacc|=     100.5 max|qvel|=   0.46 ncon=  0 com_z=0.952 com_x=-0.185
t=  5.50 max|qacc|=     108.5 max|qvel|=   0.20 ncon=  0 com_z=0.955 com_x=-0.188
t=  6.00 max|qacc|=     331.3 max|qvel|=   0.95 ncon=  0 com_z=0.954 com_x=-0.185
t=  6.50 max|qacc|=      59.6 max|qvel|=   0.20 ncon=  0 com_z=0.955 com_x=-0.187
t=  7.00 max|qacc|=     242.0 max|qvel|=   0.24 ncon=  0 com_z=0.954 com_x=-0.187
t=  7.50 max|qacc|=     617.6 max|qvel|=   1.10 ncon=  0 com_z=0.955 com_x=-0.186
t=  8.00 max|qacc|=      24.2 max|qvel|=   0.10 ncon=  0 com_z=0.954 com_x=-0.186
t=  8.50 max|qacc|=      15.9 max|qvel|=   0.17 ncon=  0 com_z=0.954 com_x=-0.187
t=  9.00 max|qacc|=      28.8 max|qvel|=   0.23 ncon=  0 com_z=0.954 com_x=-0.186
t=  9.50 max|qacc|=      67.1 max|qvel|=   0.27 ncon=  0 com_z=0.954 com_x=-0.187
t= 10.00 max|qacc|=      27.2 max|qvel|=   0.19 ncon=  0 com_z=0.954 com_x=-0.186
t= 10.50 max|qacc|=      63.3 max|qvel|=   0.19 ncon=  0 com_z=0.954 com_x=-0.186
t= 11.00 max|qacc|=      49.0 max|qvel|=   0.19 ncon=  0 com_z=0.954 com_x=-0.187
t= 11.50 max|qacc|=      78.2 max|qvel|=   0.19 ncon=  0 com_z=0.954 com_x=-0.187
t= 12.00 max|qacc|=      91.8 max|qvel|=   0.33 ncon=  0 com_z=0.954 com_x=-0.186
t= 12.50 max|qacc|=      76.5 max|qvel|=   0.26 ncon=  0 com_z=0.954 com_x=-0.186
t= 13.00 max|qacc|=      48.0 max|qvel|=   0.18 ncon=  0 com_z=0.954 com_x=-0.187
t= 13.50 max|qacc|=     415.5 max|qvel|=   0.26 ncon=  0 com_z=0.954 com_x=-0.186
t= 14.00 max|qacc|=     809.4 max|qvel|=   0.88 ncon=  0 com_z=0.954 com_x=-0.186
t= 14.50 max|qacc|=      33.5 max|qvel|=   0.18 ncon=  0 com_z=0.954 com_x=-0.187
t= 15.00 max|qacc|=     120.0 max|qvel|=   0.44 ncon=  0 com_z=0.954 com_x=-0.186
t= 15.50 max|qacc|=      37.0 max|qvel|=   0.23 ncon=  0 com_z=0.954 com_x=-0.186
t= 16.00 max|qacc|=     112.6 max|qvel|=   0.63 ncon=  0 com_z=0.954 com_x=-0.187
t= 16.50 max|qacc|=      34.1 max|qvel|=   0.29 ncon=  0 com_z=0.954 com_x=-0.186
t= 17.00 max|qacc|=    1251.0 max|qvel|=   1.26 ncon=  0 com_z=0.954 com_x=-0.186
t= 17.50 max|qacc|=     124.2 max|qvel|=   0.16 ncon=  0 com_z=0.954 com_x=-0.187
t= 18.00 max|qacc|=     110.9 max|qvel|=   0.21 ncon=  0 com_z=0.954 com_x=-0.186
t= 18.50 max|qacc|=      41.7 max|qvel|=   0.21 ncon=  0 com_z=0.954 com_x=-0.187
t= 19.00 max|qacc|=      22.0 max|qvel|=   0.15 ncon=  0 com_z=0.954 com_x=-0.187
t= 19.50 max|qacc|=      17.7 max|qvel|=   0.26 ncon=  0 com_z=0.954 com_x=-0.186
t= 20.00 max|qacc|=      84.5 max|qvel|=   0.36 ncon=  0 com_z=0.954 com_x=-0.187
t= 20.50 max|qacc|=     292.5 max|qvel|=   0.45 ncon=  0 com_z=0.954 com_x=-0.187
t= 21.00 max|qacc|=      73.7 max|qvel|=   0.34 ncon=  0 com_z=0.954 com_x=-0.186
t= 21.50 max|qacc|=     173.8 max|qvel|=   0.43 ncon=  0 com_z=0.954 com_x=-0.186

== summary ==
pelvis/COM height: start 0.94 m, min 0.93 m, final 0.95 m  (stayed up)
COM x: min -0.21 max -0.11 final -0.19 m
COM y: min -0.038 max -0.002 m
RG_F_r bursts during walk window: 0
peak ctrl: [1.   1.   1.   0.87 0.31 0.82 0.86 1.   0.31 1.   1.   1.   1.   0.75
 0.32 0.83 0.83 1.   0.31 1.  ] (('vas_lat_r', 'med_gas_r', 'soleus_r', 'tib_ant_r', 'psoas_r', 'semimem_r', 'glut_max2_r', 'rect_fem_r', 'sar_r', 'grac_r', 'vas_lat_l', 'med_gas_l', 'soleus_l', 'tib_ant_l', 'psoas_l', 'semimem_l', 'glut_max2_l', 'rect_fem_l', 'sar_l', 'grac_l'))
  hip_flexion_r         24.6 ..    51.3 deg
  knee_angle_r          -3.9 ..    10.1 deg
  ankle_angle_r        -72.5 ..    -1.7 deg
  hip_adduction_r      -19.5 ..     1.1 deg
  subtalar_angle_r      -0.6 ..     0.6 deg
  hip_flexion_l        -16.6 ..    70.7 deg
  knee_angle_l          -8.2 ..    10.5 deg
  ankle_angle_l        -77.0 ..     9.8 deg
  hip_adduction_l      -45.6 ..     2.7 deg
  subtalar_angle_l      -4.2 ..     0.0 deg
  pelvis_tilt           -1.9 ..     1.0 deg
  pelvis_list           -0.5 ..    -0.1 deg
  pelvis_rotation        2.2 ..     2.8 deg
saved spinal_run.npz
(plot skipped: 'PF_E2_r')
[prune:w2lvar] ia        AIR         -> -10.318773884180976  (863.8s)
start pose (normal): applied 20 coordinates as given; pelvis ty 0.920 m (env override unset); IMU-metric torso lean -0.0 deg (+ = back)
standing solve: nnls x in [0.00, 0.70], >0.1: 14 muscles
  top: add_long_l=0.70, tib_ant_r=0.61, tib_ant_l=0.46, ext_dig_r=0.37, glut_min1_l=0.33, pect_l=0.32, glut_min2_l=0.31, ext_dig_l=0.25
Fmax range: 5..3396 N | L range sample: [0.229942 0.326094]
[prune:w2lvar] ia        PUSH     +x -> -25.0  (316.1s)
start pose (normal): applied 20 coordinates as given; pelvis ty 0.920 m (env override unset); IMU-metric torso lean -0.0 deg (+ = back)
standing solve: nnls x in [0.00, 0.70], >0.1: 14 muscles
  top: add_long_l=0.70, tib_ant_r=0.61, tib_ant_l=0.46, ext_dig_r=0.37, glut_min1_l=0.33, pect_l=0.32, glut_min2_l=0.31, ext_dig_l=0.25
Fmax range: 5..3396 N | L range sample: [0.229942 0.326094]
[prune:w2lvar] ia        PUSH     -y -> -25.0  (316.5s)
fitted baseline loaded: e2_pf=0.222 f1_df=0.098 f1_kf=0.148 post_kneext=0.011 post_hipext=0.068 desc_f=1.400 e2_adapt=1.700
start pose (normal): applied 20 coordinates as given; pelvis ty 0.920 m (env override unset); IMU-metric torso lean -0.0 deg (+ = back)
standing solve: nnls x in [0.00, 0.70], >0.1: 14 muscles
  top: add_long_l=0.70, tib_ant_r=0.61, tib_ant_l=0.46, ext_dig_r=0.37, glut_min1_l=0.33, pect_l=0.32, glut_min2_l=0.31, ext_dig_l=0.25
Fmax range: 5..3396 N | L range sample: [0.229942 0.326094]
[prune:w2lvar] ii        WALK        -> -150.53578087627506  (626.0s)
start pose (normal): applied 20 coordinates as given; pelvis ty 0.920 m (env override unset); IMU-metric torso lean -0.0 deg (+ = back)
standing solve: nnls x in [0.00, 0.70], >0.1: 14 muscles
  top: add_long_l=0.70, tib_ant_r=0.61, tib_ant_l=0.46, ext_dig_r=0.37, glut_min1_l=0.33, pect_l=0.32, glut_min2_l=0.31, ext_dig_l=0.25
Fmax range: 5..3396 N | L range sample: [0.229942 0.326094]
[prune:w2lvar] ii        PUSH     -x -> -25.0  (312.4s)
start pose (normal): applied 20 coordinates as given; pelvis ty 0.920 m (env override unset); IMU-metric torso lean -0.0 deg (+ = back)
standing solve: nnls x in [0.00, 0.70], >0.1: 14 muscles
  top: add_long_l=0.70, tib_ant_r=0.61, tib_ant_l=0.46, ext_dig_r=0.37, glut_min1_l=0.33, pect_l=0.32, glut_min2_l=0.31, ext_dig_l=0.25
Fmax range: 5..3396 N | L range sample: [0.229942 0.326094]
t=  1.00 max|qacc|=     530.4 max|qvel|=   2.73 ncon=  0 com_z=1.000 com_x=-0.213
t=  1.50 max|qacc|=      20.8 max|qvel|=   2.64 ncon=  0 com_z=0.953 com_x=-0.189
t=  2.00 max|qacc|=      29.0 max|qvel|=   1.46 ncon=  0 com_z=0.964 com_x=-0.196
t=  2.50 max|qacc|=      82.4 max|qvel|=   1.14 ncon=  0 com_z=0.959 com_x=-0.192
t=  3.00 max|qacc|=     180.2 max|qvel|=   0.73 ncon=  0 com_z=0.959 com_x=-0.191
t=  3.50 max|qacc|=     182.8 max|qvel|=   0.58 ncon=  0 com_z=0.960 com_x=-0.194
t=  4.00 max|qacc|=      55.5 max|qvel|=   0.55 ncon=  0 com_z=0.957 com_x=-0.190
t=  4.50 max|qacc|=      89.8 max|qvel|=   0.28 ncon=  0 com_z=0.960 com_x=-0.193
t=  5.00 max|qacc|=     384.6 max|qvel|=   0.45 ncon=  0 com_z=0.957 com_x=-0.191
t=  5.50 max|qacc|=     701.0 max|qvel|=   0.60 ncon=  0 com_z=0.960 com_x=-0.192
t=  6.00 max|qacc|=      49.0 max|qvel|=   0.31 ncon=  0 com_z=0.957 com_x=-0.191
t=  6.50 max|qacc|=     146.1 max|qvel|=   0.65 ncon=  0 com_z=0.958 com_x=-0.192
t=  7.00 max|qacc|=      29.6 max|qvel|=   0.19 ncon=  0 com_z=0.958 com_x=-0.191
t=  7.50 max|qacc|=      24.9 max|qvel|=   0.19 ncon=  0 com_z=0.958 com_x=-0.192
t=  8.00 max|qacc|=      77.3 max|qvel|=   0.28 ncon=  0 com_z=0.958 com_x=-0.192
t=  8.50 max|qacc|=      74.1 max|qvel|=   0.21 ncon=  0 com_z=0.958 com_x=-0.191
t=  9.00 max|qacc|=    1251.4 max|qvel|=   1.66 ncon=  0 com_z=0.958 com_x=-0.192
t=  9.50 max|qacc|=     135.1 max|qvel|=   2.58 ncon=  0 com_z=0.958 com_x=-0.192
t= 10.00 max|qacc|=     157.9 max|qvel|=   0.73 ncon=  0 com_z=0.958 com_x=-0.191
t= 10.50 max|qacc|=     101.1 max|qvel|=   0.30 ncon=  0 com_z=0.958 com_x=-0.192
t= 11.00 max|qacc|=     118.0 max|qvel|=   0.28 ncon=  0 com_z=0.958 com_x=-0.192
t= 11.50 max|qacc|=     379.4 max|qvel|=   2.37 ncon=  0 com_z=0.958 com_x=-0.191
t= 12.00 max|qacc|=      73.1 max|qvel|=   0.23 ncon=  0 com_z=0.958 com_x=-0.192
t= 12.50 max|qacc|=      69.8 max|qvel|=   0.18 ncon=  0 com_z=0.959 com_x=-0.192
t= 13.00 max|qacc|=     102.9 max|qvel|=   0.56 ncon=  0 com_z=0.958 com_x=-0.191
t= 13.50 max|qacc|=      55.8 max|qvel|=   0.34 ncon=  0 com_z=0.958 com_x=-0.193
t= 14.00 max|qacc|=      47.1 max|qvel|=   0.36 ncon=  0 com_z=0.958 com_x=-0.191
t= 14.50 max|qacc|=      62.3 max|qvel|=   0.54 ncon=  0 com_z=0.958 com_x=-0.192
t= 15.00 max|qacc|=    1047.4 max|qvel|=   1.12 ncon=  0 com_z=0.958 com_x=-0.192
t= 15.50 max|qacc|=     166.3 max|qvel|=   0.24 ncon=  0 com_z=0.958 com_x=-0.191
t= 16.00 max|qacc|=      16.4 max|qvel|=   0.14 ncon=  0 com_z=0.958 com_x=-0.192
t= 16.50 max|qacc|=      46.3 max|qvel|=   0.43 ncon=  0 com_z=0.958 com_x=-0.192
t= 17.00 max|qacc|=     537.8 max|qvel|=   1.45 ncon=  0 com_z=0.958 com_x=-0.191
t= 17.50 max|qacc|=     563.0 max|qvel|=   3.10 ncon=  0 com_z=0.958 com_x=-0.192
t= 18.00 max|qacc|=      84.0 max|qvel|=   0.20 ncon=  0 com_z=0.958 com_x=-0.191
t= 18.50 max|qacc|=      59.1 max|qvel|=   0.14 ncon=  0 com_z=0.958 com_x=-0.191
t= 19.00 max|qacc|=      62.9 max|qvel|=   0.79 ncon=  0 com_z=0.958 com_x=-0.192
t= 19.50 max|qacc|=     273.7 max|qvel|=   0.27 ncon=  0 com_z=0.958 com_x=-0.191
t= 20.00 max|qacc|=      44.6 max|qvel|=   0.35 ncon=  0 com_z=0.958 com_x=-0.192
t= 20.50 max|qacc|=      20.5 max|qvel|=   0.24 ncon=  0 com_z=0.958 com_x=-0.192
t= 21.00 max|qacc|=     343.1 max|qvel|=   0.68 ncon=  0 com_z=0.958 com_x=-0.191
t= 21.50 max|qacc|=     353.9 max|qvel|=   0.53 ncon=  0 com_z=0.958 com_x=-0.191

== summary ==
pelvis/COM height: start 0.94 m, min 0.93 m, final 0.96 m  (stayed up)
COM x: min -0.21 max -0.11 final -0.19 m
COM y: min -0.040 max -0.002 m
RG_F_r bursts during walk window: 0
peak ctrl: [1.   1.   1.   0.78 0.13 0.79 0.87 1.   0.13 1.   1.   1.   1.   0.62
 0.15 0.79 0.81 1.   0.13 1.  ] (('vas_lat_r', 'med_gas_r', 'soleus_r', 'tib_ant_r', 'psoas_r', 'semimem_r', 'glut_max2_r', 'rect_fem_r', 'sar_r', 'grac_r', 'vas_lat_l', 'med_gas_l', 'soleus_l', 'tib_ant_l', 'psoas_l', 'semimem_l', 'glut_max2_l', 'rect_fem_l', 'sar_l', 'grac_l'))
  hip_flexion_r         24.6 ..    55.5 deg
  knee_angle_r          -3.9 ..    10.2 deg
  ankle_angle_r        -75.1 ..    -1.7 deg
  hip_adduction_r      -20.5 ..     1.1 deg
  subtalar_angle_r      -1.3 ..     0.1 deg
  hip_flexion_l        -16.6 ..    75.1 deg
  knee_angle_l          -8.2 ..    10.9 deg
  ankle_angle_l        -81.1 ..     9.8 deg
  hip_adduction_l      -47.9 ..     2.7 deg
  subtalar_angle_l      -5.5 ..     0.0 deg
  pelvis_tilt           -1.9 ..     1.3 deg
  pelvis_list           -0.5 ..    -0.1 deg
  pelvis_rotation        2.2 ..     2.8 deg
saved spinal_run.npz
(plot skipped: 'PF_E2_r')
[prune:w2lvar] ii        AIRDEAFF    -> -10.268013651041779  (825.8s)
fitted baseline loaded: e2_pf=0.222 f1_df=0.098 f1_kf=0.148 post_kneext=0.011 post_hipext=0.068 desc_f=1.400 e2_adapt=1.700
start pose (normal): applied 20 coordinates as given; pelvis ty 0.920 m (env override unset); IMU-metric torso lean -0.0 deg (+ = back)
standing solve: nnls x in [0.00, 0.70], >0.1: 14 muscles
  top: add_long_l=0.70, tib_ant_r=0.61, tib_ant_l=0.46, ext_dig_r=0.37, glut_min1_l=0.33, pect_l=0.32, glut_min2_l=0.31, ext_dig_l=0.25
Fmax range: 5..3396 N | L range sample: [0.229942 0.326094]
[prune:w2lvar] ib        STAND       -> -25.0  (316.5s)
start pose (normal): applied 20 coordinates as given; pelvis ty 0.920 m (env override unset); IMU-metric torso lean -0.0 deg (+ = back)
standing solve: nnls x in [0.00, 0.70], >0.1: 14 muscles
  top: add_long_l=0.70, tib_ant_r=0.61, tib_ant_l=0.46, ext_dig_r=0.37, glut_min1_l=0.33, pect_l=0.32, glut_min2_l=0.31, ext_dig_l=0.25
Fmax range: 5..3396 N | L range sample: [0.229942 0.326094]
[prune:w2lvar] ib        PUSH     +y -> -25.0  (282.3s)
fitted baseline loaded: e2_pf=0.222 f1_df=0.098 f1_kf=0.148 post_kneext=0.011 post_hipext=0.068 desc_f=1.400 e2_adapt=1.700
start pose (normal): applied 20 coordinates as given; pelvis ty 0.920 m (env override unset); IMU-metric torso lean -0.0 deg (+ = back)
standing solve: nnls x in [0.00, 0.70], >0.1: 14 muscles
  top: add_long_l=0.70, tib_ant_r=0.61, tib_ant_l=0.46, ext_dig_r=0.37, glut_min1_l=0.33, pect_l=0.32, glut_min2_l=0.31, ext_dig_l=0.25
Fmax range: 5..3396 N | L range sample: [0.229942 0.326094]
t=  0.62 precursor: max|qacc|=1.25e+03 max|qvel|=31 (dof 12), ncon=0, max ctrl=1.00
t=  0.62 precursor: max|qacc|=1.29e+03 max|qvel|=31.8 (dof 12), ncon=0, max ctrl=1.00
t=  0.62 precursor: max|qacc|=1.24e+03 max|qvel|=32.4 (dof 55), ncon=0, max ctrl=1.00
t=  0.62 precursor: max|qacc|=1.14e+03 max|qvel|=32.8 (dof 55), ncon=0, max ctrl=1.00
t=  0.63 precursor: max|qacc|=966 max|qvel|=33.1 (dof 55), ncon=0, max ctrl=1.00
t=  0.63 precursor: max|qacc|=727 max|qvel|=33.1 (dof 55), ncon=0, max ctrl=1.00
t=  0.63 precursor: max|qacc|=3.54e+03 max|qvel|=33 (dof 55), ncon=0, max ctrl=1.00
t=  0.63 precursor: max|qacc|=4.2e+03 max|qvel|=32.7 (dof 55), ncon=0, max ctrl=1.00
t=  0.63 precursor: max|qacc|=3.64e+03 max|qvel|=32.4 (dof 55), ncon=0, max ctrl=1.00
t=  1.00 max|qacc|=     397.6 max|qvel|=   1.73 ncon=  0 com_z=0.980 com_x=-0.209
t=  1.50 max|qacc|=      46.2 max|qvel|=   2.64 ncon=  0 com_z=0.941 com_x=-0.177
t=  2.00 max|qacc|=     369.2 max|qvel|=   0.92 ncon=  0 com_z=0.956 com_x=-0.192
t=  2.50 max|qacc|=      63.3 max|qvel|=   0.79 ncon=  0 com_z=0.942 com_x=-0.178
t=  3.00 max|qacc|=      60.0 max|qvel|=   0.63 ncon=  0 com_z=0.955 com_x=-0.191
t=  3.50 max|qacc|=      26.6 max|qvel|=   0.26 ncon=  0 com_z=0.943 com_x=-0.177
t=  4.00 max|qacc|=      53.4 max|qvel|=   0.42 ncon=  0 com_z=0.952 com_x=-0.190
t=  4.50 max|qacc|=     546.6 max|qvel|=   0.85 ncon=  0 com_z=0.945 com_x=-0.178
t=  5.00 max|qacc|=      69.3 max|qvel|=   0.47 ncon=  0 com_z=0.950 com_x=-0.187
t=  5.50 max|qacc|=      53.3 max|qvel|=   0.25 ncon=  0 com_z=0.946 com_x=-0.181
t=  6.00 max|qacc|=      28.3 max|qvel|=   0.16 ncon=  0 com_z=0.949 com_x=-0.185
t=  6.50 max|qacc|=    1308.9 max|qvel|=   1.81 ncon=  0 com_z=0.947 com_x=-0.182
t=  7.00 max|qacc|=      81.5 max|qvel|=   0.20 ncon=  0 com_z=0.948 com_x=-0.184
t=  7.50 max|qacc|=     126.5 max|qvel|=   0.20 ncon=  0 com_z=0.948 com_x=-0.183
t=  8.00 max|qacc|=      44.2 max|qvel|=   0.26 ncon=  0 com_z=0.947 com_x=-0.184
t=  8.50 max|qacc|=      57.6 max|qvel|=   0.31 ncon=  0 com_z=0.948 com_x=-0.184
t=  9.00 max|qacc|=      80.8 max|qvel|=   0.36 ncon=  0 com_z=0.948 com_x=-0.183
t=  9.50 max|qacc|=      44.4 max|qvel|=   0.19 ncon=  0 com_z=0.947 com_x=-0.184
t= 10.00 max|qacc|=     131.4 max|qvel|=   0.47 ncon=  0 com_z=0.947 com_x=-0.183
t= 10.50 max|qacc|=     291.0 max|qvel|=   0.62 ncon=  0 com_z=0.948 com_x=-0.183
t= 11.00 max|qacc|=      55.5 max|qvel|=   0.60 ncon=  0 com_z=0.947 com_x=-0.184
t= 11.50 max|qacc|=     310.0 max|qvel|=   1.43 ncon=  0 com_z=0.948 com_x=-0.183
t= 12.00 max|qacc|=      97.0 max|qvel|=   0.39 ncon=  0 com_z=0.948 com_x=-0.183
t= 12.50 max|qacc|=      18.5 max|qvel|=   0.28 ncon=  0 com_z=0.947 com_x=-0.184
t= 13.00 max|qacc|=      26.1 max|qvel|=   0.37 ncon=  0 com_z=0.948 com_x=-0.183
t= 13.50 max|qacc|=      54.9 max|qvel|=   0.23 ncon=  0 com_z=0.948 com_x=-0.183
t= 14.00 max|qacc|=      54.0 max|qvel|=   0.69 ncon=  0 com_z=0.947 com_x=-0.184
t= 14.50 max|qacc|=      19.1 max|qvel|=   0.20 ncon=  0 com_z=0.948 com_x=-0.183
t= 15.00 max|qacc|=      43.7 max|qvel|=   0.15 ncon=  0 com_z=0.947 com_x=-0.183
t= 15.50 max|qacc|=     144.2 max|qvel|=   0.98 ncon=  0 com_z=0.947 com_x=-0.184
t= 16.00 max|qacc|=      95.3 max|qvel|=   0.88 ncon=  0 com_z=0.948 com_x=-0.182
t= 16.50 max|qacc|=      54.5 max|qvel|=   0.21 ncon=  0 com_z=0.947 com_x=-0.184
t= 17.00 max|qacc|=     188.8 max|qvel|=   0.14 ncon=  0 com_z=0.948 com_x=-0.184
t= 17.50 max|qacc|=      49.4 max|qvel|=   0.18 ncon=  0 com_z=0.948 com_x=-0.183
t= 18.00 max|qacc|=     165.2 max|qvel|=   0.58 ncon=  0 com_z=0.947 com_x=-0.184
t= 18.50 max|qacc|=     137.9 max|qvel|=   0.37 ncon=  0 com_z=0.948 com_x=-0.184
t= 19.00 max|qacc|=     125.5 max|qvel|=   0.29 ncon=  0 com_z=0.948 com_x=-0.183
t= 19.50 max|qacc|=       9.9 max|qvel|=   0.13 ncon=  0 com_z=0.948 com_x=-0.184
t= 20.00 max|qacc|=      27.0 max|qvel|=   0.27 ncon=  0 com_z=0.948 com_x=-0.184
t= 20.50 max|qacc|=      89.8 max|qvel|=   1.53 ncon=  0 com_z=0.948 com_x=-0.183
t= 21.00 max|qacc|=     157.1 max|qvel|=   1.62 ncon=  0 com_z=0.947 com_x=-0.184
t= 21.50 max|qacc|=     177.8 max|qvel|=   0.68 ncon=  0 com_z=0.948 com_x=-0.184

== summary ==
pelvis/COM height: start 0.94 m, min 0.93 m, final 0.95 m  (stayed up)
COM x: min -0.21 max -0.11 final -0.18 m
COM y: min -0.038 max +0.007 m
RG_F_r bursts during walk window: 0
peak ctrl: [0.92 0.98 0.99 0.5  0.02 0.78 0.4  0.79 0.01 0.71 0.91 1.   1.   0.4
 0.03 0.8  0.46 0.78 0.02 0.73] (('vas_lat_r', 'med_gas_r', 'soleus_r', 'tib_ant_r', 'psoas_r', 'semimem_r', 'glut_max2_r', 'rect_fem_r', 'sar_r', 'grac_r', 'vas_lat_l', 'med_gas_l', 'soleus_l', 'tib_ant_l', 'psoas_l', 'semimem_l', 'glut_max2_l', 'rect_fem_l', 'sar_l', 'grac_l'))
  hip_flexion_r         24.6 ..    44.7 deg
  knee_angle_r          -3.9 ..    10.7 deg
  ankle_angle_r        -75.9 ..    -1.7 deg
  hip_adduction_r       -2.8 ..     3.8 deg
  subtalar_angle_r     -12.2 ..     0.0 deg
  hip_flexion_l        -16.6 ..    66.7 deg
  knee_angle_l          -8.2 ..    11.0 deg
  ankle_angle_l        -80.6 ..     9.8 deg
  hip_adduction_l      -26.5 ..    15.0 deg
  subtalar_angle_l     -15.4 ..     0.0 deg
  pelvis_tilt           -1.9 ..     1.1 deg
  pelvis_list           -0.5 ..     0.1 deg
  pelvis_rotation        2.1 ..     2.8 deg
saved spinal_run.npz
(plot skipped: 'PF_E2_r')
[prune:w2lvar] renshaw   AIR         -> -10.330231449182577  (669.4s)
start pose (normal): applied 20 coordinates as given; pelvis ty 0.920 m (env override unset); IMU-metric torso lean -0.0 deg (+ = back)
standing solve: nnls x in [0.00, 0.70], >0.1: 14 muscles
  top: add_long_l=0.70, tib_ant_r=0.61, tib_ant_l=0.46, ext_dig_r=0.37, glut_min1_l=0.33, pect_l=0.32, glut_min2_l=0.31, ext_dig_l=0.25
Fmax range: 5..3396 N | L range sample: [0.229942 0.326094]
[prune:w2lvar] renshaw   PUSH     +x -> -25.0  (223.3s)
start pose (normal): applied 20 coordinates as given; pelvis ty 0.920 m (env override unset); IMU-metric torso lean -0.0 deg (+ = back)
standing solve: nnls x in [0.00, 0.70], >0.1: 14 muscles
  top: add_long_l=0.70, tib_ant_r=0.61, tib_ant_l=0.46, ext_dig_r=0.37, glut_min1_l=0.33, pect_l=0.32, glut_min2_l=0.31, ext_dig_l=0.25
Fmax range: 5..3396 N | L range sample: [0.229942 0.326094]
[prune:w2lvar] renshaw   PUSH     -y -> -25.0  (208.4s)
fitted baseline loaded: e2_pf=0.222 f1_df=0.098 f1_kf=0.148 post_kneext=0.011 post_hipext=0.068 desc_f=1.400 e2_adapt=1.700
start pose (normal): applied 20 coordinates as given; pelvis ty 0.920 m (env override unset); IMU-metric torso lean -0.0 deg (+ = back)
standing solve: nnls x in [0.00, 0.70], >0.1: 14 muscles
  top: add_long_l=0.70, tib_ant_r=0.61, tib_ant_l=0.46, ext_dig_r=0.37, glut_min1_l=0.33, pect_l=0.32, glut_min2_l=0.31, ext_dig_l=0.25
Fmax range: 5..3396 N | L range sample: [0.229942 0.326094]
[prune:w2lvar] rgweak    WALK        -> -279.92908617375394  (411.8s)
start pose (normal): applied 20 coordinates as given; pelvis ty 0.920 m (env override unset); IMU-metric torso lean -0.0 deg (+ = back)
standing solve: nnls x in [0.00, 0.70], >0.1: 14 muscles
  top: add_long_l=0.70, tib_ant_r=0.61, tib_ant_l=0.46, ext_dig_r=0.37, glut_min1_l=0.33, pect_l=0.32, glut_min2_l=0.31, ext_dig_l=0.25
Fmax range: 5..3396 N | L range sample: [0.229942 0.326094]
[prune:w2lvar] rgweak    PUSH     -x -> -25.0  (207.8s)
start pose (normal): applied 20 coordinates as given; pelvis ty 0.920 m (env override unset); IMU-metric torso lean -0.0 deg (+ = back)
standing solve: nnls x in [0.00, 0.70], >0.1: 14 muscles
  top: add_long_l=0.70, tib_ant_r=0.61, tib_ant_l=0.46, ext_dig_r=0.37, glut_min1_l=0.33, pect_l=0.32, glut_min2_l=0.31, ext_dig_l=0.25
Fmax range: 5..3396 N | L range sample: [0.229942 0.326094]
t=  1.00 max|qacc|=     690.7 max|qvel|=   2.31 ncon=  0 com_z=1.000 com_x=-0.213
t=  1.50 max|qacc|=    1034.1 max|qvel|=   2.64 ncon=  0 com_z=0.953 com_x=-0.189
t=  2.00 max|qacc|=     550.5 max|qvel|=   1.65 ncon=  0 com_z=0.965 com_x=-0.196
t=  2.50 max|qacc|=     198.7 max|qvel|=   1.27 ncon=  0 com_z=0.959 com_x=-0.192
t=  3.00 max|qacc|=     292.5 max|qvel|=   1.26 ncon=  0 com_z=0.959 com_x=-0.191
t=  3.50 max|qacc|=     213.4 max|qvel|=   0.42 ncon=  0 com_z=0.961 com_x=-0.194
t=  4.00 max|qacc|=      34.5 max|qvel|=   0.35 ncon=  0 com_z=0.957 com_x=-0.190
t=  4.50 max|qacc|=     120.8 max|qvel|=   0.31 ncon=  0 com_z=0.960 com_x=-0.193
t=  5.00 max|qacc|=     268.7 max|qvel|=   0.30 ncon=  0 com_z=0.957 com_x=-0.191
t=  5.50 max|qacc|=      59.1 max|qvel|=   0.47 ncon=  0 com_z=0.959 com_x=-0.192
t=  6.00 max|qacc|=      78.4 max|qvel|=   0.19 ncon=  0 com_z=0.957 com_x=-0.192
t=  6.50 max|qacc|=     198.6 max|qvel|=   0.51 ncon=  0 com_z=0.958 com_x=-0.192
t=  7.00 max|qacc|=      26.5 max|qvel|=   0.19 ncon=  0 com_z=0.958 com_x=-0.191
t=  7.50 max|qacc|=     271.3 max|qvel|=   3.63 ncon=  0 com_z=0.958 com_x=-0.192
t=  8.00 max|qacc|=      83.6 max|qvel|=   0.28 ncon=  0 com_z=0.958 com_x=-0.192
t=  8.50 max|qacc|=      30.2 max|qvel|=   0.31 ncon=  0 com_z=0.958 com_x=-0.191
t=  9.00 max|qacc|=      89.7 max|qvel|=   0.66 ncon=  0 com_z=0.958 com_x=-0.192
t=  9.50 max|qacc|=     584.2 max|qvel|=   0.88 ncon=  0 com_z=0.958 com_x=-0.192
t= 10.00 max|qacc|=     742.9 max|qvel|=   0.66 ncon=  0 com_z=0.958 com_x=-0.191
t= 10.50 max|qacc|=      22.2 max|qvel|=   0.35 ncon=  0 com_z=0.958 com_x=-0.192
t= 11.00 max|qacc|=     608.6 max|qvel|=   0.42 ncon=  0 com_z=0.958 com_x=-0.192
t= 11.50 max|qacc|=      48.2 max|qvel|=   0.17 ncon=  0 com_z=0.958 com_x=-0.191
t= 12.00 max|qacc|=      49.5 max|qvel|=   0.41 ncon=  0 com_z=0.958 com_x=-0.192
t= 12.50 max|qacc|=      83.3 max|qvel|=   0.32 ncon=  0 com_z=0.958 com_x=-0.192
t= 13.00 max|qacc|=     449.7 max|qvel|=   0.86 ncon=  0 com_z=0.958 com_x=-0.191
t= 13.50 max|qacc|=     109.5 max|qvel|=   0.38 ncon=  0 com_z=0.958 com_x=-0.192
t= 14.00 max|qacc|=      45.4 max|qvel|=   0.79 ncon=  0 com_z=0.958 com_x=-0.191
t= 14.50 max|qacc|=      30.6 max|qvel|=   0.42 ncon=  0 com_z=0.958 com_x=-0.191
t= 15.00 max|qacc|=     100.9 max|qvel|=   0.25 ncon=  0 com_z=0.958 com_x=-0.192
t= 15.50 max|qacc|=     112.6 max|qvel|=   0.83 ncon=  0 com_z=0.958 com_x=-0.191
t= 16.00 max|qacc|=     292.9 max|qvel|=   0.32 ncon=  0 com_z=0.958 com_x=-0.192
t= 16.50 max|qacc|=      95.2 max|qvel|=   0.23 ncon=  0 com_z=0.958 com_x=-0.192
t= 17.00 max|qacc|=      58.3 max|qvel|=   0.23 ncon=  0 com_z=0.958 com_x=-0.191
t= 17.50 max|qacc|=      55.4 max|qvel|=   0.49 ncon=  0 com_z=0.958 com_x=-0.192
t= 18.00 max|qacc|=     102.2 max|qvel|=   0.37 ncon=  0 com_z=0.958 com_x=-0.192
t= 18.50 max|qacc|=      62.6 max|qvel|=   0.47 ncon=  0 com_z=0.958 com_x=-0.191
t= 19.00 max|qacc|=     119.7 max|qvel|=   0.15 ncon=  0 com_z=0.958 com_x=-0.192
t= 19.50 max|qacc|=      91.6 max|qvel|=   1.57 ncon=  0 com_z=0.958 com_x=-0.192
t= 20.00 max|qacc|=      38.6 max|qvel|=   0.18 ncon=  0 com_z=0.958 com_x=-0.191
t= 20.50 max|qacc|=     110.2 max|qvel|=   1.26 ncon=  0 com_z=0.958 com_x=-0.192
t= 21.00 max|qacc|=      42.7 max|qvel|=   0.58 ncon=  0 com_z=0.958 com_x=-0.191
t= 21.50 max|qacc|=      11.5 max|qvel|=   0.18 ncon=  0 com_z=0.958 com_x=-0.191

== summary ==
pelvis/COM height: start 0.94 m, min 0.93 m, final 0.96 m  (stayed up)
COM x: min -0.21 max -0.11 final -0.19 m
COM y: min -0.040 max -0.002 m
RG_F_r bursts during walk window: 0
peak ctrl: [1.   1.   1.   0.78 0.13 0.79 0.87 1.   0.13 1.   1.   1.   1.   0.62
 0.15 0.79 0.81 1.   0.13 1.  ] (('vas_lat_r', 'med_gas_r', 'soleus_r', 'tib_ant_r', 'psoas_r', 'semimem_r', 'glut_max2_r', 'rect_fem_r', 'sar_r', 'grac_r', 'vas_lat_l', 'med_gas_l', 'soleus_l', 'tib_ant_l', 'psoas_l', 'semimem_l', 'glut_max2_l', 'rect_fem_l', 'sar_l', 'grac_l'))
  hip_flexion_r         24.6 ..    55.6 deg
  knee_angle_r          -3.9 ..    10.2 deg
  ankle_angle_r        -75.1 ..    -1.7 deg
  hip_adduction_r      -20.5 ..     1.1 deg
  subtalar_angle_r      -1.3 ..     0.1 deg
  hip_flexion_l        -16.6 ..    75.1 deg
  knee_angle_l          -8.2 ..    10.9 deg
  ankle_angle_l        -81.0 ..     9.8 deg
  hip_adduction_l      -47.9 ..     2.7 deg
  subtalar_angle_l      -5.5 ..     0.0 deg
  pelvis_tilt           -1.9 ..     1.3 deg
  pelvis_list           -0.5 ..    -0.1 deg
  pelvis_rotation        2.2 ..     2.8 deg
saved spinal_run.npz
(plot skipped: 'PF_E2_r')
[prune:w2lvar] rgweak    AIRDEAFF    -> -10.295622554716662  (541.0s)
[prune:w2lvar] shard 2 done
