loaded fitted_walk_params.json (back-solve refit)
loaded best_walk_params.json (drive=2.59, phase_reset 0.00/0.00)
standing solve: nnls x in [0.00, 0.60], >0.1: 8 muscles
  top: tib_ant_r=0.60, tib_ant_l=0.59, ext_dig_r=0.36, ext_dig_l=0.36, ercspn_r=0.18, ercspn_l=0.18, per_tert_r=0.18, per_tert_l=0.18
Fmax range: 5..3396 N | L range sample: [0.229942 0.326094]
t=  1.00 max|qacc|=      26.6 max|qvel|=   0.68 ncon=  8 com_z=0.949 com_x=-0.142
t=  1.50 max|qacc|=      60.9 max|qvel|=   0.10 ncon=  8 com_z=0.939 com_x=-0.182
t=  2.00 max|qacc|=      26.1 max|qvel|=   0.23 ncon=  8 com_z=0.939 com_x=-0.193
t=  2.50 max|qacc|=     382.2 max|qvel|=   0.32 ncon=  8 com_z=0.936 com_x=-0.205
t=  3.00 max|qacc|=     361.1 max|qvel|=   0.35 ncon=  8 com_z=0.932 com_x=-0.215
t=  3.50 max|qacc|=      46.7 max|qvel|=   0.14 ncon=  8 com_z=0.927 com_x=-0.223
t=  4.00 max|qacc|=      11.4 max|qvel|=   0.35 ncon=  8 com_z=0.909 com_x=-0.247
t=  4.50 max|qacc|=       8.0 max|qvel|=   0.96 ncon=  8 com_z=0.884 com_x=-0.271
t=  5.00 max|qacc|=       8.5 max|qvel|=   0.87 ncon=  8 com_z=0.879 com_x=-0.279
t=  5.50 max|qacc|=      11.3 max|qvel|=   0.52 ncon=  8 com_z=0.875 com_x=-0.281
t=  6.00 max|qacc|=      32.8 max|qvel|=   0.22 ncon=  7 com_z=0.870 com_x=-0.283
t=  6.50 max|qacc|=      25.8 max|qvel|=   0.96 ncon=  8 com_z=0.872 com_x=-0.278
t=  7.00 max|qacc|=      38.8 max|qvel|=   0.34 ncon=  8 com_z=0.868 com_x=-0.275
t=  7.50 max|qacc|=      29.3 max|qvel|=   0.26 ncon=  8 com_z=0.868 com_x=-0.270
t=  8.00 max|qacc|=      13.3 max|qvel|=   0.62 ncon=  8 com_z=0.866 com_x=-0.267
t=  8.50 max|qacc|=       9.6 max|qvel|=   0.52 ncon=  7 com_z=0.865 com_x=-0.261
t=  9.00 max|qacc|=      26.8 max|qvel|=   0.77 ncon=  7 com_z=0.863 com_x=-0.256
t=  9.50 max|qacc|=     113.3 max|qvel|=   0.71 ncon=  7 com_z=0.862 com_x=-0.249
t= 10.00 max|qacc|=      45.2 max|qvel|=   0.29 ncon=  7 com_z=0.861 com_x=-0.242
t= 10.50 max|qacc|=       5.5 max|qvel|=   0.17 ncon=  8 com_z=0.861 com_x=-0.236
t= 11.00 max|qacc|=      43.7 max|qvel|=   0.23 ncon=  7 com_z=0.859 com_x=-0.230
t= 11.50 max|qacc|=      20.4 max|qvel|=   0.38 ncon=  6 com_z=0.858 com_x=-0.224
t= 12.00 max|qacc|=      93.8 max|qvel|=   1.10 ncon=  6 com_z=0.858 com_x=-0.218
t= 12.50 max|qacc|=      70.7 max|qvel|=   0.45 ncon=  7 com_z=0.857 com_x=-0.212
t= 13.00 max|qacc|=      39.8 max|qvel|=   0.24 ncon=  6 com_z=0.857 com_x=-0.206
t= 13.50 max|qacc|=      95.0 max|qvel|=   0.20 ncon=  6 com_z=0.856 com_x=-0.202
t= 14.00 max|qacc|=      20.1 max|qvel|=   0.22 ncon=  6 com_z=0.856 com_x=-0.197
t= 14.50 max|qacc|=      24.9 max|qvel|=   0.38 ncon=  5 com_z=0.855 com_x=-0.193
t= 15.00 max|qacc|=      54.5 max|qvel|=   1.48 ncon=  5 com_z=0.855 com_x=-0.188
t= 15.50 max|qacc|=       9.9 max|qvel|=   0.31 ncon=  5 com_z=0.855 com_x=-0.183
t= 16.00 max|qacc|=      10.1 max|qvel|=   0.40 ncon=  4 com_z=0.868 com_x=-0.170
t= 16.50 max|qacc|=     313.6 max|qvel|=   2.54 ncon=  2 com_z=0.884 com_x=-0.155
t= 17.00 max|qacc|=       6.7 max|qvel|=   0.95 ncon=  3 com_z=0.904 com_x=-0.136
t= 17.50 max|qacc|=       9.1 max|qvel|=   1.24 ncon=  2 com_z=0.916 com_x=-0.117
t= 18.00 max|qacc|=     258.6 max|qvel|=   1.26 ncon=  2 com_z=0.900 com_x=-0.137
t= 18.50 max|qacc|=      20.1 max|qvel|=   0.87 ncon=  2 com_z=0.901 com_x=-0.136
t= 19.00 max|qacc|=      13.4 max|qvel|=   1.03 ncon=  2 com_z=0.904 com_x=-0.130
t= 19.50 max|qacc|=      10.6 max|qvel|=   1.17 ncon=  2 com_z=0.901 com_x=-0.131
t= 20.00 max|qacc|=       7.2 max|qvel|=   1.34 ncon=  2 com_z=0.902 com_x=-0.129
t= 20.50 max|qacc|=       7.6 max|qvel|=   1.42 ncon=  2 com_z=0.902 com_x=-0.128
t= 21.00 max|qacc|=      10.9 max|qvel|=   1.44 ncon=  2 com_z=0.901 com_x=-0.127
t= 21.50 max|qacc|=      13.1 max|qvel|=   1.44 ncon=  2 com_z=0.902 com_x=-0.126

== summary ==
pelvis/COM height: start 0.96 m, min 0.85 m, final 0.90 m  (stayed up)
COM x: min -0.28 max -0.09 final -0.13 m
COM y: min -0.004 max +0.005 m
RG_F_r bursts during walk window: 13
RG_r: cycles in window 13, period 0.85 s (1.18 Hz), E-duty 0.29
RG_l: cycles in window 13, period 0.85 s (1.18 Hz), E-duty 0.11
peak ctrl: [0.3  0.63 0.6  0.77 0.28 0.59 0.56 0.37 0.28 0.13 0.31 0.63 0.6  0.76
 0.27 0.51 0.58 0.37 0.27 0.13] (('vas_lat_r', 'med_gas_r', 'soleus_r', 'tib_ant_r', 'psoas_r', 'semimem_r', 'glut_max2_r', 'rect_fem_r', 'sar_r', 'grac_r', 'vas_lat_l', 'med_gas_l', 'soleus_l', 'tib_ant_l', 'psoas_l', 'semimem_l', 'glut_max2_l', 'rect_fem_l', 'sar_l', 'grac_l'))
  hip_flexion_r         -9.4 ..    25.5 deg
  knee_angle_r         -14.7 ..    26.4 deg
  ankle_angle_r        -43.1 ..     0.0 deg
  hip_adduction_r       -1.0 ..    11.5 deg
  subtalar_angle_r       0.0 ..    17.4 deg
  hip_flexion_l         -8.2 ..    23.8 deg
  knee_angle_l          -9.8 ..    28.8 deg
  ankle_angle_l        -46.6 ..     0.0 deg
  hip_adduction_l       -0.7 ..    12.1 deg
  subtalar_angle_l       0.0 ..    16.6 deg
  pelvis_tilt           -0.0 ..    33.4 deg
  pelvis_list           -1.2 ..     0.4 deg
  pelvis_rotation       -0.7 ..     0.8 deg
saved spinal_run.npz
saved spinal_run.png
Traceback (most recent call last):
  File "D:\Github\Bipedal_Robot\Code\MuJoCo_SNS\spinal\_eval_once.py", line 17, in <module>
    m["kine_score"] = float(m["kine_score"])
TypeError: 'NoneType' object is not subscriptable
