[robust:s3kpruned] shard 0/2: 10 cells, 0 done
fitted baseline loaded: e2_pf=0.222 f1_df=0.098 f1_kf=0.148 post_kneext=0.011 post_hipext=0.068 desc_f=1.400 e2_adapt=1.700
start pose (normal): applied 20 coordinates as given; pelvis ty 0.922 m (env override=0.9215287157201333); IMU-metric torso lean -0.0 deg (+ = back)
standing solve: nnls x in [0.00, 0.65], >0.1: 13 muscles
  top: add_long_l=0.65, tib_ant_r=0.61, tib_ant_l=0.47, ext_dig_r=0.37, glut_min1_l=0.30, pect_l=0.30, glut_min2_l=0.28, ext_dig_l=0.25
Fmax range: 5..3396 N | L range sample: [0.229942 0.326094]
[robust:s3kpruned] dty=None WALK  -> kine=-25.0 fell=False
fitted baseline loaded: e2_pf=0.222 f1_df=0.098 f1_kf=0.148 post_kneext=0.011 post_hipext=0.068 desc_f=1.400 e2_adapt=1.700
start pose (normal): applied 20 coordinates as given; pelvis ty 0.922 m (env override=0.9215287157201333); IMU-metric torso lean -0.0 deg (+ = back)
standing solve: nnls x in [0.00, 0.65], >0.1: 13 muscles
  top: add_long_l=0.65, tib_ant_r=0.61, tib_ant_l=0.47, ext_dig_r=0.37, glut_min1_l=0.30, pect_l=0.30, glut_min2_l=0.28, ext_dig_l=0.25
Fmax range: 5..3396 N | L range sample: [0.229942 0.326094]
[robust:s3kpruned] dty=None PUSH +x -> kine=-25.0 fell=False
fitted baseline loaded: e2_pf=0.222 f1_df=0.098 f1_kf=0.148 post_kneext=0.011 post_hipext=0.068 desc_f=1.400 e2_adapt=1.700
start pose (normal): applied 20 coordinates as given; pelvis ty 0.932 m (env override=0.9315287157201333); IMU-metric torso lean -0.0 deg (+ = back)
standing solve: nnls x in [0.00, 0.60], >0.1: 12 muscles
  top: tib_ant_r=0.60, tib_ant_l=0.53, ext_dig_r=0.36, add_long_l=0.31, ext_dig_l=0.30, per_tert_r=0.18, per_tert_l=0.16, pect_l=0.14
Fmax range: 5..3396 N | L range sample: [0.229942 0.326094]
[robust:s3kpruned] dty=0.01 WALK  -> kine=-25.0 fell=False
fitted baseline loaded: e2_pf=0.222 f1_df=0.098 f1_kf=0.148 post_kneext=0.011 post_hipext=0.068 desc_f=1.400 e2_adapt=1.700
start pose (normal): applied 20 coordinates as given; pelvis ty 0.932 m (env override=0.9315287157201333); IMU-metric torso lean -0.0 deg (+ = back)
standing solve: nnls x in [0.00, 0.60], >0.1: 12 muscles
  top: tib_ant_r=0.60, tib_ant_l=0.53, ext_dig_r=0.36, add_long_l=0.31, ext_dig_l=0.30, per_tert_r=0.18, per_tert_l=0.16, pect_l=0.14
Fmax range: 5..3396 N | L range sample: [0.229942 0.326094]
[robust:s3kpruned] dty=0.01 PUSH +x -> kine=-25.0 fell=False
fitted baseline loaded: e2_pf=0.222 f1_df=0.098 f1_kf=0.148 post_kneext=0.011 post_hipext=0.068 desc_f=1.400 e2_adapt=1.700
start pose (normal): applied 20 coordinates as given; pelvis ty 0.912 m (env override=0.9115287157201333); IMU-metric torso lean -0.0 deg (+ = back)
standing solve: nnls x in [0.00, 0.97], >0.1: 17 muscles
  top: add_long_l=0.97, tib_ant_r=0.62, glut_min1_l=0.45, pect_l=0.44, tib_ant_l=0.41, glut_min2_l=0.41, ext_dig_r=0.38, glut_med1_r=0.26
Fmax range: 5..3396 N | L range sample: [0.229942 0.326094]
[robust:s3kpruned] dty=-0.01 WALK  -> kine=-25.0 fell=False
fitted baseline loaded: e2_pf=0.222 f1_df=0.098 f1_kf=0.148 post_kneext=0.011 post_hipext=0.068 desc_f=1.400 e2_adapt=1.700
start pose (normal): applied 20 coordinates as given; pelvis ty 0.912 m (env override=0.9115287157201333); IMU-metric torso lean -0.0 deg (+ = back)
standing solve: nnls x in [0.00, 0.97], >0.1: 17 muscles
  top: add_long_l=0.97, tib_ant_r=0.62, glut_min1_l=0.45, pect_l=0.44, tib_ant_l=0.41, glut_min2_l=0.41, ext_dig_r=0.38, glut_med1_r=0.26
Fmax range: 5..3396 N | L range sample: [0.229942 0.326094]
[robust:s3kpruned] dty=-0.01 PUSH +x -> kine=-25.0 fell=False
fitted baseline loaded: e2_pf=0.222 f1_df=0.098 f1_kf=0.148 post_kneext=0.011 post_hipext=0.068 desc_f=1.400 e2_adapt=1.700
start pose (normal): applied 20 coordinates as given; pelvis ty 0.942 m (env override=0.9415287157201333); IMU-metric torso lean -0.0 deg (+ = back)
standing solve: nnls x in [0.00, 0.59], >0.1: 9 muscles
  top: tib_ant_r=0.59, tib_ant_l=0.57, ext_dig_r=0.35, ext_dig_l=0.34, add_long_r=0.27, per_tert_r=0.18, per_tert_l=0.17, ext_hal_r=0.12
Fmax range: 5..3396 N | L range sample: [0.229942 0.326094]
[robust:s3kpruned] dty=0.02 WALK  -> kine=-25.0 fell=False
fitted baseline loaded: e2_pf=0.222 f1_df=0.098 f1_kf=0.148 post_kneext=0.011 post_hipext=0.068 desc_f=1.400 e2_adapt=1.700
start pose (normal): applied 20 coordinates as given; pelvis ty 0.942 m (env override=0.9415287157201333); IMU-metric torso lean -0.0 deg (+ = back)
standing solve: nnls x in [0.00, 0.59], >0.1: 9 muscles
  top: tib_ant_r=0.59, tib_ant_l=0.57, ext_dig_r=0.35, ext_dig_l=0.34, add_long_r=0.27, per_tert_r=0.18, per_tert_l=0.17, ext_hal_r=0.12
Fmax range: 5..3396 N | L range sample: [0.229942 0.326094]
[robust:s3kpruned] dty=0.02 PUSH +x -> kine=-25.0 fell=False
fitted baseline loaded: e2_pf=0.222 f1_df=0.098 f1_kf=0.148 post_kneext=0.011 post_hipext=0.068 desc_f=1.400 e2_adapt=1.700
start pose (normal): applied 20 coordinates as given; pelvis ty 0.902 m (env override=0.9015287157201333); IMU-metric torso lean -0.0 deg (+ = back)
standing solve: nnls x in [0.00, 1.00], >0.1: 19 muscles
  top: add_long_l=1.00, tib_ant_r=0.63, pect_l=0.57, glut_min1_l=0.56, glut_min2_l=0.51, ext_dig_r=0.40, glut_med1_r=0.37, tib_ant_l=0.35
Fmax range: 5..3396 N | L range sample: [0.229942 0.326094]
[robust:s3kpruned] dty=-0.02 WALK  -> kine=-25.0 fell=False
fitted baseline loaded: e2_pf=0.222 f1_df=0.098 f1_kf=0.148 post_kneext=0.011 post_hipext=0.068 desc_f=1.400 e2_adapt=1.700
start pose (normal): applied 20 coordinates as given; pelvis ty 0.902 m (env override=0.9015287157201333); IMU-metric torso lean -0.0 deg (+ = back)
standing solve: nnls x in [0.00, 1.00], >0.1: 19 muscles
  top: add_long_l=1.00, tib_ant_r=0.63, pect_l=0.57, glut_min1_l=0.56, glut_min2_l=0.51, ext_dig_r=0.40, glut_med1_r=0.37, tib_ant_l=0.35
Fmax range: 5..3396 N | L range sample: [0.229942 0.326094]
[robust:s3kpruned] dty=-0.02 PUSH +x -> kine=-25.0 fell=False
[robust:s3kpruned] shard 0 done
