fitted baseline loaded: e2_pf=0.222 f1_df=0.098 f1_kf=0.148 post_kneext=0.011 post_hipext=0.068 desc_f=1.400 e2_adapt=1.700
start pose (normal.mot): applied 20 coordinates as given; IMU-metric torso lean -0.0 deg (+ = back)
standing solve: nnls x in [0.00, 0.70], >0.1: 14 muscles
  top: add_long_l=0.70, tib_ant_r=0.61, tib_ant_l=0.46, ext_dig_r=0.37, glut_min1_l=0.33, pect_l=0.32, glut_min2_l=0.31, ext_dig_l=0.25
Fmax range: 5..3396 N | L range sample: [0.229942 0.326094]

=== eval metrics ===
  nan: False
  t_end: 15.998000000000001
  dx: 0.01837978106322702
  kz: 0.8940922282853601
  tilt_max: 18.304637465303
  knee_min: -1.2194848731747328
  hip_amp: 0.9753904615062514
  duty: 1.0
  kine: None
  kine_score: -25.0
  burst_r: 1
RG_E_r: 3.12..3.44 mV
RG_F_r: -1.04..3.77 mV
PF_E1_r: -0.30..-0.08 mV
PF_F1_r: 4.74..6.21 mV
knee_r: -3250.8..-2421.2 deg, hip_r: 558.3..1693.8 deg
