loaded fitted_walk_params.json (back-solve refit)
loaded best_walk_params.json (drive=2.59)
standing solve: nnls x in [0.00, 0.60], >0.1: 8 muscles
  top: tib_ant_r=0.60, tib_ant_l=0.59, ext_dig_r=0.36, ext_dig_l=0.36, ercspn_r=0.18, ercspn_l=0.18, per_tert_r=0.18, per_tert_l=0.18
Fmax range: 5..3396 N | L range sample: [0.229942 0.326094]
t=  1.00 max|qacc|=      26.6 max|qvel|=   0.68 ncon=  8 com_z=0.949 com_x=-0.142
t=  1.50 max|qacc|=      60.9 max|qvel|=   0.10 ncon=  8 com_z=0.939 com_x=-0.182
t=  2.00 max|qacc|=      26.1 max|qvel|=   0.23 ncon=  8 com_z=0.939 com_x=-0.193
t=  2.50 max|qacc|=     382.2 max|qvel|=   0.32 ncon=  8 com_z=0.936 com_x=-0.205
t=  3.00 max|qacc|=     361.1 max|qvel|=   0.35 ncon=  8 com_z=0.932 com_x=-0.215
t=  3.50 max|qacc|=      46.7 max|qvel|=   0.14 ncon=  8 com_z=0.927 com_x=-0.223
t=  4.00 max|qacc|=      11.0 max|qvel|=   0.33 ncon=  8 com_z=0.909 com_x=-0.247
t=  4.50 max|qacc|=       7.2 max|qvel|=   0.95 ncon=  8 com_z=0.884 com_x=-0.271
t=  5.00 max|qacc|=       8.5 max|qvel|=   0.93 ncon=  8 com_z=0.879 com_x=-0.279
t=  5.50 max|qacc|=       7.7 max|qvel|=   0.51 ncon=  7 com_z=0.875 com_x=-0.281
t=  6.00 max|qacc|=      28.7 max|qvel|=   0.24 ncon=  7 com_z=0.871 com_x=-0.283
t=  6.50 max|qacc|=      45.7 max|qvel|=   1.10 ncon=  8 com_z=0.872 com_x=-0.277
t=  7.00 max|qacc|=      14.1 max|qvel|=   0.40 ncon=  8 com_z=0.869 com_x=-0.275
t=  7.50 max|qacc|=      15.3 max|qvel|=   0.32 ncon=  8 com_z=0.868 com_x=-0.271
t=  8.00 max|qacc|=      27.4 max|qvel|=   0.33 ncon=  7 com_z=0.866 com_x=-0.266
t=  8.50 max|qacc|=      28.4 max|qvel|=   0.49 ncon=  7 com_z=0.864 com_x=-0.262
t=  9.00 max|qacc|=      35.6 max|qvel|=   0.61 ncon=  7 com_z=0.863 com_x=-0.256
t=  9.50 max|qacc|=     389.6 max|qvel|=   0.81 ncon=  7 com_z=0.862 com_x=-0.248
t= 10.00 max|qacc|=      26.1 max|qvel|=   0.23 ncon=  8 com_z=0.862 com_x=-0.242
t= 10.50 max|qacc|=      47.6 max|qvel|=   0.15 ncon=  7 com_z=0.860 com_x=-0.236
t= 11.00 max|qacc|=       7.4 max|qvel|=   0.30 ncon=  6 com_z=0.860 com_x=-0.230
t= 11.50 max|qacc|=       4.5 max|qvel|=   0.19 ncon=  6 com_z=0.858 com_x=-0.225
t= 12.00 max|qacc|=      77.6 max|qvel|=   1.17 ncon=  6 com_z=0.858 com_x=-0.218
t= 12.50 max|qacc|=      63.1 max|qvel|=   0.61 ncon=  6 com_z=0.857 com_x=-0.212
t= 13.00 max|qacc|=      81.9 max|qvel|=   0.32 ncon=  7 com_z=0.857 com_x=-0.206
t= 13.50 max|qacc|=      18.6 max|qvel|=   0.21 ncon=  6 com_z=0.856 com_x=-0.201
t= 14.00 max|qacc|=      45.1 max|qvel|=   0.28 ncon=  5 com_z=0.855 com_x=-0.198
t= 14.50 max|qacc|=      31.6 max|qvel|=   0.28 ncon=  5 com_z=0.855 com_x=-0.193
t= 15.00 max|qacc|=      25.5 max|qvel|=   1.47 ncon=  4 com_z=0.855 com_x=-0.189
t= 15.50 max|qacc|=      28.4 max|qvel|=   0.41 ncon=  5 com_z=0.856 com_x=-0.183
t= 16.00 max|qacc|=       6.4 max|qvel|=   0.29 ncon=  4 com_z=0.868 com_x=-0.170
t= 16.50 max|qacc|=     260.2 max|qvel|=   0.50 ncon=  2 com_z=0.884 com_x=-0.155
t= 17.00 max|qacc|=       6.7 max|qvel|=   0.88 ncon=  2 com_z=0.904 com_x=-0.135
t= 17.50 max|qacc|=      10.3 max|qvel|=   1.21 ncon=  2 com_z=0.916 com_x=-0.117
t= 18.00 max|qacc|=     162.3 max|qvel|=   1.62 ncon=  2 com_z=0.901 com_x=-0.136
t= 18.50 max|qacc|=     135.9 max|qvel|=   2.34 ncon=  2 com_z=0.901 com_x=-0.135
t= 19.00 max|qacc|=     297.5 max|qvel|=   1.09 ncon=  2 com_z=0.904 com_x=-0.130
t= 19.50 max|qacc|=      16.7 max|qvel|=   1.07 ncon=  2 com_z=0.901 com_x=-0.131
t= 20.00 max|qacc|=       8.1 max|qvel|=   1.12 ncon=  2 com_z=0.902 com_x=-0.129
t= 20.50 max|qacc|=       5.9 max|qvel|=   1.20 ncon=  2 com_z=0.902 com_x=-0.128
t= 21.00 max|qacc|=       8.3 max|qvel|=   1.25 ncon=  2 com_z=0.901 com_x=-0.128
t= 21.50 max|qacc|=      11.1 max|qvel|=   1.28 ncon=  2 com_z=0.902 com_x=-0.126

== summary ==
pelvis/COM height: start 0.96 m, min 0.85 m, final 0.90 m  (stayed up)
COM x: min -0.28 max -0.09 final -0.13 m
COM y: min -0.004 max +0.006 m
RG_F_r bursts during walk window: 12
RG_r: cycles in window 13, period 0.85 s (1.18 Hz), E-duty 0.27
RG_l: cycles in window 13, period 0.85 s (1.18 Hz), E-duty 0.10
peak ctrl: [0.31 0.63 0.6  0.77 0.28 0.51 0.57 0.37 0.28 0.13 0.3  0.63 0.6  0.76
 0.27 0.59 0.56 0.37 0.27 0.13] (('vas_lat_r', 'med_gas_r', 'soleus_r', 'tib_ant_r', 'psoas_r', 'semimem_r', 'glut_max2_r', 'rect_fem_r', 'sar_r', 'grac_r', 'vas_lat_l', 'med_gas_l', 'soleus_l', 'tib_ant_l', 'psoas_l', 'semimem_l', 'glut_max2_l', 'rect_fem_l', 'sar_l', 'grac_l'))
  hip_flexion_r         -9.1 ..    24.8 deg
  knee_angle_r         -14.3 ..    26.4 deg
  ankle_angle_r        -43.1 ..     0.0 deg
  hip_adduction_r       -1.4 ..    11.4 deg
  subtalar_angle_r       0.0 ..    16.9 deg
  hip_flexion_l         -8.6 ..    24.5 deg
  knee_angle_l         -10.6 ..    28.8 deg
  ankle_angle_l        -46.6 ..     0.0 deg
  hip_adduction_l       -0.4 ..    12.2 deg
  subtalar_angle_l       0.0 ..    16.9 deg
  pelvis_tilt           -0.0 ..    33.4 deg
  pelvis_list           -1.3 ..     0.8 deg
  pelvis_rotation       -0.8 ..     0.7 deg
saved spinal_run.npz
saved spinal_run.png
