
=== wean stage 0: rig-scale 1.0 ===
loaded fitted_walk_params.json (back-solve refit)
loaded best_walk_params.json (drive=1.49)
standing solve: nnls x in [0.00, 0.60], >0.1: 8 muscles
  top: tib_ant_r=0.60, tib_ant_l=0.59, ext_dig_r=0.36, ext_dig_l=0.36, ercspn_r=0.18, ercspn_l=0.18, per_tert_r=0.18, per_tert_l=0.18
Fmax range: 5..3396 N | L range sample: [0.229942 0.326094]
t=  1.00 max|qacc|=      19.9 max|qvel|=   1.07 ncon=  8 com_z=0.963 com_x=-0.123
t=  1.50 max|qacc|=      17.9 max|qvel|=   0.75 ncon=  8 com_z=0.961 com_x=-0.143
t=  2.00 max|qacc|=       6.7 max|qvel|=   0.32 ncon=  8 com_z=0.954 com_x=-0.180
t=  2.50 max|qacc|=      75.5 max|qvel|=   0.30 ncon=  8 com_z=0.951 com_x=-0.196
t=  3.00 max|qacc|=      57.3 max|qvel|=   0.45 ncon=  6 com_z=0.949 com_x=-0.204
t=  3.50 max|qacc|=      11.1 max|qvel|=   0.20 ncon=  6 com_z=0.938 com_x=-0.218
t=  4.00 max|qacc|=      31.0 max|qvel|=   0.38 ncon=  6 com_z=0.917 com_x=-0.237
t=  4.50 max|qacc|=      50.7 max|qvel|=   0.36 ncon=  7 com_z=0.893 com_x=-0.252
t=  5.00 max|qacc|=      19.8 max|qvel|=   0.42 ncon=  7 com_z=0.886 com_x=-0.247
t=  5.50 max|qacc|=      28.0 max|qvel|=   0.58 ncon=  7 com_z=0.880 com_x=-0.240
t=  6.00 max|qacc|=      70.8 max|qvel|=   0.78 ncon=  7 com_z=0.880 com_x=-0.232
t=  6.50 max|qacc|=      21.5 max|qvel|=   0.46 ncon=  7 com_z=0.882 com_x=-0.221
t=  7.00 max|qacc|=     353.7 max|qvel|=   2.09 ncon=  6 com_z=0.879 com_x=-0.217
t=  7.50 max|qacc|=      29.5 max|qvel|=   1.39 ncon=  6 com_z=0.878 com_x=-0.211
t=  8.00 max|qacc|=     166.2 max|qvel|=   1.31 ncon=  4 com_z=0.877 com_x=-0.207
t=  8.50 max|qacc|=       6.4 max|qvel|=   0.18 ncon=  5 com_z=0.875 com_x=-0.201
t=  9.00 max|qacc|=       4.5 max|qvel|=   0.57 ncon=  4 com_z=0.875 com_x=-0.197
t=  9.50 max|qacc|=       3.1 max|qvel|=   0.15 ncon=  5 com_z=0.875 com_x=-0.191
t= 10.00 max|qacc|=      18.4 max|qvel|=   0.48 ncon=  5 com_z=0.874 com_x=-0.187
t= 10.50 max|qacc|=       6.6 max|qvel|=   0.23 ncon=  4 com_z=0.875 com_x=-0.181
t= 11.00 max|qacc|=      22.9 max|qvel|=   0.30 ncon=  5 com_z=0.874 com_x=-0.177
t= 11.50 max|qacc|=       7.4 max|qvel|=   0.34 ncon=  4 com_z=0.874 com_x=-0.173
t= 12.00 max|qacc|=      31.0 max|qvel|=   0.37 ncon=  5 com_z=0.873 com_x=-0.169
t= 12.50 max|qacc|=      12.4 max|qvel|=   0.17 ncon=  4 com_z=0.873 com_x=-0.167
t= 13.00 max|qacc|=      31.3 max|qvel|=   0.55 ncon=  5 com_z=0.872 com_x=-0.164
t= 13.50 max|qacc|=     169.2 max|qvel|=   1.07 ncon=  4 com_z=0.872 com_x=-0.163
t= 14.00 max|qacc|=     161.2 max|qvel|=   1.52 ncon=  3 com_z=0.872 com_x=-0.161
t= 14.50 max|qacc|=     105.2 max|qvel|=   0.61 ncon=  3 com_z=0.872 com_x=-0.160
t= 15.00 max|qacc|=     228.2 max|qvel|=   0.30 ncon=  3 com_z=0.871 com_x=-0.158
t= 15.50 max|qacc|=     123.1 max|qvel|=   0.34 ncon=  3 com_z=0.873 com_x=-0.155
t= 16.00 max|qacc|=      99.7 max|qvel|=   3.35 ncon=  2 com_z=0.887 com_x=-0.144
t= 16.50 max|qacc|=      18.8 max|qvel|=   1.46 ncon=  2 com_z=0.907 com_x=-0.128
t= 17.00 max|qacc|=      20.7 max|qvel|=   2.08 ncon=  2 com_z=0.922 com_x=-0.110
t= 17.50 max|qacc|=      15.3 max|qvel|=   1.54 ncon=  2 com_z=0.928 com_x=-0.099
t= 18.00 max|qacc|=      13.8 max|qvel|=   1.74 ncon=  2 com_z=0.922 com_x=-0.107
t= 18.50 max|qacc|=      14.8 max|qvel|=   1.80 ncon=  2 com_z=0.921 com_x=-0.107
t= 19.00 max|qacc|=     136.7 max|qvel|=   1.84 ncon=  2 com_z=0.923 com_x=-0.104
t= 19.50 max|qacc|=      72.2 max|qvel|=   1.84 ncon=  2 com_z=0.922 com_x=-0.103
t= 20.00 max|qacc|=      32.2 max|qvel|=   1.85 ncon=  2 com_z=0.922 com_x=-0.103
t= 20.50 max|qacc|=      32.3 max|qvel|=   1.87 ncon=  2 com_z=0.922 com_x=-0.102
t= 21.00 max|qacc|=      69.4 max|qvel|=   1.90 ncon=  2 com_z=0.922 com_x=-0.102
t= 21.50 max|qacc|=      68.9 max|qvel|=   1.89 ncon=  2 com_z=0.922 com_x=-0.101

== summary ==
pelvis/COM height: start 0.96 m, min 0.87 m, final 0.92 m  (stayed up)
COM x: min -0.25 max -0.09 final -0.10 m
COM y: min -0.001 max +0.007 m
RG_F_r bursts during walk window: 9
RG_r: cycles in window 10, period 1.08 s (0.92 Hz), E-duty 0.12
RG_l: cycles in window 10, period 1.08 s (0.92 Hz), E-duty 0.07
peak ctrl: [0.24 0.51 0.56 0.77 0.37 0.33 0.45 0.3  0.38 0.11 0.24 0.51 0.56 0.76
 0.36 0.33 0.44 0.29 0.36 0.11] (('vas_lat_r', 'med_gas_r', 'soleus_r', 'tib_ant_r', 'psoas_r', 'semimem_r', 'glut_max2_r', 'rect_fem_r', 'sar_r', 'grac_r', 'vas_lat_l', 'med_gas_l', 'soleus_l', 'tib_ant_l', 'psoas_l', 'semimem_l', 'glut_max2_l', 'rect_fem_l', 'sar_l', 'grac_l'))
  hip_flexion_r        -19.2 ..    18.6 deg
  knee_angle_r         -22.4 ..    22.2 deg
  ankle_angle_r        -45.8 ..     0.0 deg
  hip_adduction_r       -0.0 ..    12.9 deg
  subtalar_angle_r       0.0 ..    18.1 deg
  hip_flexion_l        -20.0 ..    16.8 deg
  knee_angle_l         -21.2 ..    25.4 deg
  ankle_angle_l        -49.9 ..     0.0 deg
  hip_adduction_l        0.0 ..    13.9 deg
  subtalar_angle_l       0.0 ..    19.6 deg
  pelvis_tilt           -3.2 ..    29.0 deg
  pelvis_list           -0.9 ..     0.2 deg
  pelvis_rotation       -1.1 ..     1.1 deg
saved spinal_run.npz
saved spinal_run.png
stage 0 S=1.0: PASS (t_end 22.0 s, kz 0.87, tilt 29.0 deg, knee -22.4 deg, hip amp 37.7 deg, dx 0.15 m)

=== wean stage 1: rig-scale 0.6 ===
loaded fitted_walk_params.json (back-solve refit)
loaded best_walk_params.json (drive=1.49)
standing solve: nnls x in [0.00, 0.60], >0.1: 8 muscles
  top: tib_ant_r=0.60, tib_ant_l=0.59, ext_dig_r=0.36, ext_dig_l=0.36, ercspn_r=0.18, ercspn_l=0.18, per_tert_r=0.18, per_tert_l=0.18
Fmax range: 5..3396 N | L range sample: [0.229942 0.326094]
t=  1.00 max|qacc|=      17.6 max|qvel|=   1.01 ncon=  8 com_z=0.964 com_x=-0.130
t=  1.50 max|qacc|=      36.1 max|qvel|=   0.40 ncon=  7 com_z=0.962 com_x=-0.155
t=  2.00 max|qacc|=     120.3 max|qvel|=   0.38 ncon=  7 com_z=0.955 com_x=-0.199
t=  2.50 max|qacc|=     268.6 max|qvel|=   0.52 ncon=  7 com_z=0.928 com_x=-0.268
t=  3.00 max|qacc|=     187.7 max|qvel|=   0.42 ncon=  6 com_z=0.869 com_x=-0.333
t=  3.50 max|qacc|=     164.2 max|qvel|=   0.32 ncon=  6 com_z=0.825 com_x=-0.354
t=  4.00 max|qacc|=     166.6 max|qvel|=   0.26 ncon=  6 com_z=0.811 com_x=-0.347
t=  4.50 max|qacc|=     120.6 max|qvel|=   0.38 ncon=  6 com_z=0.785 com_x=-0.339
t=  5.00 max|qacc|=      23.7 max|qvel|=   0.65 ncon=  6 com_z=0.776 com_x=-0.325
t=  5.50 max|qacc|=       7.6 max|qvel|=   0.18 ncon=  7 com_z=0.778 com_x=-0.312
t=  6.00 max|qacc|=      28.9 max|qvel|=   0.77 ncon=  6 com_z=0.773 com_x=-0.299
t=  6.50 max|qacc|=      25.6 max|qvel|=   0.43 ncon=  7 com_z=0.778 com_x=-0.288
t=  7.00 max|qacc|=      51.7 max|qvel|=   0.86 ncon=  6 com_z=0.775 com_x=-0.279
t=  7.50 max|qacc|=     297.8 max|qvel|=   1.42 ncon=  6 com_z=0.774 com_x=-0.270
t=  8.00 max|qacc|=      75.5 max|qvel|=   0.50 ncon=  5 com_z=0.774 com_x=-0.262
t=  8.50 max|qacc|=     222.6 max|qvel|=   0.32 ncon=  5 com_z=0.774 com_x=-0.253
t=  9.00 max|qacc|=       3.9 max|qvel|=   0.29 ncon=  5 com_z=0.772 com_x=-0.246
t=  9.50 max|qacc|=      76.7 max|qvel|=   0.34 ncon=  5 com_z=0.774 com_x=-0.238
t= 10.00 max|qacc|=     122.1 max|qvel|=   0.78 ncon=  4 com_z=0.773 com_x=-0.231
t= 10.50 max|qacc|=     256.3 max|qvel|=   0.58 ncon=  4 com_z=0.773 com_x=-0.224
t= 11.00 max|qacc|=      17.6 max|qvel|=   0.69 ncon=  4 com_z=0.773 com_x=-0.217
t= 11.50 max|qacc|=      76.4 max|qvel|=   0.55 ncon=  4 com_z=0.772 com_x=-0.211
t= 12.00 max|qacc|=      26.7 max|qvel|=   0.46 ncon=  4 com_z=0.773 com_x=-0.205
t= 12.50 max|qacc|=     270.7 max|qvel|=   0.50 ncon=  5 com_z=0.772 com_x=-0.200
t= 13.00 max|qacc|=      59.7 max|qvel|=   0.82 ncon=  4 com_z=0.772 com_x=-0.195
t= 13.50 max|qacc|=     165.9 max|qvel|=   3.19 ncon=  2 com_z=0.772 com_x=-0.192
t= 14.00 max|qacc|=     224.3 max|qvel|=   4.20 ncon=  2 com_z=0.772 com_x=-0.188
t= 14.50 max|qacc|=      56.8 max|qvel|=   0.45 ncon=  2 com_z=0.771 com_x=-0.185
t= 15.00 max|qacc|=      56.0 max|qvel|=   0.25 ncon=  2 com_z=0.771 com_x=-0.182
t= 15.50 max|qacc|=      65.7 max|qvel|=   1.01 ncon=  2 com_z=0.773 com_x=-0.179
t= 16.00 max|qacc|=      44.7 max|qvel|=   1.82 ncon=  2 com_z=0.785 com_x=-0.176
t= 16.50 max|qacc|=     198.3 max|qvel|=   3.53 ncon=  2 com_z=0.806 com_x=-0.172
t= 17.00 max|qacc|=      20.1 max|qvel|=   1.99 ncon=  2 com_z=0.822 com_x=-0.162
t= 17.50 max|qacc|=      10.7 max|qvel|=   1.27 ncon=  2 com_z=0.831 com_x=-0.152
t= 18.00 max|qacc|=      16.3 max|qvel|=   1.76 ncon=  2 com_z=0.827 com_x=-0.156
t= 18.50 max|qacc|=      17.0 max|qvel|=   1.91 ncon=  2 com_z=0.820 com_x=-0.156
t= 19.00 max|qacc|=     125.7 max|qvel|=   1.91 ncon=  2 com_z=0.823 com_x=-0.154
t= 19.50 max|qacc|=      65.9 max|qvel|=   1.91 ncon=  2 com_z=0.824 com_x=-0.152
t= 20.00 max|qacc|=      21.2 max|qvel|=   1.90 ncon=  2 com_z=0.823 com_x=-0.150
t= 20.50 max|qacc|=      87.5 max|qvel|=   1.91 ncon=  2 com_z=0.823 com_x=-0.149
t= 21.00 max|qacc|=      33.5 max|qvel|=   1.91 ncon=  2 com_z=0.824 com_x=-0.148
t= 21.50 max|qacc|=      15.9 max|qvel|=   1.91 ncon=  2 com_z=0.823 com_x=-0.147

== summary ==
pelvis/COM height: start 0.96 m, min 0.77 m, final 0.82 m  (stayed up)
COM x: min -0.35 max -0.09 final -0.15 m
COM y: min -0.004 max +0.015 m
RG_F_r bursts during walk window: 9
RG_r: cycles in window 10, period 1.08 s (0.92 Hz), E-duty 0.12
RG_l: cycles in window 10, period 1.08 s (0.92 Hz), E-duty 0.07
peak ctrl: [0.24 0.51 0.56 0.77 0.37 0.33 0.43 0.29 0.38 0.11 0.24 0.51 0.56 0.76
 0.35 0.33 0.42 0.29 0.36 0.12] (('vas_lat_r', 'med_gas_r', 'soleus_r', 'tib_ant_r', 'psoas_r', 'semimem_r', 'glut_max2_r', 'rect_fem_r', 'sar_r', 'grac_r', 'vas_lat_l', 'med_gas_l', 'soleus_l', 'tib_ant_l', 'psoas_l', 'semimem_l', 'glut_max2_l', 'rect_fem_l', 'sar_l', 'grac_l'))
  hip_flexion_r         -8.6 ..    31.4 deg
  knee_angle_r         -22.2 ..    20.5 deg
  ankle_angle_r        -47.0 ..     0.0 deg
  hip_adduction_r       -0.3 ..    13.4 deg
  subtalar_angle_r       0.0 ..    19.8 deg
  hip_flexion_l         -7.4 ..    29.6 deg
  knee_angle_l         -22.0 ..    24.1 deg
  ankle_angle_l        -51.0 ..     0.0 deg
  hip_adduction_l        0.0 ..    13.6 deg
  subtalar_angle_l       0.0 ..    19.5 deg
  pelvis_tilt           -4.4 ..    46.3 deg
  pelvis_list           -2.0 ..     0.2 deg
  pelvis_rotation       -1.3 ..     1.3 deg
saved spinal_run.npz
saved spinal_run.png
stage 1 S=0.6: FAIL (t_end 22.0 s, kz 0.77, tilt 46.3 deg, knee -22.2 deg, hip amp 40.0 deg, dx 0.18 m)

== weaning ladder ==
  S=    1: PASS kz 0.87 tilt  29.0 knee  -22.4 hipamp  37.7 dx +0.15
  S=  0.6: FAIL kz 0.77 tilt  46.3 knee  -22.2 hipamp  40.0 dx +0.18
