
=== wean stage 0: rig-scale 0.8 ===
loaded fitted_walk_params.json (back-solve refit)
loaded best_walk_params.json (drive=1.49)
standing solve: nnls x in [0.00, 0.60], >0.1: 8 muscles
  top: tib_ant_r=0.60, tib_ant_l=0.59, ext_dig_r=0.36, ext_dig_l=0.36, ercspn_r=0.18, ercspn_l=0.18, per_tert_r=0.18, per_tert_l=0.18
Fmax range: 5..3396 N | L range sample: [0.229942 0.326094]
t=  1.00 max|qacc|=      20.3 max|qvel|=   1.05 ncon=  8 com_z=0.963 com_x=-0.126
t=  1.50 max|qacc|=     299.9 max|qvel|=   1.12 ncon=  8 com_z=0.962 com_x=-0.147
t=  2.00 max|qacc|=      15.6 max|qvel|=   0.28 ncon=  8 com_z=0.955 com_x=-0.189
t=  2.50 max|qacc|=     534.3 max|qvel|=   0.80 ncon=  7 com_z=0.945 com_x=-0.225
t=  3.00 max|qacc|=       1.7 max|qvel|=   0.17 ncon=  6 com_z=0.933 com_x=-0.249
t=  3.50 max|qacc|=      27.6 max|qvel|=   0.22 ncon=  6 com_z=0.914 com_x=-0.268
t=  4.00 max|qacc|=      10.4 max|qvel|=   0.67 ncon=  6 com_z=0.885 com_x=-0.286
t=  4.50 max|qacc|=      59.9 max|qvel|=   0.42 ncon=  7 com_z=0.852 com_x=-0.299
t=  5.00 max|qacc|=       9.6 max|qvel|=   0.50 ncon=  6 com_z=0.843 com_x=-0.292
t=  5.50 max|qacc|=      18.7 max|qvel|=   0.44 ncon=  7 com_z=0.840 com_x=-0.280
t=  6.00 max|qacc|=      12.2 max|qvel|=   0.75 ncon=  7 com_z=0.837 com_x=-0.271
t=  6.50 max|qacc|=      44.5 max|qvel|=   1.00 ncon=  7 com_z=0.840 com_x=-0.258
t=  7.00 max|qacc|=      48.5 max|qvel|=   0.71 ncon=  6 com_z=0.838 com_x=-0.251
t=  7.50 max|qacc|=      68.8 max|qvel|=   1.31 ncon=  6 com_z=0.836 com_x=-0.243
t=  8.00 max|qacc|=      90.7 max|qvel|=   1.25 ncon=  4 com_z=0.837 com_x=-0.236
t=  8.50 max|qacc|=      17.5 max|qvel|=   0.16 ncon=  5 com_z=0.834 com_x=-0.230
t=  9.00 max|qacc|=      14.0 max|qvel|=   0.51 ncon=  4 com_z=0.834 com_x=-0.223
t=  9.50 max|qacc|=       7.2 max|qvel|=   0.24 ncon=  4 com_z=0.834 com_x=-0.216
t= 10.00 max|qacc|=      21.9 max|qvel|=   0.66 ncon=  4 com_z=0.833 com_x=-0.210
t= 10.50 max|qacc|=      32.7 max|qvel|=   0.29 ncon=  4 com_z=0.834 com_x=-0.204
t= 11.00 max|qacc|=       6.0 max|qvel|=   0.28 ncon=  5 com_z=0.833 com_x=-0.199
t= 11.50 max|qacc|=      45.2 max|qvel|=   0.23 ncon=  5 com_z=0.833 com_x=-0.194
t= 12.00 max|qacc|=      10.0 max|qvel|=   0.29 ncon=  5 com_z=0.832 com_x=-0.189
t= 12.50 max|qacc|=      50.9 max|qvel|=   0.20 ncon=  4 com_z=0.832 com_x=-0.185
t= 13.00 max|qacc|=     157.1 max|qvel|=   0.64 ncon=  5 com_z=0.832 com_x=-0.182
t= 13.50 max|qacc|=     133.3 max|qvel|=   0.97 ncon=  4 com_z=0.831 com_x=-0.180
t= 14.00 max|qacc|=     112.9 max|qvel|=   1.52 ncon=  3 com_z=0.832 com_x=-0.177
t= 14.50 max|qacc|=     118.0 max|qvel|=   0.20 ncon=  3 com_z=0.831 com_x=-0.175
t= 15.00 max|qacc|=      21.1 max|qvel|=   0.36 ncon=  2 com_z=0.831 com_x=-0.172
t= 15.50 max|qacc|=      71.6 max|qvel|=   0.70 ncon=  2 com_z=0.832 com_x=-0.170
t= 16.00 max|qacc|=     407.4 max|qvel|=   1.74 ncon=  2 com_z=0.847 com_x=-0.163
t= 16.50 max|qacc|=      78.8 max|qvel|=   1.48 ncon=  2 com_z=0.870 com_x=-0.150
t= 17.00 max|qacc|=      20.1 max|qvel|=   2.04 ncon=  2 com_z=0.888 com_x=-0.134
t= 17.50 max|qacc|=      12.1 max|qvel|=   1.22 ncon=  2 com_z=0.897 com_x=-0.122
t= 18.00 max|qacc|=     141.7 max|qvel|=   1.67 ncon=  2 com_z=0.892 com_x=-0.128
t= 18.50 max|qacc|=     218.1 max|qvel|=   1.81 ncon=  2 com_z=0.887 com_x=-0.131
t= 19.00 max|qacc|=      31.8 max|qvel|=   1.85 ncon=  2 com_z=0.889 com_x=-0.129
t= 19.50 max|qacc|=      46.5 max|qvel|=   1.87 ncon=  2 com_z=0.890 com_x=-0.126
t= 20.00 max|qacc|=      21.1 max|qvel|=   1.86 ncon=  2 com_z=0.889 com_x=-0.126
t= 20.50 max|qacc|=      41.3 max|qvel|=   1.87 ncon=  2 com_z=0.889 com_x=-0.125
t= 21.00 max|qacc|=      35.5 max|qvel|=   1.87 ncon=  2 com_z=0.889 com_x=-0.124
t= 21.50 max|qacc|=      33.7 max|qvel|=   1.87 ncon=  2 com_z=0.889 com_x=-0.124

== summary ==
pelvis/COM height: start 0.96 m, min 0.83 m, final 0.89 m  (stayed up)
COM x: min -0.30 max -0.09 final -0.12 m
COM y: min -0.001 max +0.007 m
RG_F_r bursts during walk window: 9
RG_r: cycles in window 10, period 1.08 s (0.92 Hz), E-duty 0.12
RG_l: cycles in window 10, period 1.08 s (0.92 Hz), E-duty 0.07
peak ctrl: [0.23 0.51 0.56 0.77 0.37 0.32 0.44 0.29 0.38 0.11 0.24 0.51 0.56 0.76
 0.35 0.34 0.42 0.29 0.36 0.11] (('vas_lat_r', 'med_gas_r', 'soleus_r', 'tib_ant_r', 'psoas_r', 'semimem_r', 'glut_max2_r', 'rect_fem_r', 'sar_r', 'grac_r', 'vas_lat_l', 'med_gas_l', 'soleus_l', 'tib_ant_l', 'psoas_l', 'semimem_l', 'glut_max2_l', 'rect_fem_l', 'sar_l', 'grac_l'))
  hip_flexion_r        -13.9 ..    23.5 deg
  knee_angle_r         -22.7 ..    21.4 deg
  ankle_angle_r        -46.2 ..     0.0 deg
  hip_adduction_r       -0.0 ..    13.1 deg
  subtalar_angle_r       0.0 ..    18.1 deg
  hip_flexion_l        -14.6 ..    21.3 deg
  knee_angle_l         -21.6 ..    24.8 deg
  ankle_angle_l        -50.3 ..     0.0 deg
  hip_adduction_l        0.0 ..    13.8 deg
  subtalar_angle_l       0.0 ..    19.2 deg
  pelvis_tilt           -3.7 ..    36.7 deg
  pelvis_list           -1.1 ..     0.2 deg
  pelvis_rotation       -1.2 ..     1.2 deg
saved spinal_run.npz
saved spinal_run.png
stage 0 S=0.8: FAIL (t_end 22.0 s, kz 0.83, tilt 36.7 deg, knee -22.7 deg, hip amp 37.4 deg, dx 0.17 m)

== weaning ladder ==
  S=  0.8: FAIL kz 0.83 tilt  36.7 knee  -22.7 hipamp  37.4 dx +0.17
