15:31:01 SCONE version 2.4.4.3333
15:31:01 Successfully initialized OpenSim-3.3-2021-01-28
15:31:01 Successfully initialized OpenSim-4.4
15:31:01 Successfully initialized Hyfydy-1.12.6.1412
15:31:01 Successfully initialized Hyfydy-1.12.6.1412-DBL
15:31:01 Evaluating C:\Users\BENBOL~1\AppData\Local\Temp\scone_ab\Tutorials3\AB2-hfd-nativeHfd4par.scone
15:31:01 Loading C:\Users\BENBOL~1\AppData\Local\Temp\scone_ab\Tutorials3/models/H0918v3.hfd
15:31:01 H0918v3: load-state-init
15:31:01 H0918v3: init-state-offset
15:31:01 Adding forces: planar_joint_force_pnld2 simple_collision_detection contact_force_hunt_crossley_sb muscle_force_m2012fast
15:31:01 Adding integrator: predictive_integrator_psemtw
15:31:01 Moved pelvis_ty: pos=0.900237 load=4.15767 target_load=1
15:31:01 Moved pelvis_ty: pos=1.40024 load=0 target_load=1
15:31:01 Moved pelvis_ty: pos=1.15024 load=0 target_load=1
15:31:01 Moved pelvis_ty: pos=1.02524 load=0 target_load=1
15:31:01 Moved pelvis_ty: pos=0.962737 load=0 target_load=1
15:31:01 Moved pelvis_ty: pos=0.931487 load=0 target_load=1
15:31:01 Moved pelvis_ty: pos=0.915862 load=0.855754 target_load=1
15:31:01 Moved pelvis_ty: pos=0.90805 load=2.285 target_load=1
15:31:01 Moved pelvis_ty: pos=0.911956 load=1.50599 target_load=1
15:31:01 Moved pelvis_ty: pos=0.913909 load=1.16301 target_load=1
15:31:01 Moved pelvis_ty: pos=0.914886 load=1.00462 target_load=1
15:31:01 H0918v3: equilibrate
15:31:01 Equilibrated hamstrings_r; steps=12 L=1.01434 V=0.000123727 F=0.123427 mtu_vel=-0.080243 A=0.125725 E=1.20758e-05 r=[0.468994, 2]
15:31:01 Equilibrated bifemsh_r; steps=17 L=1.13448 V=0.000286916 F=0.0345763 mtu_vel=0.0083984 A=0.01 E=3.16468e-05 r=[0.468994, 2]
15:31:01 Equilibrated glut_max_r; steps=15 L=0.850577 V=0.00211903 F=0.143637 mtu_vel=-0.064904 A=0.171001 E=0.000332476 r=[0.468994, 2]
15:31:01 Equilibrated iliopsoas_r; steps=15 L=0.91926 V=0.000287742 F=0.0508667 mtu_vel=0.0587588 A=0.0538081 E=3.06733e-05 r=[0.468994, 2]
15:31:01 Equilibrated vasti_r; steps=10 L=0.72765 V=0.00705743 F=0.370168 mtu_vel=-0.0121 A=0.484147 E=0.000700803 r=[0.468994, 2]
15:31:01 Equilibrated gastroc_r; steps=8 L=1.13283 V=0.0188139 F=0.161837 mtu_vel=0.0406499 A=0.143909 E=0.000959508 r=[0.468994, 2]
15:31:01 Equilibrated soleus_r; steps=11 L=1.1261 V=-0.0105776 F=0.0802067 mtu_vel=0.0335147 A=0.0691398 E=0.000465413 r=[0.468994, 2]
15:31:01 Equilibrated tib_ant_r; steps=8 L=0.797921 V=0.0134904 F=0.116558 mtu_vel=-0.0394245 A=0.135264 E=0.000921398 r=[0.468994, 2]
15:31:01 Equilibrated hamstrings_l; steps=14 L=0.681395 V=0.000936767 F=0.00763595 mtu_vel=0.115425 A=0.0118698 E=9.14284e-05 r=[0.468994, 2]
15:31:01 Equilibrated bifemsh_l; steps=15 L=0.944864 V=-0.00870027 F=0.00955333 mtu_vel=-0.106103 A=0.01 E=0.00095964 r=[0.468994, 2]
15:31:01 Equilibrated glut_max_l; steps=15 L=0.789464 V=0.00407881 F=0.00766115 mtu_vel=0.175665 A=0.0100005 E=0.000639966 r=[0.468994, 2]
15:31:01 Equilibrated iliopsoas_l; steps=12 L=0.988176 V=-0.00513874 F=0.279549 mtu_vel=-0.131666 A=0.289591 E=0.000547789 r=[0.468994, 2]
15:31:01 Equilibrated vasti_l; steps=15 L=1.03794 V=-0.00724888 F=0.0124493 mtu_vel=0.126034 A=0.0107261 E=0.000719814 r=[0.468994, 2]
15:31:01 Equilibrated gastroc_l; steps=11 L=0.580381 V=-0.013572 F=0.0407631 mtu_vel=0.00623139 A=0.106133 E=0.00069217 r=[0.468994, 2]
15:31:01 Equilibrated soleus_l; steps=12 L=0.748208 V=0.00743817 F=0.0768191 mtu_vel=0.0570561 A=0.123399 E=0.00032728 r=[0.468994, 2]
15:31:01 Equilibrated tib_ant_l; steps=11 L=1.05583 V=-0.00814722 F=0.259487 mtu_vel=-0.0519491 A=0.261864 E=0.000556455 r=[0.468994, 2]
15:31:01 Equilibrated rect_fem_r; steps=14 L=0.792595 V=0.000156953 F=0.00832413 mtu_vel=0.0579329 A=0.0100574 E=1.19127e-05 r=[0.468994, 2]
15:31:01 Equilibrated rect_fem_l; steps=9 L=1.26141 V=-0.0131488 F=0.112468 mtu_vel=-0.0295615 A=0.01 E=0.00099799 r=[0.468994, 2]
15:31:01 H0918v3: make_state
15:31:01 H0918v3: create-controllers
15:31:01 Created H0918v3: mass=74.5314 dofs=9 muscles=18
15:31:01 Equilibrated hamstrings_r; steps=12 L=1.01434 V=0.000123727 F=0.123427 mtu_vel=-0.080243 A=0.125725 E=1.20758e-05 r=[0.468994, 2]
15:31:01 Equilibrated bifemsh_r; steps=17 L=1.13448 V=0.000286916 F=0.0345763 mtu_vel=0.0083984 A=0.01 E=3.16468e-05 r=[0.468994, 2]
15:31:01 Equilibrated glut_max_r; steps=15 L=0.850577 V=0.00211903 F=0.143637 mtu_vel=-0.064904 A=0.171001 E=0.000332476 r=[0.468994, 2]
15:31:01 Equilibrated iliopsoas_r; steps=15 L=0.91926 V=0.000287742 F=0.0508667 mtu_vel=0.0587588 A=0.0538081 E=3.06733e-05 r=[0.468994, 2]
15:31:01 Equilibrated vasti_r; steps=10 L=0.72765 V=0.00705743 F=0.370168 mtu_vel=-0.0121 A=0.484147 E=0.000700803 r=[0.468994, 2]
15:31:01 Equilibrated gastroc_r; steps=8 L=1.13283 V=0.0188139 F=0.161837 mtu_vel=0.0406499 A=0.143909 E=0.000959508 r=[0.468994, 2]
15:31:01 Equilibrated soleus_r; steps=11 L=1.1261 V=-0.0105776 F=0.0802067 mtu_vel=0.0335147 A=0.0691398 E=0.000465413 r=[0.468994, 2]
15:31:01 Equilibrated tib_ant_r; steps=8 L=0.797921 V=0.0134904 F=0.116558 mtu_vel=-0.0394245 A=0.135264 E=0.000921398 r=[0.468994, 2]
15:31:01 Equilibrated hamstrings_l; steps=14 L=0.681395 V=0.000936767 F=0.00763595 mtu_vel=0.115425 A=0.0118698 E=9.14284e-05 r=[0.468994, 2]
15:31:01 Equilibrated bifemsh_l; steps=15 L=0.944864 V=-0.00870027 F=0.00955333 mtu_vel=-0.106103 A=0.01 E=0.00095964 r=[0.468994, 2]
15:31:01 Equilibrated glut_max_l; steps=15 L=0.789464 V=0.00407881 F=0.00766115 mtu_vel=0.175665 A=0.0100005 E=0.000639966 r=[0.468994, 2]
15:31:01 Equilibrated iliopsoas_l; steps=12 L=0.988176 V=-0.00513874 F=0.279549 mtu_vel=-0.131666 A=0.289591 E=0.000547789 r=[0.468994, 2]
15:31:01 Equilibrated vasti_l; steps=15 L=1.03794 V=-0.00724888 F=0.0124493 mtu_vel=0.126034 A=0.0107261 E=0.000719814 r=[0.468994, 2]
15:31:01 Equilibrated gastroc_l; steps=11 L=0.580381 V=-0.013572 F=0.0407631 mtu_vel=0.00623139 A=0.106133 E=0.00069217 r=[0.468994, 2]
15:31:01 Equilibrated soleus_l; steps=12 L=0.748208 V=0.00743817 F=0.0768191 mtu_vel=0.0570561 A=0.123399 E=0.00032728 r=[0.468994, 2]
15:31:01 Equilibrated tib_ant_l; steps=11 L=1.05583 V=-0.00814722 F=0.259487 mtu_vel=-0.0519491 A=0.261864 E=0.000556455 r=[0.468994, 2]
15:31:01 Equilibrated rect_fem_r; steps=14 L=0.792595 V=0.000156953 F=0.00832413 mtu_vel=0.0579329 A=0.0100574 E=1.19127e-05 r=[0.468994, 2]
15:31:01 Equilibrated rect_fem_l; steps=9 L=1.26141 V=-0.0131488 F=0.112468 mtu_vel=-0.0295615 A=0.01 E=0.00099799 r=[0.468994, 2]
15:31:01 Imported 53 of 53, skipped 0 parameters from C:\Users\BENBOL~1\AppData\Local\Temp\scone_ab\Tutorials3/init/H0918GaitRS2Hfd4.par
15:31:01 pooled_evaluator started threads: 12
15:31:01 Loading C:\Users\BENBOL~1\AppData\Local\Temp\scone_ab\Tutorials3/models/H0918v3.hfd
15:31:01 H0918v3: load-state-init
15:31:01 H0918v3: init-state-offset
15:31:01 Adding forces: planar_joint_force_pnld2 simple_collision_detection contact_force_hunt_crossley_sb muscle_force_m2012fast
15:31:01 Adding integrator: predictive_integrator_psemtw
15:31:01 Moved pelvis_ty: pos=0.900237 load=4.79634 target_load=1
15:31:01 Moved pelvis_ty: pos=1.40024 load=0 target_load=1
15:31:01 Moved pelvis_ty: pos=1.15024 load=0 target_load=1
15:31:01 Moved pelvis_ty: pos=1.02524 load=0 target_load=1
15:31:01 Moved pelvis_ty: pos=0.962737 load=0 target_load=1
15:31:01 Moved pelvis_ty: pos=0.931487 load=0 target_load=1
15:31:01 Moved pelvis_ty: pos=0.915862 load=1.24842 target_load=1
15:31:01 Moved pelvis_ty: pos=0.923675 load=0.270001 target_load=1
15:31:01 Moved pelvis_ty: pos=0.919768 load=0.654637 target_load=1
15:31:01 Moved pelvis_ty: pos=0.917815 load=0.932179 target_load=1
15:31:01 H0918v3: equilibrate
15:31:01 Equilibrated hamstrings_r; steps=13 L=1.02537 V=-0.00124512 F=0.123821 mtu_vel=-0.0803023 A=0.125725 E=0.000121523 r=[0.468994, 2]
15:31:01 Equilibrated bifemsh_r; steps=9 L=1.1418 V=0.00770996 F=0.0376055 mtu_vel=0.00829998 A=0.01 E=0.000850409 r=[0.468994, 2]
15:31:01 Equilibrated glut_max_r; steps=16 L=0.851348 V=-0.000703963 F=0.143574 mtu_vel=-0.0648199 A=0.171001 E=0.000110452 r=[0.468994, 2]
15:31:01 Equilibrated iliopsoas_r; steps=14 L=0.918185 V=-0.00604301 F=0.0506801 mtu_vel=0.0588117 A=0.0538081 E=0.000644185 r=[0.468994, 2]
15:31:01 Equilibrated vasti_r; steps=12 L=0.716063 V=-0.00292549 F=0.35745 mtu_vel=-0.0120743 A=0.484147 E=0.000290501 r=[0.468994, 2]
15:31:01 Equilibrated gastroc_r; steps=9 L=1.13582 V=0.014565 F=0.162461 mtu_vel=0.0407971 A=0.143909 E=0.000742815 r=[0.468994, 2]
15:31:01 Equilibrated soleus_r; steps=11 L=1.11862 V=0.00549427 F=0.0783927 mtu_vel=0.0336777 A=0.0691398 E=0.000241748 r=[0.468994, 2]
15:31:01 Equilibrated tib_ant_r; steps=11 L=0.804649 V=-0.00866812 F=0.116513 mtu_vel=-0.0393587 A=0.135264 E=0.000592033 r=[0.468994, 2]
15:31:01 Equilibrated hamstrings_l; steps=14 L=0.710363 V=0.00257734 F=0.00837378 mtu_vel=0.119155 A=0.0118698 E=0.000251548 r=[0.468994, 2]
15:31:01 Equilibrated bifemsh_l; steps=14 L=0.942668 V=-0.00321198 F=0.00961159 mtu_vel=-0.105928 A=0.01 E=0.000354281 r=[0.468994, 2]
15:31:01 Equilibrated glut_max_l; steps=16 L=0.804299 V=-0.00552515 F=0.00776806 mtu_vel=0.172571 A=0.0100005 E=0.000866897 r=[0.468994, 2]
15:31:01 Equilibrated iliopsoas_l; steps=10 L=0.96986 V=0.00337939 F=0.279881 mtu_vel=-0.134624 A=0.289591 E=0.000360243 r=[0.468994, 2]
15:31:01 Equilibrated vasti_l; steps=15 L=1.04083 V=0.0027521 F=0.0128743 mtu_vel=0.125676 A=0.0107261 E=0.000273284 r=[0.468994, 2]
15:31:01 Equilibrated gastroc_l; steps=12 L=0.542629 V=0.0148639 F=0.0285803 mtu_vel=0.00637033 A=0.106133 E=0.000758059 r=[0.468994, 2]
15:31:01 Equilibrated soleus_l; steps=11 L=0.710456 V=0.0056639 F=0.0675622 mtu_vel=0.0571317 A=0.123399 E=0.000249212 r=[0.468994, 2]
15:31:01 Equilibrated tib_ant_l; steps=11 L=1.08573 V=0.00980404 F=0.265101 mtu_vel=-0.0507622 A=0.261864 E=0.000669616 r=[0.468994, 2]
15:31:01 Equilibrated rect_fem_r; steps=13 L=0.775307 V=0.0120066 F=0.00821375 mtu_vel=0.0580146 A=0.0100574 E=0.000911299 r=[0.468994, 2]
15:31:01 Equilibrated rect_fem_l; steps=14 L=1.2402 V=-0.00289928 F=0.0952033 mtu_vel=-0.0340428 A=0.01 E=0.000220055 r=[0.468994, 2]
15:31:01 H0918v3: make_state
15:31:01 H0918v3: create-controllers
15:31:01 Created H0918v3: mass=74.5314 dofs=9 muscles=18
15:31:01 Equilibrated hamstrings_r; steps=13 L=1.02537 V=-0.00124512 F=0.123821 mtu_vel=-0.0803023 A=0.125725 E=0.000121523 r=[0.468994, 2]
15:31:01 Equilibrated bifemsh_r; steps=9 L=1.1418 V=0.00770996 F=0.0376055 mtu_vel=0.00829998 A=0.01 E=0.000850409 r=[0.468994, 2]
15:31:01 Equilibrated glut_max_r; steps=16 L=0.851348 V=-0.000703963 F=0.143574 mtu_vel=-0.0648199 A=0.171001 E=0.000110452 r=[0.468994, 2]
15:31:01 Equilibrated iliopsoas_r; steps=14 L=0.918185 V=-0.00604301 F=0.0506801 mtu_vel=0.0588117 A=0.0538081 E=0.000644185 r=[0.468994, 2]
15:31:01 Equilibrated vasti_r; steps=12 L=0.716063 V=-0.00292549 F=0.35745 mtu_vel=-0.0120743 A=0.484147 E=0.000290501 r=[0.468994, 2]
15:31:01 Equilibrated gastroc_r; steps=9 L=1.13582 V=0.014565 F=0.162461 mtu_vel=0.0407971 A=0.143909 E=0.000742815 r=[0.468994, 2]
15:31:01 Equilibrated soleus_r; steps=11 L=1.11862 V=0.00549427 F=0.0783927 mtu_vel=0.0336777 A=0.0691398 E=0.000241748 r=[0.468994, 2]
15:31:01 Equilibrated tib_ant_r; steps=11 L=0.804649 V=-0.00866812 F=0.116513 mtu_vel=-0.0393587 A=0.135264 E=0.000592033 r=[0.468994, 2]
15:31:01 Equilibrated hamstrings_l; steps=14 L=0.710363 V=0.00257734 F=0.00837378 mtu_vel=0.119155 A=0.0118698 E=0.000251548 r=[0.468994, 2]
15:31:01 Equilibrated bifemsh_l; steps=14 L=0.942668 V=-0.00321198 F=0.00961159 mtu_vel=-0.105928 A=0.01 E=0.000354281 r=[0.468994, 2]
15:31:01 Equilibrated glut_max_l; steps=16 L=0.804299 V=-0.00552515 F=0.00776806 mtu_vel=0.172571 A=0.0100005 E=0.000866897 r=[0.468994, 2]
15:31:01 Equilibrated iliopsoas_l; steps=10 L=0.96986 V=0.00337939 F=0.279881 mtu_vel=-0.134624 A=0.289591 E=0.000360243 r=[0.468994, 2]
15:31:01 Equilibrated vasti_l; steps=15 L=1.04083 V=0.0027521 F=0.0128743 mtu_vel=0.125676 A=0.0107261 E=0.000273284 r=[0.468994, 2]
15:31:01 Equilibrated gastroc_l; steps=12 L=0.542629 V=0.0148639 F=0.0285803 mtu_vel=0.00637033 A=0.106133 E=0.000758059 r=[0.468994, 2]
15:31:01 Equilibrated soleus_l; steps=11 L=0.710456 V=0.0056639 F=0.0675622 mtu_vel=0.0571317 A=0.123399 E=0.000249212 r=[0.468994, 2]
15:31:01 Equilibrated tib_ant_l; steps=11 L=1.08573 V=0.00980404 F=0.265101 mtu_vel=-0.0507622 A=0.261864 E=0.000669616 r=[0.468994, 2]
15:31:01 Equilibrated rect_fem_r; steps=13 L=0.775307 V=0.0120066 F=0.00821375 mtu_vel=0.0580146 A=0.0100574 E=0.000911299 r=[0.468994, 2]
15:31:01 Equilibrated rect_fem_l; steps=14 L=1.2402 V=-0.00289928 F=0.0952033 mtu_vel=-0.0340428 A=0.01 E=0.000220055 r=[0.468994, 2]
15:31:01 0.390: step=0 vel=1.126 (0.439/0.390) penalty=0.000 norm_vel=1.000 
15:31:01 0.955: step=1 vel=1.095 (0.618/0.565) penalty=0.000 norm_vel=1.000 
15:31:01 1.520: step=2 vel=1.074 (0.607/0.565) penalty=0.000 norm_vel=1.000 *
15:31:01 2.080: step=3 vel=1.080 (0.605/0.560) penalty=0.000 norm_vel=1.000 *
15:31:01 2.645: step=4 vel=1.070 (0.605/0.565) penalty=0.000 norm_vel=1.000 *
15:31:01 3.210: step=5 vel=1.069 (0.604/0.565) penalty=0.000 norm_vel=1.000 *
15:31:01 3.775: step=6 vel=1.066 (0.602/0.565) penalty=0.000 norm_vel=1.000 *
15:31:01 4.000: step=7 vel=1.337 (0.301/0.225) penalty=0.000 norm_vel=1.000 *
15:31:01 Results written to D:\Github\Bipedal_Robot\Code\MuJoCo_SNS\spinal\reports_20260924\scone_logs\AB2_hfd_hfd4.sto*
15:31:01 result                    = 0.874528
15:31:01   Gait                    = 0 <- 100 * (0 > 0.05)
15:31:01     step_velocity         = 1.09129
15:31:01     step_count            = 8
15:31:01   Effort                  = 0.516959 <- 0.1 * 5.16959
15:31:01     effort                = 1663.5
15:31:01     distance              = 4.31745
15:31:01   MuscleActivation        = 0.340817 <- 2000 * 0.000170408
15:31:01     effort                = 0.98703
15:31:01     distance              = 4.31745
15:31:01   DofLimits               = 0
15:31:01     ankle_angle_l         = 0 <- 0.1 * 0
15:31:01     ankle_angle_r         = 0 <- 0.1 * 0
15:31:01     knee_angle_l          = 0 <- 0.02 * (0.771301 > 1)
15:31:01     knee_angle_r          = 0 <- 0.02 * (0.864955 > 1)
15:31:01   GRF                     = 0.0167525 <- 10 * 0.00167525
15:31:01 simulation time           = 4
15:31:01 performance (x real-time) = 95.4342
