15:31:02 SCONE version 2.4.4.3333
15:31:02 Successfully initialized OpenSim-3.3-2021-01-28
15:31:02 Successfully initialized OpenSim-4.4
15:31:02 Successfully initialized Hyfydy-1.12.6.1412
15:31:02 Successfully initialized Hyfydy-1.12.6.1412-DBL
15:31:02 Evaluating C:\Users\BENBOL~1\AppData\Local\Temp\scone_ab\Tutorials3\AB3-hfd-Osim4valuesTranslated.scone
15:31:02 Loading C:\Users\BENBOL~1\AppData\Local\Temp\scone_ab\Tutorials3/models/H0918v3.hfd
15:31:02 H0918v3: load-state-init
15:31:02 H0918v3: init-state-offset
15:31:02 Adding forces: planar_joint_force_pnld2 simple_collision_detection contact_force_hunt_crossley_sb muscle_force_m2012fast
15:31:02 Adding integrator: predictive_integrator_psemtw
15:31:02 Moved pelvis_ty: pos=0.900237 load=4.15767 target_load=1
15:31:02 Moved pelvis_ty: pos=1.40024 load=0 target_load=1
15:31:02 Moved pelvis_ty: pos=1.15024 load=0 target_load=1
15:31:02 Moved pelvis_ty: pos=1.02524 load=0 target_load=1
15:31:02 Moved pelvis_ty: pos=0.962737 load=0 target_load=1
15:31:02 Moved pelvis_ty: pos=0.931487 load=0 target_load=1
15:31:02 Moved pelvis_ty: pos=0.915862 load=0.855754 target_load=1
15:31:02 Moved pelvis_ty: pos=0.90805 load=2.285 target_load=1
15:31:02 Moved pelvis_ty: pos=0.911956 load=1.50599 target_load=1
15:31:02 Moved pelvis_ty: pos=0.913909 load=1.16301 target_load=1
15:31:02 Moved pelvis_ty: pos=0.914886 load=1.00462 target_load=1
15:31:02 H0918v3: equilibrate
15:31:02 Equilibrated hamstrings_r; steps=12 L=1.01434 V=0.000123727 F=0.123427 mtu_vel=-0.080243 A=0.125725 E=1.20758e-05 r=[0.468994, 2]
15:31:02 Equilibrated bifemsh_r; steps=17 L=1.13448 V=0.000286916 F=0.0345763 mtu_vel=0.0083984 A=0.01 E=3.16468e-05 r=[0.468994, 2]
15:31:02 Equilibrated glut_max_r; steps=15 L=0.850577 V=0.00211903 F=0.143637 mtu_vel=-0.064904 A=0.171001 E=0.000332476 r=[0.468994, 2]
15:31:02 Equilibrated iliopsoas_r; steps=15 L=0.91926 V=0.000287742 F=0.0508667 mtu_vel=0.0587588 A=0.0538081 E=3.06733e-05 r=[0.468994, 2]
15:31:02 Equilibrated vasti_r; steps=10 L=0.72765 V=0.00705743 F=0.370168 mtu_vel=-0.0121 A=0.484147 E=0.000700803 r=[0.468994, 2]
15:31:02 Equilibrated gastroc_r; steps=8 L=1.13283 V=0.0188139 F=0.161837 mtu_vel=0.0406499 A=0.143909 E=0.000959508 r=[0.468994, 2]
15:31:02 Equilibrated soleus_r; steps=11 L=1.1261 V=-0.0105776 F=0.0802067 mtu_vel=0.0335147 A=0.0691398 E=0.000465413 r=[0.468994, 2]
15:31:02 Equilibrated tib_ant_r; steps=8 L=0.797921 V=0.0134904 F=0.116558 mtu_vel=-0.0394245 A=0.135264 E=0.000921398 r=[0.468994, 2]
15:31:02 Equilibrated hamstrings_l; steps=14 L=0.681395 V=0.000936767 F=0.00763595 mtu_vel=0.115425 A=0.0118698 E=9.14284e-05 r=[0.468994, 2]
15:31:02 Equilibrated bifemsh_l; steps=15 L=0.944864 V=-0.00870027 F=0.00955333 mtu_vel=-0.106103 A=0.01 E=0.00095964 r=[0.468994, 2]
15:31:02 Equilibrated glut_max_l; steps=15 L=0.789464 V=0.00407881 F=0.00766115 mtu_vel=0.175665 A=0.0100005 E=0.000639966 r=[0.468994, 2]
15:31:02 Equilibrated iliopsoas_l; steps=12 L=0.988176 V=-0.00513874 F=0.279549 mtu_vel=-0.131666 A=0.289591 E=0.000547789 r=[0.468994, 2]
15:31:02 Equilibrated vasti_l; steps=15 L=1.03794 V=-0.00724888 F=0.0124493 mtu_vel=0.126034 A=0.0107261 E=0.000719814 r=[0.468994, 2]
15:31:02 Equilibrated gastroc_l; steps=11 L=0.580381 V=-0.013572 F=0.0407631 mtu_vel=0.00623139 A=0.106133 E=0.00069217 r=[0.468994, 2]
15:31:02 Equilibrated soleus_l; steps=12 L=0.748208 V=0.00743817 F=0.0768191 mtu_vel=0.0570561 A=0.123399 E=0.00032728 r=[0.468994, 2]
15:31:02 Equilibrated tib_ant_l; steps=11 L=1.05583 V=-0.00814722 F=0.259487 mtu_vel=-0.0519491 A=0.261864 E=0.000556455 r=[0.468994, 2]
15:31:02 Equilibrated rect_fem_r; steps=14 L=0.792595 V=0.000156953 F=0.00832413 mtu_vel=0.0579329 A=0.0100574 E=1.19127e-05 r=[0.468994, 2]
15:31:02 Equilibrated rect_fem_l; steps=9 L=1.26141 V=-0.0131488 F=0.112468 mtu_vel=-0.0295615 A=0.01 E=0.00099799 r=[0.468994, 2]
15:31:02 H0918v3: make_state
15:31:02 H0918v3: create-controllers
15:31:02 Created H0918v3: mass=74.5314 dofs=9 muscles=18
15:31:02 Equilibrated hamstrings_r; steps=12 L=1.01434 V=0.000123727 F=0.123427 mtu_vel=-0.080243 A=0.125725 E=1.20758e-05 r=[0.468994, 2]
15:31:02 Equilibrated bifemsh_r; steps=17 L=1.13448 V=0.000286916 F=0.0345763 mtu_vel=0.0083984 A=0.01 E=3.16468e-05 r=[0.468994, 2]
15:31:02 Equilibrated glut_max_r; steps=15 L=0.850577 V=0.00211903 F=0.143637 mtu_vel=-0.064904 A=0.171001 E=0.000332476 r=[0.468994, 2]
15:31:02 Equilibrated iliopsoas_r; steps=15 L=0.91926 V=0.000287742 F=0.0508667 mtu_vel=0.0587588 A=0.0538081 E=3.06733e-05 r=[0.468994, 2]
15:31:02 Equilibrated vasti_r; steps=10 L=0.72765 V=0.00705743 F=0.370168 mtu_vel=-0.0121 A=0.484147 E=0.000700803 r=[0.468994, 2]
15:31:02 Equilibrated gastroc_r; steps=8 L=1.13283 V=0.0188139 F=0.161837 mtu_vel=0.0406499 A=0.143909 E=0.000959508 r=[0.468994, 2]
15:31:02 Equilibrated soleus_r; steps=11 L=1.1261 V=-0.0105776 F=0.0802067 mtu_vel=0.0335147 A=0.0691398 E=0.000465413 r=[0.468994, 2]
15:31:02 Equilibrated tib_ant_r; steps=8 L=0.797921 V=0.0134904 F=0.116558 mtu_vel=-0.0394245 A=0.135264 E=0.000921398 r=[0.468994, 2]
15:31:02 Equilibrated hamstrings_l; steps=14 L=0.681395 V=0.000936767 F=0.00763595 mtu_vel=0.115425 A=0.0118698 E=9.14284e-05 r=[0.468994, 2]
15:31:02 Equilibrated bifemsh_l; steps=15 L=0.944864 V=-0.00870027 F=0.00955333 mtu_vel=-0.106103 A=0.01 E=0.00095964 r=[0.468994, 2]
15:31:02 Equilibrated glut_max_l; steps=15 L=0.789464 V=0.00407881 F=0.00766115 mtu_vel=0.175665 A=0.0100005 E=0.000639966 r=[0.468994, 2]
15:31:02 Equilibrated iliopsoas_l; steps=12 L=0.988176 V=-0.00513874 F=0.279549 mtu_vel=-0.131666 A=0.289591 E=0.000547789 r=[0.468994, 2]
15:31:02 Equilibrated vasti_l; steps=15 L=1.03794 V=-0.00724888 F=0.0124493 mtu_vel=0.126034 A=0.0107261 E=0.000719814 r=[0.468994, 2]
15:31:02 Equilibrated gastroc_l; steps=11 L=0.580381 V=-0.013572 F=0.0407631 mtu_vel=0.00623139 A=0.106133 E=0.00069217 r=[0.468994, 2]
15:31:02 Equilibrated soleus_l; steps=12 L=0.748208 V=0.00743817 F=0.0768191 mtu_vel=0.0570561 A=0.123399 E=0.00032728 r=[0.468994, 2]
15:31:02 Equilibrated tib_ant_l; steps=11 L=1.05583 V=-0.00814722 F=0.259487 mtu_vel=-0.0519491 A=0.261864 E=0.000556455 r=[0.468994, 2]
15:31:02 Equilibrated rect_fem_r; steps=14 L=0.792595 V=0.000156953 F=0.00832413 mtu_vel=0.0579329 A=0.0100574 E=1.19127e-05 r=[0.468994, 2]
15:31:02 Equilibrated rect_fem_l; steps=9 L=1.26141 V=-0.0131488 F=0.112468 mtu_vel=-0.0295615 A=0.01 E=0.00099799 r=[0.468994, 2]
15:31:02 Imported 53 of 53, skipped 0 parameters from C:\Users\BENBOL~1\AppData\Local\Temp\scone_ab\Tutorials3/init/AB_osim4values_as_hfd.par
15:31:02 pooled_evaluator started threads: 12
15:31:02 Loading C:\Users\BENBOL~1\AppData\Local\Temp\scone_ab\Tutorials3/models/H0918v3.hfd
15:31:02 H0918v3: load-state-init
15:31:02 H0918v3: init-state-offset
15:31:02 Adding forces: planar_joint_force_pnld2 simple_collision_detection contact_force_hunt_crossley_sb muscle_force_m2012fast
15:31:02 Adding integrator: predictive_integrator_psemtw
15:31:02 Moved pelvis_ty: pos=0.900237 load=6.01866 target_load=1
15:31:02 Moved pelvis_ty: pos=1.40024 load=0 target_load=1
15:31:02 Moved pelvis_ty: pos=1.15024 load=0 target_load=1
15:31:02 Moved pelvis_ty: pos=1.02524 load=0 target_load=1
15:31:02 Moved pelvis_ty: pos=0.962737 load=0 target_load=1
15:31:02 Moved pelvis_ty: pos=0.931487 load=0.0946619 target_load=1
15:31:02 Moved pelvis_ty: pos=0.915862 load=2.26873 target_load=1
15:31:02 Moved pelvis_ty: pos=0.923675 load=0.908938 target_load=1
15:31:02 H0918v3: equilibrate
15:31:02 Equilibrated hamstrings_r; steps=10 L=0.990792 V=0.00596504 F=0.123445 mtu_vel=-0.0799573 A=0.125725 E=0.000582188 r=[0.468994, 2]
15:31:02 Equilibrated bifemsh_r; steps=17 L=1.13592 V=-0.001508 F=0.0351209 mtu_vel=0.00837947 A=0.01 E=0.000166332 r=[0.468994, 2]
15:31:02 Equilibrated glut_max_r; steps=14 L=0.840065 V=-0.00232828 F=0.141356 mtu_vel=-0.0660394 A=0.171001 E=0.000365308 r=[0.468994, 2]
15:31:02 Equilibrated iliopsoas_r; steps=13 L=0.934164 V=0.00194654 F=0.0513049 mtu_vel=0.0580135 A=0.0538081 E=0.000207502 r=[0.468994, 2]
15:31:02 Equilibrated vasti_r; steps=11 L=0.725408 V=0.00224639 F=0.367071 mtu_vel=-0.0120958 A=0.484147 E=0.000223067 r=[0.468994, 2]
15:31:02 Equilibrated gastroc_r; steps=10 L=1.13731 V=-0.0145172 F=0.161062 mtu_vel=0.0406191 A=0.143909 E=0.000740379 r=[0.468994, 2]
15:31:02 Equilibrated soleus_r; steps=11 L=1.1276 V=0.00780801 F=0.0812081 mtu_vel=0.0334763 A=0.0691398 E=0.000343553 r=[0.468994, 2]
15:31:02 Equilibrated tib_ant_r; steps=10 L=0.796426 V=0.0131184 F=0.116268 mtu_vel=-0.0394395 A=0.135264 E=0.000895987 r=[0.468994, 2]
15:31:02 Equilibrated hamstrings_l; steps=14 L=0.736714 V=0.00683388 F=0.00901269 mtu_vel=0.121724 A=0.0118698 E=0.000666987 r=[0.468994, 2]
15:31:02 Equilibrated bifemsh_l; steps=16 L=0.941523 V=-0.00471276 F=0.0095891 mtu_vel=-0.105834 A=0.01 E=0.000519818 r=[0.468994, 2]
15:31:02 Equilibrated glut_max_l; steps=18 L=0.817013 V=0.000241948 F=0.00799931 mtu_vel=0.169755 A=0.0100005 E=3.79616e-05 r=[0.468994, 2]
15:31:02 Equilibrated iliopsoas_l; steps=12 L=0.953788 V=0.00139589 F=0.278253 mtu_vel=-0.137087 A=0.289591 E=0.000148802 r=[0.468994, 2]
15:31:02 Equilibrated vasti_l; steps=11 L=1.04237 V=-0.00884746 F=0.0128953 mtu_vel=0.125488 A=0.0107261 E=0.000878553 r=[0.468994, 2]
15:31:02 Equilibrated gastroc_l; steps=11 L=0.587856 V=-0.0171652 F=0.0430497 mtu_vel=0.00678374 A=0.106133 E=0.000875424 r=[0.468994, 2]
15:31:02 Equilibrated soleus_l; steps=9 L=0.759048 V=0.00803453 F=0.0792766 mtu_vel=0.0570068 A=0.123399 E=0.00035352 r=[0.468994, 2]
15:31:02 Equilibrated tib_ant_l; steps=11 L=1.04686 V=0.00448072 F=0.260523 mtu_vel=-0.0522709 A=0.261864 E=0.000306033 r=[0.468994, 2]
15:31:02 Equilibrated rect_fem_r; steps=13 L=0.81418 V=0.00569588 F=0.00867306 mtu_vel=0.057081 A=0.0100574 E=0.000432317 r=[0.468994, 2]
15:31:02 Equilibrated rect_fem_l; steps=14 L=1.22001 V=0.00602993 F=0.0804556 mtu_vel=-0.0375446 A=0.01 E=0.000457672 r=[0.468994, 2]
15:31:02 H0918v3: make_state
15:31:02 H0918v3: create-controllers
15:31:02 Created H0918v3: mass=74.5314 dofs=9 muscles=18
15:31:02 Equilibrated hamstrings_r; steps=10 L=0.990792 V=0.00596504 F=0.123445 mtu_vel=-0.0799573 A=0.125725 E=0.000582188 r=[0.468994, 2]
15:31:02 Equilibrated bifemsh_r; steps=17 L=1.13592 V=-0.001508 F=0.0351209 mtu_vel=0.00837947 A=0.01 E=0.000166332 r=[0.468994, 2]
15:31:02 Equilibrated glut_max_r; steps=14 L=0.840065 V=-0.00232828 F=0.141356 mtu_vel=-0.0660394 A=0.171001 E=0.000365308 r=[0.468994, 2]
15:31:02 Equilibrated iliopsoas_r; steps=13 L=0.934164 V=0.00194654 F=0.0513049 mtu_vel=0.0580135 A=0.0538081 E=0.000207502 r=[0.468994, 2]
15:31:02 Equilibrated vasti_r; steps=11 L=0.725408 V=0.00224639 F=0.367071 mtu_vel=-0.0120958 A=0.484147 E=0.000223067 r=[0.468994, 2]
15:31:02 Equilibrated gastroc_r; steps=10 L=1.13731 V=-0.0145172 F=0.161062 mtu_vel=0.0406191 A=0.143909 E=0.000740379 r=[0.468994, 2]
15:31:02 Equilibrated soleus_r; steps=11 L=1.1276 V=0.00780801 F=0.0812081 mtu_vel=0.0334763 A=0.0691398 E=0.000343553 r=[0.468994, 2]
15:31:02 Equilibrated tib_ant_r; steps=10 L=0.796426 V=0.0131184 F=0.116268 mtu_vel=-0.0394395 A=0.135264 E=0.000895987 r=[0.468994, 2]
15:31:02 Equilibrated hamstrings_l; steps=14 L=0.736714 V=0.00683388 F=0.00901269 mtu_vel=0.121724 A=0.0118698 E=0.000666987 r=[0.468994, 2]
15:31:02 Equilibrated bifemsh_l; steps=16 L=0.941523 V=-0.00471276 F=0.0095891 mtu_vel=-0.105834 A=0.01 E=0.000519818 r=[0.468994, 2]
15:31:02 Equilibrated glut_max_l; steps=18 L=0.817013 V=0.000241948 F=0.00799931 mtu_vel=0.169755 A=0.0100005 E=3.79616e-05 r=[0.468994, 2]
15:31:02 Equilibrated iliopsoas_l; steps=12 L=0.953788 V=0.00139589 F=0.278253 mtu_vel=-0.137087 A=0.289591 E=0.000148802 r=[0.468994, 2]
15:31:02 Equilibrated vasti_l; steps=11 L=1.04237 V=-0.00884746 F=0.0128953 mtu_vel=0.125488 A=0.0107261 E=0.000878553 r=[0.468994, 2]
15:31:02 Equilibrated gastroc_l; steps=11 L=0.587856 V=-0.0171652 F=0.0430497 mtu_vel=0.00678374 A=0.106133 E=0.000875424 r=[0.468994, 2]
15:31:02 Equilibrated soleus_l; steps=9 L=0.759048 V=0.00803453 F=0.0792766 mtu_vel=0.0570068 A=0.123399 E=0.00035352 r=[0.468994, 2]
15:31:02 Equilibrated tib_ant_l; steps=11 L=1.04686 V=0.00448072 F=0.260523 mtu_vel=-0.0522709 A=0.261864 E=0.000306033 r=[0.468994, 2]
15:31:02 Equilibrated rect_fem_r; steps=13 L=0.81418 V=0.00569588 F=0.00867306 mtu_vel=0.057081 A=0.0100574 E=0.000432317 r=[0.468994, 2]
15:31:02 Equilibrated rect_fem_l; steps=14 L=1.22001 V=0.00602993 F=0.0804556 mtu_vel=-0.0375446 A=0.01 E=0.000457672 r=[0.468994, 2]
15:31:02 0.260: step=0 vel=1.284 (0.334/0.260) penalty=0.000 norm_vel=1.000 
15:31:02 0.645: step=1 vel=1.198 (0.461/0.385) penalty=0.000 norm_vel=1.000 
15:31:02 1.030: step=2 vel=0.633 (0.244/0.385) penalty=-0.367 norm_vel=0.633 *
15:31:02 1.230: step=3 vel=0.584 (0.117/0.200) penalty=-0.416 norm_vel=0.584 *
15:31:02 Results written to D:\Github\Bipedal_Robot\Code\MuJoCo_SNS\spinal\reports_20260924\scone_logs\AB3_hfd_osim4translated.sto*
15:31:02 result                    = 90.4652
15:31:02   Gait                    = 89.2483 <- 100 * (0.892483 > 0.05)
15:31:02     step_velocity         = 0.107517
15:31:02     step_count            = 4
15:31:02   Effort                  = 0.654898 <- 0.1 * 6.54898
15:31:02     effort                = 720.579
15:31:02     distance              = 1.47628
15:31:02   MuscleActivation        = 0.465714 <- 2000 * 0.000232857
15:31:02     effort                = 0.461179
15:31:02     distance              = 1.47628
15:31:02   DofLimits               = 0
15:31:02     ankle_angle_l         = 0 <- 0.1 * 0
15:31:02     ankle_angle_r         = 0 <- 0.1 * 0
15:31:02     knee_angle_l          = 0 <- 0.02 * (0.851735 > 1)
15:31:02     knee_angle_r          = 0 <- 0.02 * (0.265907 > 1)
15:31:02   GRF                     = 0.0962833 <- 10 * 0.00962833
15:31:02 simulation time           = 1.23
15:31:02 performance (x real-time) = 89.9932
