04:48:28 SCONE version 2.4.4.3333
04:48:28 Successfully initialized OpenSim-3.3-2021-01-28
04:48:28 Successfully initialized OpenSim-4.4
04:48:28 Evaluating C:\Users\Ben Bolen\Documents\SCONE\Tutorials3\Tutorial 3a - Balance - OpenSim.scone
04:48:28 Created model H0918v3; dofs=9 muscles=18 mass=74.5314
04:48:28 pooled_evaluator started threads: 12
04:48:28 Created model H0918v3; dofs=9 muscles=18 mass=74.5314
04:48:29 Terminating simulation at 1.000
04:48:29 Results written to D:\temp\scone_hands_on_20260924\balance_osim_md1*
04:48:29 result                    = 6.46893
04:48:29   BalanceMeasure          = 0 <- 100 * 0
04:48:29   Effort                  = 6.46893 <- 0.01 * 646.893
04:48:29     effort                = 646.893
04:48:29   JointLimits             = 0
04:48:29     knee_angle_l          = 0
04:48:29     knee_angle_r          = 0
04:48:29     hip_flexion_l         = 0
04:48:29     hip_flexion_r         = 0
04:48:29     ankle_angle_l         = 0
04:48:29     ankle_angle_r         = 0
04:48:29 simulation time           = 1
04:48:29 performance (x real-time) = 2.26829
