10:22:37 SCONE version 2.4.4.3333
10:22:37 Successfully initialized OpenSim-3.3-2021-01-28
10:22:37 Successfully initialized OpenSim-4.4
10:22:37 Successfully initialized Hyfydy-1.12.6.1412
10:22:37 Successfully initialized Hyfydy-1.12.6.1412-DBL
10:22:37 Evaluating C:\Users\Ben Bolen\Documents\SCONE\Tutorials3\Tutorial 3a - Balance - Hyfydy.scone
10:22:37 Adding forces: planar_joint_force_pnld2 simple_collision_detection contact_force_hunt_crossley_sb muscle_force_m2012fast
10:22:37 Adding integrator: predictive_integrator_psemtw
10:22:37 Created H0918v3: mass=74.5314 dofs=9 muscles=18
10:22:37 pooled_evaluator started threads: 12
10:22:37 Adding forces: planar_joint_force_pnld2 simple_collision_detection contact_force_hunt_crossley_sb muscle_force_m2012fast
10:22:37 Adding integrator: predictive_integrator_psemtw
10:22:37 Created H0918v3: mass=74.5314 dofs=9 muscles=18
10:22:37 Results written to D:\Github\Bipedal_Robot\Code\MuJoCo_SNS\spinal\reports_20260924\scone_logs\balance_hfd*
10:22:37 result                    = 71.1721
10:22:37   BalanceMeasure          = 65.1667 <- 100 * 0.651667
10:22:37   Effort                  = 6.00546 <- 0.01 * 600.546
10:22:37     effort                = 600.546
10:22:37   JointLimits             = 0
10:22:37     knee_angle_l          = 0
10:22:37     knee_angle_r          = 0
10:22:37     hip_flexion_l         = 0
10:22:37     hip_flexion_r         = 0
10:22:37     ankle_angle_l         = 0
10:22:37     ankle_angle_r         = 0
10:22:37 simulation time           = 1.045
10:22:37 performance (x real-time) = 99.0794
