04:44:51 SCONE version 2.4.4.3333
04:44:51 Successfully initialized OpenSim-3.3-2021-01-28
04:44:51 Successfully initialized OpenSim-4.4
04:44:51 Evaluating C:\Users\Ben Bolen\Documents\SCONE\Tutorials3\Tutorial 3a - Balance - OpenSim.scone
04:44:51 Created model H0918v3; dofs=9 muscles=18 mass=74.5314
04:44:51 pooled_evaluator started threads: 12
04:44:51 Warning, unused properties:
04:44:51 SimulationObjective
04:44:51   max_duration = 3 *
04:44:51 Created model H0918v3; dofs=9 muscles=18 mass=74.5314
04:44:52 Terminating simulation at 1.050
04:44:52 Results written to D:\temp\scone_hands_on_20260924\balance_osim*
04:44:52 result                    = 102.92
04:44:52   BalanceMeasure          = 96.5 <- 100 * 0.965
04:44:52   Effort                  = 6.42043 <- 0.01 * 642.043
04:44:52     effort                = 642.043
04:44:52   JointLimits             = 0
04:44:52     knee_angle_l          = 0
04:44:52     knee_angle_r          = 0
04:44:52     hip_flexion_l         = 0
04:44:52     hip_flexion_r         = 0
04:44:52     ankle_angle_l         = 0
04:44:52     ankle_angle_r         = 0
04:44:52 simulation time           = 1.05
04:44:52 performance (x real-time) = 2.2357
