04:48:51 SCONE version 2.4.4.3333
04:48:51 Successfully initialized OpenSim-3.3-2021-01-28
04:48:51 Successfully initialized OpenSim-4.4
04:48:51 Evaluating C:\Users\Ben Bolen\Documents\SCONE\Tutorials3\Tutorial 4a - Gait - OpenSim.scone
04:48:51 Created model H0918v3; dofs=9 muscles=18 mass=74.5314
04:48:51 pooled_evaluator started threads: 12
04:48:51 Created model H0918v3; dofs=9 muscles=18 mass=74.5314
04:48:54 Terminating simulation at 2.780
04:48:54 Results written to D:\temp\scone_hands_on_20260924\gait_osim*
04:48:54 result                    = 51.7277
04:48:54   Gait                    = 49.5578 <- 100 * (0.495578 > 0.05)
04:48:54     step_velocity         = 0.523106
04:48:54     step_count            = 7
04:48:54   Effort                  = 0.74174 <- 0.1 * 7.4174
04:48:54     effort                = 1382.62
04:48:54     distance              = 2.50099
04:48:54   MuscleActivation        = 0.82625 <- 2000 * 0.000413125
04:48:54     effort                = 1.38613
04:48:54     distance              = 2.50099
04:48:54   DofLimits               = 0.26133
04:48:54     ankle_angle_l         = 0 <- 0.1 * 0
04:48:54     ankle_angle_r         = 0 <- 0.1 * 0
04:48:54     knee_angle_l          = 0.14836 <- 0.02 * (7.41798 > 1)
04:48:54     knee_angle_r          = 0.11297 <- 0.02 * (5.6485 > 1)
04:48:54   GRF                     = 0.340579 <- 10 * 0.0340579
04:48:54 simulation time           = 2.78
04:48:54 performance (x real-time) = 1.17147
