[Warning: Variable 'XiUsed' not found.] 
[> In Knee_Extensor_20mm (line 55)
In run (line 112)] 
The algorithm will be calculating Torque at 100 different joint positions.
Initial tendon = 0.040000 m
Initial geometry-dependent tendon maximum = 0.059648 m
p5 release: hardcoded -89.80 deg, derived -89.80 deg
p4 release: hardcoded -55.66 deg, derived -55.66 deg
p6 release: hardcoded -47.78 deg, derived -47.78 deg
p7 release: hardcoded -20.20 deg, derived -20.20 deg
p3 release: hardcoded +6.06 deg, derived +6.06 deg
p8 release: hardcoded +7.37 deg, derived +7.37 deg
p7 active anywhere (hardcoded: yes until wall lift-off): 1
The algorithm will be calculating Torque at 100 different joint positions.
Starting parallel pool (parpool) using the 'Processes' profile ...
Connected to parallel pool with 6 workers.

Loaded optimized extensor design:
p1     = [0.040000 0.137000 0.000000] m
pEnd   = [0.034420 -0.197096 0.000000] m
rest   = 0.827738 m
tendon = 0.036841 m
kmax   = 0.616665 m
minimum torque margin = +0.050249 (+5.02%)
ExtTest20mm_1: no measured Load data yet -- measured-torque section skipped.

Pressure back-calculation (optimized extensor, rest = 0.8277 m, Dia = 20 mm):
angle_deg   target_Nm     kPa   status
  -120.0       28.72   229.4   ok
  -113.4       30.52   243.7   ok
  -106.9       31.92   257.5   ok
  -100.3       33.07   271.6   ok
   -93.7       35.88   295.3   ok
   -87.2       38.43   321.5   ok
   -80.6       40.48   345.0   ok
   -74.0       41.71   366.2   ok
   -67.5       42.58   387.9   ok
   -60.9       45.38   424.5   ok
   -54.3       47.82   465.1   ok
   -47.8       49.51   507.9   ok
   -41.2       50.28   535.3   ok
   -34.6       50.22   559.7   ok
   -28.1       49.50   582.1   ok
   -21.5       47.19   592.6   ok
   -14.9       43.53   590.0   ok
    -8.4       38.76   573.3   ok
    -1.8       35.86   578.5   ok
     4.7       28.34   532.8   ok
Full table: Ext_20mm_pressure_for_human_torque.csv (in cwd)
